******************************************************************************
                  TI ARM Linker PC v20.2.7                     
******************************************************************************
>> Linked Thu May 30 22:45:19 2024

OUTPUT FILE NAME:   <aws-iot.out>
ENTRY POINT SYMBOL: "_c_int00_noargs"  address: 2000cb99


MEMORY CONFIGURATION

         name            origin    length      used     unused   attr    fill
----------------------  --------  ---------  --------  --------  ----  --------
  SRAM_CODE             20004000   00013000  0000971e  000098e2  RW X
  SRAM_DATA             20017000   00019000  000092c6  0000fd3a  RW X


SEGMENT ALLOCATION MAP

run origin  load origin   length   init length attrs members
----------  ----------- ---------- ----------- ----- -------
20004000    20004000    00009720   00009720    r-x
  20004000    20004000    00000400   00000400    r-- .intvecs
  20004400    20004400    00008d02   00008d02    r-x .text
  2000d104    2000d104    000005cc   000005cc    r-- .const
  2000d6d0    2000d6d0    00000050   00000050    r-- .cinit
20017000    20017000    000082c8   00000000    rw-
  20017000    20017000    00008000   00000000    rw- .sysmem
  2001f000    2001f000    0000022a   00000000    rw- .bss
  2001f22c    2001f22c    0000009c   00000000    rw- .data
2002f000    2002f000    00001000   00000000    rw-
  2002f000    2002f000    00001000   00000000    rw- .stack


SECTION ALLOCATION MAP

 output                                  attributes/
section   page    origin      length       input sections
--------  ----  ----------  ----------   ----------------
.intvecs   0    20004000    00000400     
                  20004000    00000400     startup_ccs.obj (.intvecs)

.init_array 
*          0    20004000    00000000     UNINITIALIZED

.text      0    20004400    00008d02     
                  20004400    00000ecc     network_utils.obj (.text)
                  200052cc    00000a4e     rtsv7M4_T_le_eabi.lib : _printfi.c.obj (.text:__TI_printfi)
                  20005d1a    00000002     driverlib.a : interrupt.obj (.text:IntDefaultHandler)
                  20005d1c    000005cc     main.obj (.text)
                  200062e8    00000590     simplelink.a : driver.obj (.text:_SlDrvMsgRead)
                  20006878    00000398     gpio_if.obj (.text)
                  20006c10    00000280     simplelink.a : wlan.obj (.text:sl_WlanConnect)
                  20006e90    0000027c     uart_if.obj (.text)
                  2000710c    00000268     rtsv7M4_T_le_eabi.lib : _printfi.c.obj (.text:_pconv_a)
                  20007374    00000248     simplelink.a : driver.obj (.text:_SlDrvRxHdrRead)
                  200075bc    000001e4                  : driver.obj (.text:_SlDrvDataReadOp)
                  200077a0    000001d0                  : driver.obj (.text:_SlDrvReleasePoolObj)
                  20007970    000001cc     rtsv7M4_T_le_eabi.lib : _printfi.c.obj (.text:_pconv_g)
                  20007b3c    000001b6                           : fd_add_t2.asm.obj (.text)
                  20007cf2    00000002                           : _lock.c.obj (.text:_nop)
                  20007cf4    000001b4     simplelink.a : driver.obj (.text:_SlDrvDriverCBInit)
                  20007ea8    0000019c                  : driver.obj (.text:_SlDrvMsgWrite)
                  20008044    00000190                  : driver.obj (.text:_SlDrvWaitForPoolObj)
                  200081d4    0000018c                  : socket.obj (.text:sl_Connect)
                  20008360    00000178     driverlib.a : prcm.obj (.text:PRCMCC3200MCUInit)
                  200084d8    00000170     simplelink.a : driver.obj (.text:_SlFindAndSetActiveObj)
                  20008648    00000150                  : driver.obj (.text:_SlDrvDataWriteOp)
                  20008798    00000148                  : cc_pal.obj (.text:spi_Open)
                  200088e0    00000144                  : driver.obj (.text:_SlDrvMsgReadCmdCtx)
                  20008a24    00000144                  : netapp.obj (.text:sl_NetAppDnsGetHostByName)
                  20008b68    0000013c     rtsv7M4_T_le_eabi.lib : _printfi.c.obj (.text:_pconv_e)
                  20008ca4    00000136                           : fd_div_t2.asm.obj (.text)
                  20008dda    00000002                           : div0.asm.obj (.text)
                  20008ddc    00000134     simplelink.a : socket.obj (.text:sl_Send)
                  20008f10    00000130                  : driver.obj (.text:_SlDrvDriverCBDeinit)
                  20009040    00000120     rtsv7M4_T_le_eabi.lib : _printfi.c.obj (.text:fcvt)
                  20009160    00000104     simplelink.a : netapp.obj (.text:_SlDrvNetAppEventHandler)
                  20009264    00000100     rtsv7M4_T_le_eabi.lib : memory.c.obj (.text:aligned_alloc)
                  20009364    000000fc                           : fd_mul_t2.asm.obj (.text)
                  20009460    000000f0     simplelink.a : device.obj (.text:sl_Start)
                  20009550    000000f0                  : device.obj (.text:sl_Stop)
                  20009640    000000f0                  : cc_pal.obj (.text:spi_Read)
                  20009730    000000f0     driverlib.a : udma.obj (.text:uDMAChannelTransferSet)
                  20009820    000000e8     simplelink.a : driver.obj (.text:_SlAsyncEventGenericHandler)
                  20009908    000000e8                  : driver.obj (.text:_SlDrvMsgReadSpawnCtx)
                  200099f0    000000e4     rtsv7M4_T_le_eabi.lib : memory.c.obj (.text:free)
                  20009ad4    000000e4                           : memory.c.obj (.text:realloc)
                  20009bb8    000000e4     simplelink.a : netapp.obj (.text:sl_NetAppMDNSRegisterUnregisterService)
                  20009c9c    000000dc                  : driver.obj (.text:_SlDrvClassifyRxMsg)
                  20009d78    000000d0     rtsv7M4_T_le_eabi.lib : s_scalbn.c.obj (.text:scalbn)
                  20009e48    000000cc     simplelink.a : netapp.obj (.text:_sl_HandleAsync_DnsGetHostByService)
                  20009f14    000000cc                  : device.obj (.text:sl_DevGet)
                  20009fe0    000000c4                  : driver.obj (.text:_SlRemoveFromList)
                  2000a0a4    000000c0                  : driver.obj (.text:_SlDrvCmdOp)
                  2000a164    000000b1     rtsv7M4_T_le_eabi.lib : _printfi.c.obj (.text:_ltostr)
                  2000a215    00000003     --HOLE-- [fill = 0]
                  2000a218    000000b0     simplelink.a : nonos.obj (.text:_SlNonOsSemGet)
                  2000a2c8    000000a8     driverlib.a : interrupt.obj (.text:IntDisable)
                  2000a370    000000a8                 : interrupt.obj (.text:IntEnable)
                  2000a418    000000a4     simplelink.a : driver.obj (.text:_SlDriverHandleError)
                  2000a4bc    000000a0     driverlib.a : spi.obj (.text:SPIConfigSetExpClk)
                  2000a55c    000000a0     simplelink.a : socket.obj (.text:sl_Recv)
                  2000a5fc    0000009c     rtsv7M4_T_le_eabi.lib : memcpy_t2.asm.obj (.text)
                  2000a698    0000009a     simplelink.a : device.obj (.text:_SlDrvDeviceEventHandler)
                  2000a732    00000002     --HOLE-- [fill = 0]
                  2000a734    00000098                  : device.obj (.text:sl_DevSet)
                  2000a7cc    00000098                  : netcfg.obj (.text:sl_NetCfgSet)
                  2000a864    00000098                  : socket.obj (.text:sl_SetSockOpt)
                  2000a8fc    00000098                  : wlan.obj (.text:sl_WlanSet)
                  2000a994    00000098                  : cc_pal.obj (.text:spi_Write)
                  2000aa2c    00000096     rtsv7M4_T_le_eabi.lib : ull_div_t2.asm.obj (.text)
                  2000aac2    00000002     --HOLE-- [fill = 0]
                  2000aac4    00000094     driverlib.a : prcm.obj (.text:PRCMPeripheralClockGet)
                  2000ab58    00000090     simplelink.a : netapp.obj (.text:_sl_HandleAsync_DnsGetHostByName)
                  2000abe8    00000090                  : netapp.obj (.text:_sl_HandleAsync_PingResponse)
                  2000ac78    00000090                  : wlan.obj (.text:sl_WlanPolicySet)
                  2000ad08    0000008c                  : cc_pal.obj (.text:SetupDMAReceive)
                  2000ad94    0000008c                  : cc_pal.obj (.text:SetupDMASend)
                  2000ae20    0000008c                  : driver.obj (.text:_SlDrvIsTimeoutExpired)
                  2000aeac    0000008c                  : device.obj (.text:_sl_HandleAsync_InitComplete)
                  2000af38    0000008c                  : socket.obj (.text:sl_Socket)
                  2000afc4    00000088     driverlib.a : pin.obj (.text:PinConfigSet)
                  2000b04c    00000086     rtsv7M4_T_le_eabi.lib : fd_cmp_t2.asm.obj (.text:__aeabi_cdcmple)
                  2000b0d2    00000086                           : fd_cmp_t2.asm.obj (.text:__aeabi_cdrcmple)
                  2000b158    00000084     simplelink.a : cc_pal.obj (.text:NwpPowerOnPreamble)
                  2000b1dc    00000084                  : wlan.obj (.text:sl_WlanRxFilterSet)
                  2000b260    00000082     driverlib.a : gpio.obj (.text:GPIOIntTypeSet)
                  2000b2e2    00000002     --HOLE-- [fill = 0]
                  2000b2e4    00000080     simplelink.a : socket.obj (.text:_sl_HandleAsync_Connect)
                  2000b364    00000080                  : cc_pal.obj (.text:spi_Read_CPU)
                  2000b3e4    00000080                  : cc_pal.obj (.text:spi_Write_CPU)
                  2000b464    0000007a     rtsv7M4_T_le_eabi.lib : memset_t2.asm.obj (.text)
                  2000b4de    00000002     --HOLE-- [fill = 0]
                  2000b4e0    00000078     simplelink.a : cc_pal.obj (.text:spi_Close)
                  2000b558    00000076     driverlib.a : uart.obj (.text:UARTConfigSetExpClk)
                  2000b5ce    00000002     --HOLE-- [fill = 0]
                  2000b5d0    00000074     simplelink.a : nonos.obj (.text:_SlNonOsMainLoopTask)
                  2000b644    00000070     rtsv7M4_T_le_eabi.lib : memory.c.obj (.text:split)
                  2000b6b4    0000006e                           : _printfi.c.obj (.text:_mcpy)
                  2000b722    00000002     --HOLE-- [fill = 0]
                  2000b724    0000006c     simplelink.a : driver.obj (.text:_SlDrvCmdSend)
                  2000b790    0000006c                  : netapp.obj (.text:_sl_NetAppSendTokenValue)
                  2000b7fc    00000068     rtsv7M4_T_le_eabi.lib : copy_decompress_lzss.c.obj (.text:decompress:lzss:__TI_decompress_lzss)
                  2000b864    00000064     simplelink.a : nonos.obj (.text:_SlNonOsSpawn)
                  2000b8c8    00000064                  : socket.obj (.text:_sl_HandleAsync_Accept)
                  2000b92c    00000064                  : netapp.obj (.text:sl_NetAppMDNSUnRegisterService)
                  2000b990    00000064     driverlib.a : udma.obj (.text:uDMAChannelAttributeDisable)
                  2000b9f4    00000064                 : udma.obj (.text:uDMAChannelAttributeEnable)
                  2000ba58    00000060     simplelink.a : socket.obj (.text:sl_Close)
                  2000bab8    00000060                  : wlan.obj (.text:sl_WlanProfileDel)
                  2000bb18    00000060                  : wlan.obj (.text:sl_WlanSetMode)
                  2000bb78    0000005c     rtsv7M4_T_le_eabi.lib : s_frexp.c.obj (.text:frexp)
                  2000bbd4    00000058     driverlib.a : interrupt.obj (.text:IntPendClear)
                  2000bc2c    00000058                 : prcm.obj (.text:PRCMPeripheralReset)
                  2000bc84    00000058     pinmux.obj (.text)
                  2000bcdc    00000056     rtsv7M4_T_le_eabi.lib : _printfi.c.obj (.text:_pconv_f)
                  2000bd32    00000002     --HOLE-- [fill = 0]
                  2000bd34    00000054     driverlib.a : interrupt.obj (.text:IntPrioritySet)
                  2000bd88    00000054     simplelink.a : driver.obj (.text:_SlDrvRxIrqHandler)
                  2000bddc    00000054     rtsv7M4_T_le_eabi.lib : _ltoa.c.obj (.text:__TI_ltoa)
                  2000be30    00000054     simplelink.a : socket.obj (.text:_sl_HandleAsync_Select)
                  2000be84    00000052     rtsv7M4_T_le_eabi.lib : _printfi.c.obj (.text:_ecpy)
                  2000bed6    00000002     --HOLE-- [fill = 0]
                  2000bed8    00000050     simplelink.a : device.obj (.text:_sl_HandleAsync_Stop)
                  2000bf28    0000004c     driverlib.a : spi.obj (.text:SPIIntEnable)
                  2000bf74    0000004c                 : spi.obj (.text:SPIIntNumberGet)
                  2000bfc0    0000004c     simplelink.a : driver.obj (.text:_SlDrvProtectAsyncRespSetting)
                  2000c00c    0000004c                  : socket.obj (.text:_sl_BuildAddress)
                  2000c058    0000004c     rtsv7M4_T_le_eabi.lib : atoi.c.obj (.text:atoi)
                  2000c0a4    0000004c     driverlib.a : udma.obj (.text:uDMAChannelAssign)
                  2000c0f0    00000048                 : gpio.obj (.text:GPIOGetIntNumber)
                  2000c138    00000048                 : spi.obj (.text:SPIIntClear)
                  2000c180    00000048     simplelink.a : driver.obj (.text:_SlDrvBasicCmd)
                  2000c1c8    00000048     rtsv7M4_T_le_eabi.lib : fd_toi_t2.asm.obj (.text)
                  2000c210    00000044     driverlib.a : spi.obj (.text:SPIDmaMaskGet)
                  2000c254    00000044                 : timer.obj (.text:TimerConfigure)
                  2000c298    00000044     simplelink.a : driver.obj (.text:_SlDrvHandleHttpServerEvents)
                  2000c2dc    00000044                  : driver.obj (.text:_SlDrvSyncObjWaitTimeout)
                  2000c320    00000044     rtsv7M4_T_le_eabi.lib : autoinit.c.obj (.text:__TI_auto_init_nobinit_nopinit:__TI_auto_init_nobinit_nopinit)
                  2000c364    00000044     simplelink.a : cc_pal.obj (.text:cc_SetupTransfer)
                  2000c3a8    00000042                  : socket.obj (.text:sl_Htonl)
                  2000c3ea    00000002     --HOLE-- [fill = 0]
                  2000c3ec    00000040     driverlib.a : pin.obj (.text:PinModeSet)
                  2000c42c    00000040     simplelink.a : driver.obj (.text:_SlDrvHandleNetAppEvents)
                  2000c46c    00000040                  : driver.obj (.text:_SlDrvHandleWlanEvents)
                  2000c4ac    00000040                  : socket.obj (.text:_sl_TruncatePayloadByProtocol)
                  2000c4ec    00000040     rtsv7M4_T_le_eabi.lib : sprintf.c.obj (.text:sprintf)
                  2000c52c    00000040                           : vsnprintf.c.obj (.text:vsnprintf)
                  2000c56c    0000003e     simplelink.a : cc_pal.obj (.text:NwpRegisterInterruptHandler)
                  2000c5aa    0000003e     rtsv7M4_T_le_eabi.lib : _printfi.c.obj (.text:_fcpy)
                  2000c5e8    0000003c     simplelink.a : netapp.obj (.text:CopyPingResultsToReport)
                  2000c624    0000003c     driverlib.a : prcm.obj (.text:PRCMPeripheralClkEnable)
                  2000c660    0000003c     simplelink.a : cc_pal.obj (.text:simplelink_timerA2_start)
                  2000c69c    0000003c                  : socket.obj (.text:sl_Htons)
                  2000c6d8    0000003c     driverlib.a : udma.obj (.text:uDMAChannelControlSet)
                  2000c714    00000038     simplelink.a : cc_pal.obj (.text:NwpPowerOff)
                  2000c74c    00000038                  : wlan.obj (.text:sl_WlanDisconnect)
                  2000c784    00000036     driverlib.a : gpio.obj (.text:GPIODirModeSet)
                  2000c7ba    00000002     --HOLE-- [fill = 0]
                  2000c7bc    00000034     simplelink.a : cc_pal.obj (.text:NwpPowerOn)
                  2000c7f0    00000034     driverlib.a : prcm.obj (.text:PRCMPeripheralStatusGet)
                  2000c824    00000034                 : spi.obj (.text:SPIFIFOLevelSet)
                  2000c858    00000030                 : pin.obj (.text:PinTypeGPIO)
                  2000c888    00000030                 : uart.obj (.text:UARTDisable)
                  2000c8b8    00000030     rtsv7M4_T_le_eabi.lib : vsnprintf.c.obj (.text:_outs)
                  2000c8e8    0000002e                           : i_tofd_t2.asm.obj (.text)
                  2000c916    00000002     --HOLE-- [fill = 0]
                  2000c918    0000002c     driverlib.a : prcm.obj (.text:PRCMSysResetCauseGet)
                  2000c944    0000002c     simplelink.a : driver.obj (.text:_SlDrvObjGlobalLockWaitForever)
                  2000c970    0000002c                  : driver.obj (.text:_SlDrvProtectionObjLockWaitForever)
                  2000c99c    0000002a     driverlib.a : timer.obj (.text:TimerLoadSet)
                  2000c9c6    0000002a                 : timer.obj (.text:TimerPrescaleSet)
                  2000c9f0    00000028                 : prcm.obj (.text:PRCMPeripheralClkDisable)
                  2000ca18    00000028     simplelink.a : driver.obj (.text:_SlDrvGlobalObjUnLock)
                  2000ca40    00000028                  : driver.obj (.text:_SlDrvProtectionObjUnLock)
                  2000ca68    00000028                  : driver.obj (.text:_SlDrvSyncObjWaitForever)
                  2000ca90    00000028     rtsv7M4_T_le_eabi.lib : memory.c.obj (.text:free_list_insert)
                  2000cab8    00000028                           : memmov.c.obj (.text:memmove)
                  2000cae0    00000026     simplelink.a : driver.obj (.text:_SlDrvObjLockWaitForever)
                  2000cb06    00000026     network_common.obj (.text)
                  2000cb2c    00000024     simplelink.a : cc_pal.obj (.text:DmaSpiSwIntHandler)
                  2000cb50    00000024     driverlib.a : interrupt.obj (.text:IntUnregister)
                  2000cb74    00000024                 : uart.obj (.text:UARTEnable)
                  2000cb98    00000024     rtsv7M4_T_le_eabi.lib : boot_cortex_m.c.obj (.text:_c_int00_noargs:_c_int00_noargs)
                  2000cbbc    00000022     driverlib.a : spi.obj (.text:SPIReset)
                  2000cbde    00000022                 : spi.obj (.text:SPIWordCountSet)
                  2000cc00    00000020                 : gpio.obj (.text:GPIOPinWrite)
                  2000cc20    00000020                 : interrupt.obj (.text:IntRegister)
                  2000cc40    00000020     simplelink.a : cc_pal.obj (.text:NwpPrePowerOffTimout0)
                  2000cc60    00000020                  : cc_pal.obj (.text:TimerGetCurrentTimestamp)
                  2000cc80    00000020                  : driver.obj (.text:_SlDrvObjUnLock)
                  2000cca0    00000020                  : driver.obj (.text:_SlDrvSyncObjSignal)
                  2000ccc0    0000001e     driverlib.a : gpio.obj (.text:GPIOIntRegister)
                  2000ccde    0000001e                 : timer.obj (.text:TimerEnable)
                  2000ccfc    0000001e                 : uart.obj (.text:UARTCharPut)
                  2000cd1a    0000001e     simplelink.a : cc_pal.obj (.text:cc_UDMAChannelSelect)
                  2000cd38    0000001c     driverlib.a : timer.obj (.text:TimerValueGet)
                  2000cd54    0000001c                 : uart.obj (.text:UARTCharGetNonBlocking)
                  2000cd70    0000001c     simplelink.a : driver.obj (.text:_SlDrvStartMeasureTimeout)
                  2000cd8c    0000001c     rtsv7M4_T_le_eabi.lib : copy_zero_init.c.obj (.text:decompress:ZI:__TI_zero_init_nomemset:__TI_zero_init_nomemset)
                  2000cda8    0000001c                           : memory.c.obj (.text:free_list_remove)
                  2000cdc4    0000001c                           : memccpy.c.obj (.text:memccpy)
                  2000cde0    0000001c     driverlib.a : udma.obj (.text:uDMAChannelEnable)
                  2000cdfc    0000001a                 : gpio.obj (.text:GPIOIntEnable)
                  2000ce16    0000001a                 : pin.obj (.text:PinTypeUART)
                  2000ce30    0000001a                 : spi.obj (.text:SPIDmaDisable)
                  2000ce4a    0000001a                 : spi.obj (.text:SPIDmaEnable)
                  2000ce64    0000001a                 : spi.obj (.text:SPIFIFODisable)
                  2000ce7e    0000001a                 : spi.obj (.text:SPIFIFOEnable)
                  2000ce98    0000001a                 : spi.obj (.text:SPIIntUnregister)
                  2000ceb2    00000018                 : gpio.obj (.text:GPIOPinRead)
                  2000ceca    00000018                 : spi.obj (.text:SPICSDisable)
                  2000cee2    00000018                 : spi.obj (.text:SPICSEnable)
                  2000cefa    00000018                 : spi.obj (.text:SPIDisable)
                  2000cf12    00000018                 : spi.obj (.text:SPIEnable)
                  2000cf2a    00000018                 : uart.obj (.text:UARTCharsAvail)
                  2000cf42    00000018     simplelink.a : nonos.obj (.text:_SlNonOsSemSet)
                  2000cf5a    00000018     rtsv7M4_T_le_eabi.lib : vsnprintf.c.obj (.text:_outc)
                  2000cf72    00000018                           : sprintf.c.obj (.text:_outs)
                  2000cf8a    00000002     --HOLE-- [fill = 0]
                  2000cf8c    00000018     simplelink.a : device.obj (.text:_sl_GetStartResponseConvert)
                  2000cfa4    00000016     driverlib.a : prcm.obj (.text:PRCMHIBRegRead)
                  2000cfba    00000016                 : prcm.obj (.text:PRCMHIBRegWrite)
                  2000cfd0    00000016     simplelink.a : driver.obj (.text:_SlDrvMemZero)
                  2000cfe6    00000016     rtsv7M4_T_le_eabi.lib : strchr.c.obj (.text:strchr)
                  2000cffc    00000014     driverlib.a : cpu.obj (.text:CPUcpsie)
                  2000d010    00000014                 : gpio.obj (.text:GPIOIntClear)
                  2000d024    00000014                 : interrupt.obj (.text:IntVTableBaseSet)
                  2000d038    00000014     rtsv7M4_T_le_eabi.lib : strcpy.c.obj (.text:strcpy)
                  2000d04c    00000014                           : strlen.c.obj (.text:strlen)
                  2000d060    00000012                           : wcslen.c.obj (.text:wcslen)
                  2000d072    00000010     simplelink.a : driver.obj (.text:_SlDrvDispatchHttpServerEvents)
                  2000d082    0000000e                  : driver.obj (.text:_SlDrvResetCmdExt)
                  2000d090    0000000e     rtsv7M4_T_le_eabi.lib : copy_decompress_none.c.obj (.text:decompress:none:__TI_decompress_none)
                  2000d09e    0000000e     startup_ccs.obj (.text)
                  2000d0ac    0000000c     simplelink.a : cc_pal.obj (.text:NwpMaskInterrupt)
                  2000d0b8    0000000c                  : cc_pal.obj (.text:NwpUnMaskInterrupt)
                  2000d0c4    0000000c     rtsv7M4_T_le_eabi.lib : s_copysign.c.obj (.text:copysign)
                  2000d0d0    0000000a     driverlib.a : interrupt.obj (.text:IntMasterEnable)
                  2000d0da    0000000a     rtsv7M4_T_le_eabi.lib : sprintf.c.obj (.text:_outc)
                  2000d0e4    00000008                           : errno.c.obj (.text:__aeabi_errno_addr)
                  2000d0ec    00000008                           : memory.c.obj (.text:malloc)
                  2000d0f4    00000006     driverlib.a : utils.obj (.text:UtilsDelay)
                  2000d0fa    00000004     rtsv7M4_T_le_eabi.lib : pre_init.c.obj (.text:_system_pre_init)
                  2000d0fe    00000004                           : exit.c.obj (.text:abort:abort)

.const     0    2000d104    000005cc     
                  2000d104    00000101     rtsv7M4_T_le_eabi.lib : ctype.c.obj (.const:.string:_ctypes_)
                  2000d205    00000003     --HOLE-- [fill = 0]
                  2000d208    00000100     driverlib.a : pin.obj (.const:g_ulPinToPadMap)
                  2000d308    000000d4                 : interrupt.obj (.const:g_pulRegs)
                  2000d3dc    000000a8                 : prcm.obj (.const:PRCM_PeriphRegsList)
                  2000d484    0000003c     simplelink.a : driver.obj (.const:OpcodeTranslateTable)
                  2000d4c0    00000038                  : driver.obj (.const:_SlActionLookupTable)
                  2000d4f8    0000002c     network_utils.obj (.const:$P$T1$2)
                  2000d524    00000024     driverlib.a : spi.obj (.const:g_ppulSPIIntMap)
                  2000d548    00000022     network_utils.obj (.const:.string:$P$T0$1)
                  2000d56a    00000002     --HOLE-- [fill = 0]
                  2000d56c    00000020     simplelink.a : driver.obj (.const:RxMsgClassLUT)
                  2000d58c    00000018     driverlib.a : interrupt.obj (.const:g_pulDisRegs)
                  2000d5a4    00000018                 : interrupt.obj (.const:g_pulEnRegs)
                  2000d5bc    00000018                 : interrupt.obj (.const:g_pulUnpendRegs)
                  2000d5d4    00000018                 : spi.obj (.const:g_ulSPIDmaMaskMap)
                  2000d5ec    00000014     simplelink.a : driver.obj (.const:$P$T0$1)
                  2000d600    00000014                  : nonos.obj (.const:$P$T0$1)
                  2000d614    00000014     network_utils.obj (.const:$P$T2$3)
                  2000d628    00000010     simplelink.a : socket.obj (.const:.string:_SlPayloadByProtocolLUT)
                  2000d638    0000000c     network_utils.obj (.const:$P$T4$5)
                  2000d644    0000000c     network_utils.obj (.const:.string:$P$T3$4)
                  2000d650    00000009     main.obj (.const:.string:$P$T0$1)
                  2000d659    00000008     simplelink.a : device.obj (.const:StartResponseLUT)
                  2000d661    00000003     --HOLE-- [fill = 0]
                  2000d664    00000008                  : driver.obj (.const:g_H2NCnysPattern)
                  2000d66c    00000008                  : driver.obj (.const:g_H2NSyncPattern)
                  2000d674    00000005     main.obj (.const:.string:$P$T1$2)
                  2000d679    00000001     --HOLE-- [fill = 0]
                  2000d67a    00000004     simplelink.a : wlan.obj (.const:$P$T0$1)
                  2000d67e    00000004                  : socket.obj (.const:$P$T2$3)
                  2000d682    00000004                  : device.obj (.const:_SlDeviceGetCmdCtrl)
                  2000d686    00000004                  : device.obj (.const:_SlDeviceSetCmdCtrl)
                  2000d68a    00000004                  : netapp.obj (.const:_SlGetHostByNameCtrl)
                  2000d68e    00000004                  : netapp.obj (.const:_SlNetAppSendTokenValueCmdCtrl)
                  2000d692    00000004                  : netcfg.obj (.const:_SlNetCfgSetCmdCtrl)
                  2000d696    00000004                  : wlan.obj (.const:_SlPolicySetCmdCtrl)
                  2000d69a    00000004                  : wlan.obj (.const:_SlProfileDelCmdCtrl)
                  2000d69e    00000004                  : socket.obj (.const:_SlRecvCmdCtrl)
                  2000d6a2    00000004                  : netapp.obj (.const:_SlRegisterServiceCtrl)
                  2000d6a6    00000004                  : wlan.obj (.const:_SlRxFilterSetCmdCtrl)
                  2000d6aa    00000004                  : socket.obj (.const:_SlSendCmdCtrl)
                  2000d6ae    00000004                  : socket.obj (.const:_SlSetSockOptCmdCtrl)
                  2000d6b2    00000004                  : socket.obj (.const:_SlSockCloseCmdCtrl)
                  2000d6b6    00000004                  : socket.obj (.const:_SlSockSocketCmdCtrl)
                  2000d6ba    00000004                  : device.obj (.const:_SlStopCmdCtrl)
                  2000d6be    00000004                  : wlan.obj (.const:_SlWlanCfgSetCmdCtrl)
                  2000d6c2    00000004                  : wlan.obj (.const:_SlWlanSetModeCmdCtrl)
                  2000d6c6    00000002     --HOLE-- [fill = 0]
                  2000d6c8    00000004                  : driver.obj (.const:httpServer_callbacks)
                  2000d6cc    00000004                  : driver.obj (.const:netApp_callbacks)

.cinit     0    2000d6d0    00000050     
                  2000d6d0    0000002c     (.cinit..data.load) [load image, compression = lzss]
                  2000d6fc    0000000c     (__TI_handler_table)
                  2000d708    00000008     (.cinit..bss.load) [load image, compression = zero_init]
                  2000d710    00000010     (__TI_cinit_table)

.sysmem    0    20017000    00008000     UNINITIALIZED
                  20017000    00000010     rtsv7M4_T_le_eabi.lib : memory.c.obj (.sysmem)
                  20017010    00007ff0     --HOLE--

.bss       0    2001f000    0000022a     UNINITIALIZED
                  2001f000    00000168     simplelink.a : driver.obj (.bss:g_StatMem)
                  2001f168    00000050     (.common:g_ucDinDout)
                  2001f1b8    0000002c     (.common:g_time)
                  2001f1e4    00000024     (.common:g_ucConnectionSSID)
                  2001f208    00000008     (.common:g_app_config)
                  2001f210    00000008     (.common:g_ucConnectionBSSID)
                  2001f218    00000004     uart_if.obj (.bss)
                  2001f21c    00000004     (.common:g_Host)
                  2001f220    00000004     (.common:g_port)
                  2001f224    00000001     (.common:RxIrqCnt)
                  2001f225    00000001     (.common:g_bDeviceRestartIsRequired)
                  2001f226    00000001     (.common:g_cDummy)
                  2001f227    00000001     (.common:g_ucLED1Pin)
                  2001f228    00000001     (.common:g_ucLED2Pin)
                  2001f229    00000001     (.common:g_ucLED3Pin)

.data      0    2001f22c    0000009c     UNINITIALIZED
                  2001f22c    0000003c     simplelink.a : nonos.obj (.data:g__SlNonOsCB)
                  2001f268    00000014     gpio_if.obj (.data:ulReg)
                  2001f27c    0000000d     simplelink.a : driver.obj (.data)
                  2001f289    00000003     --HOLE--
                  2001f28c    0000000c     gpio_if.obj (.data)
                  2001f298    0000000c     network_utils.obj (.data)
                  2001f2a4    00000009     simplelink.a : cc_pal.obj (.data)
                  2001f2ad    00000003     --HOLE--
                  2001f2b0    00000008     rtsv7M4_T_le_eabi.lib : _lock.c.obj (.data:$O1$$)
                  2001f2b8    00000008                           : memory.c.obj (.data:$O1$$)
                  2001f2c0    00000004                           : errno.c.obj (.data)
                  2001f2c4    00000004     simplelink.a : driver.obj (.data:wlan_callbacks)

.stack     0    2002f000    00001000     UNINITIALIZED
                  2002f000    00000004     rtsv7M4_T_le_eabi.lib : boot_cortex_m.c.obj (.stack)
                  2002f004    00000ffc     --HOLE--

__llvm_prf_cnts 
*          0    20017000    00000000     UNINITIALIZED

MODULE SUMMARY

       Module                       code    ro data   rw data
       ------                       ----    -------   -------
    .\
       main.obj                     1484    14        0      
       startup_ccs.obj              14      1024      0      
       gpio_if.obj                  920     0         35     
       uart_if.obj                  636     0         4      
       pinmux.obj                   88      0         0      
       network_common.obj           38      0         0      
    +--+----------------------------+-------+---------+---------+
       Total:                       3180    1038      39     
                                                             
    .\utils\
       network_utils.obj            3788    122       116    
    +--+----------------------------+-------+---------+---------+
       Total:                       3788    122       116    
                                                             
    C:/Users/phpng/ti/cc3200-sdk/driverlib/ccs/Release/driverlib.a
       prcm.obj                     852     168       0      
       interrupt.obj                608     284       0      
       spi.obj                      798     60        0      
       udma.obj                     604     0         0      
       pin.obj                      274     256       0      
       gpio.obj                     388     0         0      
       uart.obj                     284     0         0      
       timer.obj                    210     0         0      
       cpu.obj                      20      0         0      
       utils.obj                    6       0         0      
    +--+----------------------------+-------+---------+---------+
       Total:                       4044    768       0      
                                                             
    C:/Users/phpng/ti/cc3200-sdk/simplelink/ccs/NON_OS_debug/simplelink.a
       driver.obj                   7906    192       379    
       cc_pal.obj                   1960    0         90     
       socket.obj                   1830    40        0      
       netapp.obj                   1572    12        0      
       wlan.obj                     1316    24        0      
       device.obj                   1234    20        0      
       nonos.obj                    416     20        60     
       netcfg.obj                   152     4         0      
    +--+----------------------------+-------+---------+---------+
       Total:                       16386   312       529    
                                                             
    C:\Users\phpng\ti\cc1250\ccs\tools\compiler\ti-cgt-arm_20.2.7.LTS\lib\rtsv7M4_T_le_eabi.lib
       _printfi.c.obj               4835    0         0      
       memory.c.obj                 900     0         8      
       fd_add_t2.asm.obj            438     0         0      
       fd_div_t2.asm.obj            310     0         0      
       fd_cmp_t2.asm.obj            268     0         0      
       ctype.c.obj                  0       257       0      
       fd_mul_t2.asm.obj            252     0         0      
       s_scalbn.c.obj               208     0         0      
       memcpy_t2.asm.obj            156     0         0      
       ull_div_t2.asm.obj           150     0         0      
       vsnprintf.c.obj              136     0         0      
       memset_t2.asm.obj            122     0         0      
       copy_decompress_lzss.c.obj   104     0         0      
       sprintf.c.obj                98      0         0      
       s_frexp.c.obj                92      0         0      
       _ltoa.c.obj                  84      0         0      
       atoi.c.obj                   76      0         0      
       fd_toi_t2.asm.obj            72      0         0      
       autoinit.c.obj               68      0         0      
       i_tofd_t2.asm.obj            46      0         0      
       memmov.c.obj                 40      0         0      
       boot_cortex_m.c.obj          36      0         0      
       copy_zero_init.c.obj         28      0         0      
       memccpy.c.obj                28      0         0      
       strchr.c.obj                 22      0         0      
       strcpy.c.obj                 20      0         0      
       strlen.c.obj                 20      0         0      
       wcslen.c.obj                 18      0         0      
       copy_decompress_none.c.obj   14      0         0      
       errno.c.obj                  8       0         4      
       s_copysign.c.obj             12      0         0      
       _lock.c.obj                  2       0         8      
       exit.c.obj                   4       0         0      
       pre_init.c.obj               4       0         0      
       div0.asm.obj                 2       0         0      
    +--+----------------------------+-------+---------+---------+
       Total:                       8673    257       20     
                                                             
       Heap:                        0       0         32768  
       Stack:                       0       0         4096   
       Linker Generated:            0       80        0      
    +--+----------------------------+-------+---------+---------+
       Grand Total:                 36071   2577      37568  


LINKER GENERATED COPY TABLES

__TI_cinit_table @ 2000d710 records: 2, size/record: 8, table size: 16
	.data: load addr=2000d6d0, load size=0000002c bytes, run addr=2001f22c, run size=0000009c bytes, compression=lzss
	.bss: load addr=2000d708, load size=00000008 bytes, run addr=2001f000, run size=0000022a bytes, compression=zero_init


LINKER GENERATED HANDLER TABLE

__TI_handler_table @ 2000d6fc records: 3, size/record: 4, table size: 12
	index: 0, handler: __TI_decompress_lzss
	index: 1, handler: __TI_decompress_none
	index: 2, handler: __TI_zero_init


GLOBAL SYMBOLS: SORTED ALPHABETICALLY BY Name 

address   name                                  
-------   ----                                  
2000d0ff  C$$EXIT                               
2000cffd  CPUcpsie                              
20006ed1  ClearTerm                             
2000cb2d  DmaSpiSwIntHandler                    
20006edb  Error                                 
2000c785  GPIODirModeSet                        
2000d011  GPIOIntClear                          
2000cdfd  GPIOIntEnable                         
2000ccc1  GPIOIntRegister                       
2000b261  GPIOIntTypeSet                        
2000ceb3  GPIOPinRead                           
2000cc01  GPIOPinWrite                          
20006b39  GPIO_IF_ConfigureNIntEnable           
20006bc5  GPIO_IF_Get                           
20006af3  GPIO_IF_GetPortNPin                   
200068b5  GPIO_IF_LedConfigure                  
200069a7  GPIO_IF_LedOff                        
200068f3  GPIO_IF_LedOn                         
20006a5b  GPIO_IF_LedStatus                     
20006ac5  GPIO_IF_LedToggle                     
20006b81  GPIO_IF_Set                           
20006f13  GetCmd                                
20006e91  InitTerm                              
2000a2c9  IntDisable                            
2000a371  IntEnable                             
2000d0d1  IntMasterEnable                       
2000bbd5  IntPendClear                          
2000bd35  IntPrioritySet                        
2000cc21  IntRegister                           
2000cb51  IntUnregister                         
2000d025  IntVTableBaseSet                      
20006eaf  Message                               
2000d0ad  NwpMaskInterrupt                      
2000c715  NwpPowerOff                           
2000c7bd  NwpPowerOn                            
2000b159  NwpPowerOnPreamble                    
2000cc41  NwpPrePowerOffTimout0                 
2000c56d  NwpRegisterInterruptHandler           
2000d0b9  NwpUnMaskInterrupt                    
2000d484  OpcodeTranslateTable                  
20008361  PRCMCC3200MCUInit                     
2000cfa5  PRCMHIBRegRead                        
2000cfbb  PRCMHIBRegWrite                       
2000c9f1  PRCMPeripheralClkDisable              
2000c625  PRCMPeripheralClkEnable               
2000aac5  PRCMPeripheralClockGet                
2000bc2d  PRCMPeripheralReset                   
2000c7f1  PRCMPeripheralStatusGet               
2000c919  PRCMSysResetCauseGet                  
2000afc5  PinConfigSet                          
2000c3ed  PinModeSet                            
2000bc85  PinMuxConfig                          
2000c859  PinTypeGPIO                           
2000ce17  PinTypeUART                           
20007051  Report                                
2000d09f  ResetISR                              
2001f224  RxIrqCnt                              
2000cecb  SPICSDisable                          
2000cee3  SPICSEnable                           
2000a4bd  SPIConfigSetExpClk                    
2000cefb  SPIDisable                            
2000ce31  SPIDmaDisable                         
2000ce4b  SPIDmaEnable                          
2000cf13  SPIEnable                             
2000ce65  SPIFIFODisable                        
2000ce7f  SPIFIFOEnable                         
2000c825  SPIFIFOLevelSet                       
2000c139  SPIIntClear                           
2000bf29  SPIIntEnable                          
2000ce99  SPIIntUnregister                      
2000cbbd  SPIReset                              
2000cbdf  SPIWordCountSet                       
200045d5  SimpleLinkGeneralEventHandler         
200045b1  SimpleLinkHttpServerCallback          
2000450f  SimpleLinkNetAppEventHandler          
200045f5  SimpleLinkSockEventHandler            
20004401  SimpleLinkWlanEventHandler            
2000c255  TimerConfigure                        
2000ccdf  TimerEnable                           
2000cc61  TimerGetCurrentTimestamp              
2000c99d  TimerLoadSet                          
2000c9c7  TimerPrescaleSet                      
2000cd39  TimerValueGet                         
20006fb9  TrimSpace                             
2000cd55  UARTCharGetNonBlocking                
2000ccfd  UARTCharPut                           
2000cf2b  UARTCharsAvail                        
2000b559  UARTConfigSetExpClk                   
2000c889  UARTDisable                           
2000cb75  UARTEnable                            
2000d0f5  UtilsDelay                            
2000d4c0  _SlActionLookupTable                  
2000a419  _SlDriverHandleError                  
2000c181  _SlDrvBasicCmd                        
2000a0a5  _SlDrvCmdOp                           
2000b725  _SlDrvCmdSend                         
200075bd  _SlDrvDataReadOp                      
20008649  _SlDrvDataWriteOp                     
2000a699  _SlDrvDeviceEventHandler              
2000d073  _SlDrvDispatchHttpServerEvents        
20008f11  _SlDrvDriverCBDeinit                  
20007cf5  _SlDrvDriverCBInit                    
2000ca19  _SlDrvGlobalObjUnLock                 
2000c299  _SlDrvHandleHttpServerEvents          
2000c42d  _SlDrvHandleNetAppEvents              
2000c46d  _SlDrvHandleWlanEvents                
2000ae21  _SlDrvIsTimeoutExpired                
2000cfd1  _SlDrvMemZero                         
20009909  _SlDrvMsgReadSpawnCtx                 
20009161  _SlDrvNetAppEventHandler              
2000cae1  _SlDrvObjLockWaitForever              
2000cc81  _SlDrvObjUnLock                       
2000bfc1  _SlDrvProtectAsyncRespSetting         
2000c971  _SlDrvProtectionObjLockWaitForever    
2000ca41  _SlDrvProtectionObjUnLock             
200077a1  _SlDrvReleasePoolObj                  
2000d083  _SlDrvResetCmdExt                     
2000bd89  _SlDrvRxIrqHandler                    
2000cd71  _SlDrvStartMeasureTimeout             
2000cca1  _SlDrvSyncObjSignal                   
2000ca69  _SlDrvSyncObjWaitForever              
2000c2dd  _SlDrvSyncObjWaitTimeout              
20008045  _SlDrvWaitForPoolObj                  
2000d68e  _SlNetAppSendTokenValueCmdCtrl        
2000b5d1  _SlNonOsMainLoopTask                  
2000a219  _SlNonOsSemGet                        
2000cf43  _SlNonOsSemSet                        
2000b865  _SlNonOsSpawn                         
20030000  __STACK_END                           
00001000  __STACK_SIZE                          
00008000  __SYSMEM_SIZE                         
2000d710  __TI_CINIT_Base                       
2000d720  __TI_CINIT_Limit                      
2000d6fc  __TI_Handler_Table_Base               
2000d708  __TI_Handler_Table_Limit              
2000c321  __TI_auto_init_nobinit_nopinit        
2000b7fd  __TI_decompress_lzss                  
2000d091  __TI_decompress_none                  
2000bddd  __TI_ltoa                             
ffffffff  __TI_pprof_out_hndl                   
200052cd  __TI_printfi                          
ffffffff  __TI_prof_data_size                   
ffffffff  __TI_prof_data_start                  
2000d6d0  __TI_static_base__                    
2000cd8d  __TI_zero_init_nomemset               
2000b04d  __aeabi_cdcmpeq                       
2000b04d  __aeabi_cdcmple                       
2000b0d3  __aeabi_cdrcmple                      
2000c1c9  __aeabi_d2iz                          
20007b47  __aeabi_dadd                          
20008ca5  __aeabi_ddiv                          
20009365  __aeabi_dmul                          
20007b3d  __aeabi_dsub                          
2000d0e5  __aeabi_errno_addr                    
2000c8e9  __aeabi_i2d                           
20008ddb  __aeabi_idiv0                         
20008ddb  __aeabi_ldiv0                         
2000b465  __aeabi_memclr                        
2000b465  __aeabi_memclr4                       
2000b465  __aeabi_memclr8                       
2000a5fd  __aeabi_memcpy                        
2000a5fd  __aeabi_memcpy4                       
2000a5fd  __aeabi_memcpy8                       
2000b467  __aeabi_memset                        
2000b467  __aeabi_memset4                       
2000b467  __aeabi_memset8                       
2000aa2d  __aeabi_uldivmod                      
ffffffff  __binit__                             
ffffffff  __c_args__                            
UNDEFED   __mpu_init                            
2002f000  __stack                               
20017000  __start___llvm_prf_cnts               
20017000  __stop___llvm_prf_cnts                
2000cb99  _c_int00_noargs                       
2000d104  _ctypes_                              
2001f2b0  _lock                                 
20007cf3  _nop                                  
2000b8c9  _sl_HandleAsync_Accept                
2000b2e5  _sl_HandleAsync_Connect               
2000ab59  _sl_HandleAsync_DnsGetHostByName      
20009e49  _sl_HandleAsync_DnsGetHostByService   
2000aead  _sl_HandleAsync_InitComplete          
2000abe9  _sl_HandleAsync_PingResponse          
2000be31  _sl_HandleAsync_Select                
2000bed9  _sl_HandleAsync_Stop                  
2000b791  _sl_NetAppSendTokenValue              
20017000  _sys_memory                           
UNDEFED   _system_post_cinit                    
2000d0fb  _system_pre_init                      
2001f2b4  _unlock                               
2000d0ff  abort                                 
20009265  aligned_alloc                         
2000c059  atoi                                  
ffffffff  binit                                 
20004fa5  connectToAccessPoint                  
2000d0c5  copysign                              
2000d0c5  copysignl                             
2001f2c0  errno                                 
200099f1  free                                  
2000bb79  frexp                                 
2000bb79  frexpl                                
2001f21c  g_Host                                
2001f27c  g_SlDeviceStatus                      
2001f2a4  g_SpiFd                               
2001f22c  g__SlNonOsCB                          
2001f208  g_app_config                          
2001f225  g_bDeviceRestartIsRequired            
2001f226  g_cDummy                              
2001f280  g_pCB                                 
2001f2a8  g_pHostIntHdl                         
20004000  g_pfnVectors                          
2001f220  g_port                                
2001f1b8  g_time                                
2001f210  g_ucConnectionBSSID                   
2001f1e4  g_ucConnectionSSID                    
2001f2ac  g_ucDMAEnabled                        
2001f168  g_ucDinDout                           
2001f227  g_ucLED1Pin                           
2001f228  g_ucLED2Pin                           
2001f229  g_ucLED3Pin                           
2001f28c  g_uiLED1Port                          
2001f290  g_uiLED2Port                          
2001f294  g_uiLED3Port                          
2001f2a0  g_ulGatewayIP                         
2001f29c  g_ulPingPacketsRecv                   
2001f298  g_ulStatus                            
20009d79  ldexp                                 
20009d79  ldexpl                                
20005d87  main                                  
2000d0ed  malloc                                
20009265  memalign                              
2000cdc5  memccpy                               
2000a5fd  memcpy                                
2000cab9  memmove                               
2000b46d  memset                                
2001f284  pPingCallBackFunc                     
20009ad5  realloc                               
20009d79  scalbn                                
20009d79  scalbnl                               
2000c661  simplelink_timerA2_start              
2000ba59  sl_Close                              
200081d5  sl_Connect                            
20009f15  sl_DevGet                             
2000a735  sl_DevSet                             
2000c3a9  sl_Htonl                              
2000c69d  sl_Htons                              
20008a25  sl_NetAppDnsGetHostByName             
20009bb9  sl_NetAppMDNSRegisterUnregisterService
2000b92d  sl_NetAppMDNSUnRegisterService        
2000a7cd  sl_NetCfgSet                          
2000cb07  sl_Provisioning_HttpServerEventHdl    
2000cb15  sl_Provisioning_NetAppEventHdl        
2000cb21  sl_Provisioning_WlanEventHdl          
2000a55d  sl_Recv                               
20008ddd  sl_Send                               
2000a865  sl_SetSockOpt                         
2000af39  sl_Socket                             
20009461  sl_Start                              
20009551  sl_Stop                               
20006c11  sl_WlanConnect                        
2000c74d  sl_WlanDisconnect                     
2000ac79  sl_WlanPolicySet                      
2000bab9  sl_WlanProfileDel                     
2000b1dd  sl_WlanRxFilterSet                    
2000a8fd  sl_WlanSet                            
2000bb19  sl_WlanSetMode                        
2000b4e1  spi_Close                             
20008799  spi_Open                              
20009641  spi_Read                              
2000a995  spi_Write                             
2000c4ed  sprintf                               
2000cfe7  strchr                                
2000d039  strcpy                                
2000d04d  strlen                                
20004dc5  tls_connect                           
2000c0a5  uDMAChannelAssign                     
2000b991  uDMAChannelAttributeDisable           
2000b9f5  uDMAChannelAttributeEnable            
2000c6d9  uDMAChannelControlSet                 
2000cde1  uDMAChannelEnable                     
20009731  uDMAChannelTransferSet                
2000c52d  vsnprintf                             
2000d061  wcslen                                


GLOBAL SYMBOLS: SORTED BY Symbol Address 

address   name                                  
-------   ----                                  
00001000  __STACK_SIZE                          
00008000  __SYSMEM_SIZE                         
20004000  g_pfnVectors                          
20004401  SimpleLinkWlanEventHandler            
2000450f  SimpleLinkNetAppEventHandler          
200045b1  SimpleLinkHttpServerCallback          
200045d5  SimpleLinkGeneralEventHandler         
200045f5  SimpleLinkSockEventHandler            
20004dc5  tls_connect                           
20004fa5  connectToAccessPoint                  
200052cd  __TI_printfi                          
20005d87  main                                  
200068b5  GPIO_IF_LedConfigure                  
200068f3  GPIO_IF_LedOn                         
200069a7  GPIO_IF_LedOff                        
20006a5b  GPIO_IF_LedStatus                     
20006ac5  GPIO_IF_LedToggle                     
20006af3  GPIO_IF_GetPortNPin                   
20006b39  GPIO_IF_ConfigureNIntEnable           
20006b81  GPIO_IF_Set                           
20006bc5  GPIO_IF_Get                           
20006c11  sl_WlanConnect                        
20006e91  InitTerm                              
20006eaf  Message                               
20006ed1  ClearTerm                             
20006edb  Error                                 
20006f13  GetCmd                                
20006fb9  TrimSpace                             
20007051  Report                                
200075bd  _SlDrvDataReadOp                      
200077a1  _SlDrvReleasePoolObj                  
20007b3d  __aeabi_dsub                          
20007b47  __aeabi_dadd                          
20007cf3  _nop                                  
20007cf5  _SlDrvDriverCBInit                    
20008045  _SlDrvWaitForPoolObj                  
200081d5  sl_Connect                            
20008361  PRCMCC3200MCUInit                     
20008649  _SlDrvDataWriteOp                     
20008799  spi_Open                              
20008a25  sl_NetAppDnsGetHostByName             
20008ca5  __aeabi_ddiv                          
20008ddb  __aeabi_idiv0                         
20008ddb  __aeabi_ldiv0                         
20008ddd  sl_Send                               
20008f11  _SlDrvDriverCBDeinit                  
20009161  _SlDrvNetAppEventHandler              
20009265  aligned_alloc                         
20009265  memalign                              
20009365  __aeabi_dmul                          
20009461  sl_Start                              
20009551  sl_Stop                               
20009641  spi_Read                              
20009731  uDMAChannelTransferSet                
20009909  _SlDrvMsgReadSpawnCtx                 
200099f1  free                                  
20009ad5  realloc                               
20009bb9  sl_NetAppMDNSRegisterUnregisterService
20009d79  ldexp                                 
20009d79  ldexpl                                
20009d79  scalbn                                
20009d79  scalbnl                               
20009e49  _sl_HandleAsync_DnsGetHostByService   
20009f15  sl_DevGet                             
2000a0a5  _SlDrvCmdOp                           
2000a219  _SlNonOsSemGet                        
2000a2c9  IntDisable                            
2000a371  IntEnable                             
2000a419  _SlDriverHandleError                  
2000a4bd  SPIConfigSetExpClk                    
2000a55d  sl_Recv                               
2000a5fd  __aeabi_memcpy                        
2000a5fd  __aeabi_memcpy4                       
2000a5fd  __aeabi_memcpy8                       
2000a5fd  memcpy                                
2000a699  _SlDrvDeviceEventHandler              
2000a735  sl_DevSet                             
2000a7cd  sl_NetCfgSet                          
2000a865  sl_SetSockOpt                         
2000a8fd  sl_WlanSet                            
2000a995  spi_Write                             
2000aa2d  __aeabi_uldivmod                      
2000aac5  PRCMPeripheralClockGet                
2000ab59  _sl_HandleAsync_DnsGetHostByName      
2000abe9  _sl_HandleAsync_PingResponse          
2000ac79  sl_WlanPolicySet                      
2000ae21  _SlDrvIsTimeoutExpired                
2000aead  _sl_HandleAsync_InitComplete          
2000af39  sl_Socket                             
2000afc5  PinConfigSet                          
2000b04d  __aeabi_cdcmpeq                       
2000b04d  __aeabi_cdcmple                       
2000b0d3  __aeabi_cdrcmple                      
2000b159  NwpPowerOnPreamble                    
2000b1dd  sl_WlanRxFilterSet                    
2000b261  GPIOIntTypeSet                        
2000b2e5  _sl_HandleAsync_Connect               
2000b465  __aeabi_memclr                        
2000b465  __aeabi_memclr4                       
2000b465  __aeabi_memclr8                       
2000b467  __aeabi_memset                        
2000b467  __aeabi_memset4                       
2000b467  __aeabi_memset8                       
2000b46d  memset                                
2000b4e1  spi_Close                             
2000b559  UARTConfigSetExpClk                   
2000b5d1  _SlNonOsMainLoopTask                  
2000b725  _SlDrvCmdSend                         
2000b791  _sl_NetAppSendTokenValue              
2000b7fd  __TI_decompress_lzss                  
2000b865  _SlNonOsSpawn                         
2000b8c9  _sl_HandleAsync_Accept                
2000b92d  sl_NetAppMDNSUnRegisterService        
2000b991  uDMAChannelAttributeDisable           
2000b9f5  uDMAChannelAttributeEnable            
2000ba59  sl_Close                              
2000bab9  sl_WlanProfileDel                     
2000bb19  sl_WlanSetMode                        
2000bb79  frexp                                 
2000bb79  frexpl                                
2000bbd5  IntPendClear                          
2000bc2d  PRCMPeripheralReset                   
2000bc85  PinMuxConfig                          
2000bd35  IntPrioritySet                        
2000bd89  _SlDrvRxIrqHandler                    
2000bddd  __TI_ltoa                             
2000be31  _sl_HandleAsync_Select                
2000bed9  _sl_HandleAsync_Stop                  
2000bf29  SPIIntEnable                          
2000bfc1  _SlDrvProtectAsyncRespSetting         
2000c059  atoi                                  
2000c0a5  uDMAChannelAssign                     
2000c139  SPIIntClear                           
2000c181  _SlDrvBasicCmd                        
2000c1c9  __aeabi_d2iz                          
2000c255  TimerConfigure                        
2000c299  _SlDrvHandleHttpServerEvents          
2000c2dd  _SlDrvSyncObjWaitTimeout              
2000c321  __TI_auto_init_nobinit_nopinit        
2000c3a9  sl_Htonl                              
2000c3ed  PinModeSet                            
2000c42d  _SlDrvHandleNetAppEvents              
2000c46d  _SlDrvHandleWlanEvents                
2000c4ed  sprintf                               
2000c52d  vsnprintf                             
2000c56d  NwpRegisterInterruptHandler           
2000c625  PRCMPeripheralClkEnable               
2000c661  simplelink_timerA2_start              
2000c69d  sl_Htons                              
2000c6d9  uDMAChannelControlSet                 
2000c715  NwpPowerOff                           
2000c74d  sl_WlanDisconnect                     
2000c785  GPIODirModeSet                        
2000c7bd  NwpPowerOn                            
2000c7f1  PRCMPeripheralStatusGet               
2000c825  SPIFIFOLevelSet                       
2000c859  PinTypeGPIO                           
2000c889  UARTDisable                           
2000c8e9  __aeabi_i2d                           
2000c919  PRCMSysResetCauseGet                  
2000c971  _SlDrvProtectionObjLockWaitForever    
2000c99d  TimerLoadSet                          
2000c9c7  TimerPrescaleSet                      
2000c9f1  PRCMPeripheralClkDisable              
2000ca19  _SlDrvGlobalObjUnLock                 
2000ca41  _SlDrvProtectionObjUnLock             
2000ca69  _SlDrvSyncObjWaitForever              
2000cab9  memmove                               
2000cae1  _SlDrvObjLockWaitForever              
2000cb07  sl_Provisioning_HttpServerEventHdl    
2000cb15  sl_Provisioning_NetAppEventHdl        
2000cb21  sl_Provisioning_WlanEventHdl          
2000cb2d  DmaSpiSwIntHandler                    
2000cb51  IntUnregister                         
2000cb75  UARTEnable                            
2000cb99  _c_int00_noargs                       
2000cbbd  SPIReset                              
2000cbdf  SPIWordCountSet                       
2000cc01  GPIOPinWrite                          
2000cc21  IntRegister                           
2000cc41  NwpPrePowerOffTimout0                 
2000cc61  TimerGetCurrentTimestamp              
2000cc81  _SlDrvObjUnLock                       
2000cca1  _SlDrvSyncObjSignal                   
2000ccc1  GPIOIntRegister                       
2000ccdf  TimerEnable                           
2000ccfd  UARTCharPut                           
2000cd39  TimerValueGet                         
2000cd55  UARTCharGetNonBlocking                
2000cd71  _SlDrvStartMeasureTimeout             
2000cd8d  __TI_zero_init_nomemset               
2000cdc5  memccpy                               
2000cde1  uDMAChannelEnable                     
2000cdfd  GPIOIntEnable                         
2000ce17  PinTypeUART                           
2000ce31  SPIDmaDisable                         
2000ce4b  SPIDmaEnable                          
2000ce65  SPIFIFODisable                        
2000ce7f  SPIFIFOEnable                         
2000ce99  SPIIntUnregister                      
2000ceb3  GPIOPinRead                           
2000cecb  SPICSDisable                          
2000cee3  SPICSEnable                           
2000cefb  SPIDisable                            
2000cf13  SPIEnable                             
2000cf2b  UARTCharsAvail                        
2000cf43  _SlNonOsSemSet                        
2000cfa5  PRCMHIBRegRead                        
2000cfbb  PRCMHIBRegWrite                       
2000cfd1  _SlDrvMemZero                         
2000cfe7  strchr                                
2000cffd  CPUcpsie                              
2000d011  GPIOIntClear                          
2000d025  IntVTableBaseSet                      
2000d039  strcpy                                
2000d04d  strlen                                
2000d061  wcslen                                
2000d073  _SlDrvDispatchHttpServerEvents        
2000d083  _SlDrvResetCmdExt                     
2000d091  __TI_decompress_none                  
2000d09f  ResetISR                              
2000d0ad  NwpMaskInterrupt                      
2000d0b9  NwpUnMaskInterrupt                    
2000d0c5  copysign                              
2000d0c5  copysignl                             
2000d0d1  IntMasterEnable                       
2000d0e5  __aeabi_errno_addr                    
2000d0ed  malloc                                
2000d0f5  UtilsDelay                            
2000d0fb  _system_pre_init                      
2000d0ff  C$$EXIT                               
2000d0ff  abort                                 
2000d104  _ctypes_                              
2000d484  OpcodeTranslateTable                  
2000d4c0  _SlActionLookupTable                  
2000d68e  _SlNetAppSendTokenValueCmdCtrl        
2000d6d0  __TI_static_base__                    
2000d6fc  __TI_Handler_Table_Base               
2000d708  __TI_Handler_Table_Limit              
2000d710  __TI_CINIT_Base                       
2000d720  __TI_CINIT_Limit                      
20017000  __start___llvm_prf_cnts               
20017000  __stop___llvm_prf_cnts                
20017000  _sys_memory                           
2001f168  g_ucDinDout                           
2001f1b8  g_time                                
2001f1e4  g_ucConnectionSSID                    
2001f208  g_app_config                          
2001f210  g_ucConnectionBSSID                   
2001f21c  g_Host                                
2001f220  g_port                                
2001f224  RxIrqCnt                              
2001f225  g_bDeviceRestartIsRequired            
2001f226  g_cDummy                              
2001f227  g_ucLED1Pin                           
2001f228  g_ucLED2Pin                           
2001f229  g_ucLED3Pin                           
2001f22c  g__SlNonOsCB                          
2001f27c  g_SlDeviceStatus                      
2001f280  g_pCB                                 
2001f284  pPingCallBackFunc                     
2001f28c  g_uiLED1Port                          
2001f290  g_uiLED2Port                          
2001f294  g_uiLED3Port                          
2001f298  g_ulStatus                            
2001f29c  g_ulPingPacketsRecv                   
2001f2a0  g_ulGatewayIP                         
2001f2a4  g_SpiFd                               
2001f2a8  g_pHostIntHdl                         
2001f2ac  g_ucDMAEnabled                        
2001f2b0  _lock                                 
2001f2b4  _unlock                               
2001f2c0  errno                                 
2002f000  __stack                               
20030000  __STACK_END                           
ffffffff  __TI_pprof_out_hndl                   
ffffffff  __TI_prof_data_size                   
ffffffff  __TI_prof_data_start                  
ffffffff  __binit__                             
ffffffff  __c_args__                            
ffffffff  binit                                 
UNDEFED   __mpu_init                            
UNDEFED   _system_post_cinit                    

[283 symbols]
