<?xml version="1.0" encoding="ISO-8859-1" ?>
<link_info>
   <banner>TI ARM Linker PC v20.2.7.LTS</banner>
   <copyright>Copyright (c) 1996-2018 Texas Instruments Incorporated</copyright>
   <link_time>0x665963ef</link_time>
   <link_errors>0x0</link_errors>
   <output_file>aws-iot.out</output_file>
   <entry_point>
      <name>_c_int00_noargs</name>
      <address>0x2000cb99</address>
   </entry_point>
   <input_file_list>
      <input_file id="fl-2">
         <path>.\</path>
         <kind>object</kind>
         <file>gpio_if.obj</file>
         <name>gpio_if.obj</name>
      </input_file>
      <input_file id="fl-3">
         <path>.\</path>
         <kind>object</kind>
         <file>main.obj</file>
         <name>main.obj</name>
      </input_file>
      <input_file id="fl-4">
         <path>.\</path>
         <kind>object</kind>
         <file>network_common.obj</file>
         <name>network_common.obj</name>
      </input_file>
      <input_file id="fl-5">
         <path>.\</path>
         <kind>object</kind>
         <file>pinmux.obj</file>
         <name>pinmux.obj</name>
      </input_file>
      <input_file id="fl-6">
         <path>.\</path>
         <kind>object</kind>
         <file>startup_ccs.obj</file>
         <name>startup_ccs.obj</name>
      </input_file>
      <input_file id="fl-7">
         <path>.\</path>
         <kind>object</kind>
         <file>uart_if.obj</file>
         <name>uart_if.obj</name>
      </input_file>
      <input_file id="fl-8">
         <path>.\utils\</path>
         <kind>object</kind>
         <file>network_utils.obj</file>
         <name>network_utils.obj</name>
      </input_file>
      <input_file id="fl-e">
         <kind>object</kind>
         <file>&lt;internal&gt;</file>
         <name>&lt;internal&gt;</name>
      </input_file>
      <input_file id="fl-f">
         <path>C:\Users\phpng\ti\cc3200-sdk\simplelink\ccs\NON_OS_debug\</path>
         <kind>archive</kind>
         <file>simplelink.a</file>
         <name>device.obj</name>
      </input_file>
      <input_file id="fl-10">
         <path>C:\Users\phpng\ti\cc3200-sdk\simplelink\ccs\NON_OS_debug\</path>
         <kind>archive</kind>
         <file>simplelink.a</file>
         <name>driver.obj</name>
      </input_file>
      <input_file id="fl-11">
         <path>C:\Users\phpng\ti\cc3200-sdk\simplelink\ccs\NON_OS_debug\</path>
         <kind>archive</kind>
         <file>simplelink.a</file>
         <name>netapp.obj</name>
      </input_file>
      <input_file id="fl-12">
         <path>C:\Users\phpng\ti\cc3200-sdk\simplelink\ccs\NON_OS_debug\</path>
         <kind>archive</kind>
         <file>simplelink.a</file>
         <name>netcfg.obj</name>
      </input_file>
      <input_file id="fl-13">
         <path>C:\Users\phpng\ti\cc3200-sdk\simplelink\ccs\NON_OS_debug\</path>
         <kind>archive</kind>
         <file>simplelink.a</file>
         <name>nonos.obj</name>
      </input_file>
      <input_file id="fl-14">
         <path>C:\Users\phpng\ti\cc3200-sdk\simplelink\ccs\NON_OS_debug\</path>
         <kind>archive</kind>
         <file>simplelink.a</file>
         <name>socket.obj</name>
      </input_file>
      <input_file id="fl-15">
         <path>C:\Users\phpng\ti\cc3200-sdk\simplelink\ccs\NON_OS_debug\</path>
         <kind>archive</kind>
         <file>simplelink.a</file>
         <name>wlan.obj</name>
      </input_file>
      <input_file id="fl-16">
         <path>C:\Users\phpng\ti\cc3200-sdk\simplelink\ccs\NON_OS_debug\</path>
         <kind>archive</kind>
         <file>simplelink.a</file>
         <name>cc_pal.obj</name>
      </input_file>
      <input_file id="fl-17">
         <path>C:\Users\phpng\ti\cc3200-sdk\driverlib\ccs\Release\</path>
         <kind>archive</kind>
         <file>driverlib.a</file>
         <name>gpio.obj</name>
      </input_file>
      <input_file id="fl-18">
         <path>C:\Users\phpng\ti\cc3200-sdk\driverlib\ccs\Release\</path>
         <kind>archive</kind>
         <file>driverlib.a</file>
         <name>interrupt.obj</name>
      </input_file>
      <input_file id="fl-19">
         <path>C:\Users\phpng\ti\cc3200-sdk\driverlib\ccs\Release\</path>
         <kind>archive</kind>
         <file>driverlib.a</file>
         <name>pin.obj</name>
      </input_file>
      <input_file id="fl-1a">
         <path>C:\Users\phpng\ti\cc3200-sdk\driverlib\ccs\Release\</path>
         <kind>archive</kind>
         <file>driverlib.a</file>
         <name>prcm.obj</name>
      </input_file>
      <input_file id="fl-1b">
         <path>C:\Users\phpng\ti\cc3200-sdk\driverlib\ccs\Release\</path>
         <kind>archive</kind>
         <file>driverlib.a</file>
         <name>spi.obj</name>
      </input_file>
      <input_file id="fl-1c">
         <path>C:\Users\phpng\ti\cc3200-sdk\driverlib\ccs\Release\</path>
         <kind>archive</kind>
         <file>driverlib.a</file>
         <name>timer.obj</name>
      </input_file>
      <input_file id="fl-1d">
         <path>C:\Users\phpng\ti\cc3200-sdk\driverlib\ccs\Release\</path>
         <kind>archive</kind>
         <file>driverlib.a</file>
         <name>uart.obj</name>
      </input_file>
      <input_file id="fl-1e">
         <path>C:\Users\phpng\ti\cc3200-sdk\driverlib\ccs\Release\</path>
         <kind>archive</kind>
         <file>driverlib.a</file>
         <name>udma.obj</name>
      </input_file>
      <input_file id="fl-1f">
         <path>C:\Users\phpng\ti\cc3200-sdk\driverlib\ccs\Release\</path>
         <kind>archive</kind>
         <file>driverlib.a</file>
         <name>utils.obj</name>
      </input_file>
      <input_file id="fl-20">
         <path>C:\Users\phpng\ti\cc3200-sdk\driverlib\ccs\Release\</path>
         <kind>archive</kind>
         <file>driverlib.a</file>
         <name>cpu.obj</name>
      </input_file>
      <input_file id="fl-21">
         <path>C:\Users\phpng\ti\cc3200-sdk\driverlib\ccs\Release\</path>
         <kind>archive</kind>
         <file>driverlib.a</file>
         <name>flash.obj</name>
      </input_file>
      <input_file id="fl-d7">
         <path>C:\Users\phpng\ti\cc1250\ccs\tools\compiler\ti-cgt-arm_20.2.7.LTS\lib\</path>
         <kind>archive</kind>
         <file>rtsv7M4_T_le_eabi.lib</file>
         <name>sprintf.c.obj</name>
      </input_file>
      <input_file id="fl-d8">
         <path>C:\Users\phpng\ti\cc1250\ccs\tools\compiler\ti-cgt-arm_20.2.7.LTS\lib\</path>
         <kind>archive</kind>
         <file>rtsv7M4_T_le_eabi.lib</file>
         <name>vsnprintf.c.obj</name>
      </input_file>
      <input_file id="fl-d9">
         <path>C:\Users\phpng\ti\cc1250\ccs\tools\compiler\ti-cgt-arm_20.2.7.LTS\lib\</path>
         <kind>archive</kind>
         <file>rtsv7M4_T_le_eabi.lib</file>
         <name>memcpy_t2.asm.obj</name>
      </input_file>
      <input_file id="fl-da">
         <path>C:\Users\phpng\ti\cc1250\ccs\tools\compiler\ti-cgt-arm_20.2.7.LTS\lib\</path>
         <kind>archive</kind>
         <file>rtsv7M4_T_le_eabi.lib</file>
         <name>memset_t2.asm.obj</name>
      </input_file>
      <input_file id="fl-db">
         <path>C:\Users\phpng\ti\cc1250\ccs\tools\compiler\ti-cgt-arm_20.2.7.LTS\lib\</path>
         <kind>archive</kind>
         <file>rtsv7M4_T_le_eabi.lib</file>
         <name>ull_div_t2.asm.obj</name>
      </input_file>
      <input_file id="fl-dc">
         <path>C:\Users\phpng\ti\cc1250\ccs\tools\compiler\ti-cgt-arm_20.2.7.LTS\lib\</path>
         <kind>archive</kind>
         <file>rtsv7M4_T_le_eabi.lib</file>
         <name>copy_zero_init.c.obj</name>
      </input_file>
      <input_file id="fl-dd">
         <path>C:\Users\phpng\ti\cc1250\ccs\tools\compiler\ti-cgt-arm_20.2.7.LTS\lib\</path>
         <kind>archive</kind>
         <file>rtsv7M4_T_le_eabi.lib</file>
         <name>copy_decompress_none.c.obj</name>
      </input_file>
      <input_file id="fl-de">
         <path>C:\Users\phpng\ti\cc1250\ccs\tools\compiler\ti-cgt-arm_20.2.7.LTS\lib\</path>
         <kind>archive</kind>
         <file>rtsv7M4_T_le_eabi.lib</file>
         <name>copy_decompress_lzss.c.obj</name>
      </input_file>
      <input_file id="fl-df">
         <path>C:\Users\phpng\ti\cc1250\ccs\tools\compiler\ti-cgt-arm_20.2.7.LTS\lib\</path>
         <kind>archive</kind>
         <file>rtsv7M4_T_le_eabi.lib</file>
         <name>memmov.c.obj</name>
      </input_file>
      <input_file id="fl-e0">
         <path>C:\Users\phpng\ti\cc1250\ccs\tools\compiler\ti-cgt-arm_20.2.7.LTS\lib\</path>
         <kind>archive</kind>
         <file>rtsv7M4_T_le_eabi.lib</file>
         <name>memory.c.obj</name>
      </input_file>
      <input_file id="fl-e1">
         <path>C:\Users\phpng\ti\cc1250\ccs\tools\compiler\ti-cgt-arm_20.2.7.LTS\lib\</path>
         <kind>archive</kind>
         <file>rtsv7M4_T_le_eabi.lib</file>
         <name>strcpy.c.obj</name>
      </input_file>
      <input_file id="fl-e2">
         <path>C:\Users\phpng\ti\cc1250\ccs\tools\compiler\ti-cgt-arm_20.2.7.LTS\lib\</path>
         <kind>archive</kind>
         <file>rtsv7M4_T_le_eabi.lib</file>
         <name>strlen.c.obj</name>
      </input_file>
      <input_file id="fl-e3">
         <path>C:\Users\phpng\ti\cc1250\ccs\tools\compiler\ti-cgt-arm_20.2.7.LTS\lib\</path>
         <kind>archive</kind>
         <file>rtsv7M4_T_le_eabi.lib</file>
         <name>boot_cortex_m.c.obj</name>
      </input_file>
      <input_file id="fl-e4">
         <path>C:\Users\phpng\ti\cc1250\ccs\tools\compiler\ti-cgt-arm_20.2.7.LTS\lib\</path>
         <kind>archive</kind>
         <file>rtsv7M4_T_le_eabi.lib</file>
         <name>_printfi.c.obj</name>
      </input_file>
      <input_file id="fl-e5">
         <path>C:\Users\phpng\ti\cc1250\ccs\tools\compiler\ti-cgt-arm_20.2.7.LTS\lib\</path>
         <kind>archive</kind>
         <file>rtsv7M4_T_le_eabi.lib</file>
         <name>div0.asm.obj</name>
      </input_file>
      <input_file id="fl-e6">
         <path>C:\Users\phpng\ti\cc1250\ccs\tools\compiler\ti-cgt-arm_20.2.7.LTS\lib\</path>
         <kind>archive</kind>
         <file>rtsv7M4_T_le_eabi.lib</file>
         <name>fd_add_t2.asm.obj</name>
      </input_file>
      <input_file id="fl-e7">
         <path>C:\Users\phpng\ti\cc1250\ccs\tools\compiler\ti-cgt-arm_20.2.7.LTS\lib\</path>
         <kind>archive</kind>
         <file>rtsv7M4_T_le_eabi.lib</file>
         <name>fd_cmp_t2.asm.obj</name>
      </input_file>
      <input_file id="fl-e8">
         <path>C:\Users\phpng\ti\cc1250\ccs\tools\compiler\ti-cgt-arm_20.2.7.LTS\lib\</path>
         <kind>archive</kind>
         <file>rtsv7M4_T_le_eabi.lib</file>
         <name>fd_div_t2.asm.obj</name>
      </input_file>
      <input_file id="fl-e9">
         <path>C:\Users\phpng\ti\cc1250\ccs\tools\compiler\ti-cgt-arm_20.2.7.LTS\lib\</path>
         <kind>archive</kind>
         <file>rtsv7M4_T_le_eabi.lib</file>
         <name>fd_mul_t2.asm.obj</name>
      </input_file>
      <input_file id="fl-ea">
         <path>C:\Users\phpng\ti\cc1250\ccs\tools\compiler\ti-cgt-arm_20.2.7.LTS\lib\</path>
         <kind>archive</kind>
         <file>rtsv7M4_T_le_eabi.lib</file>
         <name>fd_toi_t2.asm.obj</name>
      </input_file>
      <input_file id="fl-eb">
         <path>C:\Users\phpng\ti\cc1250\ccs\tools\compiler\ti-cgt-arm_20.2.7.LTS\lib\</path>
         <kind>archive</kind>
         <file>rtsv7M4_T_le_eabi.lib</file>
         <name>i_tofd_t2.asm.obj</name>
      </input_file>
      <input_file id="fl-ec">
         <path>C:\Users\phpng\ti\cc1250\ccs\tools\compiler\ti-cgt-arm_20.2.7.LTS\lib\</path>
         <kind>archive</kind>
         <file>rtsv7M4_T_le_eabi.lib</file>
         <name>autoinit.c.obj</name>
      </input_file>
      <input_file id="fl-ed">
         <path>C:\Users\phpng\ti\cc1250\ccs\tools\compiler\ti-cgt-arm_20.2.7.LTS\lib\</path>
         <kind>archive</kind>
         <file>rtsv7M4_T_le_eabi.lib</file>
         <name>pre_init.c.obj</name>
      </input_file>
      <input_file id="fl-ee">
         <path>C:\Users\phpng\ti\cc1250\ccs\tools\compiler\ti-cgt-arm_20.2.7.LTS\lib\</path>
         <kind>archive</kind>
         <file>rtsv7M4_T_le_eabi.lib</file>
         <name>cpy_tbl.c.obj</name>
      </input_file>
      <input_file id="fl-ef">
         <path>C:\Users\phpng\ti\cc1250\ccs\tools\compiler\ti-cgt-arm_20.2.7.LTS\lib\</path>
         <kind>archive</kind>
         <file>rtsv7M4_T_le_eabi.lib</file>
         <name>exit.c.obj</name>
      </input_file>
      <input_file id="fl-f0">
         <path>C:\Users\phpng\ti\cc1250\ccs\tools\compiler\ti-cgt-arm_20.2.7.LTS\lib\</path>
         <kind>archive</kind>
         <file>rtsv7M4_T_le_eabi.lib</file>
         <name>_lock.c.obj</name>
      </input_file>
      <input_file id="fl-f1">
         <path>C:\Users\phpng\ti\cc1250\ccs\tools\compiler\ti-cgt-arm_20.2.7.LTS\lib\</path>
         <kind>archive</kind>
         <file>rtsv7M4_T_le_eabi.lib</file>
         <name>_ltoa.c.obj</name>
      </input_file>
      <input_file id="fl-f2">
         <path>C:\Users\phpng\ti\cc1250\ccs\tools\compiler\ti-cgt-arm_20.2.7.LTS\lib\</path>
         <kind>archive</kind>
         <file>rtsv7M4_T_le_eabi.lib</file>
         <name>args_main.c.obj</name>
      </input_file>
      <input_file id="fl-f3">
         <path>C:\Users\phpng\ti\cc1250\ccs\tools\compiler\ti-cgt-arm_20.2.7.LTS\lib\</path>
         <kind>archive</kind>
         <file>rtsv7M4_T_le_eabi.lib</file>
         <name>atoi.c.obj</name>
      </input_file>
      <input_file id="fl-f4">
         <path>C:\Users\phpng\ti\cc1250\ccs\tools\compiler\ti-cgt-arm_20.2.7.LTS\lib\</path>
         <kind>archive</kind>
         <file>rtsv7M4_T_le_eabi.lib</file>
         <name>ctype.c.obj</name>
      </input_file>
      <input_file id="fl-f5">
         <path>C:\Users\phpng\ti\cc1250\ccs\tools\compiler\ti-cgt-arm_20.2.7.LTS\lib\</path>
         <kind>archive</kind>
         <file>rtsv7M4_T_le_eabi.lib</file>
         <name>memccpy.c.obj</name>
      </input_file>
      <input_file id="fl-f6">
         <path>C:\Users\phpng\ti\cc1250\ccs\tools\compiler\ti-cgt-arm_20.2.7.LTS\lib\</path>
         <kind>archive</kind>
         <file>rtsv7M4_T_le_eabi.lib</file>
         <name>strchr.c.obj</name>
      </input_file>
      <input_file id="fl-f7">
         <path>C:\Users\phpng\ti\cc1250\ccs\tools\compiler\ti-cgt-arm_20.2.7.LTS\lib\</path>
         <kind>archive</kind>
         <file>rtsv7M4_T_le_eabi.lib</file>
         <name>errno.c.obj</name>
      </input_file>
      <input_file id="fl-f8">
         <path>C:\Users\phpng\ti\cc1250\ccs\tools\compiler\ti-cgt-arm_20.2.7.LTS\lib\</path>
         <kind>archive</kind>
         <file>rtsv7M4_T_le_eabi.lib</file>
         <name>wcslen.c.obj</name>
      </input_file>
      <input_file id="fl-f9">
         <path>C:\Users\phpng\ti\cc1250\ccs\tools\compiler\ti-cgt-arm_20.2.7.LTS\lib\</path>
         <kind>archive</kind>
         <file>rtsv7M4_T_le_eabi.lib</file>
         <name>s_frexp.c.obj</name>
      </input_file>
      <input_file id="fl-fa">
         <path>C:\Users\phpng\ti\cc1250\ccs\tools\compiler\ti-cgt-arm_20.2.7.LTS\lib\</path>
         <kind>archive</kind>
         <file>rtsv7M4_T_le_eabi.lib</file>
         <name>s_scalbn.c.obj</name>
      </input_file>
      <input_file id="fl-fb">
         <path>C:\Users\phpng\ti\cc1250\ccs\tools\compiler\ti-cgt-arm_20.2.7.LTS\lib\</path>
         <kind>archive</kind>
         <file>rtsv7M4_T_le_eabi.lib</file>
         <name>s_copysign.c.obj</name>
      </input_file>
   </input_file_list>
   <object_component_list>
      <object_component id="oc-12">
         <name>.intvecs</name>
         <load_address>0x20004000</load_address>
         <run_address>0x20004000</run_address>
         <size>0x400</size>
         <input_file_ref idref="fl-6"/>
      </object_component>
      <object_component id="oc-ef">
         <name>.text</name>
         <load_address>0x20004400</load_address>
         <run_address>0x20004400</run_address>
         <size>0xecc</size>
         <input_file_ref idref="fl-8"/>
      </object_component>
      <object_component id="oc-311">
         <name>.text:__TI_printfi</name>
         <load_address>0x200052cc</load_address>
         <run_address>0x200052cc</run_address>
         <size>0xa4e</size>
         <input_file_ref idref="fl-e4"/>
      </object_component>
      <object_component id="oc-6d1">
         <name>.text:IntDefaultHandler</name>
         <load_address>0x20005d1a</load_address>
         <run_address>0x20005d1a</run_address>
         <size>0x2</size>
         <input_file_ref idref="fl-18"/>
      </object_component>
      <object_component id="oc-97">
         <name>.text</name>
         <load_address>0x20005d1c</load_address>
         <run_address>0x20005d1c</run_address>
         <size>0x5cc</size>
         <input_file_ref idref="fl-3"/>
      </object_component>
      <object_component id="oc-615">
         <name>.text:_SlDrvMsgRead</name>
         <load_address>0x200062e8</load_address>
         <run_address>0x200062e8</run_address>
         <size>0x590</size>
         <input_file_ref idref="fl-10"/>
      </object_component>
      <object_component id="oc-11f">
         <name>.text</name>
         <load_address>0x20006878</load_address>
         <run_address>0x20006878</run_address>
         <size>0x398</size>
         <input_file_ref idref="fl-2"/>
      </object_component>
      <object_component id="oc-275">
         <name>.text:sl_WlanConnect</name>
         <load_address>0x20006c10</load_address>
         <run_address>0x20006c10</run_address>
         <size>0x280</size>
         <input_file_ref idref="fl-15"/>
      </object_component>
      <object_component id="oc-e3">
         <name>.text</name>
         <load_address>0x20006e90</load_address>
         <run_address>0x20006e90</run_address>
         <size>0x27c</size>
         <input_file_ref idref="fl-7"/>
      </object_component>
      <object_component id="oc-583">
         <name>.text:_pconv_a</name>
         <load_address>0x2000710c</load_address>
         <run_address>0x2000710c</run_address>
         <size>0x268</size>
         <input_file_ref idref="fl-e4"/>
      </object_component>
      <object_component id="oc-79f">
         <name>.text:_SlDrvRxHdrRead</name>
         <load_address>0x20007374</load_address>
         <run_address>0x20007374</run_address>
         <size>0x248</size>
         <input_file_ref idref="fl-10"/>
      </object_component>
      <object_component id="oc-375">
         <name>.text:_SlDrvDataReadOp</name>
         <load_address>0x200075bc</load_address>
         <run_address>0x200075bc</run_address>
         <size>0x1e4</size>
         <input_file_ref idref="fl-10"/>
      </object_component>
      <object_component id="oc-2c5">
         <name>.text:_SlDrvReleasePoolObj</name>
         <load_address>0x200077a0</load_address>
         <run_address>0x200077a0</run_address>
         <size>0x1d0</size>
         <input_file_ref idref="fl-10"/>
      </object_component>
      <object_component id="oc-571">
         <name>.text:_pconv_g</name>
         <load_address>0x20007970</load_address>
         <run_address>0x20007970</run_address>
         <size>0x1cc</size>
         <input_file_ref idref="fl-e4"/>
      </object_component>
      <object_component id="oc-71f">
         <name>.text</name>
         <load_address>0x20007b3c</load_address>
         <run_address>0x20007b3c</run_address>
         <size>0x1b6</size>
         <input_file_ref idref="fl-e6"/>
      </object_component>
      <object_component id="oc-5de">
         <name>.text:_nop</name>
         <load_address>0x20007cf2</load_address>
         <run_address>0x20007cf2</run_address>
         <size>0x2</size>
         <input_file_ref idref="fl-f0"/>
      </object_component>
      <object_component id="oc-452">
         <name>.text:_SlDrvDriverCBInit</name>
         <load_address>0x20007cf4</load_address>
         <run_address>0x20007cf4</run_address>
         <size>0x1b4</size>
         <input_file_ref idref="fl-10"/>
      </object_component>
      <object_component id="oc-3c7">
         <name>.text:_SlDrvMsgWrite</name>
         <load_address>0x20007ea8</load_address>
         <run_address>0x20007ea8</run_address>
         <size>0x19c</size>
         <input_file_ref idref="fl-10"/>
      </object_component>
      <object_component id="oc-4b7">
         <name>.text:_SlDrvWaitForPoolObj</name>
         <load_address>0x20008044</load_address>
         <run_address>0x20008044</run_address>
         <size>0x190</size>
         <input_file_ref idref="fl-10"/>
      </object_component>
      <object_component id="oc-29e">
         <name>.text:sl_Connect</name>
         <load_address>0x200081d4</load_address>
         <run_address>0x200081d4</run_address>
         <size>0x18c</size>
         <input_file_ref idref="fl-14"/>
      </object_component>
      <object_component id="oc-d7">
         <name>.text:PRCMCC3200MCUInit</name>
         <load_address>0x20008360</load_address>
         <run_address>0x20008360</run_address>
         <size>0x178</size>
         <input_file_ref idref="fl-1a"/>
      </object_component>
      <object_component id="oc-7b1">
         <name>.text:_SlFindAndSetActiveObj</name>
         <load_address>0x200084d8</load_address>
         <run_address>0x200084d8</run_address>
         <size>0x170</size>
         <input_file_ref idref="fl-10"/>
      </object_component>
      <object_component id="oc-32b">
         <name>.text:_SlDrvDataWriteOp</name>
         <load_address>0x20008648</load_address>
         <run_address>0x20008648</run_address>
         <size>0x150</size>
         <input_file_ref idref="fl-10"/>
      </object_component>
      <object_component id="oc-458">
         <name>.text:spi_Open</name>
         <load_address>0x20008798</load_address>
         <run_address>0x20008798</run_address>
         <size>0x148</size>
         <input_file_ref idref="fl-16"/>
      </object_component>
      <object_component id="oc-3cd">
         <name>.text:_SlDrvMsgReadCmdCtx</name>
         <load_address>0x200088e0</load_address>
         <run_address>0x200088e0</run_address>
         <size>0x144</size>
         <input_file_ref idref="fl-10"/>
      </object_component>
      <object_component id="oc-280">
         <name>.text:sl_NetAppDnsGetHostByName</name>
         <load_address>0x20008a24</load_address>
         <run_address>0x20008a24</run_address>
         <size>0x144</size>
         <input_file_ref idref="fl-11"/>
      </object_component>
      <object_component id="oc-57d">
         <name>.text:_pconv_e</name>
         <load_address>0x20008b68</load_address>
         <run_address>0x20008b68</run_address>
         <size>0x13c</size>
         <input_file_ref idref="fl-e4"/>
      </object_component>
      <object_component id="oc-705">
         <name>.text</name>
         <load_address>0x20008ca4</load_address>
         <run_address>0x20008ca4</run_address>
         <size>0x136</size>
         <input_file_ref idref="fl-e8"/>
      </object_component>
      <object_component id="oc-803">
         <name>.text</name>
         <load_address>0x20008dda</load_address>
         <run_address>0x20008dda</run_address>
         <size>0x2</size>
         <input_file_ref idref="fl-e5"/>
      </object_component>
      <object_component id="oc-113">
         <name>.text:sl_Send</name>
         <load_address>0x20008ddc</load_address>
         <run_address>0x20008ddc</run_address>
         <size>0x134</size>
         <input_file_ref idref="fl-14"/>
      </object_component>
      <object_component id="oc-2e3">
         <name>.text:_SlDrvDriverCBDeinit</name>
         <load_address>0x20008f10</load_address>
         <run_address>0x20008f10</run_address>
         <size>0x130</size>
         <input_file_ref idref="fl-10"/>
      </object_component>
      <object_component id="oc-731">
         <name>.text:fcvt</name>
         <load_address>0x20009040</load_address>
         <run_address>0x20009040</run_address>
         <size>0x120</size>
         <input_file_ref idref="fl-e4"/>
      </object_component>
      <object_component id="oc-84c">
         <name>.text:_SlDrvNetAppEventHandler</name>
         <load_address>0x20009160</load_address>
         <run_address>0x20009160</run_address>
         <size>0x104</size>
         <input_file_ref idref="fl-11"/>
      </object_component>
      <object_component id="oc-416">
         <name>.text:aligned_alloc</name>
         <load_address>0x20009264</load_address>
         <run_address>0x20009264</run_address>
         <size>0x100</size>
         <input_file_ref idref="fl-e0"/>
      </object_component>
      <object_component id="oc-700">
         <name>.text</name>
         <load_address>0x20009364</load_address>
         <run_address>0x20009364</run_address>
         <size>0xfc</size>
         <input_file_ref idref="fl-e9"/>
      </object_component>
      <object_component id="oc-22c">
         <name>.text:sl_Start</name>
         <load_address>0x20009460</load_address>
         <run_address>0x20009460</run_address>
         <size>0xf0</size>
         <input_file_ref idref="fl-f"/>
      </object_component>
      <object_component id="oc-f5">
         <name>.text:sl_Stop</name>
         <load_address>0x20009550</load_address>
         <run_address>0x20009550</run_address>
         <size>0xf0</size>
         <input_file_ref idref="fl-f"/>
      </object_component>
      <object_component id="oc-7ab">
         <name>.text:spi_Read</name>
         <load_address>0x20009640</load_address>
         <run_address>0x20009640</run_address>
         <size>0xf0</size>
         <input_file_ref idref="fl-16"/>
      </object_component>
      <object_component id="oc-8a2">
         <name>.text:uDMAChannelTransferSet</name>
         <load_address>0x20009730</load_address>
         <run_address>0x20009730</run_address>
         <size>0xf0</size>
         <input_file_ref idref="fl-1e"/>
      </object_component>
      <object_component id="oc-61b">
         <name>.text:_SlAsyncEventGenericHandler</name>
         <load_address>0x20009820</load_address>
         <run_address>0x20009820</run_address>
         <size>0xe8</size>
         <input_file_ref idref="fl-10"/>
      </object_component>
      <object_component id="oc-628">
         <name>.text:_SlDrvMsgReadSpawnCtx</name>
         <load_address>0x20009908</load_address>
         <run_address>0x20009908</run_address>
         <size>0xe8</size>
         <input_file_ref idref="fl-10"/>
      </object_component>
      <object_component id="oc-1fd">
         <name>.text:free</name>
         <load_address>0x200099f0</load_address>
         <run_address>0x200099f0</run_address>
         <size>0xe4</size>
         <input_file_ref idref="fl-e0"/>
      </object_component>
      <object_component id="oc-1f7">
         <name>.text:realloc</name>
         <load_address>0x20009ad4</load_address>
         <run_address>0x20009ad4</run_address>
         <size>0xe4</size>
         <input_file_ref idref="fl-e0"/>
      </object_component>
      <object_component id="oc-4a1">
         <name>.text:sl_NetAppMDNSRegisterUnregisterService</name>
         <load_address>0x20009bb8</load_address>
         <run_address>0x20009bb8</run_address>
         <size>0xe4</size>
         <input_file_ref idref="fl-11"/>
      </object_component>
      <object_component id="oc-7a5">
         <name>.text:_SlDrvClassifyRxMsg</name>
         <load_address>0x20009c9c</load_address>
         <run_address>0x20009c9c</run_address>
         <size>0xdc</size>
         <input_file_ref idref="fl-10"/>
      </object_component>
      <object_component id="oc-745">
         <name>.text:scalbn</name>
         <load_address>0x20009d78</load_address>
         <run_address>0x20009d78</run_address>
         <size>0xd0</size>
         <input_file_ref idref="fl-fa"/>
      </object_component>
      <object_component id="oc-8cd">
         <name>.text:_sl_HandleAsync_DnsGetHostByService</name>
         <load_address>0x20009e48</load_address>
         <run_address>0x20009e48</run_address>
         <size>0xcc</size>
         <input_file_ref idref="fl-11"/>
      </object_component>
      <object_component id="oc-23e">
         <name>.text:sl_DevGet</name>
         <load_address>0x20009f14</load_address>
         <run_address>0x20009f14</run_address>
         <size>0xcc</size>
         <input_file_ref idref="fl-f"/>
      </object_component>
      <object_component id="oc-4fa">
         <name>.text:_SlRemoveFromList</name>
         <load_address>0x20009fe0</load_address>
         <run_address>0x20009fe0</run_address>
         <size>0xc4</size>
         <input_file_ref idref="fl-10"/>
      </object_component>
      <object_component id="oc-1a7">
         <name>.text:_SlDrvCmdOp</name>
         <load_address>0x2000a0a4</load_address>
         <run_address>0x2000a0a4</run_address>
         <size>0xc0</size>
         <input_file_ref idref="fl-10"/>
      </object_component>
      <object_component id="oc-566">
         <name>.text:_ltostr</name>
         <load_address>0x2000a164</load_address>
         <run_address>0x2000a164</run_address>
         <size>0xb1</size>
         <input_file_ref idref="fl-e4"/>
      </object_component>
      <object_component id="oc-4ed">
         <name>.text:_SlNonOsSemGet</name>
         <load_address>0x2000a218</load_address>
         <run_address>0x2000a218</run_address>
         <size>0xb0</size>
         <input_file_ref idref="fl-13"/>
      </object_component>
      <object_component id="oc-507">
         <name>.text:IntDisable</name>
         <load_address>0x2000a2c8</load_address>
         <run_address>0x2000a2c8</run_address>
         <size>0xa8</size>
         <input_file_ref idref="fl-18"/>
      </object_component>
      <object_component id="oc-d1">
         <name>.text:IntEnable</name>
         <load_address>0x2000a370</load_address>
         <run_address>0x2000a370</run_address>
         <size>0xa8</size>
         <input_file_ref idref="fl-18"/>
      </object_component>
      <object_component id="oc-4f3">
         <name>.text:_SlDriverHandleError</name>
         <load_address>0x2000a418</load_address>
         <run_address>0x2000a418</run_address>
         <size>0xa4</size>
         <input_file_ref idref="fl-10"/>
      </object_component>
      <object_component id="oc-64a">
         <name>.text:SPIConfigSetExpClk</name>
         <load_address>0x2000a4bc</load_address>
         <run_address>0x2000a4bc</run_address>
         <size>0xa0</size>
         <input_file_ref idref="fl-1b"/>
      </object_component>
      <object_component id="oc-125">
         <name>.text:sl_Recv</name>
         <load_address>0x2000a55c</load_address>
         <run_address>0x2000a55c</run_address>
         <size>0xa0</size>
         <input_file_ref idref="fl-14"/>
      </object_component>
      <object_component id="oc-3d">
         <name>.text</name>
         <load_address>0x2000a5fc</load_address>
         <run_address>0x2000a5fc</run_address>
         <size>0x9c</size>
         <input_file_ref idref="fl-d9"/>
      </object_component>
      <object_component id="oc-8b3">
         <name>.text:_SlDrvDeviceEventHandler</name>
         <load_address>0x2000a698</load_address>
         <run_address>0x2000a698</run_address>
         <size>0x9a</size>
         <input_file_ref idref="fl-f"/>
      </object_component>
      <object_component id="oc-dd">
         <name>.text:sl_DevSet</name>
         <load_address>0x2000a734</load_address>
         <run_address>0x2000a734</run_address>
         <size>0x98</size>
         <input_file_ref idref="fl-f"/>
      </object_component>
      <object_component id="oc-256">
         <name>.text:sl_NetCfgSet</name>
         <load_address>0x2000a7cc</load_address>
         <run_address>0x2000a7cc</run_address>
         <size>0x98</size>
         <input_file_ref idref="fl-12"/>
      </object_component>
      <object_component id="oc-298">
         <name>.text:sl_SetSockOpt</name>
         <load_address>0x2000a864</load_address>
         <run_address>0x2000a864</run_address>
         <size>0x98</size>
         <input_file_ref idref="fl-14"/>
      </object_component>
      <object_component id="oc-25c">
         <name>.text:sl_WlanSet</name>
         <load_address>0x2000a8fc</load_address>
         <run_address>0x2000a8fc</run_address>
         <size>0x98</size>
         <input_file_ref idref="fl-15"/>
      </object_component>
      <object_component id="oc-60b">
         <name>.text:spi_Write</name>
         <load_address>0x2000a994</load_address>
         <run_address>0x2000a994</run_address>
         <size>0x98</size>
         <input_file_ref idref="fl-16"/>
      </object_component>
      <object_component id="oc-6f9">
         <name>.text</name>
         <load_address>0x2000aa2c</load_address>
         <run_address>0x2000aa2c</run_address>
         <size>0x96</size>
         <input_file_ref idref="fl-db"/>
      </object_component>
      <object_component id="oc-1c7">
         <name>.text:PRCMPeripheralClockGet</name>
         <load_address>0x2000aac4</load_address>
         <run_address>0x2000aac4</run_address>
         <size>0x94</size>
         <input_file_ref idref="fl-1a"/>
      </object_component>
      <object_component id="oc-8c7">
         <name>.text:_sl_HandleAsync_DnsGetHostByName</name>
         <load_address>0x2000ab58</load_address>
         <run_address>0x2000ab58</run_address>
         <size>0x90</size>
         <input_file_ref idref="fl-11"/>
      </object_component>
      <object_component id="oc-852">
         <name>.text:_sl_HandleAsync_PingResponse</name>
         <load_address>0x2000abe8</load_address>
         <run_address>0x2000abe8</run_address>
         <size>0x90</size>
         <input_file_ref idref="fl-11"/>
      </object_component>
      <object_component id="oc-244">
         <name>.text:sl_WlanPolicySet</name>
         <load_address>0x2000ac78</load_address>
         <run_address>0x2000ac78</run_address>
         <size>0x90</size>
         <input_file_ref idref="fl-15"/>
      </object_component>
      <object_component id="oc-859">
         <name>.text:SetupDMAReceive</name>
         <load_address>0x2000ad08</load_address>
         <run_address>0x2000ad08</run_address>
         <size>0x8c</size>
         <input_file_ref idref="fl-16"/>
      </object_component>
      <object_component id="oc-784">
         <name>.text:SetupDMASend</name>
         <load_address>0x2000ad94</load_address>
         <run_address>0x2000ad94</run_address>
         <size>0x8c</size>
         <input_file_ref idref="fl-16"/>
      </object_component>
      <object_component id="oc-6c0">
         <name>.text:_SlDrvIsTimeoutExpired</name>
         <load_address>0x2000ae20</load_address>
         <run_address>0x2000ae20</run_address>
         <size>0x8c</size>
         <input_file_ref idref="fl-10"/>
      </object_component>
      <object_component id="oc-926">
         <name>.text:_sl_HandleAsync_InitComplete</name>
         <load_address>0x2000aeac</load_address>
         <run_address>0x2000aeac</run_address>
         <size>0x8c</size>
         <input_file_ref idref="fl-f"/>
      </object_component>
      <object_component id="oc-292">
         <name>.text:sl_Socket</name>
         <load_address>0x2000af38</load_address>
         <run_address>0x2000af38</run_address>
         <size>0x8c</size>
         <input_file_ref idref="fl-14"/>
      </object_component>
      <object_component id="oc-43b">
         <name>.text:PinConfigSet</name>
         <load_address>0x2000afc4</load_address>
         <run_address>0x2000afc4</run_address>
         <size>0x88</size>
         <input_file_ref idref="fl-19"/>
      </object_component>
      <object_component id="oc-56c">
         <name>.text:__aeabi_cdcmple</name>
         <load_address>0x2000b04c</load_address>
         <run_address>0x2000b04c</run_address>
         <size>0x86</size>
         <input_file_ref idref="fl-e7"/>
      </object_component>
      <object_component id="oc-70a">
         <name>.text:__aeabi_cdrcmple</name>
         <load_address>0x2000b0d2</load_address>
         <run_address>0x2000b0d2</run_address>
         <size>0x86</size>
         <input_file_ref idref="fl-e7"/>
      </object_component>
      <object_component id="oc-44c">
         <name>.text:NwpPowerOnPreamble</name>
         <load_address>0x2000b158</load_address>
         <run_address>0x2000b158</run_address>
         <size>0x84</size>
         <input_file_ref idref="fl-16"/>
      </object_component>
      <object_component id="oc-26b">
         <name>.text:sl_WlanRxFilterSet</name>
         <load_address>0x2000b1dc</load_address>
         <run_address>0x2000b1dc</run_address>
         <size>0x84</size>
         <input_file_ref idref="fl-15"/>
      </object_component>
      <object_component id="oc-33f">
         <name>.text:GPIOIntTypeSet</name>
         <load_address>0x2000b260</load_address>
         <run_address>0x2000b260</run_address>
         <size>0x82</size>
         <input_file_ref idref="fl-17"/>
      </object_component>
      <object_component id="oc-8ef">
         <name>.text:_sl_HandleAsync_Connect</name>
         <load_address>0x2000b2e4</load_address>
         <run_address>0x2000b2e4</run_address>
         <size>0x80</size>
         <input_file_ref idref="fl-14"/>
      </object_component>
      <object_component id="oc-85f">
         <name>.text:spi_Read_CPU</name>
         <load_address>0x2000b364</load_address>
         <run_address>0x2000b364</run_address>
         <size>0x80</size>
         <input_file_ref idref="fl-16"/>
      </object_component>
      <object_component id="oc-796">
         <name>.text:spi_Write_CPU</name>
         <load_address>0x2000b3e4</load_address>
         <run_address>0x2000b3e4</run_address>
         <size>0x80</size>
         <input_file_ref idref="fl-16"/>
      </object_component>
      <object_component id="oc-8b">
         <name>.text</name>
         <load_address>0x2000b464</load_address>
         <run_address>0x2000b464</run_address>
         <size>0x7a</size>
         <input_file_ref idref="fl-da"/>
      </object_component>
      <object_component id="oc-2dd">
         <name>.text:spi_Close</name>
         <load_address>0x2000b4e0</load_address>
         <run_address>0x2000b4e0</run_address>
         <size>0x78</size>
         <input_file_ref idref="fl-16"/>
      </object_component>
      <object_component id="oc-1cd">
         <name>.text:UARTConfigSetExpClk</name>
         <load_address>0x2000b558</load_address>
         <run_address>0x2000b558</run_address>
         <size>0x76</size>
         <input_file_ref idref="fl-1d"/>
      </object_component>
      <object_component id="oc-232">
         <name>.text:_SlNonOsMainLoopTask</name>
         <load_address>0x2000b5d0</load_address>
         <run_address>0x2000b5d0</run_address>
         <size>0x74</size>
         <input_file_ref idref="fl-13"/>
      </object_component>
      <object_component id="oc-423">
         <name>.text:split</name>
         <load_address>0x2000b644</load_address>
         <run_address>0x2000b644</run_address>
         <size>0x70</size>
         <input_file_ref idref="fl-e0"/>
      </object_component>
      <object_component id="oc-72a">
         <name>.text:_mcpy</name>
         <load_address>0x2000b6b4</load_address>
         <run_address>0x2000b6b4</run_address>
         <size>0x6e</size>
         <input_file_ref idref="fl-e4"/>
      </object_component>
      <object_component id="oc-93e">
         <name>.text:_SlDrvCmdSend</name>
         <load_address>0x2000b724</load_address>
         <run_address>0x2000b724</run_address>
         <size>0x6c</size>
         <input_file_ref idref="fl-10"/>
      </object_component>
      <object_component id="oc-8d9">
         <name>.text:_sl_NetAppSendTokenValue</name>
         <load_address>0x2000b790</load_address>
         <run_address>0x2000b790</run_address>
         <size>0x6c</size>
         <input_file_ref idref="fl-11"/>
      </object_component>
      <object_component id="oc-15">
         <name>.text:decompress:lzss:__TI_decompress_lzss</name>
         <load_address>0x2000b7fc</load_address>
         <run_address>0x2000b7fc</run_address>
         <size>0x68</size>
         <input_file_ref idref="fl-de"/>
      </object_component>
      <object_component id="oc-621">
         <name>.text:_SlNonOsSpawn</name>
         <load_address>0x2000b864</load_address>
         <run_address>0x2000b864</run_address>
         <size>0x64</size>
         <input_file_ref idref="fl-13"/>
      </object_component>
      <object_component id="oc-8e9">
         <name>.text:_sl_HandleAsync_Accept</name>
         <load_address>0x2000b8c8</load_address>
         <run_address>0x2000b8c8</run_address>
         <size>0x64</size>
         <input_file_ref idref="fl-14"/>
      </object_component>
      <object_component id="oc-262">
         <name>.text:sl_NetAppMDNSUnRegisterService</name>
         <load_address>0x2000b92c</load_address>
         <run_address>0x2000b92c</run_address>
         <size>0x64</size>
         <input_file_ref idref="fl-11"/>
      </object_component>
      <object_component id="oc-7cd">
         <name>.text:uDMAChannelAttributeDisable</name>
         <load_address>0x2000b990</load_address>
         <run_address>0x2000b990</run_address>
         <size>0x64</size>
         <input_file_ref idref="fl-1e"/>
      </object_component>
      <object_component id="oc-89c">
         <name>.text:uDMAChannelAttributeEnable</name>
         <load_address>0x2000b9f4</load_address>
         <run_address>0x2000b9f4</run_address>
         <size>0x64</size>
         <input_file_ref idref="fl-1e"/>
      </object_component>
      <object_component id="oc-119">
         <name>.text:sl_Close</name>
         <load_address>0x2000ba58</load_address>
         <run_address>0x2000ba58</run_address>
         <size>0x60</size>
         <input_file_ref idref="fl-14"/>
      </object_component>
      <object_component id="oc-24a">
         <name>.text:sl_WlanProfileDel</name>
         <load_address>0x2000bab8</load_address>
         <run_address>0x2000bab8</run_address>
         <size>0x60</size>
         <input_file_ref idref="fl-15"/>
      </object_component>
      <object_component id="oc-238">
         <name>.text:sl_WlanSetMode</name>
         <load_address>0x2000bb18</load_address>
         <run_address>0x2000bb18</run_address>
         <size>0x60</size>
         <input_file_ref idref="fl-15"/>
      </object_component>
      <object_component id="oc-73f">
         <name>.text:frexp</name>
         <load_address>0x2000bb78</load_address>
         <run_address>0x2000bb78</run_address>
         <size>0x5c</size>
         <input_file_ref idref="fl-f9"/>
      </object_component>
      <object_component id="oc-513">
         <name>.text:IntPendClear</name>
         <load_address>0x2000bbd4</load_address>
         <run_address>0x2000bbd4</run_address>
         <size>0x58</size>
         <input_file_ref idref="fl-18"/>
      </object_component>
      <object_component id="oc-194">
         <name>.text:PRCMPeripheralReset</name>
         <load_address>0x2000bc2c</load_address>
         <run_address>0x2000bc2c</run_address>
         <size>0x58</size>
         <input_file_ref idref="fl-1a"/>
      </object_component>
      <object_component id="oc-e9">
         <name>.text</name>
         <load_address>0x2000bc84</load_address>
         <run_address>0x2000bc84</run_address>
         <size>0x58</size>
         <input_file_ref idref="fl-5"/>
      </object_component>
      <object_component id="oc-577">
         <name>.text:_pconv_f</name>
         <load_address>0x2000bcdc</load_address>
         <run_address>0x2000bcdc</run_address>
         <size>0x56</size>
         <input_file_ref idref="fl-e4"/>
      </object_component>
      <object_component id="oc-345">
         <name>.text:IntPrioritySet</name>
         <load_address>0x2000bd34</load_address>
         <run_address>0x2000bd34</run_address>
         <size>0x54</size>
         <input_file_ref idref="fl-18"/>
      </object_component>
      <object_component id="oc-46a">
         <name>.text:_SlDrvRxIrqHandler</name>
         <load_address>0x2000bd88</load_address>
         <run_address>0x2000bd88</run_address>
         <size>0x54</size>
         <input_file_ref idref="fl-10"/>
      </object_component>
      <object_component id="oc-714">
         <name>.text:__TI_ltoa</name>
         <load_address>0x2000bddc</load_address>
         <run_address>0x2000bddc</run_address>
         <size>0x54</size>
         <input_file_ref idref="fl-f1"/>
      </object_component>
      <object_component id="oc-8f5">
         <name>.text:_sl_HandleAsync_Select</name>
         <load_address>0x2000be30</load_address>
         <run_address>0x2000be30</run_address>
         <size>0x54</size>
         <input_file_ref idref="fl-14"/>
      </object_component>
      <object_component id="oc-724">
         <name>.text:_ecpy</name>
         <load_address>0x2000be84</load_address>
         <run_address>0x2000be84</run_address>
         <size>0x52</size>
         <input_file_ref idref="fl-e4"/>
      </object_component>
      <object_component id="oc-8fb">
         <name>.text:_sl_HandleAsync_Stop</name>
         <load_address>0x2000bed8</load_address>
         <run_address>0x2000bed8</run_address>
         <size>0x50</size>
         <input_file_ref idref="fl-f"/>
      </object_component>
      <object_component id="oc-66e">
         <name>.text:SPIIntEnable</name>
         <load_address>0x2000bf28</load_address>
         <run_address>0x2000bf28</run_address>
         <size>0x4c</size>
         <input_file_ref idref="fl-1b"/>
      </object_component>
      <object_component id="oc-6e5">
         <name>.text:SPIIntNumberGet</name>
         <load_address>0x2000bf74</load_address>
         <run_address>0x2000bf74</run_address>
         <size>0x4c</size>
         <input_file_ref idref="fl-1b"/>
      </object_component>
      <object_component id="oc-2b9">
         <name>.text:_SlDrvProtectAsyncRespSetting</name>
         <load_address>0x2000bfc0</load_address>
         <run_address>0x2000bfc0</run_address>
         <size>0x4c</size>
         <input_file_ref idref="fl-10"/>
      </object_component>
      <object_component id="oc-4e2">
         <name>.text:_sl_BuildAddress</name>
         <load_address>0x2000c00c</load_address>
         <run_address>0x2000c00c</run_address>
         <size>0x4c</size>
         <input_file_ref idref="fl-14"/>
      </object_component>
      <object_component id="oc-560">
         <name>.text:atoi</name>
         <load_address>0x2000c058</load_address>
         <run_address>0x2000c058</run_address>
         <size>0x4c</size>
         <input_file_ref idref="fl-f3"/>
      </object_component>
      <object_component id="oc-7c7">
         <name>.text:uDMAChannelAssign</name>
         <load_address>0x2000c0a4</load_address>
         <run_address>0x2000c0a4</run_address>
         <size>0x4c</size>
         <input_file_ref idref="fl-1e"/>
      </object_component>
      <object_component id="oc-5c7">
         <name>.text:GPIOGetIntNumber</name>
         <load_address>0x2000c0f0</load_address>
         <run_address>0x2000c0f0</run_address>
         <size>0x48</size>
         <input_file_ref idref="fl-17"/>
      </object_component>
      <object_component id="oc-7df">
         <name>.text:SPIIntClear</name>
         <load_address>0x2000c138</load_address>
         <run_address>0x2000c138</run_address>
         <size>0x48</size>
         <input_file_ref idref="fl-1b"/>
      </object_component>
      <object_component id="oc-48c">
         <name>.text:_SlDrvBasicCmd</name>
         <load_address>0x2000c180</load_address>
         <run_address>0x2000c180</run_address>
         <size>0x48</size>
         <input_file_ref idref="fl-10"/>
      </object_component>
      <object_component id="oc-70f">
         <name>.text</name>
         <load_address>0x2000c1c8</load_address>
         <run_address>0x2000c1c8</run_address>
         <size>0x48</size>
         <input_file_ref idref="fl-ea"/>
      </object_component>
      <object_component id="oc-7d7">
         <name>.text:SPIDmaMaskGet</name>
         <load_address>0x2000c210</load_address>
         <run_address>0x2000c210</run_address>
         <size>0x44</size>
         <input_file_ref idref="fl-1b"/>
      </object_component>
      <object_component id="oc-905">
         <name>.text:TimerConfigure</name>
         <load_address>0x2000c254</load_address>
         <run_address>0x2000c254</run_address>
         <size>0x44</size>
         <input_file_ref idref="fl-1c"/>
      </object_component>
      <object_component id="oc-937">
         <name>.text:_SlDrvHandleHttpServerEvents</name>
         <load_address>0x2000c298</load_address>
         <run_address>0x2000c298</run_address>
         <size>0x44</size>
         <input_file_ref idref="fl-10"/>
      </object_component>
      <object_component id="oc-2bf">
         <name>.text:_SlDrvSyncObjWaitTimeout</name>
         <load_address>0x2000c2dc</load_address>
         <run_address>0x2000c2dc</run_address>
         <size>0x44</size>
         <input_file_ref idref="fl-10"/>
      </object_component>
      <object_component id="oc-139">
         <name>.text:__TI_auto_init_nobinit_nopinit:__TI_auto_init_nobinit_nopinit</name>
         <load_address>0x2000c320</load_address>
         <run_address>0x2000c320</run_address>
         <size>0x44</size>
         <input_file_ref idref="fl-ec"/>
      </object_component>
      <object_component id="oc-838">
         <name>.text:cc_SetupTransfer</name>
         <load_address>0x2000c364</load_address>
         <run_address>0x2000c364</run_address>
         <size>0x44</size>
         <input_file_ref idref="fl-16"/>
      </object_component>
      <object_component id="oc-28c">
         <name>.text:sl_Htonl</name>
         <load_address>0x2000c3a8</load_address>
         <run_address>0x2000c3a8</run_address>
         <size>0x42</size>
         <input_file_ref idref="fl-14"/>
      </object_component>
      <object_component id="oc-441">
         <name>.text:PinModeSet</name>
         <load_address>0x2000c3ec</load_address>
         <run_address>0x2000c3ec</run_address>
         <size>0x40</size>
         <input_file_ref idref="fl-19"/>
      </object_component>
      <object_component id="oc-8bf">
         <name>.text:_SlDrvHandleNetAppEvents</name>
         <load_address>0x2000c42c</load_address>
         <run_address>0x2000c42c</run_address>
         <size>0x40</size>
         <input_file_ref idref="fl-10"/>
      </object_component>
      <object_component id="oc-8b9">
         <name>.text:_SlDrvHandleWlanEvents</name>
         <load_address>0x2000c46c</load_address>
         <run_address>0x2000c46c</run_address>
         <size>0x40</size>
         <input_file_ref idref="fl-10"/>
      </object_component>
      <object_component id="oc-325">
         <name>.text:_sl_TruncatePayloadByProtocol</name>
         <load_address>0x2000c4ac</load_address>
         <run_address>0x2000c4ac</run_address>
         <size>0x40</size>
         <input_file_ref idref="fl-14"/>
      </object_component>
      <object_component id="oc-10d">
         <name>.text:sprintf</name>
         <load_address>0x2000c4ec</load_address>
         <run_address>0x2000c4ec</run_address>
         <size>0x40</size>
         <input_file_ref idref="fl-d7"/>
      </object_component>
      <object_component id="oc-1d9">
         <name>.text:vsnprintf</name>
         <load_address>0x2000c52c</load_address>
         <run_address>0x2000c52c</run_address>
         <size>0x40</size>
         <input_file_ref idref="fl-d8"/>
      </object_component>
      <object_component id="oc-2cb">
         <name>.text:NwpRegisterInterruptHandler</name>
         <load_address>0x2000c56c</load_address>
         <run_address>0x2000c56c</run_address>
         <size>0x3e</size>
         <input_file_ref idref="fl-16"/>
      </object_component>
      <object_component id="oc-737">
         <name>.text:_fcpy</name>
         <load_address>0x2000c5aa</load_address>
         <run_address>0x2000c5aa</run_address>
         <size>0x3e</size>
         <input_file_ref idref="fl-e4"/>
      </object_component>
      <object_component id="oc-8e0">
         <name>.text:CopyPingResultsToReport</name>
         <load_address>0x2000c5e8</load_address>
         <run_address>0x2000c5e8</run_address>
         <size>0x3c</size>
         <input_file_ref idref="fl-11"/>
      </object_component>
      <object_component id="oc-18e">
         <name>.text:PRCMPeripheralClkEnable</name>
         <load_address>0x2000c624</load_address>
         <run_address>0x2000c624</run_address>
         <size>0x3c</size>
         <input_file_ref idref="fl-1a"/>
      </object_component>
      <object_component id="oc-875">
         <name>.text:simplelink_timerA2_start</name>
         <load_address>0x2000c660</load_address>
         <run_address>0x2000c660</run_address>
         <size>0x3c</size>
         <input_file_ref idref="fl-16"/>
      </object_component>
      <object_component id="oc-286">
         <name>.text:sl_Htons</name>
         <load_address>0x2000c69c</load_address>
         <run_address>0x2000c69c</run_address>
         <size>0x3c</size>
         <input_file_ref idref="fl-14"/>
      </object_component>
      <object_component id="oc-896">
         <name>.text:uDMAChannelControlSet</name>
         <load_address>0x2000c6d8</load_address>
         <run_address>0x2000c6d8</run_address>
         <size>0x3c</size>
         <input_file_ref idref="fl-1e"/>
      </object_component>
      <object_component id="oc-2d7">
         <name>.text:NwpPowerOff</name>
         <load_address>0x2000c714</load_address>
         <run_address>0x2000c714</run_address>
         <size>0x38</size>
         <input_file_ref idref="fl-16"/>
      </object_component>
      <object_component id="oc-250">
         <name>.text:sl_WlanDisconnect</name>
         <load_address>0x2000c74c</load_address>
         <run_address>0x2000c74c</run_address>
         <size>0x38</size>
         <input_file_ref idref="fl-15"/>
      </object_component>
      <object_component id="oc-218">
         <name>.text:GPIODirModeSet</name>
         <load_address>0x2000c784</load_address>
         <run_address>0x2000c784</run_address>
         <size>0x36</size>
         <input_file_ref idref="fl-17"/>
      </object_component>
      <object_component id="oc-45e">
         <name>.text:NwpPowerOn</name>
         <load_address>0x2000c7bc</load_address>
         <run_address>0x2000c7bc</run_address>
         <size>0x34</size>
         <input_file_ref idref="fl-16"/>
      </object_component>
      <object_component id="oc-650">
         <name>.text:PRCMPeripheralStatusGet</name>
         <load_address>0x2000c7f0</load_address>
         <run_address>0x2000c7f0</run_address>
         <size>0x34</size>
         <input_file_ref idref="fl-1a"/>
      </object_component>
      <object_component id="oc-668">
         <name>.text:SPIFIFOLevelSet</name>
         <load_address>0x2000c824</load_address>
         <run_address>0x2000c824</run_address>
         <size>0x34</size>
         <input_file_ref idref="fl-1b"/>
      </object_component>
      <object_component id="oc-212">
         <name>.text:PinTypeGPIO</name>
         <load_address>0x2000c858</load_address>
         <run_address>0x2000c858</run_address>
         <size>0x30</size>
         <input_file_ref idref="fl-19"/>
      </object_component>
      <object_component id="oc-3ec">
         <name>.text:UARTDisable</name>
         <load_address>0x2000c888</load_address>
         <run_address>0x2000c888</run_address>
         <size>0x30</size>
         <input_file_ref idref="fl-1d"/>
      </object_component>
      <object_component id="oc-3fa">
         <name>.text:_outs</name>
         <load_address>0x2000c8b8</load_address>
         <run_address>0x2000c8b8</run_address>
         <size>0x30</size>
         <input_file_ref idref="fl-d8"/>
      </object_component>
      <object_component id="oc-71a">
         <name>.text</name>
         <load_address>0x2000c8e8</load_address>
         <run_address>0x2000c8e8</run_address>
         <size>0x2e</size>
         <input_file_ref idref="fl-eb"/>
      </object_component>
      <object_component id="oc-17c">
         <name>.text:PRCMSysResetCauseGet</name>
         <load_address>0x2000c918</load_address>
         <run_address>0x2000c918</run_address>
         <size>0x2c</size>
         <input_file_ref idref="fl-1a"/>
      </object_component>
      <object_component id="oc-3bb">
         <name>.text:_SlDrvObjGlobalLockWaitForever</name>
         <load_address>0x2000c944</load_address>
         <run_address>0x2000c944</run_address>
         <size>0x2c</size>
         <input_file_ref idref="fl-10"/>
      </object_component>
      <object_component id="oc-4bd">
         <name>.text:_SlDrvProtectionObjLockWaitForever</name>
         <load_address>0x2000c970</load_address>
         <run_address>0x2000c970</run_address>
         <size>0x2c</size>
         <input_file_ref idref="fl-10"/>
      </object_component>
      <object_component id="oc-911">
         <name>.text:TimerLoadSet</name>
         <load_address>0x2000c99c</load_address>
         <run_address>0x2000c99c</run_address>
         <size>0x2a</size>
         <input_file_ref idref="fl-1c"/>
      </object_component>
      <object_component id="oc-90b">
         <name>.text:TimerPrescaleSet</name>
         <load_address>0x2000c9c6</load_address>
         <run_address>0x2000c9c6</run_address>
         <size>0x2a</size>
         <input_file_ref idref="fl-1c"/>
      </object_component>
      <object_component id="oc-19a">
         <name>.text:PRCMPeripheralClkDisable</name>
         <load_address>0x2000c9f0</load_address>
         <run_address>0x2000c9f0</run_address>
         <size>0x28</size>
         <input_file_ref idref="fl-1a"/>
      </object_component>
      <object_component id="oc-3c1">
         <name>.text:_SlDrvGlobalObjUnLock</name>
         <load_address>0x2000ca18</load_address>
         <run_address>0x2000ca18</run_address>
         <size>0x28</size>
         <input_file_ref idref="fl-10"/>
      </object_component>
      <object_component id="oc-4c3">
         <name>.text:_SlDrvProtectionObjUnLock</name>
         <load_address>0x2000ca40</load_address>
         <run_address>0x2000ca40</run_address>
         <size>0x28</size>
         <input_file_ref idref="fl-10"/>
      </object_component>
      <object_component id="oc-4c9">
         <name>.text:_SlDrvSyncObjWaitForever</name>
         <load_address>0x2000ca68</load_address>
         <run_address>0x2000ca68</run_address>
         <size>0x28</size>
         <input_file_ref idref="fl-10"/>
      </object_component>
      <object_component id="oc-42a">
         <name>.text:free_list_insert</name>
         <load_address>0x2000ca90</load_address>
         <run_address>0x2000ca90</run_address>
         <size>0x28</size>
         <input_file_ref idref="fl-e0"/>
      </object_component>
      <object_component id="oc-1eb">
         <name>.text:memmove</name>
         <load_address>0x2000cab8</load_address>
         <run_address>0x2000cab8</run_address>
         <size>0x28</size>
         <input_file_ref idref="fl-df"/>
      </object_component>
      <object_component id="oc-5af">
         <name>.text:_SlDrvObjLockWaitForever</name>
         <load_address>0x2000cae0</load_address>
         <run_address>0x2000cae0</run_address>
         <size>0x26</size>
         <input_file_ref idref="fl-10"/>
      </object_component>
      <object_component id="oc-959">
         <name>.text</name>
         <load_address>0x2000cb06</load_address>
         <run_address>0x2000cb06</run_address>
         <size>0x26</size>
         <input_file_ref idref="fl-4"/>
      </object_component>
      <object_component id="oc-67b">
         <name>.text:DmaSpiSwIntHandler</name>
         <load_address>0x2000cb2c</load_address>
         <run_address>0x2000cb2c</run_address>
         <size>0x24</size>
         <input_file_ref idref="fl-16"/>
      </object_component>
      <object_component id="oc-50d">
         <name>.text:IntUnregister</name>
         <load_address>0x2000cb50</load_address>
         <run_address>0x2000cb50</run_address>
         <size>0x24</size>
         <input_file_ref idref="fl-18"/>
      </object_component>
      <object_component id="oc-3f2">
         <name>.text:UARTEnable</name>
         <load_address>0x2000cb74</load_address>
         <run_address>0x2000cb74</run_address>
         <size>0x24</size>
         <input_file_ref idref="fl-1d"/>
      </object_component>
      <object_component id="oc-5b">
         <name>.text:_c_int00_noargs:_c_int00_noargs</name>
         <load_address>0x2000cb98</load_address>
         <run_address>0x2000cb98</run_address>
         <size>0x24</size>
         <input_file_ref idref="fl-e3"/>
      </object_component>
      <object_component id="oc-548">
         <name>.text:SPIReset</name>
         <load_address>0x2000cbbc</load_address>
         <run_address>0x2000cbbc</run_address>
         <size>0x22</size>
         <input_file_ref idref="fl-1b"/>
      </object_component>
      <object_component id="oc-790">
         <name>.text:SPIWordCountSet</name>
         <load_address>0x2000cbde</load_address>
         <run_address>0x2000cbde</run_address>
         <size>0x22</size>
         <input_file_ref idref="fl-1b"/>
      </object_component>
      <object_component id="oc-35d">
         <name>.text:GPIOPinWrite</name>
         <load_address>0x2000cc00</load_address>
         <run_address>0x2000cc00</run_address>
         <size>0x20</size>
         <input_file_ref idref="fl-17"/>
      </object_component>
      <object_component id="oc-519">
         <name>.text:IntRegister</name>
         <load_address>0x2000cc20</load_address>
         <run_address>0x2000cc20</run_address>
         <size>0x20</size>
         <input_file_ref idref="fl-18"/>
      </object_component>
      <object_component id="oc-2d1">
         <name>.text:NwpPrePowerOffTimout0</name>
         <load_address>0x2000cc40</load_address>
         <run_address>0x2000cc40</run_address>
         <size>0x20</size>
         <input_file_ref idref="fl-16"/>
      </object_component>
      <object_component id="oc-7eb">
         <name>.text:TimerGetCurrentTimestamp</name>
         <load_address>0x2000cc60</load_address>
         <run_address>0x2000cc60</run_address>
         <size>0x20</size>
         <input_file_ref idref="fl-16"/>
      </object_component>
      <object_component id="oc-5b5">
         <name>.text:_SlDrvObjUnLock</name>
         <load_address>0x2000cc80</load_address>
         <run_address>0x2000cc80</run_address>
         <size>0x20</size>
         <input_file_ref idref="fl-10"/>
      </object_component>
      <object_component id="oc-500">
         <name>.text:_SlDrvSyncObjSignal</name>
         <load_address>0x2000cca0</load_address>
         <run_address>0x2000cca0</run_address>
         <size>0x20</size>
         <input_file_ref idref="fl-10"/>
      </object_component>
      <object_component id="oc-34b">
         <name>.text:GPIOIntRegister</name>
         <load_address>0x2000ccc0</load_address>
         <run_address>0x2000ccc0</run_address>
         <size>0x1e</size>
         <input_file_ref idref="fl-17"/>
      </object_component>
      <object_component id="oc-917">
         <name>.text:TimerEnable</name>
         <load_address>0x2000ccde</load_address>
         <run_address>0x2000ccde</run_address>
         <size>0x1e</size>
         <input_file_ref idref="fl-1c"/>
      </object_component>
      <object_component id="oc-1d3">
         <name>.text:UARTCharPut</name>
         <load_address>0x2000ccfc</load_address>
         <run_address>0x2000ccfc</run_address>
         <size>0x1e</size>
         <input_file_ref idref="fl-1d"/>
      </object_component>
      <object_component id="oc-656">
         <name>.text:cc_UDMAChannelSelect</name>
         <load_address>0x2000cd1a</load_address>
         <run_address>0x2000cd1a</run_address>
         <size>0x1e</size>
         <input_file_ref idref="fl-16"/>
      </object_component>
      <object_component id="oc-87b">
         <name>.text:TimerValueGet</name>
         <load_address>0x2000cd38</load_address>
         <run_address>0x2000cd38</run_address>
         <size>0x1c</size>
         <input_file_ref idref="fl-1c"/>
      </object_component>
      <object_component id="oc-1e5">
         <name>.text:UARTCharGetNonBlocking</name>
         <load_address>0x2000cd54</load_address>
         <run_address>0x2000cd54</run_address>
         <size>0x1c</size>
         <input_file_ref idref="fl-1d"/>
      </object_component>
      <object_component id="oc-6ba">
         <name>.text:_SlDrvStartMeasureTimeout</name>
         <load_address>0x2000cd70</load_address>
         <run_address>0x2000cd70</run_address>
         <size>0x1c</size>
         <input_file_ref idref="fl-10"/>
      </object_component>
      <object_component id="oc-49">
         <name>.text:decompress:ZI:__TI_zero_init_nomemset:__TI_zero_init_nomemset</name>
         <load_address>0x2000cd8c</load_address>
         <run_address>0x2000cd8c</run_address>
         <size>0x1c</size>
         <input_file_ref idref="fl-dc"/>
      </object_component>
      <object_component id="oc-41d">
         <name>.text:free_list_remove</name>
         <load_address>0x2000cda8</load_address>
         <run_address>0x2000cda8</run_address>
         <size>0x1c</size>
         <input_file_ref idref="fl-e0"/>
      </object_component>
      <object_component id="oc-589">
         <name>.text:memccpy</name>
         <load_address>0x2000cdc4</load_address>
         <run_address>0x2000cdc4</run_address>
         <size>0x1c</size>
         <input_file_ref idref="fl-f5"/>
      </object_component>
      <object_component id="oc-8a8">
         <name>.text:uDMAChannelEnable</name>
         <load_address>0x2000cde0</load_address>
         <run_address>0x2000cde0</run_address>
         <size>0x1c</size>
         <input_file_ref idref="fl-1e"/>
      </object_component>
      <object_component id="oc-357">
         <name>.text:GPIOIntEnable</name>
         <load_address>0x2000cdfc</load_address>
         <run_address>0x2000cdfc</run_address>
         <size>0x1a</size>
         <input_file_ref idref="fl-17"/>
      </object_component>
      <object_component id="oc-21e">
         <name>.text:PinTypeUART</name>
         <load_address>0x2000ce16</load_address>
         <run_address>0x2000ce16</run_address>
         <size>0x1a</size>
         <input_file_ref idref="fl-19"/>
      </object_component>
      <object_component id="oc-536">
         <name>.text:SPIDmaDisable</name>
         <load_address>0x2000ce30</load_address>
         <run_address>0x2000ce30</run_address>
         <size>0x1a</size>
         <input_file_ref idref="fl-1b"/>
      </object_component>
      <object_component id="oc-662">
         <name>.text:SPIDmaEnable</name>
         <load_address>0x2000ce4a</load_address>
         <run_address>0x2000ce4a</run_address>
         <size>0x1a</size>
         <input_file_ref idref="fl-1b"/>
      </object_component>
      <object_component id="oc-530">
         <name>.text:SPIFIFODisable</name>
         <load_address>0x2000ce64</load_address>
         <run_address>0x2000ce64</run_address>
         <size>0x1a</size>
         <input_file_ref idref="fl-1b"/>
      </object_component>
      <object_component id="oc-65c">
         <name>.text:SPIFIFOEnable</name>
         <load_address>0x2000ce7e</load_address>
         <run_address>0x2000ce7e</run_address>
         <size>0x1a</size>
         <input_file_ref idref="fl-1b"/>
      </object_component>
      <object_component id="oc-52a">
         <name>.text:SPIIntUnregister</name>
         <load_address>0x2000ce98</load_address>
         <run_address>0x2000ce98</run_address>
         <size>0x1a</size>
         <input_file_ref idref="fl-1b"/>
      </object_component>
      <object_component id="oc-369">
         <name>.text:GPIOPinRead</name>
         <load_address>0x2000ceb2</load_address>
         <run_address>0x2000ceb2</run_address>
         <size>0x18</size>
         <input_file_ref idref="fl-17"/>
      </object_component>
      <object_component id="oc-53c">
         <name>.text:SPICSDisable</name>
         <load_address>0x2000ceca</load_address>
         <run_address>0x2000ceca</run_address>
         <size>0x18</size>
         <input_file_ref idref="fl-1b"/>
      </object_component>
      <object_component id="oc-78a">
         <name>.text:SPICSEnable</name>
         <load_address>0x2000cee2</load_address>
         <run_address>0x2000cee2</run_address>
         <size>0x18</size>
         <input_file_ref idref="fl-1b"/>
      </object_component>
      <object_component id="oc-542">
         <name>.text:SPIDisable</name>
         <load_address>0x2000cefa</load_address>
         <run_address>0x2000cefa</run_address>
         <size>0x18</size>
         <input_file_ref idref="fl-1b"/>
      </object_component>
      <object_component id="oc-674">
         <name>.text:SPIEnable</name>
         <load_address>0x2000cf12</load_address>
         <run_address>0x2000cf12</run_address>
         <size>0x18</size>
         <input_file_ref idref="fl-1b"/>
      </object_component>
      <object_component id="oc-1df">
         <name>.text:UARTCharsAvail</name>
         <load_address>0x2000cf2a</load_address>
         <run_address>0x2000cf2a</run_address>
         <size>0x18</size>
         <input_file_ref idref="fl-1d"/>
      </object_component>
      <object_component id="oc-553">
         <name>.text:_SlNonOsSemSet</name>
         <load_address>0x2000cf42</load_address>
         <run_address>0x2000cf42</run_address>
         <size>0x18</size>
         <input_file_ref idref="fl-13"/>
      </object_component>
      <object_component id="oc-400">
         <name>.text:_outc</name>
         <load_address>0x2000cf5a</load_address>
         <run_address>0x2000cf5a</run_address>
         <size>0x18</size>
         <input_file_ref idref="fl-d8"/>
      </object_component>
      <object_component id="oc-317">
         <name>.text:_outs</name>
         <load_address>0x2000cf72</load_address>
         <run_address>0x2000cf72</run_address>
         <size>0x18</size>
         <input_file_ref idref="fl-d7"/>
      </object_component>
      <object_component id="oc-464">
         <name>.text:_sl_GetStartResponseConvert</name>
         <load_address>0x2000cf8c</load_address>
         <run_address>0x2000cf8c</run_address>
         <size>0x18</size>
         <input_file_ref idref="fl-f"/>
      </object_component>
      <object_component id="oc-182">
         <name>.text:PRCMHIBRegRead</name>
         <load_address>0x2000cfa4</load_address>
         <run_address>0x2000cfa4</run_address>
         <size>0x16</size>
         <input_file_ref idref="fl-1a"/>
      </object_component>
      <object_component id="oc-188">
         <name>.text:PRCMHIBRegWrite</name>
         <load_address>0x2000cfba</load_address>
         <run_address>0x2000cfba</run_address>
         <size>0x16</size>
         <input_file_ref idref="fl-1a"/>
      </object_component>
      <object_component id="oc-3b4">
         <name>.text:_SlDrvMemZero</name>
         <load_address>0x2000cfd0</load_address>
         <run_address>0x2000cfd0</run_address>
         <size>0x16</size>
         <input_file_ref idref="fl-10"/>
      </object_component>
      <object_component id="oc-74b">
         <name>.text:strchr</name>
         <load_address>0x2000cfe6</load_address>
         <run_address>0x2000cfe6</run_address>
         <size>0x16</size>
         <input_file_ref idref="fl-f6"/>
      </object_component>
      <object_component id="oc-16c">
         <name>.text:CPUcpsie</name>
         <load_address>0x2000cffc</load_address>
         <run_address>0x2000cffc</run_address>
         <size>0x14</size>
         <input_file_ref idref="fl-20"/>
      </object_component>
      <object_component id="oc-351">
         <name>.text:GPIOIntClear</name>
         <load_address>0x2000d010</load_address>
         <run_address>0x2000d010</run_address>
         <size>0x14</size>
         <input_file_ref idref="fl-17"/>
      </object_component>
      <object_component id="oc-c5">
         <name>.text:IntVTableBaseSet</name>
         <load_address>0x2000d024</load_address>
         <run_address>0x2000d024</run_address>
         <size>0x14</size>
         <input_file_ref idref="fl-18"/>
      </object_component>
      <object_component id="oc-101">
         <name>.text:strcpy</name>
         <load_address>0x2000d038</load_address>
         <run_address>0x2000d038</run_address>
         <size>0x14</size>
         <input_file_ref idref="fl-e1"/>
      </object_component>
      <object_component id="oc-107">
         <name>.text:strlen</name>
         <load_address>0x2000d04c</load_address>
         <run_address>0x2000d04c</run_address>
         <size>0x14</size>
         <input_file_ref idref="fl-e2"/>
      </object_component>
      <object_component id="oc-58f">
         <name>.text:wcslen</name>
         <load_address>0x2000d060</load_address>
         <run_address>0x2000d060</run_address>
         <size>0x12</size>
         <input_file_ref idref="fl-f8"/>
      </object_component>
      <object_component id="oc-8d3">
         <name>.text:_SlDrvDispatchHttpServerEvents</name>
         <load_address>0x2000d072</load_address>
         <run_address>0x2000d072</run_address>
         <size>0x10</size>
         <input_file_ref idref="fl-10"/>
      </object_component>
      <object_component id="oc-1a1">
         <name>.text:_SlDrvResetCmdExt</name>
         <load_address>0x2000d082</load_address>
         <run_address>0x2000d082</run_address>
         <size>0xe</size>
         <input_file_ref idref="fl-10"/>
      </object_component>
      <object_component id="oc-1b">
         <name>.text:decompress:none:__TI_decompress_none</name>
         <load_address>0x2000d090</load_address>
         <run_address>0x2000d090</run_address>
         <size>0xe</size>
         <input_file_ref idref="fl-dd"/>
      </object_component>
      <object_component id="oc-29">
         <name>.text</name>
         <load_address>0x2000d09e</load_address>
         <run_address>0x2000d09e</run_address>
         <size>0xe</size>
         <input_file_ref idref="fl-6"/>
      </object_component>
      <object_component id="oc-523">
         <name>.text:NwpMaskInterrupt</name>
         <load_address>0x2000d0ac</load_address>
         <run_address>0x2000d0ac</run_address>
         <size>0xc</size>
         <input_file_ref idref="fl-16"/>
      </object_component>
      <object_component id="oc-682">
         <name>.text:NwpUnMaskInterrupt</name>
         <load_address>0x2000d0b8</load_address>
         <run_address>0x2000d0b8</run_address>
         <size>0xc</size>
         <input_file_ref idref="fl-16"/>
      </object_component>
      <object_component id="oc-81c">
         <name>.text:copysign</name>
         <load_address>0x2000d0c4</load_address>
         <run_address>0x2000d0c4</run_address>
         <size>0xc</size>
         <input_file_ref idref="fl-fb"/>
      </object_component>
      <object_component id="oc-cb">
         <name>.text:IntMasterEnable</name>
         <load_address>0x2000d0d0</load_address>
         <run_address>0x2000d0d0</run_address>
         <size>0xa</size>
         <input_file_ref idref="fl-18"/>
      </object_component>
      <object_component id="oc-31d">
         <name>.text:_outc</name>
         <load_address>0x2000d0da</load_address>
         <run_address>0x2000d0da</run_address>
         <size>0xa</size>
         <input_file_ref idref="fl-d7"/>
      </object_component>
      <object_component id="oc-595">
         <name>.text:__aeabi_errno_addr</name>
         <load_address>0x2000d0e4</load_address>
         <run_address>0x2000d0e4</run_address>
         <size>0x8</size>
         <input_file_ref idref="fl-f7"/>
      </object_component>
      <object_component id="oc-1f1">
         <name>.text:malloc</name>
         <load_address>0x2000d0ec</load_address>
         <run_address>0x2000d0ec</run_address>
         <size>0x8</size>
         <input_file_ref idref="fl-e0"/>
      </object_component>
      <object_component id="oc-27b">
         <name>.text:UtilsDelay</name>
         <load_address>0x2000d0f4</load_address>
         <run_address>0x2000d0f4</run_address>
         <size>0x6</size>
         <input_file_ref idref="fl-1f"/>
      </object_component>
      <object_component id="oc-91">
         <name>.text:_system_pre_init</name>
         <load_address>0x2000d0fa</load_address>
         <run_address>0x2000d0fa</run_address>
         <size>0x4</size>
         <input_file_ref idref="fl-ed"/>
      </object_component>
      <object_component id="oc-12d">
         <name>.text:abort:abort</name>
         <load_address>0x2000d0fe</load_address>
         <run_address>0x2000d0fe</run_address>
         <size>0x4</size>
         <input_file_ref idref="fl-ef"/>
      </object_component>
      <object_component id="oc-6f4">
         <name>.const:.string:_ctypes_</name>
         <load_address>0x2000d104</load_address>
         <run_address>0x2000d104</run_address>
         <size>0x101</size>
         <input_file_ref idref="fl-f4"/>
      </object_component>
      <object_component id="oc-640">
         <name>.const:g_ulPinToPadMap</name>
         <load_address>0x2000d208</load_address>
         <run_address>0x2000d208</run_address>
         <size>0x100</size>
         <input_file_ref idref="fl-19"/>
      </object_component>
      <object_component id="oc-5c3">
         <name>.const:g_pulRegs</name>
         <load_address>0x2000d308</load_address>
         <run_address>0x2000d308</run_address>
         <size>0xd4</size>
[...]
         <object_component_ref idref="oc-513"/>
      </symbol>
      <symbol id="sm-b86">
         <name>IntPrioritySet</name>
         <value>0x2000bd35</value>
         <object_component_ref idref="oc-345"/>
      </symbol>
      <symbol id="sm-b87">
         <name>IntVTableBaseSet</name>
         <value>0x2000d025</value>
         <object_component_ref idref="oc-c5"/>
      </symbol>
      <symbol id="sm-b88">
         <name>IntEnable</name>
         <value>0x2000a371</value>
         <object_component_ref idref="oc-d1"/>
      </symbol>
      <symbol id="sm-b89">
         <name>IntDisable</name>
         <value>0x2000a2c9</value>
         <object_component_ref idref="oc-507"/>
      </symbol>
      <symbol id="sm-b8a">
         <name>IntRegister</name>
         <value>0x2000cc21</value>
         <object_component_ref idref="oc-519"/>
      </symbol>
      <symbol id="sm-b8b">
         <name>IntUnregister</name>
         <value>0x2000cb51</value>
         <object_component_ref idref="oc-50d"/>
      </symbol>
      <symbol id="sm-b8c">
         <name>IntMasterEnable</name>
         <value>0x2000d0d1</value>
         <object_component_ref idref="oc-cb"/>
      </symbol>
      <symbol id="sm-bc3">
         <name>PinTypeUART</name>
         <value>0x2000ce17</value>
         <object_component_ref idref="oc-21e"/>
      </symbol>
      <symbol id="sm-bc4">
         <name>PinTypeGPIO</name>
         <value>0x2000c859</value>
         <object_component_ref idref="oc-212"/>
      </symbol>
      <symbol id="sm-bc5">
         <name>PinConfigSet</name>
         <value>0x2000afc5</value>
         <object_component_ref idref="oc-43b"/>
      </symbol>
      <symbol id="sm-bc6">
         <name>PinModeSet</name>
         <value>0x2000c3ed</value>
         <object_component_ref idref="oc-441"/>
      </symbol>
      <symbol id="sm-c59">
         <name>PRCMPeripheralReset</name>
         <value>0x2000bc2d</value>
         <object_component_ref idref="oc-194"/>
      </symbol>
      <symbol id="sm-c5a">
         <name>PRCMPeripheralClkEnable</name>
         <value>0x2000c625</value>
         <object_component_ref idref="oc-18e"/>
      </symbol>
      <symbol id="sm-c5b">
         <name>PRCMPeripheralClockGet</name>
         <value>0x2000aac5</value>
         <object_component_ref idref="oc-1c7"/>
      </symbol>
      <symbol id="sm-c5c">
         <name>PRCMCC3200MCUInit</name>
         <value>0x20008361</value>
         <object_component_ref idref="oc-d7"/>
      </symbol>
      <symbol id="sm-c5d">
         <name>PRCMHIBRegWrite</name>
         <value>0x2000cfbb</value>
         <object_component_ref idref="oc-188"/>
      </symbol>
      <symbol id="sm-c5e">
         <name>PRCMSysResetCauseGet</name>
         <value>0x2000c919</value>
         <object_component_ref idref="oc-17c"/>
      </symbol>
      <symbol id="sm-c5f">
         <name>PRCMPeripheralStatusGet</name>
         <value>0x2000c7f1</value>
         <object_component_ref idref="oc-650"/>
      </symbol>
      <symbol id="sm-c60">
         <name>PRCMPeripheralClkDisable</name>
         <value>0x2000c9f1</value>
         <object_component_ref idref="oc-19a"/>
      </symbol>
      <symbol id="sm-c61">
         <name>PRCMHIBRegRead</name>
         <value>0x2000cfa5</value>
         <object_component_ref idref="oc-182"/>
      </symbol>
      <symbol id="sm-d1c">
         <name>SPIFIFODisable</name>
         <value>0x2000ce65</value>
         <object_component_ref idref="oc-530"/>
      </symbol>
      <symbol id="sm-d1d">
         <name>SPICSEnable</name>
         <value>0x2000cee3</value>
         <object_component_ref idref="oc-78a"/>
      </symbol>
      <symbol id="sm-d1e">
         <name>SPIDisable</name>
         <value>0x2000cefb</value>
         <object_component_ref idref="oc-542"/>
      </symbol>
      <symbol id="sm-d1f">
         <name>SPIFIFOEnable</name>
         <value>0x2000ce7f</value>
         <object_component_ref idref="oc-65c"/>
      </symbol>
      <symbol id="sm-d20">
         <name>SPIWordCountSet</name>
         <value>0x2000cbdf</value>
         <object_component_ref idref="oc-790"/>
      </symbol>
      <symbol id="sm-d21">
         <name>SPIEnable</name>
         <value>0x2000cf13</value>
         <object_component_ref idref="oc-674"/>
      </symbol>
      <symbol id="sm-d22">
         <name>SPIDmaEnable</name>
         <value>0x2000ce4b</value>
         <object_component_ref idref="oc-662"/>
      </symbol>
      <symbol id="sm-d23">
         <name>SPIConfigSetExpClk</name>
         <value>0x2000a4bd</value>
         <object_component_ref idref="oc-64a"/>
      </symbol>
      <symbol id="sm-d24">
         <name>SPIIntUnregister</name>
         <value>0x2000ce99</value>
         <object_component_ref idref="oc-52a"/>
      </symbol>
      <symbol id="sm-d25">
         <name>SPIFIFOLevelSet</name>
         <value>0x2000c825</value>
         <object_component_ref idref="oc-668"/>
      </symbol>
      <symbol id="sm-d26">
         <name>SPIDmaDisable</name>
         <value>0x2000ce31</value>
         <object_component_ref idref="oc-536"/>
      </symbol>
      <symbol id="sm-d27">
         <name>SPIReset</name>
         <value>0x2000cbbd</value>
         <object_component_ref idref="oc-548"/>
      </symbol>
      <symbol id="sm-d28">
         <name>SPIIntEnable</name>
         <value>0x2000bf29</value>
         <object_component_ref idref="oc-66e"/>
      </symbol>
      <symbol id="sm-d29">
         <name>SPIIntClear</name>
         <value>0x2000c139</value>
         <object_component_ref idref="oc-7df"/>
      </symbol>
      <symbol id="sm-d2a">
         <name>SPICSDisable</name>
         <value>0x2000cecb</value>
         <object_component_ref idref="oc-53c"/>
      </symbol>
      <symbol id="sm-d5d">
         <name>TimerLoadSet</name>
         <value>0x2000c99d</value>
         <object_component_ref idref="oc-911"/>
      </symbol>
      <symbol id="sm-d5e">
         <name>TimerEnable</name>
         <value>0x2000ccdf</value>
         <object_component_ref idref="oc-917"/>
      </symbol>
      <symbol id="sm-d5f">
         <name>TimerValueGet</name>
         <value>0x2000cd39</value>
         <object_component_ref idref="oc-87b"/>
      </symbol>
      <symbol id="sm-d60">
         <name>TimerPrescaleSet</name>
         <value>0x2000c9c7</value>
         <object_component_ref idref="oc-90b"/>
      </symbol>
      <symbol id="sm-d61">
         <name>TimerConfigure</name>
         <value>0x2000c255</value>
         <object_component_ref idref="oc-905"/>
      </symbol>
      <symbol id="sm-d9d">
         <name>UARTConfigSetExpClk</name>
         <value>0x2000b559</value>
         <object_component_ref idref="oc-1cd"/>
      </symbol>
      <symbol id="sm-d9e">
         <name>UARTDisable</name>
         <value>0x2000c889</value>
         <object_component_ref idref="oc-3ec"/>
      </symbol>
      <symbol id="sm-d9f">
         <name>UARTCharsAvail</name>
         <value>0x2000cf2b</value>
         <object_component_ref idref="oc-1df"/>
      </symbol>
      <symbol id="sm-da0">
         <name>UARTCharGetNonBlocking</name>
         <value>0x2000cd55</value>
         <object_component_ref idref="oc-1e5"/>
      </symbol>
      <symbol id="sm-da1">
         <name>UARTCharPut</name>
         <value>0x2000ccfd</value>
         <object_component_ref idref="oc-1d3"/>
      </symbol>
      <symbol id="sm-da2">
         <name>UARTEnable</name>
         <value>0x2000cb75</value>
         <object_component_ref idref="oc-3f2"/>
      </symbol>
      <symbol id="sm-df9">
         <name>uDMAChannelControlSet</name>
         <value>0x2000c6d9</value>
         <object_component_ref idref="oc-896"/>
      </symbol>
      <symbol id="sm-dfa">
         <name>uDMAChannelAttributeEnable</name>
         <value>0x2000b9f5</value>
         <object_component_ref idref="oc-89c"/>
      </symbol>
      <symbol id="sm-dfb">
         <name>uDMAChannelTransferSet</name>
         <value>0x20009731</value>
         <object_component_ref idref="oc-8a2"/>
      </symbol>
      <symbol id="sm-dfc">
         <name>uDMAChannelAssign</name>
         <value>0x2000c0a5</value>
         <object_component_ref idref="oc-7c7"/>
      </symbol>
      <symbol id="sm-dfd">
         <name>uDMAChannelAttributeDisable</name>
         <value>0x2000b991</value>
         <object_component_ref idref="oc-7cd"/>
      </symbol>
      <symbol id="sm-dfe">
         <name>uDMAChannelEnable</name>
         <value>0x2000cde1</value>
         <object_component_ref idref="oc-8a8"/>
      </symbol>
      <symbol id="sm-e02">
         <name>UtilsDelay</name>
         <value>0x2000d0f5</value>
         <object_component_ref idref="oc-27b"/>
      </symbol>
      <symbol id="sm-e0c">
         <name>CPUcpsie</name>
         <value>0x2000cffd</value>
         <object_component_ref idref="oc-16c"/>
      </symbol>
      <symbol id="sm-e34">
         <name>sprintf</name>
         <value>0x2000c4ed</value>
         <object_component_ref idref="oc-10d"/>
      </symbol>
      <symbol id="sm-e5e">
         <name>vsnprintf</name>
         <value>0x2000c52d</value>
         <object_component_ref idref="oc-1d9"/>
      </symbol>
      <symbol id="sm-e79">
         <name>memcpy</name>
         <value>0x2000a5fd</value>
         <object_component_ref idref="oc-3d"/>
      </symbol>
      <symbol id="sm-e7a">
         <name>__aeabi_memcpy</name>
         <value>0x2000a5fd</value>
         <object_component_ref idref="oc-3d"/>
      </symbol>
      <symbol id="sm-e7b">
         <name>__aeabi_memcpy8</name>
         <value>0x2000a5fd</value>
         <object_component_ref idref="oc-3d"/>
      </symbol>
      <symbol id="sm-e7c">
         <name>__aeabi_memcpy4</name>
         <value>0x2000a5fd</value>
         <object_component_ref idref="oc-3d"/>
      </symbol>
      <symbol id="sm-e8b">
         <name>__aeabi_memset</name>
         <value>0x2000b467</value>
         <object_component_ref idref="oc-8b"/>
      </symbol>
      <symbol id="sm-e8c">
         <name>memset</name>
         <value>0x2000b46d</value>
         <object_component_ref idref="oc-8b"/>
      </symbol>
      <symbol id="sm-e8d">
         <name>__aeabi_memset8</name>
         <value>0x2000b467</value>
         <object_component_ref idref="oc-8b"/>
      </symbol>
      <symbol id="sm-e8e">
         <name>__aeabi_memset4</name>
         <value>0x2000b467</value>
         <object_component_ref idref="oc-8b"/>
      </symbol>
      <symbol id="sm-e8f">
         <name>__aeabi_memclr8</name>
         <value>0x2000b465</value>
         <object_component_ref idref="oc-8b"/>
      </symbol>
      <symbol id="sm-e90">
         <name>__aeabi_memclr4</name>
         <value>0x2000b465</value>
         <object_component_ref idref="oc-8b"/>
      </symbol>
      <symbol id="sm-e91">
         <name>__aeabi_memclr</name>
         <value>0x2000b465</value>
         <object_component_ref idref="oc-8b"/>
      </symbol>
      <symbol id="sm-e9e">
         <name>__aeabi_uldivmod</name>
         <value>0x2000aa2d</value>
         <object_component_ref idref="oc-6f9"/>
      </symbol>
      <symbol id="sm-eb2">
         <name>__TI_zero_init_nomemset</name>
         <value>0x2000cd8d</value>
         <object_component_ref idref="oc-49"/>
      </symbol>
      <symbol id="sm-ec9">
         <name>__TI_decompress_none</name>
         <value>0x2000d091</value>
         <object_component_ref idref="oc-1b"/>
      </symbol>
      <symbol id="sm-eec">
         <name>__TI_decompress_lzss</name>
         <value>0x2000b7fd</value>
         <object_component_ref idref="oc-15"/>
      </symbol>
      <symbol id="sm-efd">
         <name>memmove</name>
         <value>0x2000cab9</value>
         <object_component_ref idref="oc-1eb"/>
      </symbol>
      <symbol id="sm-f9b">
         <name>_sys_memory</name>
         <value>0x20017000</value>
         <object_component_ref idref="oc-23"/>
      </symbol>
      <symbol id="sm-f9c">
         <name>free</name>
         <value>0x200099f1</value>
         <object_component_ref idref="oc-1fd"/>
      </symbol>
      <symbol id="sm-f9d">
         <name>realloc</name>
         <value>0x20009ad5</value>
         <object_component_ref idref="oc-1f7"/>
      </symbol>
      <symbol id="sm-f9e">
         <name>memalign</name>
         <value>0x20009265</value>
         <object_component_ref idref="oc-416"/>
      </symbol>
      <symbol id="sm-f9f">
         <name>malloc</name>
         <value>0x2000d0ed</value>
         <object_component_ref idref="oc-1f1"/>
      </symbol>
      <symbol id="sm-fa0">
         <name>aligned_alloc</name>
         <value>0x20009265</value>
         <object_component_ref idref="oc-416"/>
      </symbol>
      <symbol id="sm-fae">
         <name>strcpy</name>
         <value>0x2000d039</value>
         <object_component_ref idref="oc-101"/>
      </symbol>
      <symbol id="sm-fbc">
         <name>strlen</name>
         <value>0x2000d04d</value>
         <object_component_ref idref="oc-107"/>
      </symbol>
      <symbol id="sm-fce">
         <name>__stack</name>
         <value>0x2002f000</value>
         <object_component_ref idref="oc-26"/>
      </symbol>
      <symbol id="sm-fcf">
         <name>_c_int00_noargs</name>
         <value>0x2000cb99</value>
         <object_component_ref idref="oc-5b"/>
      </symbol>
      <symbol id="sm-1134">
         <name>__TI_printfi</name>
         <value>0x200052cd</value>
         <object_component_ref idref="oc-311"/>
      </symbol>
      <symbol id="sm-113e">
         <name>__aeabi_idiv0</name>
         <value>0x20008ddb</value>
         <object_component_ref idref="oc-803"/>
      </symbol>
      <symbol id="sm-113f">
         <name>__aeabi_ldiv0</name>
         <value>0x20008ddb</value>
         <object_component_ref idref="oc-803"/>
      </symbol>
      <symbol id="sm-1156">
         <name>__aeabi_dsub</name>
         <value>0x20007b3d</value>
         <object_component_ref idref="oc-71f"/>
      </symbol>
      <symbol id="sm-1157">
         <name>__aeabi_dadd</name>
         <value>0x20007b47</value>
         <object_component_ref idref="oc-71f"/>
      </symbol>
      <symbol id="sm-1179">
         <name>__aeabi_cdcmpeq</name>
         <value>0x2000b04d</value>
         <object_component_ref idref="oc-56c"/>
      </symbol>
      <symbol id="sm-117a">
         <name>__aeabi_cdcmple</name>
         <value>0x2000b04d</value>
         <object_component_ref idref="oc-56c"/>
      </symbol>
      <symbol id="sm-117b">
         <name>__aeabi_cdrcmple</name>
         <value>0x2000b0d3</value>
         <object_component_ref idref="oc-70a"/>
      </symbol>
      <symbol id="sm-118f">
         <name>__aeabi_ddiv</name>
         <value>0x20008ca5</value>
         <object_component_ref idref="oc-705"/>
      </symbol>
      <symbol id="sm-119a">
         <name>__aeabi_dmul</name>
         <value>0x20009365</value>
         <object_component_ref idref="oc-700"/>
      </symbol>
      <symbol id="sm-11a4">
         <name>__aeabi_d2iz</name>
         <value>0x2000c1c9</value>
         <object_component_ref idref="oc-70f"/>
      </symbol>
      <symbol id="sm-11ae">
         <name>__aeabi_i2d</name>
         <value>0x2000c8e9</value>
         <object_component_ref idref="oc-71a"/>
      </symbol>
      <symbol id="sm-11d6">
         <name>__TI_auto_init_nobinit_nopinit</name>
         <value>0x2000c321</value>
         <object_component_ref idref="oc-139"/>
      </symbol>
      <symbol id="sm-11e0">
         <name>_system_pre_init</name>
         <value>0x2000d0fb</value>
         <object_component_ref idref="oc-91"/>
      </symbol>
      <symbol id="sm-11ec">
         <name>C$$EXIT</name>
         <value>0x2000d0ff</value>
         <object_component_ref idref="oc-12d"/>
      </symbol>
      <symbol id="sm-11ed">
         <name>abort</name>
         <value>0x2000d0ff</value>
         <object_component_ref idref="oc-12d"/>
      </symbol>
      <symbol id="sm-1202">
         <name>_nop</name>
         <value>0x20007cf3</value>
         <object_component_ref idref="oc-5de"/>
      </symbol>
      <symbol id="sm-1203">
         <name>_lock</name>
         <value>0x2001f2b0</value>
         <object_component_ref idref="oc-38a"/>
      </symbol>
      <symbol id="sm-1204">
         <name>_unlock</name>
         <value>0x2001f2b4</value>
         <object_component_ref idref="oc-38a"/>
      </symbol>
      <symbol id="sm-1213">
         <name>__TI_ltoa</name>
         <value>0x2000bddd</value>
         <object_component_ref idref="oc-714"/>
      </symbol>
      <symbol id="sm-122a">
         <name>atoi</name>
         <value>0x2000c059</value>
         <object_component_ref idref="oc-560"/>
      </symbol>
      <symbol id="sm-1235">
         <name>_ctypes_</name>
         <value>0x2000d104</value>
         <object_component_ref idref="oc-6f4"/>
      </symbol>
      <symbol id="sm-1245">
         <name>memccpy</name>
         <value>0x2000cdc5</value>
         <object_component_ref idref="oc-589"/>
      </symbol>
      <symbol id="sm-1255">
         <name>strchr</name>
         <value>0x2000cfe7</value>
         <object_component_ref idref="oc-74b"/>
      </symbol>
      <symbol id="sm-126b">
         <name>__aeabi_errno_addr</name>
         <value>0x2000d0e5</value>
         <object_component_ref idref="oc-595"/>
      </symbol>
      <symbol id="sm-126c">
         <name>errno</name>
         <value>0x2001f2c0</value>
         <object_component_ref idref="oc-75b"/>
      </symbol>
      <symbol id="sm-1285">
         <name>wcslen</name>
         <value>0x2000d061</value>
         <object_component_ref idref="oc-58f"/>
      </symbol>
      <symbol id="sm-12a5">
         <name>frexpl</name>
         <value>0x2000bb79</value>
         <object_component_ref idref="oc-73f"/>
      </symbol>
      <symbol id="sm-12a6">
         <name>frexp</name>
         <value>0x2000bb79</value>
         <object_component_ref idref="oc-73f"/>
      </symbol>
      <symbol id="sm-12c4">
         <name>scalbn</name>
         <value>0x20009d79</value>
         <object_component_ref idref="oc-745"/>
      </symbol>
      <symbol id="sm-12c5">
         <name>scalbnl</name>
         <value>0x20009d79</value>
         <object_component_ref idref="oc-745"/>
      </symbol>
      <symbol id="sm-12c6">
         <name>ldexpl</name>
         <value>0x20009d79</value>
         <object_component_ref idref="oc-745"/>
      </symbol>
      <symbol id="sm-12c7">
         <name>ldexp</name>
         <value>0x20009d79</value>
         <object_component_ref idref="oc-745"/>
      </symbol>
      <symbol id="sm-12d1">
         <name>copysign</name>
         <value>0x2000d0c5</value>
         <object_component_ref idref="oc-81c"/>
      </symbol>
      <symbol id="sm-12d2">
         <name>copysignl</name>
         <value>0x2000d0c5</value>
         <object_component_ref idref="oc-81c"/>
      </symbol>
      <symbol id="sm-12d3">
         <name>__TI_static_base__</name>
         <value>0x2000d6d0</value>
      </symbol>
      <symbol id="sm-12d6">
         <name>__mpu_init</name>
         <value>0x0</value>
      </symbol>
      <symbol id="sm-12d7">
         <name>_system_post_cinit</name>
         <value>0x0</value>
      </symbol>
   </symbol_table>
   <title>Link successful</title>
</link_info>
