******************************************************************************
                  TI ARM Linker PC v20.2.7                     
******************************************************************************
>> Linked Wed Jun  5 11:47:14 2024

OUTPUT FILE NAME:   <final_projectwuart.out>
ENTRY POINT SYMBOL: "_c_int00_noargs"  address: 20010591


MEMORY CONFIGURATION

         name            origin    length      used     unused   attr    fill
----------------------  --------  ---------  --------  --------  ----  --------
  SRAM_CODE             20004000   00013000  0000d9b6  0000564a  RW X
  SRAM_DATA             20017000   00019000  000097ee  0000f812  RW X


SEGMENT ALLOCATION MAP

run origin  load origin   length   init length attrs members
----------  ----------- ---------- ----------- ----- -------
20004000    20004000    0000d9b8   0000d9b8    r-x
  20004000    20004000    00000400   00000400    r-- .intvecs
  20004400    20004400    0000c996   0000c996    r-x .text
  20010d98    20010d98    00000b28   00000b28    r-- .const
  200118c0    200118c0    000000f8   000000f8    r-- .cinit
20017000    20017000    000087f0   00000000    rw-
  20017000    20017000    00008000   00000000    rw- .sysmem
  2001f000    2001f000    000005d6   00000000    rw- .bss
  2001f5d8    2001f5d8    00000218   00000000    rw- .data
2002f000    2002f000    00001000   00000000    rw-
  2002f000    2002f000    00001000   00000000    rw- .stack


SECTION ALLOCATION MAP

 output                                  attributes/
section   page    origin      length       input sections
--------  ----  ----------  ----------   ----------------
.intvecs   0    20004000    00000400     
                  20004000    00000400     startup_ccs.obj (.intvecs)

.init_array 
*          0    20004000    00000000     UNINITIALIZED

.text      0    20004400    0000c996     
                  20004400    00002160     main.obj (.text)
                  20006560    00000ec0     network_utils.obj (.text)
                  20007420    00000a80     Adafruit_GFX.obj (.text)
                  20007ea0    00000a4e     rtsv7M4_T_le_eabi.lib : _printfi.c.obj (.text:__TI_printfi)
                  200088ee    00000002     driverlib.a : interrupt.obj (.text:IntDefaultHandler)
                  200088f0    00000590     simplelink.a : driver.obj (.text:_SlDrvMsgRead)
                  20008e80    000004a6     Adafruit_OLED.obj (.text)
                  20009326    00000002     rtsv7M4_T_le_eabi.lib : _lock.c.obj (.text:_nop)
                  20009328    00000398     gpio_if.obj (.text)
                  200096c0    000002a0     rtsv7M4_T_le_eabi.lib : mktime.c.obj (.text:__mktime32)
                  20009960    000002a0     i2c_if.obj (.text)
                  20009c00    00000280     simplelink.a : wlan.obj (.text:sl_WlanConnect)
                  20009e80    0000027c     uart_if.obj (.text)
                  2000a0fc    00000268     rtsv7M4_T_le_eabi.lib : _printfi.c.obj (.text:_pconv_a)
                  2000a364    00000248     simplelink.a : driver.obj (.text:_SlDrvRxHdrRead)
                  2000a5ac    000001e4                  : driver.obj (.text:_SlDrvDataReadOp)
                  2000a790    000001d0                  : driver.obj (.text:_SlDrvReleasePoolObj)
                  2000a960    000001cc     rtsv7M4_T_le_eabi.lib : _printfi.c.obj (.text:_pconv_g)
                  2000ab2c    000001b6                           : fd_add_t2.asm.obj (.text)
                  2000ace2    00000002                           : div0.asm.obj (.text)
                  2000ace4    000001b4     simplelink.a : driver.obj (.text:_SlDrvDriverCBInit)
                  2000ae98    0000019c                  : driver.obj (.text:_SlDrvMsgWrite)
                  2000b034    00000198     timer_if.obj (.text)
                  2000b1cc    00000190     simplelink.a : driver.obj (.text:_SlDrvWaitForPoolObj)
                  2000b35c    0000018c                  : socket.obj (.text:sl_Connect)
                  2000b4e8    00000188     pin_mux_config.obj (.text)
                  2000b670    00000178     driverlib.a : prcm.obj (.text:PRCMCC3200MCUInit)
                  2000b7e8    00000170     simplelink.a : driver.obj (.text:_SlFindAndSetActiveObj)
                  2000b958    00000150                  : driver.obj (.text:_SlDrvDataWriteOp)
                  2000baa8    00000148                  : cc_pal.obj (.text:spi_Open)
                  2000bbf0    00000144                  : driver.obj (.text:_SlDrvMsgReadCmdCtx)
                  2000bd34    00000144                  : netapp.obj (.text:sl_NetAppDnsGetHostByName)
                  2000be78    00000144                  : socket.obj (.text:sl_SendTo)
                  2000bfbc    0000013c     rtsv7M4_T_le_eabi.lib : _printfi.c.obj (.text:_pconv_e)
                  2000c0f8    0000013c     simplelink.a : socket.obj (.text:sl_RecvFrom)
                  2000c234    00000136     rtsv7M4_T_le_eabi.lib : fd_div_t2.asm.obj (.text)
                  2000c36a    00000002     --HOLE-- [fill = 0]
                  2000c36c    00000134                           : localtim.c.obj (.text:__localtime32)
                  2000c4a0    00000134     simplelink.a : socket.obj (.text:sl_Send)
                  2000c5d4    00000130                  : driver.obj (.text:_SlDrvDriverCBDeinit)
                  2000c704    00000120     rtsv7M4_T_le_eabi.lib : _printfi.c.obj (.text:fcvt)
                  2000c824    00000104     simplelink.a : netapp.obj (.text:_SlDrvNetAppEventHandler)
                  2000c928    00000100     rtsv7M4_T_le_eabi.lib : memory.c.obj (.text:aligned_alloc)
                  2000ca28    000000fc                           : fd_mul_t2.asm.obj (.text)
                  2000cb24    000000f0     simplelink.a : device.obj (.text:sl_Start)
                  2000cc14    000000f0                  : device.obj (.text:sl_Stop)
                  2000cd04    000000f0                  : cc_pal.obj (.text:spi_Read)
                  2000cdf4    000000f0     driverlib.a : udma.obj (.text:uDMAChannelTransferSet)
                  2000cee4    000000e8     simplelink.a : driver.obj (.text:_SlAsyncEventGenericHandler)
                  2000cfcc    000000e8                  : driver.obj (.text:_SlDrvMsgReadSpawnCtx)
                  2000d0b4    000000e4     rtsv7M4_T_le_eabi.lib : memory.c.obj (.text:free)
                  2000d198    000000e4                           : memory.c.obj (.text:realloc)
                  2000d27c    000000e4     simplelink.a : netapp.obj (.text:sl_NetAppMDNSRegisterUnregisterService)
                  2000d360    000000dc                  : driver.obj (.text:_SlDrvClassifyRxMsg)
                  2000d43c    000000d0     rtsv7M4_T_le_eabi.lib : s_scalbn.c.obj (.text:scalbn)
                  2000d50c    000000cc     simplelink.a : netapp.obj (.text:_sl_HandleAsync_DnsGetHostByService)
                  2000d5d8    000000cc                  : device.obj (.text:sl_DevGet)
                  2000d6a4    000000c4                  : driver.obj (.text:_SlRemoveFromList)
                  2000d768    000000c0                  : driver.obj (.text:_SlDrvCmdOp)
                  2000d828    000000b1     rtsv7M4_T_le_eabi.lib : _printfi.c.obj (.text:_ltostr)
                  2000d8d9    00000003     --HOLE-- [fill = 0]
                  2000d8dc    000000b0     simplelink.a : nonos.obj (.text:_SlNonOsSemGet)
                  2000d98c    000000a8     driverlib.a : interrupt.obj (.text:IntDisable)
                  2000da34    000000a8                 : interrupt.obj (.text:IntEnable)
                  2000dadc    000000a4     simplelink.a : driver.obj (.text:_SlDriverHandleError)
                  2000db80    000000a0     driverlib.a : spi.obj (.text:SPIConfigSetExpClk)
                  2000dc20    000000a0     simplelink.a : socket.obj (.text:sl_Recv)
                  2000dcc0    0000009c     rtsv7M4_T_le_eabi.lib : memcpy_t2.asm.obj (.text)
                  2000dd5c    0000009a     simplelink.a : device.obj (.text:_SlDrvDeviceEventHandler)
                  2000ddf6    00000002     --HOLE-- [fill = 0]
                  2000ddf8    00000098                  : device.obj (.text:sl_DevSet)
                  2000de90    00000098                  : netcfg.obj (.text:sl_NetCfgSet)
                  2000df28    00000098                  : socket.obj (.text:sl_SetSockOpt)
                  2000dfc0    00000098                  : wlan.obj (.text:sl_WlanSet)
                  2000e058    00000098                  : cc_pal.obj (.text:spi_Write)
                  2000e0f0    00000096     rtsv7M4_T_le_eabi.lib : ull_div_t2.asm.obj (.text)
                  2000e186    00000002     --HOLE-- [fill = 0]
                  2000e188    00000094     driverlib.a : prcm.obj (.text:PRCMPeripheralClockGet)
                  2000e21c    00000090     simplelink.a : netapp.obj (.text:_sl_HandleAsync_DnsGetHostByName)
                  2000e2ac    00000090                  : netapp.obj (.text:_sl_HandleAsync_PingResponse)
                  2000e33c    00000090                  : wlan.obj (.text:sl_WlanPolicySet)
                  2000e3cc    0000008c                  : cc_pal.obj (.text:SetupDMAReceive)
                  2000e458    0000008c                  : cc_pal.obj (.text:SetupDMASend)
                  2000e4e4    0000008c                  : driver.obj (.text:_SlDrvIsTimeoutExpired)
                  2000e570    0000008c                  : device.obj (.text:_sl_HandleAsync_InitComplete)
                  2000e5fc    0000008c                  : socket.obj (.text:sl_Socket)
                  2000e688    00000088     driverlib.a : pin.obj (.text:PinConfigSet)
                  2000e710    00000086     rtsv7M4_T_le_eabi.lib : fd_cmp_t2.asm.obj (.text:__aeabi_cdcmple)
                  2000e796    00000086                           : fd_cmp_t2.asm.obj (.text:__aeabi_cdrcmple)
                  2000e81c    00000084     driverlib.a : i2c.obj (.text:I2CMasterInitExpClk)
                  2000e8a0    00000084     simplelink.a : cc_pal.obj (.text:NwpPowerOnPreamble)
                  2000e924    00000084                  : wlan.obj (.text:sl_WlanRxFilterSet)
                  2000e9a8    00000082     driverlib.a : gpio.obj (.text:GPIOIntTypeSet)
                  2000ea2a    00000002     --HOLE-- [fill = 0]
                  2000ea2c    00000080     simplelink.a : socket.obj (.text:_sl_HandleAsync_Connect)
                  2000eaac    00000080                  : cc_pal.obj (.text:spi_Read_CPU)
                  2000eb2c    00000080                  : cc_pal.obj (.text:spi_Write_CPU)
                  2000ebac    0000007a     rtsv7M4_T_le_eabi.lib : memset_t2.asm.obj (.text)
                  2000ec26    00000002     --HOLE-- [fill = 0]
                  2000ec28    00000078     simplelink.a : cc_pal.obj (.text:spi_Close)
                  2000eca0    00000076     driverlib.a : uart.obj (.text:UARTConfigSetExpClk)
                  2000ed16    00000002     --HOLE-- [fill = 0]
                  2000ed18    00000074     simplelink.a : nonos.obj (.text:_SlNonOsMainLoopTask)
                  2000ed8c    00000070     driverlib.a : timer.obj (.text:TimerIntRegister)
                  2000edfc    00000070     rtsv7M4_T_le_eabi.lib : memory.c.obj (.text:split)
                  2000ee6c    0000006e                           : _printfi.c.obj (.text:_mcpy)
                  2000eeda    0000006e                           : ll_div_t2.asm.obj (.text)
                  2000ef48    0000006c     simplelink.a : driver.obj (.text:_SlDrvCmdSend)
                  2000efb4    0000006c                  : netapp.obj (.text:_sl_NetAppSendTokenValue)
                  2000f020    00000068     driverlib.a : timer.obj (.text:TimerIntUnregister)
                  2000f088    00000068     rtsv7M4_T_le_eabi.lib : copy_decompress_lzss.c.obj (.text:decompress:lzss:__TI_decompress_lzss)
                  2000f0f0    00000064     simplelink.a : nonos.obj (.text:_SlNonOsSpawn)
                  2000f154    00000064                  : socket.obj (.text:_sl_HandleAsync_Accept)
                  2000f1b8    00000064                  : netapp.obj (.text:sl_NetAppMDNSUnRegisterService)
                  2000f21c    00000064     driverlib.a : udma.obj (.text:uDMAChannelAttributeDisable)
                  2000f280    00000064                 : udma.obj (.text:uDMAChannelAttributeEnable)
                  2000f2e4    00000060     simplelink.a : socket.obj (.text:sl_Close)
                  2000f344    00000060                  : wlan.obj (.text:sl_WlanProfileDel)
                  2000f3a4    00000060                  : wlan.obj (.text:sl_WlanSetMode)
                  2000f404    0000005c     rtsv7M4_T_le_eabi.lib : s_frexp.c.obj (.text:frexp)
                  2000f460    00000058     driverlib.a : interrupt.obj (.text:IntPendClear)
                  2000f4b8    00000058                 : prcm.obj (.text:PRCMPeripheralReset)
                  2000f510    00000056     rtsv7M4_T_le_eabi.lib : _printfi.c.obj (.text:_pconv_f)
                  2000f566    00000002     --HOLE-- [fill = 0]
                  2000f568    00000054     driverlib.a : interrupt.obj (.text:IntPrioritySet)
                  2000f5bc    00000054     simplelink.a : driver.obj (.text:_SlDrvRxIrqHandler)
                  2000f610    00000054     rtsv7M4_T_le_eabi.lib : _ltoa.c.obj (.text:__TI_ltoa)
                  2000f664    00000054     simplelink.a : socket.obj (.text:_sl_HandleAsync_Select)
                  2000f6b8    00000052     rtsv7M4_T_le_eabi.lib : _printfi.c.obj (.text:_ecpy)
                  2000f70a    00000002     --HOLE-- [fill = 0]
                  2000f70c    00000050     simplelink.a : device.obj (.text:_sl_HandleAsync_Stop)
                  2000f75c    0000004c     driverlib.a : spi.obj (.text:SPIIntEnable)
                  2000f7a8    0000004c                 : spi.obj (.text:SPIIntNumberGet)
                  2000f7f4    0000004c     simplelink.a : driver.obj (.text:_SlDrvProtectAsyncRespSetting)
                  2000f840    0000004c                  : socket.obj (.text:_sl_BuildAddress)
                  2000f88c    0000004c     rtsv7M4_T_le_eabi.lib : atoi.c.obj (.text:atoi)
                  2000f8d8    0000004c                           : snprintf.c.obj (.text:snprintf)
                  2000f924    0000004c     driverlib.a : udma.obj (.text:uDMAChannelAssign)
                  2000f970    00000048                 : gpio.obj (.text:GPIOGetIntNumber)
                  2000f9b8    00000048                 : spi.obj (.text:SPIIntClear)
                  2000fa00    00000048     simplelink.a : driver.obj (.text:_SlDrvBasicCmd)
                  2000fa48    00000048     rtsv7M4_T_le_eabi.lib : fd_toi_t2.asm.obj (.text)
                  2000fa90    00000044     driverlib.a : spi.obj (.text:SPIDmaMaskGet)
                  2000fad4    00000044                 : timer.obj (.text:TimerConfigure)
                  2000fb18    00000044     simplelink.a : driver.obj (.text:_SlDrvHandleHttpServerEvents)
                  2000fb5c    00000044                  : driver.obj (.text:_SlDrvSyncObjWaitTimeout)
                  2000fba0    00000044     rtsv7M4_T_le_eabi.lib : autoinit.c.obj (.text:__TI_auto_init_nobinit_nopinit:__TI_auto_init_nobinit_nopinit)
                  2000fbe4    00000044     simplelink.a : cc_pal.obj (.text:cc_SetupTransfer)
                  2000fc28    00000044     rtsv7M4_T_le_eabi.lib : fd_tou_t2.asm.obj (.text)
                  2000fc6c    00000042     simplelink.a : socket.obj (.text:sl_Htonl)
                  2000fcae    00000002     --HOLE-- [fill = 0]
                  2000fcb0    00000040     driverlib.a : pin.obj (.text:PinModeSet)
                  2000fcf0    00000040     simplelink.a : driver.obj (.text:_SlDrvHandleNetAppEvents)
                  2000fd30    00000040                  : driver.obj (.text:_SlDrvHandleWlanEvents)
                  2000fd70    00000040                  : socket.obj (.text:_sl_TruncatePayloadByProtocol)
                  2000fdb0    00000040     rtsv7M4_T_le_eabi.lib : u_divt2.asm.obj (.text)
                  2000fdf0    00000040                           : sprintf.c.obj (.text:sprintf)
                  2000fe30    00000040                           : vsnprintf.c.obj (.text:vsnprintf)
                  2000fe70    0000003e     simplelink.a : cc_pal.obj (.text:NwpRegisterInterruptHandler)
                  2000feae    0000003e     rtsv7M4_T_le_eabi.lib : _printfi.c.obj (.text:_fcpy)
                  2000feec    0000003c     simplelink.a : netapp.obj (.text:CopyPingResultsToReport)
                  2000ff28    0000003c     driverlib.a : prcm.obj (.text:PRCMPeripheralClkEnable)
                  2000ff64    0000003c     simplelink.a : cc_pal.obj (.text:simplelink_timerA2_start)
                  2000ffa0    0000003c                  : socket.obj (.text:sl_Htons)
                  2000ffdc    0000003c     driverlib.a : udma.obj (.text:uDMAChannelControlSet)
                  20010018    00000038     simplelink.a : cc_pal.obj (.text:NwpPowerOff)
                  20010050    00000038     rtsv7M4_T_le_eabi.lib : gmtime.c.obj (.text:__gmtime32)
                  20010088    00000038     simplelink.a : wlan.obj (.text:sl_WlanDisconnect)
                  200100c0    00000036     driverlib.a : gpio.obj (.text:GPIODirModeSet)
                  200100f6    00000036                 : timer.obj (.text:TimerControlLevel)
                  2001012c    00000034     simplelink.a : cc_pal.obj (.text:NwpPowerOn)
                  20010160    00000034     driverlib.a : prcm.obj (.text:PRCMPeripheralStatusGet)
                  20010194    00000034                 : spi.obj (.text:SPIFIFOLevelSet)
                  200101c8    00000030                 : pin.obj (.text:PinTypeGPIO)
                  200101f8    00000030                 : uart.obj (.text:UARTDisable)
                  20010228    00000030     rtsv7M4_T_le_eabi.lib : snprintf.c.obj (.text:_outs)
                  20010258    00000030                           : vsnprintf.c.obj (.text:_outs)
                  20010288    0000002e                           : i_tofd_t2.asm.obj (.text)
                  200102b6    0000002c     driverlib.a : i2c.obj (.text:I2CMasterErr)
                  200102e2    00000002     --HOLE-- [fill = 0]
                  200102e4    0000002c                 : prcm.obj (.text:PRCMSysResetCauseGet)
                  20010310    0000002c     simplelink.a : driver.obj (.text:_SlDrvObjGlobalLockWaitForever)
                  2001033c    0000002c                  : driver.obj (.text:_SlDrvProtectionObjLockWaitForever)
                  20010368    0000002a     driverlib.a : timer.obj (.text:TimerLoadSet)
                  20010392    0000002a                 : timer.obj (.text:TimerMatchSet)
                  200103bc    0000002a                 : timer.obj (.text:TimerPrescaleSet)
                  200103e6    00000002     --HOLE-- [fill = 0]
                  200103e8    00000028                 : prcm.obj (.text:PRCMPeripheralClkDisable)
                  20010410    00000028     simplelink.a : driver.obj (.text:_SlDrvGlobalObjUnLock)
                  20010438    00000028                  : driver.obj (.text:_SlDrvProtectionObjUnLock)
                  20010460    00000028                  : driver.obj (.text:_SlDrvSyncObjWaitForever)
                  20010488    00000028     rtsv7M4_T_le_eabi.lib : memory.c.obj (.text:free_list_insert)
                  200104b0    00000028                           : memmov.c.obj (.text:memmove)
                  200104d8    00000026     simplelink.a : driver.obj (.text:_SlDrvObjLockWaitForever)
                  200104fe    00000026     network_common.obj (.text)
                  20010524    00000024     simplelink.a : cc_pal.obj (.text:DmaSpiSwIntHandler)
                  20010548    00000024     driverlib.a : interrupt.obj (.text:IntUnregister)
                  2001056c    00000024                 : uart.obj (.text:UARTEnable)
                  20010590    00000024     rtsv7M4_T_le_eabi.lib : boot_cortex_m.c.obj (.text:_c_int00_noargs:_c_int00_noargs)
                  200105b4    00000022     driverlib.a : gpio.obj (.text:GPIOIntStatus)
                  200105d6    00000022                 : i2c.obj (.text:I2CMasterSlaveAddrSet)
                  200105f8    00000022                 : spi.obj (.text:SPIReset)
                  2001061a    00000022                 : spi.obj (.text:SPIWordCountSet)
                  2001063c    00000020                 : gpio.obj (.text:GPIOPinWrite)
                  2001065c    00000020                 : interrupt.obj (.text:IntRegister)
                  2001067c    00000020     simplelink.a : cc_pal.obj (.text:NwpPrePowerOffTimout0)
                  2001069c    00000020     driverlib.a : spi.obj (.text:SPIDataGet)
                  200106bc    00000020     simplelink.a : cc_pal.obj (.text:TimerGetCurrentTimestamp)
                  200106dc    00000020                  : driver.obj (.text:_SlDrvObjUnLock)
                  200106fc    00000020                  : driver.obj (.text:_SlDrvSyncObjSignal)
                  2001071c    00000020     rtsv7M4_T_le_eabi.lib : u_tofd_t2.asm.obj (.text)
                  2001073c    0000001e     driverlib.a : gpio.obj (.text:GPIOIntRegister)
                  2001075a    0000001e                 : i2c.obj (.text:I2CMasterIntStatusEx)
                  20010778    0000001e                 : spi.obj (.text:SPIDataPut)
                  20010796    0000001e                 : timer.obj (.text:TimerDisable)
                  200107b4    0000001e                 : timer.obj (.text:TimerEnable)
                  200107d2    0000001e                 : timer.obj (.text:TimerIntStatus)
                  200107f0    0000001e                 : uart.obj (.text:UARTCharPut)
                  2001080e    0000001e     simplelink.a : cc_pal.obj (.text:cc_UDMAChannelSelect)
                  2001082c    0000001c     driverlib.a : pin.obj (.text:PinTypeI2C)
                  20010848    0000001c                 : systick.obj (.text:SysTickIntRegister)
                  20010864    0000001c                 : timer.obj (.text:TimerValueGet)
                  20010880    0000001c                 : uart.obj (.text:UARTCharGetNonBlocking)
                  2001089c    0000001c     simplelink.a : driver.obj (.text:_SlDrvStartMeasureTimeout)
                  200108b8    0000001c     rtsv7M4_T_le_eabi.lib : memory.c.obj (.text:free_list_remove)
                  200108d4    0000001c                           : memccpy.c.obj (.text:memccpy)
                  200108f0    0000001c     driverlib.a : udma.obj (.text:uDMAChannelEnable)
                  2001090c    0000001a                 : gpio.obj (.text:GPIOIntEnable)
                  20010926    0000001a                 : pin.obj (.text:PinTypeSPI)
                  20010940    0000001a                 : pin.obj (.text:PinTypeTimer)
                  2001095a    0000001a                 : pin.obj (.text:PinTypeUART)
                  20010974    0000001a                 : spi.obj (.text:SPIDmaDisable)
                  2001098e    0000001a                 : spi.obj (.text:SPIDmaEnable)
                  200109a8    0000001a                 : spi.obj (.text:SPIFIFODisable)
                  200109c2    0000001a                 : spi.obj (.text:SPIFIFOEnable)
                  200109dc    0000001a                 : spi.obj (.text:SPIIntUnregister)
                  200109f6    00000018                 : gpio.obj (.text:GPIOPinRead)
                  20010a0e    00000018                 : i2c.obj (.text:I2CMasterIntEnableEx)
                  20010a26    00000018                 : spi.obj (.text:SPICSDisable)
                  20010a3e    00000018                 : spi.obj (.text:SPICSEnable)
                  20010a56    00000018                 : spi.obj (.text:SPIDisable)
                  20010a6e    00000018                 : spi.obj (.text:SPIEnable)
                  20010a86    00000002     --HOLE-- [fill = 0]
                  20010a88    00000018                 : systick.obj (.text:SysTickPeriodSet)
                  20010aa0    00000018                 : timer.obj (.text:TimerIntDisable)
                  20010ab8    00000018                 : timer.obj (.text:TimerIntEnable)
                  20010ad0    00000018                 : uart.obj (.text:UARTCharsAvail)
                  20010ae8    00000018     simplelink.a : nonos.obj (.text:_SlNonOsSemSet)
                  20010b00    00000018     rtsv7M4_T_le_eabi.lib : snprintf.c.obj (.text:_outc)
                  20010b18    00000018                           : vsnprintf.c.obj (.text:_outc)
                  20010b30    00000018                           : sprintf.c.obj (.text:_outs)
                  20010b48    00000018     simplelink.a : device.obj (.text:_sl_GetStartResponseConvert)
                  20010b60    00000018     rtsv7M4_T_le_eabi.lib : ll_mul_t2.asm.obj (.text)
                  20010b78    00000016     driverlib.a : i2c.obj (.text:I2CMasterDataPut)
                  20010b8e    00000016                 : i2c.obj (.text:I2CMasterEnable)
                  20010ba4    00000016                 : i2c.obj (.text:I2CMasterIntClear)
                  20010bba    00000016                 : prcm.obj (.text:PRCMHIBRegRead)
                  20010bd0    00000016                 : prcm.obj (.text:PRCMHIBRegWrite)
                  20010be6    00000016     simplelink.a : driver.obj (.text:_SlDrvMemZero)
                  20010bfc    00000016     rtsv7M4_T_le_eabi.lib : strchr.c.obj (.text:strchr)
                  20010c12    00000014     driverlib.a : cpu.obj (.text:CPUcpsie)
                  20010c26    00000014                 : gpio.obj (.text:GPIOIntClear)
                  20010c3a    00000002     --HOLE-- [fill = 0]
                  20010c3c    00000014                 : interrupt.obj (.text:IntVTableBaseSet)
                  20010c50    00000014     rtsv7M4_T_le_eabi.lib : strcpy.c.obj (.text:strcpy)
                  20010c64    00000014                           : strlen.c.obj (.text:strlen)
                  20010c78    00000012     driverlib.a : i2c.obj (.text:I2CMasterControl)
                  20010c8a    00000012                 : i2c.obj (.text:I2CMasterTimeoutSet)
                  20010c9c    00000012                 : timer.obj (.text:TimerIntClear)
                  20010cae    00000012     rtsv7M4_T_le_eabi.lib : wcslen.c.obj (.text:wcslen)
                  20010cc0    00000010     driverlib.a : systick.obj (.text:SysTickEnable)
                  20010cd0    00000010                 : systick.obj (.text:SysTickIntEnable)
                  20010ce0    00000010     simplelink.a : driver.obj (.text:_SlDrvDispatchHttpServerEvents)
                  20010cf0    0000000e     driverlib.a : i2c.obj (.text:I2CMasterDataGet)
                  20010cfe    0000000e     simplelink.a : driver.obj (.text:_SlDrvResetCmdExt)
                  20010d0c    0000000e     rtsv7M4_T_le_eabi.lib : copy_decompress_none.c.obj (.text:decompress:none:__TI_decompress_none)
                  20010d1a    0000000e     startup_ccs.obj (.text)
                  20010d28    0000000c     simplelink.a : cc_pal.obj (.text:NwpMaskInterrupt)
                  20010d34    0000000c                  : cc_pal.obj (.text:NwpUnMaskInterrupt)
                  20010d40    0000000c     driverlib.a : systick.obj (.text:SysTickValueGet)
                  20010d4c    0000000c     rtsv7M4_T_le_eabi.lib : s_copysign.c.obj (.text:copysign)
                  20010d58    0000000c                           : copy_zero_init.c.obj (.text:decompress:ZI:__TI_zero_init)
                  20010d64    0000000a     driverlib.a : interrupt.obj (.text:IntMasterEnable)
                  20010d6e    0000000a     rtsv7M4_T_le_eabi.lib : sprintf.c.obj (.text:_outc)
                  20010d78    00000008                           : errno.c.obj (.text:__aeabi_errno_addr)
                  20010d80    00000008                           : memory.c.obj (.text:malloc)
                  20010d88    00000006     driverlib.a : utils.obj (.text:UtilsDelay)
                  20010d8e    00000004     rtsv7M4_T_le_eabi.lib : pre_init.c.obj (.text:_system_pre_init)
                  20010d92    00000004                           : exit.c.obj (.text:abort:abort)

.const     0    20010d98    00000b28     
                  20010d98    000004fb     Adafruit_GFX.obj (.const:.string:font)
                  20011293    00000101     rtsv7M4_T_le_eabi.lib : ctype.c.obj (.const:.string:_ctypes_)
                  20011394    00000100     driverlib.a : pin.obj (.const:g_ulPinToPadMap)
                  20011494    000000d4                 : interrupt.obj (.const:g_pulRegs)
                  20011568    000000a8                 : prcm.obj (.const:PRCM_PeriphRegsList)
                  20011610    00000060     rtsv7M4_T_le_eabi.lib : mktime.c.obj (.const:$O1$$)
                  20011670    0000003c     simplelink.a : driver.obj (.const:OpcodeTranslateTable)
                  200116ac    00000038                  : driver.obj (.const:_SlActionLookupTable)
                  200116e4    0000002c     network_utils.obj (.const:$P$T1$2)
                  20011710    00000024     driverlib.a : spi.obj (.const:g_ppulSPIIntMap)
                  20011734    00000022     network_utils.obj (.const:.string:$P$T0$1)
                  20011756    00000002     --HOLE-- [fill = 0]
                  20011758    00000020     simplelink.a : driver.obj (.const:RxMsgClassLUT)
                  20011778    00000018     driverlib.a : interrupt.obj (.const:g_pulDisRegs)
                  20011790    00000018                 : interrupt.obj (.const:g_pulEnRegs)
                  200117a8    00000018                 : interrupt.obj (.const:g_pulUnpendRegs)
                  200117c0    00000018                 : spi.obj (.const:g_ulSPIDmaMaskMap)
                  200117d8    00000014     simplelink.a : driver.obj (.const:$P$T0$1)
                  200117ec    00000014                  : nonos.obj (.const:$P$T0$1)
                  20011800    00000014     network_utils.obj (.const:$P$T2$3)
                  20011814    00000010     simplelink.a : socket.obj (.const:.string:_SlPayloadByProtocolLUT)
                  20011824    0000000c     network_utils.obj (.const:$P$T4$5)
                  20011830    0000000c     network_utils.obj (.const:.string:$P$T3$4)
                  2001183c    00000008     simplelink.a : device.obj (.const:StartResponseLUT)
                  20011844    00000008                  : driver.obj (.const:g_H2NCnysPattern)
                  2001184c    00000008                  : driver.obj (.const:g_H2NSyncPattern)
                  20011854    00000004                  : wlan.obj (.const:$P$T0$1)
                  20011858    00000008     main.obj (.const)
                  20011860    00000005     main.obj (.const:.string:$P$T0$1)
                  20011865    00000001     --HOLE-- [fill = 0]
                  20011866    00000004     simplelink.a : socket.obj (.const:$P$T1$2)
                  2001186a    00000004                  : socket.obj (.const:$P$T2$3)
                  2001186e    00000004                  : device.obj (.const:_SlDeviceGetCmdCtrl)
                  20011872    00000004                  : device.obj (.const:_SlDeviceSetCmdCtrl)
                  20011876    00000004                  : netapp.obj (.const:_SlGetHostByNameCtrl)
                  2001187a    00000004                  : netapp.obj (.const:_SlNetAppSendTokenValueCmdCtrl)
                  2001187e    00000004                  : netcfg.obj (.const:_SlNetCfgSetCmdCtrl)
                  20011882    00000004                  : wlan.obj (.const:_SlPolicySetCmdCtrl)
                  20011886    00000004                  : wlan.obj (.const:_SlProfileDelCmdCtrl)
                  2001188a    00000004                  : socket.obj (.const:_SlRecvCmdCtrl)
                  2001188e    00000004                  : socket.obj (.const:_SlRecvfomCmdCtrl)
                  20011892    00000004                  : netapp.obj (.const:_SlRegisterServiceCtrl)
                  20011896    00000004                  : wlan.obj (.const:_SlRxFilterSetCmdCtrl)
                  2001189a    00000004                  : socket.obj (.const:_SlSendCmdCtrl)
                  2001189e    00000004                  : socket.obj (.const:_SlSetSockOptCmdCtrl)
                  200118a2    00000004                  : socket.obj (.const:_SlSockCloseCmdCtrl)
                  200118a6    00000004                  : socket.obj (.const:_SlSockSocketCmdCtrl)
                  200118aa    00000004                  : device.obj (.const:_SlStopCmdCtrl)
                  200118ae    00000004                  : wlan.obj (.const:_SlWlanCfgSetCmdCtrl)
                  200118b2    00000004                  : wlan.obj (.const:_SlWlanSetModeCmdCtrl)
                  200118b6    00000002     --HOLE-- [fill = 0]
                  200118b8    00000004                  : driver.obj (.const:httpServer_callbacks)
                  200118bc    00000004                  : driver.obj (.const:netApp_callbacks)

.cinit     0    200118c0    000000f8     
                  200118c0    000000d3     (.cinit..data.load) [load image, compression = lzss]
                  20011993    00000001     --HOLE-- [fill = 0]
                  20011994    0000000c     (__TI_handler_table)
                  200119a0    00000008     (.cinit..bss.load) [load image, compression = zero_init]
                  200119a8    00000010     (__TI_cinit_table)

.sysmem    0    20017000    00008000     UNINITIALIZED
                  20017000    00000010     rtsv7M4_T_le_eabi.lib : memory.c.obj (.sysmem)
                  20017010    00007ff0     --HOLE--

.bss       0    2001f000    000005d6     UNINITIALIZED
                  2001f000    00000200     (.common:send_data)
                  2001f200    00000168     simplelink.a : driver.obj (.bss:g_StatMem)
                  2001f368    000000c0     (.common:data)
                  2001f428    000000c0     (.common:dataBuffer)
                  2001f4e8    00000050     (.common:g_ucDinDout)
                  2001f538    0000002c     (.common:endTime)
                  2001f564    0000002c     (.common:startTime)
                  2001f590    00000024     (.common:g_ucConnectionSSID)
                  2001f5b4    00000008     (.common:g_app_config)
                  2001f5bc    00000008     (.common:g_ucConnectionBSSID)
                  2001f5c4    00000004     uart_if.obj (.bss)
                  2001f5c8    00000004     (.common:g_Host)
                  2001f5cc    00000004     (.common:g_port)
                  2001f5d0    00000001     (.common:RxIrqCnt)
                  2001f5d1    00000001     (.common:g_bDeviceRestartIsRequired)
                  2001f5d2    00000001     (.common:g_cDummy)
                  2001f5d3    00000001     (.common:g_ucLED1Pin)
                  2001f5d4    00000001     (.common:g_ucLED2Pin)
                  2001f5d5    00000001     (.common:g_ucLED3Pin)

.data      0    2001f5d8    00000218     UNINITIALIZED
                  2001f5d8    000000cc     main.obj (.data)
                  2001f6a4    0000003c     simplelink.a : nonos.obj (.data:g__SlNonOsCB)
                  2001f6e0    00000028     main.obj (.data:study_print)
                  2001f708    00000024     rtsv7M4_T_le_eabi.lib : localtim.c.obj (.data:local_tm)
                  2001f72c    00000020     main.obj (.data:x)
                  2001f74c    00000015     Adafruit_GFX.obj (.data)
                  2001f761    00000003     main.obj (.data:hchar)
                  2001f764    00000014     gpio_if.obj (.data:ulReg)
                  2001f778    00000010     rtsv7M4_T_le_eabi.lib : tmzone.c.obj (.data:_tz)
                  2001f788    0000000d     simplelink.a : driver.obj (.data)
                  2001f795    00000003     main.obj (.data:mchar)
                  2001f798    0000000c     gpio_if.obj (.data)
                  2001f7a4    0000000c     network_utils.obj (.data)
                  2001f7b0    0000000a     main.obj (.data:break_print)
                  2001f7ba    00000002     --HOLE--
                  2001f7bc    00000009     simplelink.a : cc_pal.obj (.data)
                  2001f7c5    00000003     main.obj (.data:schar)
                  2001f7c8    00000008     rtsv7M4_T_le_eabi.lib : _lock.c.obj (.data:$O1$$)
                  2001f7d0    00000008                           : memory.c.obj (.data:$O1$$)
                  2001f7d8    00000008     main.obj (.data:PIN61)
                  2001f7e0    00000007     main.obj (.data:msg)
                  2001f7e7    00000001     --HOLE--
                  2001f7e8    00000004     rtsv7M4_T_le_eabi.lib : errno.c.obj (.data)
                  2001f7ec    00000004     simplelink.a : driver.obj (.data:wlan_callbacks)

.stack     0    2002f000    00001000     UNINITIALIZED
                  2002f000    00000004     rtsv7M4_T_le_eabi.lib : boot_cortex_m.c.obj (.stack)
                  2002f004    00000ffc     --HOLE--

__llvm_prf_cnts 
*          0    20017000    00000000     UNINITIALIZED

MODULE SUMMARY

       Module                       code    ro data   rw data
       ------                       ----    -------   -------
    .\
       main.obj                     8544    13        1294   
       Adafruit_GFX.obj             2688    1275      21     
       Adafruit_OLED.obj            1190    0         0      
       startup_ccs.obj              14      1024      0      
       gpio_if.obj                  920     0         35     
       i2c_if.obj                   672     0         0      
       uart_if.obj                  636     0         4      
       timer_if.obj                 408     0         0      
       pin_mux_config.obj           392     0         0      
       network_common.obj           38      0         0      
    +--+----------------------------+-------+---------+---------+
       Total:                       15502   2312      1354   
                                                             
    .\utils\
       network_utils.obj            3776    122       72     
    +--+----------------------------+-------+---------+---------+
       Total:                       3776    122       72     
                                                             
    C:/Users/phpng/ti/cc3200-sdk/driverlib/ccs/Release/driverlib.a
       prcm.obj                     852     168       0      
       spi.obj                      860     60        0      
       interrupt.obj                608     284       0      
       timer.obj                    648     0         0      
       pin.obj                      354     256       0      
       udma.obj                     604     0         0      
       gpio.obj                     422     0         0      
       i2c.obj                      380     0         0      
       uart.obj                     284     0         0      
       systick.obj                  96      0         0      
       cpu.obj                      20      0         0      
       utils.obj                    6       0         0      
    +--+----------------------------+-------+---------+---------+
       Total:                       5134    768       0      
                                                             
    C:/Users/phpng/ti/cc3200-sdk/simplelink/ccs/NON_OS_debug/simplelink.a
       driver.obj                   7906    192       379    
       socket.obj                   2470    48        0      
       cc_pal.obj                   1960    0         90     
       netapp.obj                   1572    12        0      
       wlan.obj                     1316    24        0      
       device.obj                   1234    20        0      
       nonos.obj                    416     20        60     
       netcfg.obj                   152     4         0      
    +--+----------------------------+-------+---------+---------+
       Total:                       17026   320       529    
                                                             
    C:\Users\phpng\ti\cc1250\ccs\tools\compiler\ti-cgt-arm_20.2.7.LTS\lib\rtsv7M4_T_le_eabi.lib
       _printfi.c.obj               4835    0         0      
       memory.c.obj                 900     0         8      
       mktime.c.obj                 672     96        0      
       fd_add_t2.asm.obj            438     0         0      
       localtim.c.obj               308     0         36     
       fd_div_t2.asm.obj            310     0         0      
       fd_cmp_t2.asm.obj            268     0         0      
       ctype.c.obj                  0       257       0      
       fd_mul_t2.asm.obj            252     0         0      
       s_scalbn.c.obj               208     0         0      
       memcpy_t2.asm.obj            156     0         0      
       ull_div_t2.asm.obj           150     0         0      
       snprintf.c.obj               148     0         0      
       vsnprintf.c.obj              136     0         0      
       memset_t2.asm.obj            122     0         0      
       ll_div_t2.asm.obj            110     0         0      
       copy_decompress_lzss.c.obj   104     0         0      
       sprintf.c.obj                98      0         0      
       s_frexp.c.obj                92      0         0      
       _ltoa.c.obj                  84      0         0      
       atoi.c.obj                   76      0         0      
       fd_toi_t2.asm.obj            72      0         0      
       autoinit.c.obj               68      0         0      
       fd_tou_t2.asm.obj            68      0         0      
       u_divt2.asm.obj              64      0         0      
       gmtime.c.obj                 56      0         0      
       i_tofd_t2.asm.obj            46      0         0      
       memmov.c.obj                 40      0         0      
       boot_cortex_m.c.obj          36      0         0      
       u_tofd_t2.asm.obj            32      0         0      
       memccpy.c.obj                28      0         0      
       ll_mul_t2.asm.obj            24      0         0      
       strchr.c.obj                 22      0         0      
       strcpy.c.obj                 20      0         0      
       strlen.c.obj                 20      0         0      
       wcslen.c.obj                 18      0         0      
       tmzone.c.obj                 0       0         16     
       copy_decompress_none.c.obj   14      0         0      
       copy_zero_init.c.obj         12      0         0      
       errno.c.obj                  8       0         4      
       s_copysign.c.obj             12      0         0      
       _lock.c.obj                  2       0         8      
       exit.c.obj                   4       0         0      
       pre_init.c.obj               4       0         0      
       div0.asm.obj                 2       0         0      
    +--+----------------------------+-------+---------+---------+
       Total:                       10139   353       72     
                                                             
       Heap:                        0       0         32768  
       Stack:                       0       0         4096   
       Linker Generated:            0       247       0      
    +--+----------------------------+-------+---------+---------+
       Grand Total:                 51577   4122      38891  


LINKER GENERATED COPY TABLES

__TI_cinit_table @ 200119a8 records: 2, size/record: 8, table size: 16
	.data: load addr=200118c0, load size=000000d3 bytes, run addr=2001f5d8, run size=00000218 bytes, compression=lzss
	.bss: load addr=200119a0, load size=00000008 bytes, run addr=2001f000, run size=000005d6 bytes, compression=zero_init


LINKER GENERATED HANDLER TABLE

__TI_handler_table @ 20011994 records: 3, size/record: 4, table size: 12
	index: 0, handler: __TI_decompress_lzss
	index: 1, handler: __TI_decompress_none
	index: 2, handler: __TI_zero_init


GLOBAL SYMBOLS: SORTED ALPHABETICALLY BY Name 

address   name                                  
-------   ----                                  
200050e1  ASCIItoInt                            
20008f11  Adafruit_Init                         
20010d93  C$$EXIT                               
20010c13  CPUcpsie                              
20009ec1  ClearTerm                             
20009087  Color565                              
20005541  DeInitPWMModules                      
20010525  DmaSpiSwIntHandler                    
20009ecb  Error                                 
200100c1  GPIODirModeSet                        
20010c27  GPIOIntClear                          
2001090d  GPIOIntEnable                         
2001073d  GPIOIntRegister                       
200105b5  GPIOIntStatus                         
2000e9a9  GPIOIntTypeSet                        
200109f7  GPIOPinRead                           
2001063d  GPIOPinWrite                          
200095e9  GPIO_IF_ConfigureNIntEnable           
20009675  GPIO_IF_Get                           
200095a3  GPIO_IF_GetPortNPin                   
20009365  GPIO_IF_LedConfigure                  
20009457  GPIO_IF_LedOff                        
200093a3  GPIO_IF_LedOn                         
2000950b  GPIO_IF_LedStatus                     
20009575  GPIO_IF_LedToggle                     
20009631  GPIO_IF_Set                           
20009f03  GetCmd                                
20005557  I2CInit                               
20010c79  I2CMasterControl                      
20010cf1  I2CMasterDataGet                      
20010b79  I2CMasterDataPut                      
20010b8f  I2CMasterEnable                       
200102b7  I2CMasterErr                          
2000e81d  I2CMasterInitExpClk                   
20010ba5  I2CMasterIntClear                     
20010a0f  I2CMasterIntEnableEx                  
2001075b  I2CMasterIntStatusEx                  
200105d7  I2CMasterSlaveAddrSet                 
20010c8b  I2CMasterTimeoutSet                   
20009beb  I2C_IF_Close                          
20009b8f  I2C_IF_Open                           
20009a8d  I2C_IF_Read                           
20009b49  I2C_IF_ReadFrom                       
200099dd  I2C_IF_Write                          
2000551d  InitPWMModules                        
20009e81  InitTerm                              
2000d98d  IntDisable                            
2000da35  IntEnable                             
20010d65  IntMasterEnable                       
2000f461  IntPendClear                          
2000f569  IntPrioritySet                        
2001065d  IntRegister                           
200045e7  IntToASCII                            
20010549  IntUnregister                         
20010c3d  IntVTableBaseSet                      
20009e9f  Message                               
20010d29  NwpMaskInterrupt                      
20010019  NwpPowerOff                           
2001012d  NwpPowerOn                            
2000e8a1  NwpPowerOnPreamble                    
2001067d  NwpPrePowerOffTimout0                 
2000fe71  NwpRegisterInterruptHandler           
20010d35  NwpUnMaskInterrupt                    
20011670  OpcodeTranslateTable                  
20007dcb  Outstr                                
2001f5f4  PIN61_intcount                        
2001f5f8  PIN61_intflag                         
2000b671  PRCMCC3200MCUInit                     
20010bbb  PRCMHIBRegRead                        
20010bd1  PRCMHIBRegWrite                       
200103e9  PRCMPeripheralClkDisable              
2000ff29  PRCMPeripheralClkEnable               
2000e189  PRCMPeripheralClockGet                
2000f4b9  PRCMPeripheralReset                   
20010161  PRCMPeripheralStatusGet               
200102e5  PRCMSysResetCauseGet                  
2000e689  PinConfigSet                          
2000fcb1  PinModeSet                            
2000b4e9  PinMuxConfig                          
200101c9  PinTypeGPIO                           
2001082d  PinTypeI2C                            
20010927  PinTypeSPI                            
20010941  PinTypeTimer                          
2001095b  PinTypeUART                           
2000a041  Report                                
20010d1b  ResetISR                              
2001f5d0  RxIrqCnt                              
20010a27  SPICSDisable                          
20010a3f  SPICSEnable                           
2000db81  SPIConfigSetExpClk                    
2001069d  SPIDataGet                            
20010779  SPIDataPut                            
20010a57  SPIDisable                            
20010975  SPIDmaDisable                         
2001098f  SPIDmaEnable                          
20010a6f  SPIEnable                             
200109a9  SPIFIFODisable                        
200109c3  SPIFIFOEnable                         
20010195  SPIFIFOLevelSet                       
2000f9b9  SPIIntClear                           
2000f75d  SPIIntEnable                          
200109dd  SPIIntUnregister                      
200105f9  SPIReset                              
2001061b  SPIWordCountSet                       
200054d3  SetupTimerPWMMode                     
20006735  SimpleLinkGeneralEventHandler         
20006711  SimpleLinkHttpServerCallback          
2000666f  SimpleLinkNetAppEventHandler          
20006755  SimpleLinkSockEventHandler            
20006561  SimpleLinkWlanEventHandler            
20010cc1  SysTickEnable                         
20010cd1  SysTickIntEnable                      
20010849  SysTickIntRegister                    
20010a89  SysTickPeriodSet                      
20010d41  SysTickValueGet                       
200056ed  TIMERA0ISR                            
2000fad5  TimerConfigure                        
200100f7  TimerControlLevel                     
2000440f  TimerDelayHandler                     
20010797  TimerDisable                          
200107b5  TimerEnable                           
200106bd  TimerGetCurrentTimestamp              
20010c9d  TimerIntClear                         
20010aa1  TimerIntDisable                       
20010ab9  TimerIntEnable                        
2000ed8d  TimerIntRegister                      
200107d3  TimerIntStatus                        
2000f021  TimerIntUnregister                    
20010369  TimerLoadSet                          
20010393  TimerMatchSet                         
200103bd  TimerPrescaleSet                      
20010865  TimerValueGet                         
2000b17b  Timer_IF_DeInit                       
2000b1ad  Timer_IF_GetCount                     
2000b0b5  Timer_IF_Init                         
2000b0e7  Timer_IF_IntSetup                     
2000b133  Timer_IF_InterruptClear               
2000b195  Timer_IF_ReLoad                       
2000b14b  Timer_IF_Start                        
2000b16b  Timer_IF_Stop                         
20009fa9  TrimSpace                             
20010881  UARTCharGetNonBlocking                
200107f1  UARTCharPut                           
20010ad1  UARTCharsAvail                        
2000eca1  UARTConfigSetExpClk                   
200101f9  UARTDisable                           
2001056d  UARTEnable                            
200054b5  UpdateDutyCycle                       
20010d89  UtilsDelay                            
200116ac  _SlActionLookupTable                  
2000dadd  _SlDriverHandleError                  
2000fa01  _SlDrvBasicCmd                        
2000d769  _SlDrvCmdOp                           
2000ef49  _SlDrvCmdSend                         
2000a5ad  _SlDrvDataReadOp                      
2000b959  _SlDrvDataWriteOp                     
2000dd5d  _SlDrvDeviceEventHandler              
20010ce1  _SlDrvDispatchHttpServerEvents        
2000c5d5  _SlDrvDriverCBDeinit                  
2000ace5  _SlDrvDriverCBInit                    
20010411  _SlDrvGlobalObjUnLock                 
2000fb19  _SlDrvHandleHttpServerEvents          
2000fcf1  _SlDrvHandleNetAppEvents              
2000fd31  _SlDrvHandleWlanEvents                
2000e4e5  _SlDrvIsTimeoutExpired                
20010be7  _SlDrvMemZero                         
2000cfcd  _SlDrvMsgReadSpawnCtx                 
2000c825  _SlDrvNetAppEventHandler              
200104d9  _SlDrvObjLockWaitForever              
200106dd  _SlDrvObjUnLock                       
2000f7f5  _SlDrvProtectAsyncRespSetting         
2001033d  _SlDrvProtectionObjLockWaitForever    
20010439  _SlDrvProtectionObjUnLock             
2000a791  _SlDrvReleasePoolObj                  
20010cff  _SlDrvResetCmdExt                     
2000f5bd  _SlDrvRxIrqHandler                    
2001089d  _SlDrvStartMeasureTimeout             
200106fd  _SlDrvSyncObjSignal                   
20010461  _SlDrvSyncObjWaitForever              
2000fb5d  _SlDrvSyncObjWaitTimeout              
2000b1cd  _SlDrvWaitForPoolObj                  
2001187a  _SlNetAppSendTokenValueCmdCtrl        
2000ed19  _SlNonOsMainLoopTask                  
2000d8dd  _SlNonOsSemGet                        
20010ae9  _SlNonOsSemSet                        
2000f0f1  _SlNonOsSpawn                         
20030000  __STACK_END                           
00001000  __STACK_SIZE                          
00008000  __SYSMEM_SIZE                         
200119a8  __TI_CINIT_Base                       
200119b8  __TI_CINIT_Limit                      
20011994  __TI_Handler_Table_Base               
200119a0  __TI_Handler_Table_Limit              
2000fba1  __TI_auto_init_nobinit_nopinit        
2000f089  __TI_decompress_lzss                  
20010d0d  __TI_decompress_none                  
2000f611  __TI_ltoa                             
ffffffff  __TI_pprof_out_hndl                   
20007ea1  __TI_printfi                          
ffffffff  __TI_prof_data_size                   
ffffffff  __TI_prof_data_start                  
200118c0  __TI_static_base__                    
20010d59  __TI_zero_init                        
2000e711  __aeabi_cdcmpeq                       
2000e711  __aeabi_cdcmple                       
2000e797  __aeabi_cdrcmple                      
2000fa49  __aeabi_d2iz                          
2000fc29  __aeabi_d2uiz                         
2000ab37  __aeabi_dadd                          
2000c235  __aeabi_ddiv                          
2000ca29  __aeabi_dmul                          
2000ab2d  __aeabi_dsub                          
20010d79  __aeabi_errno_addr                    
20010289  __aeabi_i2d                           
2000ace3  __aeabi_idiv0                         
2000ace3  __aeabi_ldiv0                         
2000eedb  __aeabi_ldivmod                       
20010b61  __aeabi_lmul                          
2000ebad  __aeabi_memclr                        
2000ebad  __aeabi_memclr4                       
2000ebad  __aeabi_memclr8                       
2000dcc1  __aeabi_memcpy                        
2000dcc1  __aeabi_memcpy4                       
2000dcc1  __aeabi_memcpy8                       
2000ebaf  __aeabi_memset                        
2000ebaf  __aeabi_memset4                       
2000ebaf  __aeabi_memset8                       
2001071d  __aeabi_ui2d                          
2000fdb1  __aeabi_uidiv                         
2000fdb1  __aeabi_uidivmod                      
2000e0f1  __aeabi_uldivmod                      
ffffffff  __binit__                             
ffffffff  __c_args__                            
20010051  __gmtime32                            
2000c36d  __localtime32                         
200096c1  __mktime32                            
UNDEFED   __mpu_init                            
2002f000  __stack                               
20017000  __start___llvm_prf_cnts               
20017000  __stop___llvm_prf_cnts                
20010591  _c_int00_noargs                       
20011293  _ctypes_                              
2001f7c8  _lock                                 
20009327  _nop                                  
2000f155  _sl_HandleAsync_Accept                
2000ea2d  _sl_HandleAsync_Connect               
2000e21d  _sl_HandleAsync_DnsGetHostByName      
2000d50d  _sl_HandleAsync_DnsGetHostByService   
2000e571  _sl_HandleAsync_InitComplete          
2000e2ad  _sl_HandleAsync_PingResponse          
2000f665  _sl_HandleAsync_Select                
2000f70d  _sl_HandleAsync_Stop                  
2000efb5  _sl_NetAppSendTokenValue              
20017000  _sys_memory                           
UNDEFED   _system_post_cinit                    
20010d8f  _system_pre_init                      
2001f778  _tz                                   
2001f7cc  _unlock                               
20010d93  abort                                 
200055d5  adjustOLEDbrightness                  
2000c929  aligned_alloc                         
2000f88d  atoi                                  
2001f690  back                                  
ffffffff  binit                                 
2001f7b0  break_print                           
2001f634  c                                     
20005765  capture_end_time                      
20005719  capture_start_time                    
20004645  catInitString                         
2001f688  cback                                 
2001f684  cfont                                 
2001f5f0  cnt                                   
2001f644  color                                 
200070f9  connectToAccessPoint                  
20010d4d  copysign                              
20010d4d  copysignl                             
2001f63c  count                                 
2001f6a0  currentBrightness                     
2001f74c  cursor_x                              
2001f750  cursor_y                              
2001f368  data                                  
2001f428  dataBuffer                            
20004739  decode                                
20004e99  decodeChar                            
2001f62c  delete                                
20005119  displayChar                           
2001f674  distance_cm                           
20007c7f  drawChar                              
20007421  drawCircle                            
20007555  drawCircleHelper                      
20009231  drawFastHLine                         
20009195  drawFastVLine                         
2000779b  drawLine                              
200092cd  drawPixel                             
20007887  drawRect                              
200078d5  drawRoundRect                         
20007a3d  drawTriangle                          
2001f69c  echowait                              
2001f538  endTime                               
2001f7e8  errno                                 
20007673  fillCircle                            
200076ad  fillCircleHelper                      
200090df  fillRect                              
200079c3  fillRoundRect                         
200090c9  fillScreen                            
20007a7f  fillTriangle                          
2001f680  first                                 
2001f628  first_press                           
2001f68c  font                                  
2000d0b5  free                                  
2000f405  frexp                                 
2000f405  frexpl                                
2001f5c8  g_Host                                
2001f788  g_SlDeviceStatus                      
2001f7bc  g_SpiFd                               
2001f6a4  g__SlNonOsCB                          
2001f5b4  g_app_config                          
2001f5d1  g_bDeviceRestartIsRequired            
2001f5d2  g_cDummy                              
2001f78c  g_pCB                                 
2001f7c0  g_pHostIntHdl                         
20004000  g_pfnVectors                          
2001f5cc  g_port                                
2001f5bc  g_ucConnectionBSSID                   
2001f590  g_ucConnectionSSID                    
2001f7c4  g_ucDMAEnabled                        
2001f4e8  g_ucDinDout                           
2001f5d3  g_ucLED1Pin                           
2001f5d4  g_ucLED2Pin                           
2001f5d5  g_ucLED3Pin                           
2001f798  g_uiLED1Port                          
2001f79c  g_uiLED2Port                          
2001f7a0  g_uiLED3Port                          
2001f7ac  g_ulGatewayIP                         
2001f7a8  g_ulPingPacketsRecv                   
2001f7a4  g_ulStatus                            
2000586d  get_ntp_time                          
20010051  gmtime                                
20009043  goTo                                  
2001f660  hchange                               
2001f761  hchar                                 
20007e7f  height                                
2001f650  hours                                 
20004501  inputInt                              
2000930b  invert                                
2000d43d  ldexp                                 
2000d43d  ldexpl                                
2000c36d  localtime                             
2001f61c  loop                                  
20005eb1  main                                  
20010d81  malloc                                
2001f664  mchange                               
2001f795  mchar                                 
2000c929  memalign                              
200108d5  memccpy                               
2000dcc1  memcpy                                
200104b1  memmove                               
2000ebb5  memset                                
2001f654  minutes                               
200096c1  mktime                                
2001f7e0  msg                                   
2001f630  msg_cnt                               
2001f618  msg_count                             
2001f678  num_away                              
2001f698  num_break                             
2001f638  out                                   
2001f790  pPingCallBackFunc                     
200057a9  prepare_json_payload                  
2001f5fc  print                                 
2001f600  print_cnt                             
2001f670  pulse                                 
200056ad  readLightIntensity                    
20004a59  readRemote                            
2000d199  realloc                               
2001f620  same                                  
2001f67c  same_away                             
2000d43d  scalbn                                
2000d43d  scalbnl                               
2001f7c5  schar                                 
2001f614  second_2                              
2001f610  second_count                          
2001f658  seconds                               
20004f81  sendMyMessage                         
2001f000  send_data                             
2001f648  send_flag                             
200055a1  setBrightness                         
20005573  setContrast                           
20007e17  setCursor                             
20007e4f  setTextColor                          
20007e2f  setTextSize                           
20007e67  setTextWrap                           
2000ff65  simplelink_timerA2_start              
2000f2e5  sl_Close                              
2000b35d  sl_Connect                            
2000d5d9  sl_DevGet                             
2000ddf9  sl_DevSet                             
2000fc6d  sl_Htonl                              
2000ffa1  sl_Htons                              
2000bd35  sl_NetAppDnsGetHostByName             
2000d27d  sl_NetAppMDNSRegisterUnregisterService
2000f1b9  sl_NetAppMDNSUnRegisterService        
2000de91  sl_NetCfgSet                          
200104ff  sl_Provisioning_HttpServerEventHdl    
2001050d  sl_Provisioning_NetAppEventHdl        
20010519  sl_Provisioning_WlanEventHdl          
2000dc21  sl_Recv                               
2000c0f9  sl_RecvFrom                           
2000c4a1  sl_Send                               
2000be79  sl_SendTo                             
2000df29  sl_SetSockOpt                         
2000e5fd  sl_Socket                             
2000cb25  sl_Start                              
2000cc15  sl_Stop                               
20009c01  sl_WlanConnect                        
20010089  sl_WlanDisconnect                     
2000e33d  sl_WlanPolicySet                      
2000f345  sl_WlanProfileDel                     
2000e925  sl_WlanRxFilterSet                    
2000dfc1  sl_WlanSet                            
2000f3a5  sl_WlanSetMode                        
2000f8d9  snprintf                              
2000ec29  spi_Close                             
2000baa9  spi_Open                              
2000cd05  spi_Read                              
2000e059  spi_Write                             
2000fdf1  sprintf                               
2001f640  start                                 
2001f564  startTime                             
2001f608  start_counting_flag                   
2001f64c  stop                                  
2001f668  stop_timer                            
20010bfd  strchr                                
20010c51  strcpy                                
20010c65  strlen                                
2001f6e0  study_print                           
2001f5d8  systick_expired                       
2001f5e0  systick_wrapped                       
2001f624  tap                                   
20011858  temp                                  
200047fd  terminalDisplay                       
2001f75c  textbgcolor                           
2001f758  textcolor                             
2001f754  textsize                              
2001f694  time_mode                             
2001f66c  timerA1_cnt                           
20005329  timerFunction                         
20006ef1  tls_connect                           
2000f925  uDMAChannelAssign                     
2000f21d  uDMAChannelAttributeDisable           
2000f281  uDMAChannelAttributeEnable            
2000ffdd  uDMAChannelControlSet                 
200108f1  uDMAChannelEnable                     
2000cdf5  uDMAChannelTransferSet                
2001f5e8  ulsystick_delta_us                    
200045bd  updatePosition                        
2000fe31  vsnprintf                             
20010caf  wcslen                                
20007e7b  width                                 
2001f760  wrap                                  
20008e81  writeCommand                          
20008ec9  writeData                             
2001f72c  x                                     
2001f65c  y                                     


GLOBAL SYMBOLS: SORTED BY Symbol Address 

address   name                                  
-------   ----                                  
00001000  __STACK_SIZE                          
00008000  __SYSMEM_SIZE                         
20004000  g_pfnVectors                          
2000440f  TimerDelayHandler                     
20004501  inputInt                              
200045bd  updatePosition                        
200045e7  IntToASCII                            
20004645  catInitString                         
20004739  decode                                
200047fd  terminalDisplay                       
20004a59  readRemote                            
20004e99  decodeChar                            
20004f81  sendMyMessage                         
200050e1  ASCIItoInt                            
20005119  displayChar                           
20005329  timerFunction                         
200054b5  UpdateDutyCycle                       
200054d3  SetupTimerPWMMode                     
2000551d  InitPWMModules                        
20005541  DeInitPWMModules                      
20005557  I2CInit                               
20005573  setContrast                           
200055a1  setBrightness                         
200055d5  adjustOLEDbrightness                  
200056ad  readLightIntensity                    
200056ed  TIMERA0ISR                            
20005719  capture_start_time                    
20005765  capture_end_time                      
200057a9  prepare_json_payload                  
2000586d  get_ntp_time                          
20005eb1  main                                  
20006561  SimpleLinkWlanEventHandler            
2000666f  SimpleLinkNetAppEventHandler          
20006711  SimpleLinkHttpServerCallback          
20006735  SimpleLinkGeneralEventHandler         
20006755  SimpleLinkSockEventHandler            
20006ef1  tls_connect                           
200070f9  connectToAccessPoint                  
20007421  drawCircle                            
20007555  drawCircleHelper                      
20007673  fillCircle                            
200076ad  fillCircleHelper                      
2000779b  drawLine                              
20007887  drawRect                              
200078d5  drawRoundRect                         
200079c3  fillRoundRect                         
20007a3d  drawTriangle                          
20007a7f  fillTriangle                          
20007c7f  drawChar                              
20007dcb  Outstr                                
20007e17  setCursor                             
20007e2f  setTextSize                           
20007e4f  setTextColor                          
20007e67  setTextWrap                           
20007e7b  width                                 
20007e7f  height                                
20007ea1  __TI_printfi                          
20008e81  writeCommand                          
20008ec9  writeData                             
20008f11  Adafruit_Init                         
20009043  goTo                                  
20009087  Color565                              
200090c9  fillScreen                            
200090df  fillRect                              
20009195  drawFastVLine                         
20009231  drawFastHLine                         
200092cd  drawPixel                             
2000930b  invert                                
20009327  _nop                                  
20009365  GPIO_IF_LedConfigure                  
200093a3  GPIO_IF_LedOn                         
20009457  GPIO_IF_LedOff                        
2000950b  GPIO_IF_LedStatus                     
20009575  GPIO_IF_LedToggle                     
200095a3  GPIO_IF_GetPortNPin                   
200095e9  GPIO_IF_ConfigureNIntEnable           
20009631  GPIO_IF_Set                           
20009675  GPIO_IF_Get                           
200096c1  __mktime32                            
200096c1  mktime                                
200099dd  I2C_IF_Write                          
20009a8d  I2C_IF_Read                           
20009b49  I2C_IF_ReadFrom                       
20009b8f  I2C_IF_Open                           
20009beb  I2C_IF_Close                          
20009c01  sl_WlanConnect                        
20009e81  InitTerm                              
20009e9f  Message                               
20009ec1  ClearTerm                             
20009ecb  Error                                 
20009f03  GetCmd                                
20009fa9  TrimSpace                             
2000a041  Report                                
2000a5ad  _SlDrvDataReadOp                      
2000a791  _SlDrvReleasePoolObj                  
2000ab2d  __aeabi_dsub                          
2000ab37  __aeabi_dadd                          
2000ace3  __aeabi_idiv0                         
2000ace3  __aeabi_ldiv0                         
2000ace5  _SlDrvDriverCBInit                    
2000b0b5  Timer_IF_Init                         
2000b0e7  Timer_IF_IntSetup                     
2000b133  Timer_IF_InterruptClear               
2000b14b  Timer_IF_Start                        
2000b16b  Timer_IF_Stop                         
2000b17b  Timer_IF_DeInit                       
2000b195  Timer_IF_ReLoad                       
2000b1ad  Timer_IF_GetCount                     
2000b1cd  _SlDrvWaitForPoolObj                  
2000b35d  sl_Connect                            
2000b4e9  PinMuxConfig                          
2000b671  PRCMCC3200MCUInit                     
2000b959  _SlDrvDataWriteOp                     
2000baa9  spi_Open                              
2000bd35  sl_NetAppDnsGetHostByName             
2000be79  sl_SendTo                             
2000c0f9  sl_RecvFrom                           
2000c235  __aeabi_ddiv                          
2000c36d  __localtime32                         
2000c36d  localtime                             
2000c4a1  sl_Send                               
2000c5d5  _SlDrvDriverCBDeinit                  
2000c825  _SlDrvNetAppEventHandler              
2000c929  aligned_alloc                         
2000c929  memalign                              
2000ca29  __aeabi_dmul                          
2000cb25  sl_Start                              
2000cc15  sl_Stop                               
2000cd05  spi_Read                              
2000cdf5  uDMAChannelTransferSet                
2000cfcd  _SlDrvMsgReadSpawnCtx                 
2000d0b5  free                                  
2000d199  realloc                               
2000d27d  sl_NetAppMDNSRegisterUnregisterService
2000d43d  ldexp                                 
2000d43d  ldexpl                                
2000d43d  scalbn                                
2000d43d  scalbnl                               
2000d50d  _sl_HandleAsync_DnsGetHostByService   
2000d5d9  sl_DevGet                             
2000d769  _SlDrvCmdOp                           
2000d8dd  _SlNonOsSemGet                        
2000d98d  IntDisable                            
2000da35  IntEnable                             
2000dadd  _SlDriverHandleError                  
2000db81  SPIConfigSetExpClk                    
2000dc21  sl_Recv                               
2000dcc1  __aeabi_memcpy                        
2000dcc1  __aeabi_memcpy4                       
2000dcc1  __aeabi_memcpy8                       
2000dcc1  memcpy                                
2000dd5d  _SlDrvDeviceEventHandler              
2000ddf9  sl_DevSet                             
2000de91  sl_NetCfgSet                          
2000df29  sl_SetSockOpt                         
2000dfc1  sl_WlanSet                            
2000e059  spi_Write                             
2000e0f1  __aeabi_uldivmod                      
2000e189  PRCMPeripheralClockGet                
2000e21d  _sl_HandleAsync_DnsGetHostByName      
2000e2ad  _sl_HandleAsync_PingResponse          
2000e33d  sl_WlanPolicySet                      
2000e4e5  _SlDrvIsTimeoutExpired                
2000e571  _sl_HandleAsync_InitComplete          
2000e5fd  sl_Socket                             
2000e689  PinConfigSet                          
2000e711  __aeabi_cdcmpeq                       
2000e711  __aeabi_cdcmple                       
2000e797  __aeabi_cdrcmple                      
2000e81d  I2CMasterInitExpClk                   
2000e8a1  NwpPowerOnPreamble                    
2000e925  sl_WlanRxFilterSet                    
2000e9a9  GPIOIntTypeSet                        
2000ea2d  _sl_HandleAsync_Connect               
2000ebad  __aeabi_memclr                        
2000ebad  __aeabi_memclr4                       
2000ebad  __aeabi_memclr8                       
2000ebaf  __aeabi_memset                        
2000ebaf  __aeabi_memset4                       
2000ebaf  __aeabi_memset8                       
2000ebb5  memset                                
2000ec29  spi_Close                             
2000eca1  UARTConfigSetExpClk                   
2000ed19  _SlNonOsMainLoopTask                  
2000ed8d  TimerIntRegister                      
2000eedb  __aeabi_ldivmod                       
2000ef49  _SlDrvCmdSend                         
2000efb5  _sl_NetAppSendTokenValue              
2000f021  TimerIntUnregister                    
2000f089  __TI_decompress_lzss                  
2000f0f1  _SlNonOsSpawn                         
2000f155  _sl_HandleAsync_Accept                
2000f1b9  sl_NetAppMDNSUnRegisterService        
2000f21d  uDMAChannelAttributeDisable           
2000f281  uDMAChannelAttributeEnable            
2000f2e5  sl_Close                              
2000f345  sl_WlanProfileDel                     
2000f3a5  sl_WlanSetMode                        
2000f405  frexp                                 
2000f405  frexpl                                
2000f461  IntPendClear                          
2000f4b9  PRCMPeripheralReset                   
2000f569  IntPrioritySet                        
2000f5bd  _SlDrvRxIrqHandler                    
2000f611  __TI_ltoa                             
2000f665  _sl_HandleAsync_Select                
2000f70d  _sl_HandleAsync_Stop                  
2000f75d  SPIIntEnable                          
2000f7f5  _SlDrvProtectAsyncRespSetting         
2000f88d  atoi                                  
2000f8d9  snprintf                              
2000f925  uDMAChannelAssign                     
2000f9b9  SPIIntClear                           
2000fa01  _SlDrvBasicCmd                        
2000fa49  __aeabi_d2iz                          
2000fad5  TimerConfigure                        
2000fb19  _SlDrvHandleHttpServerEvents          
2000fb5d  _SlDrvSyncObjWaitTimeout              
2000fba1  __TI_auto_init_nobinit_nopinit        
2000fc29  __aeabi_d2uiz                         
2000fc6d  sl_Htonl                              
2000fcb1  PinModeSet                            
2000fcf1  _SlDrvHandleNetAppEvents              
2000fd31  _SlDrvHandleWlanEvents                
2000fdb1  __aeabi_uidiv                         
2000fdb1  __aeabi_uidivmod                      
2000fdf1  sprintf                               
2000fe31  vsnprintf                             
2000fe71  NwpRegisterInterruptHandler           
2000ff29  PRCMPeripheralClkEnable               
2000ff65  simplelink_timerA2_start              
2000ffa1  sl_Htons                              
2000ffdd  uDMAChannelControlSet                 
20010019  NwpPowerOff                           
20010051  __gmtime32                            
20010051  gmtime                                
20010089  sl_WlanDisconnect                     
200100c1  GPIODirModeSet                        
200100f7  TimerControlLevel                     
2001012d  NwpPowerOn                            
20010161  PRCMPeripheralStatusGet               
20010195  SPIFIFOLevelSet                       
200101c9  PinTypeGPIO                           
200101f9  UARTDisable                           
20010289  __aeabi_i2d                           
200102b7  I2CMasterErr                          
200102e5  PRCMSysResetCauseGet                  
2001033d  _SlDrvProtectionObjLockWaitForever    
20010369  TimerLoadSet                          
20010393  TimerMatchSet                         
200103bd  TimerPrescaleSet                      
200103e9  PRCMPeripheralClkDisable              
20010411  _SlDrvGlobalObjUnLock                 
20010439  _SlDrvProtectionObjUnLock             
20010461  _SlDrvSyncObjWaitForever              
200104b1  memmove                               
200104d9  _SlDrvObjLockWaitForever              
200104ff  sl_Provisioning_HttpServerEventHdl    
2001050d  sl_Provisioning_NetAppEventHdl        
20010519  sl_Provisioning_WlanEventHdl          
20010525  DmaSpiSwIntHandler                    
20010549  IntUnregister                         
2001056d  UARTEnable                            
20010591  _c_int00_noargs                       
200105b5  GPIOIntStatus                         
200105d7  I2CMasterSlaveAddrSet                 
200105f9  SPIReset                              
2001061b  SPIWordCountSet                       
2001063d  GPIOPinWrite                          
2001065d  IntRegister                           
2001067d  NwpPrePowerOffTimout0                 
2001069d  SPIDataGet                            
200106bd  TimerGetCurrentTimestamp              
200106dd  _SlDrvObjUnLock                       
200106fd  _SlDrvSyncObjSignal                   
2001071d  __aeabi_ui2d                          
2001073d  GPIOIntRegister                       
2001075b  I2CMasterIntStatusEx                  
20010779  SPIDataPut                            
20010797  TimerDisable                          
200107b5  TimerEnable                           
200107d3  TimerIntStatus                        
200107f1  UARTCharPut                           
2001082d  PinTypeI2C                            
20010849  SysTickIntRegister                    
20010865  TimerValueGet                         
20010881  UARTCharGetNonBlocking                
2001089d  _SlDrvStartMeasureTimeout             
200108d5  memccpy                               
200108f1  uDMAChannelEnable                     
2001090d  GPIOIntEnable                         
20010927  PinTypeSPI                            
20010941  PinTypeTimer                          
2001095b  PinTypeUART                           
20010975  SPIDmaDisable                         
2001098f  SPIDmaEnable                          
200109a9  SPIFIFODisable                        
200109c3  SPIFIFOEnable                         
200109dd  SPIIntUnregister                      
200109f7  GPIOPinRead                           
20010a0f  I2CMasterIntEnableEx                  
20010a27  SPICSDisable                          
20010a3f  SPICSEnable                           
20010a57  SPIDisable                            
20010a6f  SPIEnable                             
20010a89  SysTickPeriodSet                      
20010aa1  TimerIntDisable                       
20010ab9  TimerIntEnable                        
20010ad1  UARTCharsAvail                        
20010ae9  _SlNonOsSemSet                        
20010b61  __aeabi_lmul                          
20010b79  I2CMasterDataPut                      
20010b8f  I2CMasterEnable                       
20010ba5  I2CMasterIntClear                     
20010bbb  PRCMHIBRegRead                        
20010bd1  PRCMHIBRegWrite                       
20010be7  _SlDrvMemZero                         
20010bfd  strchr                                
20010c13  CPUcpsie                              
20010c27  GPIOIntClear                          
20010c3d  IntVTableBaseSet                      
20010c51  strcpy                                
20010c65  strlen                                
20010c79  I2CMasterControl                      
20010c8b  I2CMasterTimeoutSet                   
20010c9d  TimerIntClear                         
20010caf  wcslen                                
20010cc1  SysTickEnable                         
20010cd1  SysTickIntEnable                      
20010ce1  _SlDrvDispatchHttpServerEvents        
20010cf1  I2CMasterDataGet                      
20010cff  _SlDrvResetCmdExt                     
20010d0d  __TI_decompress_none                  
20010d1b  ResetISR                              
20010d29  NwpMaskInterrupt                      
20010d35  NwpUnMaskInterrupt                    
20010d41  SysTickValueGet                       
20010d4d  copysign                              
20010d4d  copysignl                             
20010d59  __TI_zero_init                        
20010d65  IntMasterEnable                       
20010d79  __aeabi_errno_addr                    
20010d81  malloc                                
20010d89  UtilsDelay                            
20010d8f  _system_pre_init                      
20010d93  C$$EXIT                               
20010d93  abort                                 
20011293  _ctypes_                              
20011670  OpcodeTranslateTable                  
200116ac  _SlActionLookupTable                  
20011858  temp                                  
2001187a  _SlNetAppSendTokenValueCmdCtrl        
200118c0  __TI_static_base__                    
20011994  __TI_Handler_Table_Base               
200119a0  __TI_Handler_Table_Limit              
200119a8  __TI_CINIT_Base                       
200119b8  __TI_CINIT_Limit                      
20017000  __start___llvm_prf_cnts               
20017000  __stop___llvm_prf_cnts                
20017000  _sys_memory                           
2001f000  send_data                             
2001f368  data                                  
2001f428  dataBuffer                            
2001f4e8  g_ucDinDout                           
2001f538  endTime                               
2001f564  startTime                             
2001f590  g_ucConnectionSSID                    
2001f5b4  g_app_config                          
2001f5bc  g_ucConnectionBSSID                   
2001f5c8  g_Host                                
2001f5cc  g_port                                
2001f5d0  RxIrqCnt                              
2001f5d1  g_bDeviceRestartIsRequired            
2001f5d2  g_cDummy                              
2001f5d3  g_ucLED1Pin                           
2001f5d4  g_ucLED2Pin                           
2001f5d5  g_ucLED3Pin                           
2001f5d8  systick_expired                       
2001f5e0  systick_wrapped                       
2001f5e8  ulsystick_delta_us                    
2001f5f0  cnt                                   
2001f5f4  PIN61_intcount                        
2001f5f8  PIN61_intflag                         
2001f5fc  print                                 
2001f600  print_cnt                             
2001f608  start_counting_flag                   
2001f610  second_count                          
2001f614  second_2                              
2001f618  msg_count                             
2001f61c  loop                                  
2001f620  same                                  
2001f624  tap                                   
2001f628  first_press                           
2001f62c  delete                                
2001f630  msg_cnt                               
2001f634  c                                     
2001f638  out                                   
2001f63c  count                                 
2001f640  start                                 
2001f644  color                                 
2001f648  send_flag                             
2001f64c  stop                                  
2001f650  hours                                 
2001f654  minutes                               
2001f658  seconds                               
2001f65c  y                                     
2001f660  hchange                               
2001f664  mchange                               
2001f668  stop_timer                            
2001f66c  timerA1_cnt                           
2001f670  pulse                                 
2001f674  distance_cm                           
2001f678  num_away                              
2001f67c  same_away                             
2001f680  first                                 
2001f684  cfont                                 
2001f688  cback                                 
2001f68c  font                                  
2001f690  back                                  
2001f694  time_mode                             
2001f698  num_break                             
2001f69c  echowait                              
2001f6a0  currentBrightness                     
2001f6a4  g__SlNonOsCB                          
2001f6e0  study_print                           
2001f72c  x                                     
2001f74c  cursor_x                              
2001f750  cursor_y                              
2001f754  textsize                              
2001f758  textcolor                             
2001f75c  textbgcolor                           
2001f760  wrap                                  
2001f761  hchar                                 
2001f778  _tz                                   
2001f788  g_SlDeviceStatus                      
2001f78c  g_pCB                                 
2001f790  pPingCallBackFunc                     
2001f795  mchar                                 
2001f798  g_uiLED1Port                          
2001f79c  g_uiLED2Port                          
2001f7a0  g_uiLED3Port                          
2001f7a4  g_ulStatus                            
2001f7a8  g_ulPingPacketsRecv                   
2001f7ac  g_ulGatewayIP                         
2001f7b0  break_print                           
2001f7bc  g_SpiFd                               
2001f7c0  g_pHostIntHdl                         
2001f7c4  g_ucDMAEnabled                        
2001f7c5  schar                                 
2001f7c8  _lock                                 
2001f7cc  _unlock                               
2001f7e0  msg                                   
2001f7e8  errno                                 
2002f000  __stack                               
20030000  __STACK_END                           
ffffffff  __TI_pprof_out_hndl                   
ffffffff  __TI_prof_data_size                   
ffffffff  __TI_prof_data_start                  
ffffffff  __binit__                             
ffffffff  __c_args__                            
ffffffff  binit                                 
UNDEFED   __mpu_init                            
UNDEFED   _system_post_cinit                    

[463 symbols]
