<?xml version="1.0" encoding="ISO-8859-1" ?>
<link_info>
   <banner>TI ARM Linker PC v20.2.7.LTS</banner>
   <copyright>Copyright (c) 1996-2018 Texas Instruments Incorporated</copyright>
   <link_time>0x665d8286</link_time>
   <link_errors>0x0</link_errors>
   <output_file>final-aws.out</output_file>
   <entry_point>
      <name>_c_int00_noargs</name>
      <address>0x2000d469</address>
   </entry_point>
   <input_file_list>
      <input_file id="fl-2">
         <path>.\</path>
         <kind>object</kind>
         <file>Adafruit_GFX.obj</file>
         <name>Adafruit_GFX.obj</name>
      </input_file>
      <input_file id="fl-3">
         <path>.\</path>
         <kind>object</kind>
         <file>Adafruit_OLED.obj</file>
         <name>Adafruit_OLED.obj</name>
      </input_file>
      <input_file id="fl-4">
         <path>.\</path>
         <kind>object</kind>
         <file>gpio_if.obj</file>
         <name>gpio_if.obj</name>
      </input_file>
      <input_file id="fl-5">
         <path>.\</path>
         <kind>object</kind>
         <file>main.obj</file>
         <name>main.obj</name>
      </input_file>
      <input_file id="fl-6">
         <path>.\</path>
         <kind>object</kind>
         <file>network_common.obj</file>
         <name>network_common.obj</name>
      </input_file>
      <input_file id="fl-7">
         <path>.\</path>
         <kind>object</kind>
         <file>oled_test.obj</file>
         <name>oled_test.obj</name>
      </input_file>
      <input_file id="fl-8">
         <path>.\</path>
         <kind>object</kind>
         <file>pinmux.obj</file>
         <name>pinmux.obj</name>
      </input_file>
      <input_file id="fl-9">
         <path>.\</path>
         <kind>object</kind>
         <file>startup_ccs.obj</file>
         <name>startup_ccs.obj</name>
      </input_file>
      <input_file id="fl-a">
         <path>.\</path>
         <kind>object</kind>
         <file>uart_if.obj</file>
         <name>uart_if.obj</name>
      </input_file>
      <input_file id="fl-b">
         <path>.\utils\</path>
         <kind>object</kind>
         <file>network_utils.obj</file>
         <name>network_utils.obj</name>
      </input_file>
      <input_file id="fl-11">
         <kind>object</kind>
         <file>&lt;internal&gt;</file>
         <name>&lt;internal&gt;</name>
      </input_file>
      <input_file id="fl-12">
         <path>C:\Users\phpng\ti\cc3200-sdk\simplelink\ccs\NON_OS_debug\</path>
         <kind>archive</kind>
         <file>simplelink.a</file>
         <name>device.obj</name>
      </input_file>
      <input_file id="fl-13">
         <path>C:\Users\phpng\ti\cc3200-sdk\simplelink\ccs\NON_OS_debug\</path>
         <kind>archive</kind>
         <file>simplelink.a</file>
         <name>driver.obj</name>
      </input_file>
      <input_file id="fl-14">
         <path>C:\Users\phpng\ti\cc3200-sdk\simplelink\ccs\NON_OS_debug\</path>
         <kind>archive</kind>
         <file>simplelink.a</file>
         <name>netapp.obj</name>
      </input_file>
      <input_file id="fl-15">
         <path>C:\Users\phpng\ti\cc3200-sdk\simplelink\ccs\NON_OS_debug\</path>
         <kind>archive</kind>
         <file>simplelink.a</file>
         <name>netcfg.obj</name>
      </input_file>
      <input_file id="fl-16">
         <path>C:\Users\phpng\ti\cc3200-sdk\simplelink\ccs\NON_OS_debug\</path>
         <kind>archive</kind>
         <file>simplelink.a</file>
         <name>nonos.obj</name>
      </input_file>
      <input_file id="fl-17">
         <path>C:\Users\phpng\ti\cc3200-sdk\simplelink\ccs\NON_OS_debug\</path>
         <kind>archive</kind>
         <file>simplelink.a</file>
         <name>socket.obj</name>
      </input_file>
      <input_file id="fl-18">
         <path>C:\Users\phpng\ti\cc3200-sdk\simplelink\ccs\NON_OS_debug\</path>
         <kind>archive</kind>
         <file>simplelink.a</file>
         <name>wlan.obj</name>
      </input_file>
      <input_file id="fl-19">
         <path>C:\Users\phpng\ti\cc3200-sdk\simplelink\ccs\NON_OS_debug\</path>
         <kind>archive</kind>
         <file>simplelink.a</file>
         <name>cc_pal.obj</name>
      </input_file>
      <input_file id="fl-1a">
         <path>C:\Users\phpng\ti\cc3200-sdk\driverlib\ccs\Release\</path>
         <kind>archive</kind>
         <file>driverlib.a</file>
         <name>gpio.obj</name>
      </input_file>
      <input_file id="fl-1b">
         <path>C:\Users\phpng\ti\cc3200-sdk\driverlib\ccs\Release\</path>
         <kind>archive</kind>
         <file>driverlib.a</file>
         <name>interrupt.obj</name>
      </input_file>
      <input_file id="fl-1c">
         <path>C:\Users\phpng\ti\cc3200-sdk\driverlib\ccs\Release\</path>
         <kind>archive</kind>
         <file>driverlib.a</file>
         <name>pin.obj</name>
      </input_file>
      <input_file id="fl-1d">
         <path>C:\Users\phpng\ti\cc3200-sdk\driverlib\ccs\Release\</path>
         <kind>archive</kind>
         <file>driverlib.a</file>
         <name>prcm.obj</name>
      </input_file>
      <input_file id="fl-1e">
         <path>C:\Users\phpng\ti\cc3200-sdk\driverlib\ccs\Release\</path>
         <kind>archive</kind>
         <file>driverlib.a</file>
         <name>spi.obj</name>
      </input_file>
      <input_file id="fl-1f">
         <path>C:\Users\phpng\ti\cc3200-sdk\driverlib\ccs\Release\</path>
         <kind>archive</kind>
         <file>driverlib.a</file>
         <name>timer.obj</name>
      </input_file>
      <input_file id="fl-20">
         <path>C:\Users\phpng\ti\cc3200-sdk\driverlib\ccs\Release\</path>
         <kind>archive</kind>
         <file>driverlib.a</file>
         <name>uart.obj</name>
      </input_file>
      <input_file id="fl-21">
         <path>C:\Users\phpng\ti\cc3200-sdk\driverlib\ccs\Release\</path>
         <kind>archive</kind>
         <file>driverlib.a</file>
         <name>udma.obj</name>
      </input_file>
      <input_file id="fl-22">
         <path>C:\Users\phpng\ti\cc3200-sdk\driverlib\ccs\Release\</path>
         <kind>archive</kind>
         <file>driverlib.a</file>
         <name>utils.obj</name>
      </input_file>
      <input_file id="fl-23">
         <path>C:\Users\phpng\ti\cc3200-sdk\driverlib\ccs\Release\</path>
         <kind>archive</kind>
         <file>driverlib.a</file>
         <name>cpu.obj</name>
      </input_file>
      <input_file id="fl-24">
         <path>C:\Users\phpng\ti\cc3200-sdk\driverlib\ccs\Release\</path>
         <kind>archive</kind>
         <file>driverlib.a</file>
         <name>flash.obj</name>
      </input_file>
      <input_file id="fl-da">
         <path>C:\Users\phpng\ti\cc1250\ccs\tools\compiler\ti-cgt-arm_20.2.7.LTS\lib\</path>
         <kind>archive</kind>
         <file>rtsv7M4_T_le_eabi.lib</file>
         <name>sprintf.c.obj</name>
      </input_file>
      <input_file id="fl-db">
         <path>C:\Users\phpng\ti\cc1250\ccs\tools\compiler\ti-cgt-arm_20.2.7.LTS\lib\</path>
         <kind>archive</kind>
         <file>rtsv7M4_T_le_eabi.lib</file>
         <name>vsnprintf.c.obj</name>
      </input_file>
      <input_file id="fl-dc">
         <path>C:\Users\phpng\ti\cc1250\ccs\tools\compiler\ti-cgt-arm_20.2.7.LTS\lib\</path>
         <kind>archive</kind>
         <file>rtsv7M4_T_le_eabi.lib</file>
         <name>memcpy_t2.asm.obj</name>
      </input_file>
      <input_file id="fl-dd">
         <path>C:\Users\phpng\ti\cc1250\ccs\tools\compiler\ti-cgt-arm_20.2.7.LTS\lib\</path>
         <kind>archive</kind>
         <file>rtsv7M4_T_le_eabi.lib</file>
         <name>memset_t2.asm.obj</name>
      </input_file>
      <input_file id="fl-de">
         <path>C:\Users\phpng\ti\cc1250\ccs\tools\compiler\ti-cgt-arm_20.2.7.LTS\lib\</path>
         <kind>archive</kind>
         <file>rtsv7M4_T_le_eabi.lib</file>
         <name>ull_div_t2.asm.obj</name>
      </input_file>
      <input_file id="fl-df">
         <path>C:\Users\phpng\ti\cc1250\ccs\tools\compiler\ti-cgt-arm_20.2.7.LTS\lib\</path>
         <kind>archive</kind>
         <file>rtsv7M4_T_le_eabi.lib</file>
         <name>copy_zero_init.c.obj</name>
      </input_file>
      <input_file id="fl-e0">
         <path>C:\Users\phpng\ti\cc1250\ccs\tools\compiler\ti-cgt-arm_20.2.7.LTS\lib\</path>
         <kind>archive</kind>
         <file>rtsv7M4_T_le_eabi.lib</file>
         <name>copy_decompress_none.c.obj</name>
      </input_file>
      <input_file id="fl-e1">
         <path>C:\Users\phpng\ti\cc1250\ccs\tools\compiler\ti-cgt-arm_20.2.7.LTS\lib\</path>
         <kind>archive</kind>
         <file>rtsv7M4_T_le_eabi.lib</file>
         <name>copy_decompress_lzss.c.obj</name>
      </input_file>
      <input_file id="fl-e2">
         <path>C:\Users\phpng\ti\cc1250\ccs\tools\compiler\ti-cgt-arm_20.2.7.LTS\lib\</path>
         <kind>archive</kind>
         <file>rtsv7M4_T_le_eabi.lib</file>
         <name>gmtime.c.obj</name>
      </input_file>
      <input_file id="fl-e3">
         <path>C:\Users\phpng\ti\cc1250\ccs\tools\compiler\ti-cgt-arm_20.2.7.LTS\lib\</path>
         <kind>archive</kind>
         <file>rtsv7M4_T_le_eabi.lib</file>
         <name>localtim.c.obj</name>
      </input_file>
      <input_file id="fl-e4">
         <path>C:\Users\phpng\ti\cc1250\ccs\tools\compiler\ti-cgt-arm_20.2.7.LTS\lib\</path>
         <kind>archive</kind>
         <file>rtsv7M4_T_le_eabi.lib</file>
         <name>memmov.c.obj</name>
      </input_file>
      <input_file id="fl-e5">
         <path>C:\Users\phpng\ti\cc1250\ccs\tools\compiler\ti-cgt-arm_20.2.7.LTS\lib\</path>
         <kind>archive</kind>
         <file>rtsv7M4_T_le_eabi.lib</file>
         <name>memory.c.obj</name>
      </input_file>
      <input_file id="fl-e6">
         <path>C:\Users\phpng\ti\cc1250\ccs\tools\compiler\ti-cgt-arm_20.2.7.LTS\lib\</path>
         <kind>archive</kind>
         <file>rtsv7M4_T_le_eabi.lib</file>
         <name>mktime.c.obj</name>
      </input_file>
      <input_file id="fl-e7">
         <path>C:\Users\phpng\ti\cc1250\ccs\tools\compiler\ti-cgt-arm_20.2.7.LTS\lib\</path>
         <kind>archive</kind>
         <file>rtsv7M4_T_le_eabi.lib</file>
         <name>strcpy.c.obj</name>
      </input_file>
      <input_file id="fl-e8">
         <path>C:\Users\phpng\ti\cc1250\ccs\tools\compiler\ti-cgt-arm_20.2.7.LTS\lib\</path>
         <kind>archive</kind>
         <file>rtsv7M4_T_le_eabi.lib</file>
         <name>strlen.c.obj</name>
      </input_file>
      <input_file id="fl-e9">
         <path>C:\Users\phpng\ti\cc1250\ccs\tools\compiler\ti-cgt-arm_20.2.7.LTS\lib\</path>
         <kind>archive</kind>
         <file>rtsv7M4_T_le_eabi.lib</file>
         <name>tmzone.c.obj</name>
      </input_file>
      <input_file id="fl-ea">
         <path>C:\Users\phpng\ti\cc1250\ccs\tools\compiler\ti-cgt-arm_20.2.7.LTS\lib\</path>
         <kind>archive</kind>
         <file>rtsv7M4_T_le_eabi.lib</file>
         <name>boot_cortex_m.c.obj</name>
      </input_file>
      <input_file id="fl-eb">
         <path>C:\Users\phpng\ti\cc1250\ccs\tools\compiler\ti-cgt-arm_20.2.7.LTS\lib\</path>
         <kind>archive</kind>
         <file>rtsv7M4_T_le_eabi.lib</file>
         <name>_printfi.c.obj</name>
      </input_file>
      <input_file id="fl-ec">
         <path>C:\Users\phpng\ti\cc1250\ccs\tools\compiler\ti-cgt-arm_20.2.7.LTS\lib\</path>
         <kind>archive</kind>
         <file>rtsv7M4_T_le_eabi.lib</file>
         <name>div0.asm.obj</name>
      </input_file>
      <input_file id="fl-ed">
         <path>C:\Users\phpng\ti\cc1250\ccs\tools\compiler\ti-cgt-arm_20.2.7.LTS\lib\</path>
         <kind>archive</kind>
         <file>rtsv7M4_T_le_eabi.lib</file>
         <name>fd_add_t2.asm.obj</name>
      </input_file>
      <input_file id="fl-ee">
         <path>C:\Users\phpng\ti\cc1250\ccs\tools\compiler\ti-cgt-arm_20.2.7.LTS\lib\</path>
         <kind>archive</kind>
         <file>rtsv7M4_T_le_eabi.lib</file>
         <name>fd_cmp_t2.asm.obj</name>
      </input_file>
      <input_file id="fl-ef">
         <path>C:\Users\phpng\ti\cc1250\ccs\tools\compiler\ti-cgt-arm_20.2.7.LTS\lib\</path>
         <kind>archive</kind>
         <file>rtsv7M4_T_le_eabi.lib</file>
         <name>fd_div_t2.asm.obj</name>
      </input_file>
      <input_file id="fl-f0">
         <path>C:\Users\phpng\ti\cc1250\ccs\tools\compiler\ti-cgt-arm_20.2.7.LTS\lib\</path>
         <kind>archive</kind>
         <file>rtsv7M4_T_le_eabi.lib</file>
         <name>fd_mul_t2.asm.obj</name>
      </input_file>
      <input_file id="fl-f1">
         <path>C:\Users\phpng\ti\cc1250\ccs\tools\compiler\ti-cgt-arm_20.2.7.LTS\lib\</path>
         <kind>archive</kind>
         <file>rtsv7M4_T_le_eabi.lib</file>
         <name>fd_toi_t2.asm.obj</name>
      </input_file>
      <input_file id="fl-f2">
         <path>C:\Users\phpng\ti\cc1250\ccs\tools\compiler\ti-cgt-arm_20.2.7.LTS\lib\</path>
         <kind>archive</kind>
         <file>rtsv7M4_T_le_eabi.lib</file>
         <name>i_tofd_t2.asm.obj</name>
      </input_file>
      <input_file id="fl-f3">
         <path>C:\Users\phpng\ti\cc1250\ccs\tools\compiler\ti-cgt-arm_20.2.7.LTS\lib\</path>
         <kind>archive</kind>
         <file>rtsv7M4_T_le_eabi.lib</file>
         <name>u_divt2.asm.obj</name>
      </input_file>
      <input_file id="fl-f4">
         <path>C:\Users\phpng\ti\cc1250\ccs\tools\compiler\ti-cgt-arm_20.2.7.LTS\lib\</path>
         <kind>archive</kind>
         <file>rtsv7M4_T_le_eabi.lib</file>
         <name>ll_div_t2.asm.obj</name>
      </input_file>
      <input_file id="fl-f5">
         <path>C:\Users\phpng\ti\cc1250\ccs\tools\compiler\ti-cgt-arm_20.2.7.LTS\lib\</path>
         <kind>archive</kind>
         <file>rtsv7M4_T_le_eabi.lib</file>
         <name>autoinit.c.obj</name>
      </input_file>
      <input_file id="fl-f6">
         <path>C:\Users\phpng\ti\cc1250\ccs\tools\compiler\ti-cgt-arm_20.2.7.LTS\lib\</path>
         <kind>archive</kind>
         <file>rtsv7M4_T_le_eabi.lib</file>
         <name>pre_init.c.obj</name>
      </input_file>
      <input_file id="fl-f7">
         <path>C:\Users\phpng\ti\cc1250\ccs\tools\compiler\ti-cgt-arm_20.2.7.LTS\lib\</path>
         <kind>archive</kind>
         <file>rtsv7M4_T_le_eabi.lib</file>
         <name>cpy_tbl.c.obj</name>
      </input_file>
      <input_file id="fl-f8">
         <path>C:\Users\phpng\ti\cc1250\ccs\tools\compiler\ti-cgt-arm_20.2.7.LTS\lib\</path>
         <kind>archive</kind>
         <file>rtsv7M4_T_le_eabi.lib</file>
         <name>exit.c.obj</name>
      </input_file>
      <input_file id="fl-f9">
         <path>C:\Users\phpng\ti\cc1250\ccs\tools\compiler\ti-cgt-arm_20.2.7.LTS\lib\</path>
         <kind>archive</kind>
         <file>rtsv7M4_T_le_eabi.lib</file>
         <name>_lock.c.obj</name>
      </input_file>
      <input_file id="fl-fa">
         <path>C:\Users\phpng\ti\cc1250\ccs\tools\compiler\ti-cgt-arm_20.2.7.LTS\lib\</path>
         <kind>archive</kind>
         <file>rtsv7M4_T_le_eabi.lib</file>
         <name>_ltoa.c.obj</name>
      </input_file>
      <input_file id="fl-fb">
         <path>C:\Users\phpng\ti\cc1250\ccs\tools\compiler\ti-cgt-arm_20.2.7.LTS\lib\</path>
         <kind>archive</kind>
         <file>rtsv7M4_T_le_eabi.lib</file>
         <name>args_main.c.obj</name>
      </input_file>
      <input_file id="fl-fc">
         <path>C:\Users\phpng\ti\cc1250\ccs\tools\compiler\ti-cgt-arm_20.2.7.LTS\lib\</path>
         <kind>archive</kind>
         <file>rtsv7M4_T_le_eabi.lib</file>
         <name>atoi.c.obj</name>
      </input_file>
      <input_file id="fl-fd">
         <path>C:\Users\phpng\ti\cc1250\ccs\tools\compiler\ti-cgt-arm_20.2.7.LTS\lib\</path>
         <kind>archive</kind>
         <file>rtsv7M4_T_le_eabi.lib</file>
         <name>ctype.c.obj</name>
      </input_file>
      <input_file id="fl-fe">
         <path>C:\Users\phpng\ti\cc1250\ccs\tools\compiler\ti-cgt-arm_20.2.7.LTS\lib\</path>
         <kind>archive</kind>
         <file>rtsv7M4_T_le_eabi.lib</file>
         <name>memccpy.c.obj</name>
      </input_file>
      <input_file id="fl-ff">
         <path>C:\Users\phpng\ti\cc1250\ccs\tools\compiler\ti-cgt-arm_20.2.7.LTS\lib\</path>
         <kind>archive</kind>
         <file>rtsv7M4_T_le_eabi.lib</file>
         <name>strchr.c.obj</name>
      </input_file>
      <input_file id="fl-100">
         <path>C:\Users\phpng\ti\cc1250\ccs\tools\compiler\ti-cgt-arm_20.2.7.LTS\lib\</path>
         <kind>archive</kind>
         <file>rtsv7M4_T_le_eabi.lib</file>
         <name>errno.c.obj</name>
      </input_file>
      <input_file id="fl-101">
         <path>C:\Users\phpng\ti\cc1250\ccs\tools\compiler\ti-cgt-arm_20.2.7.LTS\lib\</path>
         <kind>archive</kind>
         <file>rtsv7M4_T_le_eabi.lib</file>
         <name>wcslen.c.obj</name>
      </input_file>
      <input_file id="fl-102">
         <path>C:\Users\phpng\ti\cc1250\ccs\tools\compiler\ti-cgt-arm_20.2.7.LTS\lib\</path>
         <kind>archive</kind>
         <file>rtsv7M4_T_le_eabi.lib</file>
         <name>s_frexp.c.obj</name>
      </input_file>
      <input_file id="fl-103">
         <path>C:\Users\phpng\ti\cc1250\ccs\tools\compiler\ti-cgt-arm_20.2.7.LTS\lib\</path>
         <kind>archive</kind>
         <file>rtsv7M4_T_le_eabi.lib</file>
         <name>s_scalbn.c.obj</name>
      </input_file>
      <input_file id="fl-104">
         <path>C:\Users\phpng\ti\cc1250\ccs\tools\compiler\ti-cgt-arm_20.2.7.LTS\lib\</path>
         <kind>archive</kind>
         <file>rtsv7M4_T_le_eabi.lib</file>
         <name>s_copysign.c.obj</name>
      </input_file>
   </input_file_list>
   <object_component_list>
      <object_component id="oc-12">
         <name>.intvecs</name>
         <load_address>0x20004000</load_address>
         <run_address>0x20004000</run_address>
         <size>0x400</size>
         <input_file_ref idref="fl-9"/>
      </object_component>
      <object_component id="oc-119">
         <name>.text</name>
         <load_address>0x20004400</load_address>
         <run_address>0x20004400</run_address>
         <size>0xecc</size>
         <input_file_ref idref="fl-b"/>
      </object_component>
      <object_component id="oc-361">
         <name>.text:__TI_printfi</name>
         <load_address>0x200052cc</load_address>
         <run_address>0x200052cc</run_address>
         <size>0xa4e</size>
         <input_file_ref idref="fl-eb"/>
      </object_component>
      <object_component id="oc-736">
         <name>.text:IntDefaultHandler</name>
         <load_address>0x20005d1a</load_address>
         <run_address>0x20005d1a</run_address>
         <size>0x2</size>
         <input_file_ref idref="fl-1b"/>
      </object_component>
      <object_component id="oc-97">
         <name>.text</name>
         <load_address>0x20005d1c</load_address>
         <run_address>0x20005d1c</run_address>
         <size>0x764</size>
         <input_file_ref idref="fl-5"/>
      </object_component>
      <object_component id="oc-662">
         <name>.text:_SlDrvMsgRead</name>
         <load_address>0x20006480</load_address>
         <run_address>0x20006480</run_address>
         <size>0x590</size>
         <input_file_ref idref="fl-13"/>
      </object_component>
      <object_component id="oc-141">
         <name>.text</name>
         <load_address>0x20006a10</load_address>
         <run_address>0x20006a10</run_address>
         <size>0x398</size>
         <input_file_ref idref="fl-4"/>
      </object_component>
      <object_component id="oc-45b">
         <name>.text:__mktime32</name>
         <load_address>0x20006da8</load_address>
         <run_address>0x20006da8</run_address>
         <size>0x2a0</size>
         <input_file_ref idref="fl-e6"/>
      </object_component>
      <object_component id="oc-2e1">
         <name>.text:sl_WlanConnect</name>
         <load_address>0x20007048</load_address>
         <run_address>0x20007048</run_address>
         <size>0x280</size>
         <input_file_ref idref="fl-18"/>
      </object_component>
      <object_component id="oc-107">
         <name>.text</name>
         <load_address>0x200072c8</load_address>
         <run_address>0x200072c8</run_address>
         <size>0x27c</size>
         <input_file_ref idref="fl-a"/>
      </object_component>
      <object_component id="oc-5e7">
         <name>.text:_pconv_a</name>
         <load_address>0x20007544</load_address>
         <run_address>0x20007544</run_address>
         <size>0x268</size>
         <input_file_ref idref="fl-eb"/>
      </object_component>
      <object_component id="oc-802">
         <name>.text:_SlDrvRxHdrRead</name>
         <load_address>0x200077ac</load_address>
         <run_address>0x200077ac</run_address>
         <size>0x248</size>
         <input_file_ref idref="fl-13"/>
      </object_component>
      <object_component id="oc-20f">
         <name>.text:_SlDrvDataReadOp</name>
         <load_address>0x200079f4</load_address>
         <run_address>0x200079f4</run_address>
         <size>0x1e4</size>
         <input_file_ref idref="fl-13"/>
      </object_component>
      <object_component id="oc-31a">
         <name>.text:_SlDrvReleasePoolObj</name>
         <load_address>0x20007bd8</load_address>
         <run_address>0x20007bd8</run_address>
         <size>0x1d0</size>
         <input_file_ref idref="fl-13"/>
      </object_component>
      <object_component id="oc-5d5">
         <name>.text:_pconv_g</name>
         <load_address>0x20007da8</load_address>
         <run_address>0x20007da8</run_address>
         <size>0x1cc</size>
         <input_file_ref idref="fl-eb"/>
      </object_component>
      <object_component id="oc-786">
         <name>.text</name>
         <load_address>0x20007f74</load_address>
         <run_address>0x20007f74</run_address>
         <size>0x1b6</size>
         <input_file_ref idref="fl-ed"/>
      </object_component>
      <object_component id="oc-62c">
         <name>.text:_nop</name>
         <load_address>0x2000812a</load_address>
         <run_address>0x2000812a</run_address>
         <size>0x2</size>
         <input_file_ref idref="fl-f9"/>
      </object_component>
      <object_component id="oc-4df">
         <name>.text:_SlDrvDriverCBInit</name>
         <load_address>0x2000812c</load_address>
         <run_address>0x2000812c</run_address>
         <size>0x1b4</size>
         <input_file_ref idref="fl-13"/>
      </object_component>
      <object_component id="oc-3f4">
         <name>.text:_SlDrvMsgWrite</name>
         <load_address>0x200082e0</load_address>
         <run_address>0x200082e0</run_address>
         <size>0x19c</size>
         <input_file_ref idref="fl-13"/>
      </object_component>
      <object_component id="oc-441">
         <name>.text:_SlDrvWaitForPoolObj</name>
         <load_address>0x2000847c</load_address>
         <run_address>0x2000847c</run_address>
         <size>0x190</size>
         <input_file_ref idref="fl-13"/>
      </object_component>
      <object_component id="oc-2f8">
         <name>.text:sl_Connect</name>
         <load_address>0x2000860c</load_address>
         <run_address>0x2000860c</run_address>
         <size>0x18c</size>
         <input_file_ref idref="fl-17"/>
      </object_component>
      <object_component id="oc-d7">
         <name>.text:PRCMCC3200MCUInit</name>
         <load_address>0x20008798</load_address>
         <run_address>0x20008798</run_address>
         <size>0x178</size>
         <input_file_ref idref="fl-1d"/>
      </object_component>
      <object_component id="oc-814">
         <name>.text:_SlFindAndSetActiveObj</name>
         <load_address>0x20008910</load_address>
         <run_address>0x20008910</run_address>
         <size>0x170</size>
         <input_file_ref idref="fl-13"/>
      </object_component>
      <object_component id="oc-1fc">
         <name>.text:_SlDrvDataWriteOp</name>
         <load_address>0x20008a80</load_address>
         <run_address>0x20008a80</run_address>
         <size>0x150</size>
         <input_file_ref idref="fl-13"/>
      </object_component>
      <object_component id="oc-4e5">
         <name>.text:spi_Open</name>
         <load_address>0x20008bd0</load_address>
         <run_address>0x20008bd0</run_address>
         <size>0x148</size>
         <input_file_ref idref="fl-19"/>
      </object_component>
      <object_component id="oc-3fa">
         <name>.text:_SlDrvMsgReadCmdCtx</name>
         <load_address>0x20008d18</load_address>
         <run_address>0x20008d18</run_address>
         <size>0x144</size>
         <input_file_ref idref="fl-13"/>
      </object_component>
      <object_component id="oc-2ec">
         <name>.text:sl_NetAppDnsGetHostByName</name>
         <load_address>0x20008e5c</load_address>
         <run_address>0x20008e5c</run_address>
         <size>0x144</size>
         <input_file_ref idref="fl-14"/>
      </object_component>
      <object_component id="oc-ef">
         <name>.text:sl_SendTo</name>
         <load_address>0x20008fa0</load_address>
         <run_address>0x20008fa0</run_address>
         <size>0x144</size>
         <input_file_ref idref="fl-17"/>
      </object_component>
      <object_component id="oc-5e1">
         <name>.text:_pconv_e</name>
         <load_address>0x200090e4</load_address>
         <run_address>0x200090e4</run_address>
         <size>0x13c</size>
         <input_file_ref idref="fl-eb"/>
      </object_component>
      <object_component id="oc-fb">
         <name>.text:sl_RecvFrom</name>
         <load_address>0x20009220</load_address>
         <run_address>0x20009220</run_address>
         <size>0x13c</size>
         <input_file_ref idref="fl-17"/>
      </object_component>
      <object_component id="oc-76c">
         <name>.text</name>
         <load_address>0x2000935c</load_address>
         <run_address>0x2000935c</run_address>
         <size>0x136</size>
         <input_file_ref idref="fl-ef"/>
      </object_component>
      <object_component id="oc-695">
         <name>.text</name>
         <load_address>0x20009492</load_address>
         <run_address>0x20009492</run_address>
         <size>0x2</size>
         <input_file_ref idref="fl-ec"/>
      </object_component>
      <object_component id="oc-219">
         <name>.text:__localtime32</name>
         <load_address>0x20009494</load_address>
         <run_address>0x20009494</run_address>
         <size>0x134</size>
         <input_file_ref idref="fl-e3"/>
      </object_component>
      <object_component id="oc-13b">
         <name>.text:sl_Send</name>
         <load_address>0x200095c8</load_address>
         <run_address>0x200095c8</run_address>
         <size>0x134</size>
         <input_file_ref idref="fl-17"/>
      </object_component>
      <object_component id="oc-338">
         <name>.text:_SlDrvDriverCBDeinit</name>
         <load_address>0x200096fc</load_address>
         <run_address>0x200096fc</run_address>
         <size>0x130</size>
         <input_file_ref idref="fl-13"/>
      </object_component>
      <object_component id="oc-798">
         <name>.text:fcvt</name>
         <load_address>0x2000982c</load_address>
         <run_address>0x2000982c</run_address>
         <size>0x120</size>
         <input_file_ref idref="fl-eb"/>
      </object_component>
      <object_component id="oc-8b2">
         <name>.text:_SlDrvNetAppEventHandler</name>
         <load_address>0x2000994c</load_address>
         <run_address>0x2000994c</run_address>
         <size>0x104</size>
         <input_file_ref idref="fl-14"/>
      </object_component>
      <object_component id="oc-49f">
         <name>.text:aligned_alloc</name>
         <load_address>0x20009a50</load_address>
         <run_address>0x20009a50</run_address>
         <size>0x100</size>
         <input_file_ref idref="fl-e5"/>
      </object_component>
      <object_component id="oc-767">
         <name>.text</name>
         <load_address>0x20009b50</load_address>
         <run_address>0x20009b50</run_address>
         <size>0xfc</size>
         <input_file_ref idref="fl-f0"/>
      </object_component>
      <object_component id="oc-298">
         <name>.text:sl_Start</name>
         <load_address>0x20009c4c</load_address>
         <run_address>0x20009c4c</run_address>
         <size>0xf0</size>
         <input_file_ref idref="fl-12"/>
      </object_component>
      <object_component id="oc-11f">
         <name>.text:sl_Stop</name>
         <load_address>0x20009d3c</load_address>
         <run_address>0x20009d3c</run_address>
         <size>0xf0</size>
         <input_file_ref idref="fl-12"/>
      </object_component>
      <object_component id="oc-80e">
         <name>.text:spi_Read</name>
         <load_address>0x20009e2c</load_address>
         <run_address>0x20009e2c</run_address>
         <size>0xf0</size>
         <input_file_ref idref="fl-19"/>
      </object_component>
      <object_component id="oc-907">
         <name>.text:uDMAChannelTransferSet</name>
         <load_address>0x20009f1c</load_address>
         <run_address>0x20009f1c</run_address>
         <size>0xf0</size>
         <input_file_ref idref="fl-21"/>
      </object_component>
      <object_component id="oc-668">
         <name>.text:_SlAsyncEventGenericHandler</name>
         <load_address>0x2000a00c</load_address>
         <run_address>0x2000a00c</run_address>
         <size>0xe8</size>
         <input_file_ref idref="fl-13"/>
      </object_component>
      <object_component id="oc-675">
         <name>.text:_SlDrvMsgReadSpawnCtx</name>
         <load_address>0x2000a0f4</load_address>
         <run_address>0x2000a0f4</run_address>
         <size>0xe8</size>
         <input_file_ref idref="fl-13"/>
      </object_component>
      <object_component id="oc-25f">
         <name>.text:free</name>
         <load_address>0x2000a1dc</load_address>
         <run_address>0x2000a1dc</run_address>
         <size>0xe4</size>
         <input_file_ref idref="fl-e5"/>
      </object_component>
      <object_component id="oc-259">
         <name>.text:realloc</name>
         <load_address>0x2000a2c0</load_address>
         <run_address>0x2000a2c0</run_address>
         <size>0xe4</size>
         <input_file_ref idref="fl-e5"/>
      </object_component>
      <object_component id="oc-52e">
         <name>.text:sl_NetAppMDNSRegisterUnregisterService</name>
         <load_address>0x2000a3a4</load_address>
         <run_address>0x2000a3a4</run_address>
         <size>0xe4</size>
         <input_file_ref idref="fl-14"/>
      </object_component>
      <object_component id="oc-808">
         <name>.text:_SlDrvClassifyRxMsg</name>
         <load_address>0x2000a488</load_address>
         <run_address>0x2000a488</run_address>
         <size>0xdc</size>
         <input_file_ref idref="fl-13"/>
      </object_component>
      <object_component id="oc-7ac">
         <name>.text:scalbn</name>
         <load_address>0x2000a564</load_address>
         <run_address>0x2000a564</run_address>
         <size>0xd0</size>
         <input_file_ref idref="fl-103"/>
      </object_component>
      <object_component id="oc-932">
         <name>.text:_sl_HandleAsync_DnsGetHostByService</name>
         <load_address>0x2000a634</load_address>
         <run_address>0x2000a634</run_address>
         <size>0xcc</size>
         <input_file_ref idref="fl-14"/>
      </object_component>
      <object_component id="oc-2aa">
         <name>.text:sl_DevGet</name>
         <load_address>0x2000a700</load_address>
         <run_address>0x2000a700</run_address>
         <size>0xcc</size>
         <input_file_ref idref="fl-12"/>
      </object_component>
      <object_component id="oc-55d">
         <name>.text:_SlRemoveFromList</name>
         <load_address>0x2000a7cc</load_address>
         <run_address>0x2000a7cc</run_address>
         <size>0xc4</size>
         <input_file_ref idref="fl-13"/>
      </object_component>
      <object_component id="oc-1cd">
         <name>.text:_SlDrvCmdOp</name>
         <load_address>0x2000a890</load_address>
         <run_address>0x2000a890</run_address>
         <size>0xc0</size>
         <input_file_ref idref="fl-13"/>
      </object_component>
      <object_component id="oc-5ca">
         <name>.text:_ltostr</name>
         <load_address>0x2000a950</load_address>
         <run_address>0x2000a950</run_address>
         <size>0xb1</size>
         <input_file_ref idref="fl-eb"/>
      </object_component>
      <object_component id="oc-42a">
         <name>.text:_SlNonOsSemGet</name>
         <load_address>0x2000aa04</load_address>
         <run_address>0x2000aa04</run_address>
         <size>0xb0</size>
         <input_file_ref idref="fl-16"/>
      </object_component>
      <object_component id="oc-56a">
         <name>.text:IntDisable</name>
         <load_address>0x2000aab4</load_address>
         <run_address>0x2000aab4</run_address>
         <size>0xa8</size>
         <input_file_ref idref="fl-1b"/>
      </object_component>
      <object_component id="oc-d1">
         <name>.text:IntEnable</name>
         <load_address>0x2000ab5c</load_address>
         <run_address>0x2000ab5c</run_address>
         <size>0xa8</size>
         <input_file_ref idref="fl-1b"/>
      </object_component>
      <object_component id="oc-556">
         <name>.text:_SlDriverHandleError</name>
         <load_address>0x2000ac04</load_address>
         <run_address>0x2000ac04</run_address>
         <size>0xa4</size>
         <input_file_ref idref="fl-13"/>
      </object_component>
      <object_component id="oc-6c6">
         <name>.text:SPIConfigSetExpClk</name>
         <load_address>0x2000aca8</load_address>
         <run_address>0x2000aca8</run_address>
         <size>0xa0</size>
         <input_file_ref idref="fl-1e"/>
      </object_component>
      <object_component id="oc-147">
         <name>.text:sl_Recv</name>
         <load_address>0x2000ad48</load_address>
         <run_address>0x2000ad48</run_address>
         <size>0xa0</size>
         <input_file_ref idref="fl-17"/>
      </object_component>
      <object_component id="oc-3d">
         <name>.text</name>
         <load_address>0x2000ade8</load_address>
         <run_address>0x2000ade8</run_address>
         <size>0x9c</size>
         <input_file_ref idref="fl-dc"/>
      </object_component>
      <object_component id="oc-918">
         <name>.text:_SlDrvDeviceEventHandler</name>
         <load_address>0x2000ae84</load_address>
         <run_address>0x2000ae84</run_address>
         <size>0x9a</size>
         <input_file_ref idref="fl-12"/>
      </object_component>
      <object_component id="oc-10d">
         <name>.text:sl_DevSet</name>
         <load_address>0x2000af20</load_address>
         <run_address>0x2000af20</run_address>
         <size>0x98</size>
         <input_file_ref idref="fl-12"/>
      </object_component>
      <object_component id="oc-2c2">
         <name>.text:sl_NetCfgSet</name>
         <load_address>0x2000afb8</load_address>
         <run_address>0x2000afb8</run_address>
         <size>0x98</size>
         <input_file_ref idref="fl-15"/>
      </object_component>
      <object_component id="oc-2f2">
         <name>.text:sl_SetSockOpt</name>
         <load_address>0x2000b050</load_address>
         <run_address>0x2000b050</run_address>
         <size>0x98</size>
         <input_file_ref idref="fl-17"/>
      </object_component>
      <object_component id="oc-2c8">
         <name>.text:sl_WlanSet</name>
         <load_address>0x2000b0e8</load_address>
         <run_address>0x2000b0e8</run_address>
         <size>0x98</size>
         <input_file_ref idref="fl-18"/>
      </object_component>
      <object_component id="oc-658">
         <name>.text:spi_Write</name>
         <load_address>0x2000b180</load_address>
         <run_address>0x2000b180</run_address>
         <size>0x98</size>
         <input_file_ref idref="fl-19"/>
      </object_component>
      <object_component id="oc-760">
         <name>.text</name>
         <load_address>0x2000b218</load_address>
         <run_address>0x2000b218</run_address>
         <size>0x96</size>
         <input_file_ref idref="fl-de"/>
      </object_component>
      <object_component id="oc-229">
         <name>.text:PRCMPeripheralClockGet</name>
         <load_address>0x2000b2b0</load_address>
         <run_address>0x2000b2b0</run_address>
         <size>0x94</size>
         <input_file_ref idref="fl-1d"/>
      </object_component>
      <object_component id="oc-92c">
         <name>.text:_sl_HandleAsync_DnsGetHostByName</name>
         <load_address>0x2000b344</load_address>
         <run_address>0x2000b344</run_address>
         <size>0x90</size>
         <input_file_ref idref="fl-14"/>
      </object_component>
      <object_component id="oc-8b8">
         <name>.text:_sl_HandleAsync_PingResponse</name>
         <load_address>0x2000b3d4</load_address>
         <run_address>0x2000b3d4</run_address>
         <size>0x90</size>
         <input_file_ref idref="fl-14"/>
      </object_component>
      <object_component id="oc-2b0">
         <name>.text:sl_WlanPolicySet</name>
         <load_address>0x2000b464</load_address>
         <run_address>0x2000b464</run_address>
         <size>0x90</size>
         <input_file_ref idref="fl-18"/>
      </object_component>
      <object_component id="oc-8bf">
         <name>.text:SetupDMAReceive</name>
         <load_address>0x2000b4f4</load_address>
         <run_address>0x2000b4f4</run_address>
         <size>0x8c</size>
         <input_file_ref idref="fl-19"/>
      </object_component>
      <object_component id="oc-7e7">
         <name>.text:SetupDMASend</name>
         <load_address>0x2000b580</load_address>
         <run_address>0x2000b580</run_address>
         <size>0x8c</size>
         <input_file_ref idref="fl-19"/>
      </object_component>
      <object_component id="oc-686">
         <name>.text:_SlDrvIsTimeoutExpired</name>
         <load_address>0x2000b60c</load_address>
         <run_address>0x2000b60c</run_address>
         <size>0x8c</size>
         <input_file_ref idref="fl-13"/>
      </object_component>
      <object_component id="oc-98b">
         <name>.text:_sl_HandleAsync_InitComplete</name>
         <load_address>0x2000b698</load_address>
         <run_address>0x2000b698</run_address>
         <size>0x8c</size>
         <input_file_ref idref="fl-12"/>
      </object_component>
      <object_component id="oc-dd">
         <name>.text:sl_Socket</name>
         <load_address>0x2000b724</load_address>
         <run_address>0x2000b724</run_address>
         <size>0x8c</size>
         <input_file_ref idref="fl-17"/>
      </object_component>
      <object_component id="oc-4c8">
         <name>.text:PinConfigSet</name>
         <load_address>0x2000b7b0</load_address>
         <run_address>0x2000b7b0</run_address>
         <size>0x88</size>
         <input_file_ref idref="fl-1c"/>
      </object_component>
      <object_component id="oc-5d0">
         <name>.text:__aeabi_cdcmple</name>
         <load_address>0x2000b838</load_address>
         <run_address>0x2000b838</run_address>
         <size>0x86</size>
         <input_file_ref idref="fl-ee"/>
      </object_component>
      <object_component id="oc-771">
         <name>.text:__aeabi_cdrcmple</name>
         <load_address>0x2000b8be</load_address>
         <run_address>0x2000b8be</run_address>
         <size>0x86</size>
         <input_file_ref idref="fl-ee"/>
      </object_component>
      <object_component id="oc-4d9">
         <name>.text:NwpPowerOnPreamble</name>
         <load_address>0x2000b944</load_address>
         <run_address>0x2000b944</run_address>
         <size>0x84</size>
         <input_file_ref idref="fl-19"/>
      </object_component>
      <object_component id="oc-2d7">
         <name>.text:sl_WlanRxFilterSet</name>
         <load_address>0x2000b9c8</load_address>
         <run_address>0x2000b9c8</run_address>
         <size>0x84</size>
         <input_file_ref idref="fl-18"/>
      </object_component>
      <object_component id="oc-379">
         <name>.text:GPIOIntTypeSet</name>
         <load_address>0x2000ba4c</load_address>
         <run_address>0x2000ba4c</run_address>
         <size>0x82</size>
         <input_file_ref idref="fl-1a"/>
      </object_component>
      <object_component id="oc-954">
         <name>.text:_sl_HandleAsync_Connect</name>
         <load_address>0x2000bad0</load_address>
         <run_address>0x2000bad0</run_address>
         <size>0x80</size>
         <input_file_ref idref="fl-17"/>
      </object_component>
      <object_component id="oc-8c5">
         <name>.text:spi_Read_CPU</name>
         <load_address>0x2000bb50</load_address>
         <run_address>0x2000bb50</run_address>
         <size>0x80</size>
         <input_file_ref idref="fl-19"/>
      </object_component>
      <object_component id="oc-7f9">
         <name>.text:spi_Write_CPU</name>
         <load_address>0x2000bbd0</load_address>
         <run_address>0x2000bbd0</run_address>
         <size>0x80</size>
         <input_file_ref idref="fl-19"/>
      </object_component>
      <object_component id="oc-8b">
         <name>.text</name>
         <load_address>0x2000bc50</load_address>
         <run_address>0x2000bc50</run_address>
         <size>0x7a</size>
         <input_file_ref idref="fl-dd"/>
      </object_component>
      <object_component id="oc-332">
         <name>.text:spi_Close</name>
         <load_address>0x2000bccc</load_address>
         <run_address>0x2000bccc</run_address>
         <size>0x78</size>
         <input_file_ref idref="fl-19"/>
      </object_component>
      <object_component id="oc-22f">
         <name>.text:UARTConfigSetExpClk</name>
         <load_address>0x2000bd44</load_address>
         <run_address>0x2000bd44</run_address>
         <size>0x76</size>
         <input_file_ref idref="fl-20"/>
      </object_component>
      <object_component id="oc-29e">
         <name>.text:_SlNonOsMainLoopTask</name>
         <load_address>0x2000bdbc</load_address>
         <run_address>0x2000bdbc</run_address>
         <size>0x74</size>
         <input_file_ref idref="fl-16"/>
      </object_component>
      <object_component id="oc-4ac">
         <name>.text:split</name>
         <load_address>0x2000be30</load_address>
         <run_address>0x2000be30</run_address>
         <size>0x70</size>
         <input_file_ref idref="fl-e5"/>
      </object_component>
      <object_component id="oc-791">
         <name>.text:_mcpy</name>
         <load_address>0x2000bea0</load_address>
         <run_address>0x2000bea0</run_address>
         <size>0x6e</size>
         <input_file_ref idref="fl-eb"/>
      </object_component>
      <object_component id="oc-69b">
         <name>.text</name>
         <load_address>0x2000bf0e</load_address>
         <run_address>0x2000bf0e</run_address>
         <size>0x6e</size>
         <input_file_ref idref="fl-f4"/>
      </object_component>
      <object_component id="oc-9a3">
         <name>.text:_SlDrvCmdSend</name>
         <load_address>0x2000bf7c</load_address>
         <run_address>0x2000bf7c</run_address>
         <size>0x6c</size>
         <input_file_ref idref="fl-13"/>
      </object_component>
      <object_component id="oc-93e">
         <name>.text:_sl_NetAppSendTokenValue</name>
         <load_address>0x2000bfe8</load_address>
         <run_address>0x2000bfe8</run_address>
         <size>0x6c</size>
         <input_file_ref idref="fl-14"/>
      </object_component>
      <object_component id="oc-15">
         <name>.text:decompress:lzss:__TI_decompress_lzss</name>
         <load_address>0x2000c054</load_address>
         <run_address>0x2000c054</run_address>
         <size>0x68</size>
         <input_file_ref idref="fl-e1"/>
      </object_component>
      <object_component id="oc-66e">
         <name>.text:_SlNonOsSpawn</name>
         <load_address>0x2000c0bc</load_address>
         <run_address>0x2000c0bc</run_address>
         <size>0x64</size>
         <input_file_ref idref="fl-16"/>
      </object_component>
      <object_component id="oc-94e">
         <name>.text:_sl_HandleAsync_Accept</name>
         <load_address>0x2000c120</load_address>
         <run_address>0x2000c120</run_address>
         <size>0x64</size>
         <input_file_ref idref="fl-17"/>
      </object_component>
      <object_component id="oc-2ce">
         <name>.text:sl_NetAppMDNSUnRegisterService</name>
         <load_address>0x2000c184</load_address>
         <run_address>0x2000c184</run_address>
         <size>0x64</size>
         <input_file_ref idref="fl-14"/>
      </object_component>
      <object_component id="oc-842">
         <name>.text:uDMAChannelAttributeDisable</name>
         <load_address>0x2000c1e8</load_address>
         <run_address>0x2000c1e8</run_address>
         <size>0x64</size>
         <input_file_ref idref="fl-21"/>
      </object_component>
      <object_component id="oc-901">
         <name>.text:uDMAChannelAttributeEnable</name>
         <load_address>0x2000c24c</load_address>
         <run_address>0x2000c24c</run_address>
         <size>0x64</size>
         <input_file_ref idref="fl-21"/>
      </object_component>
      <object_component id="oc-f5">
         <name>.text:sl_Close</name>
         <load_address>0x2000c2b0</load_address>
         <run_address>0x2000c2b0</run_address>
         <size>0x60</size>
         <input_file_ref idref="fl-17"/>
      </object_component>
      <object_component id="oc-2b6">
         <name>.text:sl_WlanProfileDel</name>
         <load_address>0x2000c310</load_address>
         <run_address>0x2000c310</run_address>
         <size>0x60</size>
         <input_file_ref idref="fl-18"/>
      </object_component>
      <object_component id="oc-2a4">
         <name>.text:sl_WlanSetMode</name>
         <load_address>0x2000c370</load_address>
         <run_address>0x2000c370</run_address>
         <size>0x60</size>
         <input_file_ref idref="fl-18"/>
      </object_component>
      <object_component id="oc-7a6">
         <name>.text:frexp</name>
         <load_address>0x2000c3d0</load_address>
         <run_address>0x2000c3d0</run_address>
         <size>0x5c</size>
         <input_file_ref idref="fl-102"/>
      </object_component>
      <object_component id="oc-576">
         <name>.text:IntPendClear</name>
         <load_address>0x2000c42c</load_address>
         <run_address>0x2000c42c</run_address>
         <size>0x58</size>
         <input_file_ref idref="fl-1b"/>
      </object_component>
      <object_component id="oc-1c0">
         <name>.text:PRCMPeripheralReset</name>
         <load_address>0x2000c484</load_address>
         <run_address>0x2000c484</run_address>
         <size>0x58</size>
         <input_file_ref idref="fl-1d"/>
      </object_component>
      <object_component id="oc-113">
         <name>.text</name>
         <load_address>0x2000c4dc</load_address>
         <run_address>0x2000c4dc</run_address>
         <size>0x58</size>
         <input_file_ref idref="fl-8"/>
      </object_component>
      <object_component id="oc-5db">
         <name>.text:_pconv_f</name>
         <load_address>0x2000c534</load_address>
         <run_address>0x2000c534</run_address>
         <size>0x56</size>
         <input_file_ref idref="fl-eb"/>
      </object_component>
      <object_component id="oc-37f">
         <name>.text:IntPrioritySet</name>
         <load_address>0x2000c58c</load_address>
         <run_address>0x2000c58c</run_address>
         <size>0x54</size>
         <input_file_ref idref="fl-1b"/>
      </object_component>
      <object_component id="oc-4f7">
         <name>.text:_SlDrvRxIrqHandler</name>
         <load_address>0x2000c5e0</load_address>
         <run_address>0x2000c5e0</run_address>
         <size>0x54</size>
         <input_file_ref idref="fl-13"/>
      </object_component>
      <object_component id="oc-77b">
         <name>.text:__TI_ltoa</name>
         <load_address>0x2000c634</load_address>
         <run_address>0x2000c634</run_address>
         <size>0x54</size>
         <input_file_ref idref="fl-fa"/>
      </object_component>
      <object_component id="oc-95a">
         <name>.text:_sl_HandleAsync_Select</name>
         <load_address>0x2000c688</load_address>
         <run_address>0x2000c688</run_address>
         <size>0x54</size>
         <input_file_ref idref="fl-17"/>
      </object_component>
      <object_component id="oc-78b">
         <name>.text:_ecpy</name>
         <load_address>0x2000c6dc</load_address>
         <run_address>0x2000c6dc</run_address>
         <size>0x52</size>
         <input_file_ref idref="fl-eb"/>
      </object_component>
      <object_component id="oc-960">
         <name>.text:_sl_HandleAsync_Stop</name>
         <load_address>0x2000c730</load_address>
         <run_address>0x2000c730</run_address>
         <size>0x50</size>
         <input_file_ref idref="fl-12"/>
      </object_component>
      <object_component id="oc-6ea">
         <name>.text:SPIIntEnable</name>
         <load_address>0x2000c780</load_address>
         <run_address>0x2000c780</run_address>
         <size>0x4c</size>
         <input_file_ref idref="fl-1e"/>
      </object_component>
      <object_component id="oc-74a">
         <name>.text:SPIIntNumberGet</name>
         <load_address>0x2000c7cc</load_address>
         <run_address>0x2000c7cc</run_address>
         <size>0x4c</size>
         <input_file_ref idref="fl-1e"/>
      </object_component>
      <object_component id="oc-30e">
         <name>.text:_SlDrvProtectAsyncRespSetting</name>
         <load_address>0x2000c818</load_address>
         <run_address>0x2000c818</run_address>
         <size>0x4c</size>
         <input_file_ref idref="fl-13"/>
      </object_component>
      <object_component id="oc-1f6">
         <name>.text:_sl_BuildAddress</name>
         <load_address>0x2000c864</load_address>
         <run_address>0x2000c864</run_address>
         <size>0x4c</size>
         <input_file_ref idref="fl-17"/>
      </object_component>
      <object_component id="oc-5c4">
         <name>.text:atoi</name>
         <load_address>0x2000c8b0</load_address>
         <run_address>0x2000c8b0</run_address>
         <size>0x4c</size>
         <input_file_ref idref="fl-fc"/>
      </object_component>
      <object_component id="oc-83c">
         <name>.text:uDMAChannelAssign</name>
         <load_address>0x2000c8fc</load_address>
         <run_address>0x2000c8fc</run_address>
         <size>0x4c</size>
         <input_file_ref idref="fl-21"/>
      </object_component>
      <object_component id="oc-616">
         <name>.text:GPIOGetIntNumber</name>
         <load_address>0x2000c948</load_address>
         <run_address>0x2000c948</run_address>
         <size>0x48</size>
         <input_file_ref idref="fl-1a"/>
      </object_component>
      <object_component id="oc-854">
         <name>.text:SPIIntClear</name>
         <load_address>0x2000c990</load_address>
         <run_address>0x2000c990</run_address>
         <size>0x48</size>
         <input_file_ref idref="fl-1e"/>
      </object_component>
      <object_component id="oc-519">
         <name>.text:_SlDrvBasicCmd</name>
         <load_address>0x2000c9d8</load_address>
         <run_address>0x2000c9d8</run_address>
         <size>0x48</size>
         <input_file_ref idref="fl-13"/>
      </object_component>
      <object_component id="oc-776">
         <name>.text</name>
         <load_address>0x2000ca20</load_address>
         <run_address>0x2000ca20</run_address>
         <size>0x48</size>
         <input_file_ref idref="fl-f1"/>
      </object_component>
      <object_component id="oc-84c">
         <name>.text:SPIDmaMaskGet</name>
         <load_address>0x2000ca68</load_address>
         <run_address>0x2000ca68</run_address>
         <size>0x44</size>
         <input_file_ref idref="fl-1e"/>
      </object_component>
      <object_component id="oc-968">
         <name>.text:TimerConfigure</name>
         <load_address>0x2000caac</load_address>
         <run_address>0x2000caac</run_address>
         <size>0x44</size>
         <input_file_ref idref="fl-1f"/>
      </object_component>
      <object_component id="oc-99c">
         <name>.text:_SlDrvHandleHttpServerEvents</name>
         <load_address>0x2000caf0</load_address>
         <run_address>0x2000caf0</run_address>
         <size>0x44</size>
         <input_file_ref idref="fl-13"/>
      </object_component>
      <object_component id="oc-314">
         <name>.text:_SlDrvSyncObjWaitTimeout</name>
         <load_address>0x2000cb34</load_address>
         <run_address>0x2000cb34</run_address>
         <size>0x44</size>
         <input_file_ref idref="fl-13"/>
      </object_component>
      <object_component id="oc-165">
         <name>.text:__TI_auto_init_nobinit_nopinit:__TI_auto_init_nobinit_nopinit</name>
         <load_address>0x2000cb78</load_address>
         <run_address>0x2000cb78</run_address>
         <size>0x44</size>
         <input_file_ref idref="fl-f5"/>
      </object_component>
      <object_component id="oc-89e">
         <name>.text:cc_SetupTransfer</name>
         <load_address>0x2000cbbc</load_address>
         <run_address>0x2000cbbc</run_address>
         <size>0x44</size>
         <input_file_ref idref="fl-19"/>
      </object_component>
      <object_component id="oc-e9">
         <name>.text:sl_Htonl</name>
         <load_address>0x2000cc00</load_address>
         <run_address>0x2000cc00</run_address>
         <size>0x42</size>
         <input_file_ref idref="fl-17"/>
      </object_component>
      <object_component id="oc-4ce">
         <name>.text:PinModeSet</name>
         <load_address>0x2000cc44</load_address>
         <run_address>0x2000cc44</run_address>
         <size>0x40</size>
         <input_file_ref idref="fl-1c"/>
      </object_component>
      <object_component id="oc-924">
         <name>.text:_SlDrvHandleNetAppEvents</name>
         <load_address>0x2000cc84</load_address>
         <run_address>0x2000cc84</run_address>
         <size>0x40</size>
         <input_file_ref idref="fl-13"/>
      </object_component>
      <object_component id="oc-91e">
         <name>.text:_SlDrvHandleWlanEvents</name>
         <load_address>0x2000ccc4</load_address>
         <run_address>0x2000ccc4</run_address>
         <size>0x40</size>
         <input_file_ref idref="fl-13"/>
      </object_component>
      <object_component id="oc-1f0">
         <name>.text:_sl_TruncatePayloadByProtocol</name>
         <load_address>0x2000cd04</load_address>
         <run_address>0x2000cd04</run_address>
         <size>0x40</size>
         <input_file_ref idref="fl-17"/>
      </object_component>
      <object_component id="oc-456">
         <name>.text</name>
         <load_address>0x2000cd44</load_address>
         <run_address>0x2000cd44</run_address>
         <size>0x40</size>
         <input_file_ref idref="fl-f3"/>
      </object_component>
      <object_component id="oc-135">
         <name>.text:sprintf</name>
         <load_address>0x2000cd84</load_address>
         <run_address>0x2000cd84</run_address>
         <size>0x40</size>
         <input_file_ref idref="fl-da"/>
      </object_component>
      <object_component id="oc-23b">
         <name>.text:vsnprintf</name>
         <load_address>0x2000cdc4</load_address>
         <run_address>0x2000cdc4</run_address>
         <size>0x40</size>
         <input_file_ref idref="fl-db"/>
      </object_component>
      <object_component id="oc-320">
         <name>.text:NwpRegisterInterruptHandler</name>
         <load_address>0x2000ce04</load_address>
         <run_address>0x2000ce04</run_address>
         <size>0x3e</size>
         <input_file_ref idref="fl-19"/>
      </object_component>
      <object_component id="oc-79e">
         <name>.text:_fcpy</name>
         <load_address>0x2000ce42</load_address>
         <run_address>0x2000ce42</run_address>
         <size>0x3e</size>
         <input_file_ref idref="fl-eb"/>
      </object_component>
      <object_component id="oc-945">
         <name>.text:CopyPingResultsToReport</name>
         <load_address>0x2000ce80</load_address>
         <run_address>0x2000ce80</run_address>
         <size>0x3c</size>
         <input_file_ref idref="fl-14"/>
      </object_component>
      <object_component id="oc-1ba">
         <name>.text:PRCMPeripheralClkEnable</name>
         <load_address>0x2000cebc</load_address>
         <run_address>0x2000cebc</run_address>
         <size>0x3c</size>
         <input_file_ref idref="fl-1d"/>
      </object_component>
      <object_component id="oc-8d2">
         <name>.text:simplelink_timerA2_start</name>
         <load_address>0x2000cef8</load_address>
         <run_address>0x2000cef8</run_address>
         <size>0x3c</size>
         <input_file_ref idref="fl-19"/>
      </object_component>
      <object_component id="oc-e3">
         <name>.text:sl_Htons</name>
         <load_address>0x2000cf34</load_address>
         <run_address>0x2000cf34</run_address>
         <size>0x3c</size>
         <input_file_ref idref="fl-17"/>
      </object_component>
      <object_component id="oc-8fb">
         <name>.text:uDMAChannelControlSet</name>
         <load_address>0x2000cf70</load_address>
         <run_address>0x2000cf70</run_address>
         <size>0x3c</size>
         <input_file_ref idref="fl-21"/>
      </object_component>
      <object_component id="oc-32c">
         <name>.text:NwpPowerOff</name>
         <load_address>0x2000cfac</load_address>
         <run_address>0x2000cfac</run_address>
         <size>0x38</size>
         <input_file_ref idref="fl-19"/>
      </object_component>
      <object_component id="oc-101">
         <name>.text:__gmtime32</name>
         <load_address>0x2000cfe4</load_address>
         <run_address>0x2000cfe4</run_address>
         <size>0x38</size>
         <input_file_ref idref="fl-e2"/>
      </object_component>
      <object_component id="oc-2bc">
         <name>.text:sl_WlanDisconnect</name>
         <load_address>0x2000d01c</load_address>
         <run_address>0x2000d01c</run_address>
         <size>0x38</size>
         <input_file_ref idref="fl-18"/>
      </object_component>
      <object_component id="oc-284">
         <name>.text:GPIODirModeSet</name>
         <load_address>0x2000d054</load_address>
         <run_address>0x2000d054</run_address>
         <size>0x36</size>
         <input_file_ref idref="fl-1a"/>
      </object_component>
      <object_component id="oc-4eb">
         <name>.text:NwpPowerOn</name>
         <load_address>0x2000d08c</load_address>
         <run_address>0x2000d08c</run_address>
         <size>0x34</size>
         <input_file_ref idref="fl-19"/>
      </object_component>
      <object_component id="oc-6cc">
         <name>.text:PRCMPeripheralStatusGet</name>
         <load_address>0x2000d0c0</load_address>
         <run_address>0x2000d0c0</run_address>
         <size>0x34</size>
         <input_file_ref idref="fl-1d"/>
      </object_component>
      <object_component id="oc-6e4">
         <name>.text:SPIFIFOLevelSet</name>
         <load_address>0x2000d0f4</load_address>
         <run_address>0x2000d0f4</run_address>
         <size>0x34</size>
         <input_file_ref idref="fl-1e"/>
      </object_component>
      <object_component id="oc-27e">
         <name>.text:PinTypeGPIO</name>
         <load_address>0x2000d128</load_address>
         <run_address>0x2000d128</run_address>
         <size>0x30</size>
         <input_file_ref idref="fl-1c"/>
      </object_component>
      <object_component id="oc-475">
         <name>.text:UARTDisable</name>
         <load_address>0x2000d158</load_address>
         <run_address>0x2000d158</run_address>
         <size>0x30</size>
         <input_file_ref idref="fl-20"/>
      </object_component>
      <object_component id="oc-483">
         <name>.text:_outs</name>
         <load_address>0x2000d188</load_address>
         <run_address>0x2000d188</run_address>
         <size>0x30</size>
         <input_file_ref idref="fl-db"/>
      </object_component>
      <object_component id="oc-781">
         <name>.text</name>
         <load_address>0x2000d1b8</load_address>
         <run_address>0x2000d1b8</run_address>
         <size>0x2e</size>
         <input_file_ref idref="fl-f2"/>
      </object_component>
      <object_component id="oc-1a8">
         <name>.text:PRCMSysResetCauseGet</name>
         <load_address>0x2000d1e8</load_address>
         <run_address>0x2000d1e8</run_address>
         <size>0x2c</size>
         <input_file_ref idref="fl-1d"/>
      </object_component>
      <object_component id="oc-3e8">
         <name>.text:_SlDrvObjGlobalLockWaitForever</name>
         <load_address>0x2000d214</load_address>
         <run_address>0x2000d214</run_address>
         <size>0x2c</size>
         <input_file_ref idref="fl-13"/>
      </object_component>
      <object_component id="oc-447">
         <name>.text:_SlDrvProtectionObjLockWaitForever</name>
         <load_address>0x2000d240</load_address>
         <run_address>0x2000d240</run_address>
         <size>0x2c</size>
         <input_file_ref idref="fl-13"/>
      </object_component>
      <object_component id="oc-974">
         <name>.text:TimerLoadSet</name>
         <load_address>0x2000d26c</load_address>
         <run_address>0x2000d26c</run_address>
         <size>0x2a</size>
         <input_file_ref idref="fl-1f"/>
      </object_component>
      <object_component id="oc-96e">
         <name>.text:TimerPrescaleSet</name>
         <load_address>0x2000d296</load_address>
         <run_address>0x2000d296</run_address>
         <size>0x2a</size>
         <input_file_ref idref="fl-1f"/>
      </object_component>
      <object_component id="oc-1c6">
         <name>.text:PRCMPeripheralClkDisable</name>
         <load_address>0x2000d2c0</load_address>
         <run_address>0x2000d2c0</run_address>
         <size>0x28</size>
         <input_file_ref idref="fl-1d"/>
      </object_component>
      <object_component id="oc-3ee">
         <name>.text:_SlDrvGlobalObjUnLock</name>
         <load_address>0x2000d2e8</load_address>
         <run_address>0x2000d2e8</run_address>
         <size>0x28</size>
         <input_file_ref idref="fl-13"/>
      </object_component>
      <object_component id="oc-44d">
         <name>.text:_SlDrvProtectionObjUnLock</name>
         <load_address>0x2000d310</load_address>
         <run_address>0x2000d310</run_address>
         <size>0x28</size>
         <input_file_ref idref="fl-13"/>
      </object_component>
      <object_component id="oc-436">
         <name>.text:_SlDrvSyncObjWaitForever</name>
         <load_address>0x2000d338</load_address>
         <run_address>0x2000d338</run_address>
         <size>0x28</size>
         <input_file_ref idref="fl-13"/>
      </object_component>
      <object_component id="oc-4b3">
         <name>.text:free_list_insert</name>
         <load_address>0x2000d360</load_address>
         <run_address>0x2000d360</run_address>
         <size>0x28</size>
         <input_file_ref idref="fl-e5"/>
      </object_component>
      <object_component id="oc-24d">
         <name>.text:memmove</name>
         <load_address>0x2000d388</load_address>
         <run_address>0x2000d388</run_address>
         <size>0x28</size>
         <input_file_ref idref="fl-e4"/>
      </object_component>
      <object_component id="oc-424">
         <name>.text:_SlDrvObjLockWaitForever</name>
         <load_address>0x2000d3b0</load_address>
         <run_address>0x2000d3b0</run_address>
         <size>0x26</size>
         <input_file_ref idref="fl-13"/>
      </object_component>
      <object_component id="oc-9be">
         <name>.text</name>
         <load_address>0x2000d3d6</load_address>
         <run_address>0x2000d3d6</run_address>
         <size>0x26</size>
         <input_file_ref idref="fl-6"/>
      </object_component>
      <object_component id="oc-6f7">
         <name>.text:DmaSpiSwIntHandler</name>
         <load_address>0x2000d3fc</load_address>
         <run_address>0x2000d3fc</run_address>
         <size>0x24</size>
         <input_file_ref idref="fl-19"/>
      </object_component>
      <object_component id="oc-570">
         <name>.text:IntUnregister</name>
         <load_address>0x2000d420</load_address>
         <run_address>0x2000d420</run_address>
         <size>0x24</size>
         <input_file_ref idref="fl-1b"/>
      </object_component>
      <object_component id="oc-47b">
         <name>.text:UARTEnable</name>
         <load_address>0x2000d444</load_address>
         <run_address>0x2000d444</run_address>
         <size>0x24</size>
         <input_file_ref idref="fl-20"/>
      </object_component>
      <object_component id="oc-5b">
         <name>.text:_c_int00_noargs:_c_int00_noargs</name>
         <load_address>0x2000d468</load_address>
         <run_address>0x2000d468</run_address>
         <size>0x24</size>
         <input_file_ref idref="fl-ea"/>
      </object_component>
      <object_component id="oc-5ab">
         <name>.text:SPIReset</name>
         <load_address>0x2000d48c</load_address>
         <run_address>0x2000d48c</run_address>
         <size>0x22</size>
         <input_file_ref idref="fl-1e"/>
      </object_component>
      <object_component id="oc-7f3">
         <name>.text:SPIWordCountSet</name>
         <load_address>0x2000d4ae</load_address>
         <run_address>0x2000d4ae</run_address>
         <size>0x22</size>
         <input_file_ref idref="fl-1e"/>
      </object_component>
      <object_component id="oc-397">
         <name>.text:GPIOPinWrite</name>
         <load_address>0x2000d4d0</load_address>
         <run_address>0x2000d4d0</run_address>
         <size>0x20</size>
         <input_file_ref idref="fl-1a"/>
      </object_component>
      <object_component id="oc-57c">
         <name>.text:IntRegister</name>
         <load_address>0x2000d4f0</load_address>
         <run_address>0x2000d4f0</run_address>
         <size>0x20</size>
         <input_file_ref idref="fl-1b"/>
      </object_component>
      <object_component id="oc-326">
         <name>.text:NwpPrePowerOffTimout0</name>
         <load_address>0x2000d510</load_address>
         <run_address>0x2000d510</run_address>
         <size>0x20</size>
         <input_file_ref idref="fl-19"/>
      </object_component>
      <object_component id="oc-821">
         <name>.text:TimerGetCurrentTimestamp</name>
         <load_address>0x2000d530</load_address>
         <run_address>0x2000d530</run_address>
         <size>0x20</size>
         <input_file_ref idref="fl-19"/>
      </object_component>
      <object_component id="oc-430">
         <name>.text:_SlDrvObjUnLock</name>
         <load_address>0x2000d550</load_address>
         <run_address>0x2000d550</run_address>
         <size>0x20</size>
         <input_file_ref idref="fl-13"/>
      </object_component>
      <object_component id="oc-563">
         <name>.text:_SlDrvSyncObjSignal</name>
         <load_address>0x2000d570</load_address>
         <run_address>0x2000d570</run_address>
         <size>0x20</size>
         <input_file_ref idref="fl-13"/>
      </object_component>
      <object_component id="oc-385">
         <name>.text:GPIOIntRegister</name>
         <load_address>0x2000d590</load_address>
         <run_address>0x2000d590</run_address>
         <size>0x1e</size>
         <input_file_ref idref="fl-1a"/>
      </object_component>
      <object_component id="oc-97a">
         <name>.text:TimerEnable</name>
         <load_address>0x2000d5ae</load_address>
         <run_address>0x2000d5ae</run_address>
         <size>0x1e</size>
         <input_file_ref idref="fl-1f"/>
      </object_component>
      <object_component id="oc-235">
         <name>.text:UARTCharPut</name>
         <load_address>0x2000d5cc</load_address>
         <run_address>0x2000d5cc</run_address>
         <size>0x1e</size>
         <input_file_ref idref="fl-20"/>
      </object_component>
      <object_component id="oc-6d2">
         <name>.text:cc_UDMAChannelSelect</name>
         <load_address>0x2000d5ea</load_address>
         <run_address>0x2000d5ea</run_address>
         <size>0x1e</size>
         <input_file_ref idref="fl-19"/>
      </object_component>
      <object_component id="oc-8d8">
         <name>.text:TimerValueGet</name>
         <load_address>0x2000d608</load_address>
         <run_address>0x2000d608</run_address>
         <size>0x1c</size>
         <input_file_ref idref="fl-1f"/>
      </object_component>
      <object_component id="oc-247">
         <name>.text:UARTCharGetNonBlocking</name>
         <load_address>0x2000d624</load_address>
         <run_address>0x2000d624</run_address>
         <size>0x1c</size>
         <input_file_ref idref="fl-20"/>
      </object_component>
      <object_component id="oc-680">
         <name>.text:_SlDrvStartMeasureTimeout</name>
         <load_address>0x2000d640</load_address>
         <run_address>0x2000d640</run_address>
         <size>0x1c</size>
         <input_file_ref idref="fl-13"/>
      </object_component>
      <object_component id="oc-49">
         <name>.text:decompress:ZI:__TI_zero_init_nomemset:__TI_zero_init_nomemset</name>
         <load_address>0x2000d65c</load_address>
         <run_address>0x2000d65c</run_address>
         <size>0x1c</size>
         <input_file_ref idref="fl-df"/>
      </object_component>
      <object_component id="oc-4a6">
         <name>.text:free_list_remove</name>
         <load_address>0x2000d678</load_address>
         <run_address>0x2000d678</run_address>
         <size>0x1c</size>
         <input_file_ref idref="fl-e5"/>
      </object_component>
      <object_component id="oc-5ed">
         <name>.text:memccpy</name>
         <load_address>0x2000d694</load_address>
         <run_address>0x2000d694</run_address>
         <size>0x1c</size>
         <input_file_ref idref="fl-fe"/>
      </object_component>
      <object_component id="oc-90d">
         <name>.text:uDMAChannelEnable</name>
         <load_address>0x2000d6b0</load_address>
         <run_address>0x2000d6b0</run_address>
         <size>0x1c</size>
         <input_file_ref idref="fl-21"/>
      </object_component>
      <object_component id="oc-391">
         <name>.text:GPIOIntEnable</name>
         <load_address>0x2000d6cc</load_address>
         <run_address>0x2000d6cc</run_address>
         <size>0x1a</size>
         <input_file_ref idref="fl-1a"/>
      </object_component>
      <object_component id="oc-28a">
         <name>.text:PinTypeUART</name>
         <load_address>0x2000d6e6</load_address>
         <run_address>0x2000d6e6</run_address>
         <size>0x1a</size>
         <input_file_ref idref="fl-1c"/>
      </object_component>
      <object_component id="oc-599">
         <name>.text:SPIDmaDisable</name>
         <load_address>0x2000d700</load_address>
         <run_address>0x2000d700</run_address>
         <size>0x1a</size>
         <input_file_ref idref="fl-1e"/>
      </object_component>
      <object_component id="oc-6de">
         <name>.text:SPIDmaEnable</name>
         <load_address>0x2000d71a</load_address>
         <run_address>0x2000d71a</run_address>
         <size>0x1a</size>
         <input_file_ref idref="fl-1e"/>
      </object_component>
      <object_component id="oc-593">
         <name>.text:SPIFIFODisable</name>
         <load_address>0x2000d734</load_address>
         <run_address>0x2000d734</run_address>
         <size>0x1a</size>
         <input_file_ref idref="fl-1e"/>
      </object_component>
      <object_component id="oc-6d8">
         <name>.text:SPIFIFOEnable</name>
         <load_address>0x2000d74e</load_address>
         <run_address>0x2000d74e</run_address>
         <size>0x1a</size>
         <input_file_ref idref="fl-1e"/>
      </object_component>
      <object_component id="oc-58d">
         <name>.text:SPIIntUnregister</name>
         <load_address>0x2000d768</load_address>
         <run_address>0x2000d768</run_address>
         <size>0x1a</size>
         <input_file_ref idref="fl-1e"/>
      </object_component>
      <object_component id="oc-3a3">
         <name>.text:GPIOPinRead</name>
         <load_address>0x2000d782</load_address>
         <run_address>0x2000d782</run_address>
         <size>0x18</size>
         <input_file_ref idref="fl-1a"/>
      </object_component>
      <object_component id="oc-59f">
         <name>.text:SPICSDisable</name>
         <load_address>0x2000d79a</load_address>
         <run_address>0x2000d79a</run_address>
         <size>0x18</size>
         <input_file_ref idref="fl-1e"/>
      </object_component>
      <object_component id="oc-7ed">
         <name>.text:SPICSEnable</name>
         <load_address>0x2000d7b2</load_address>
         <run_address>0x2000d7b2</run_address>
         <size>0x18</size>
         <input_file_ref idref="fl-1e"/>
      </object_component>
      <object_component id="oc-5a5">
         <name>.text:SPIDisable</name>
         <load_address>0x2000d7ca</load_address>
         <run_address>0x2000d7ca</run_address>
         <size>0x18</size>
         <input_file_ref idref="fl-1e"/>
      </object_component>
      <object_component id="oc-6f0">
         <name>.text:SPIEnable</name>
         <load_address>0x2000d7e2</load_address>
         <run_address>0x2000d7e2</run_address>
         <size>0x18</size>
         <input_file_ref idref="fl-1e"/>
      </object_component>
      <object_component id="oc-241">
         <name>.text:UARTCharsAvail</name>
         <load_address>0x2000d7fa</load_address>
         <run_address>0x2000d7fa</run_address>
         <size>0x18</size>
         <input_file_ref idref="fl-20"/>
      </object_component>
      <object_component id="oc-5b6">
         <name>.text:_SlNonOsSemSet</name>
         <load_address>0x2000d812</load_address>
         <run_address>0x2000d812</run_address>
         <size>0x18</size>
         <input_file_ref idref="fl-16"/>
      </object_component>
      <object_component id="oc-489">
         <name>.text:_outc</name>
         <load_address>0x2000d82a</load_address>
         <run_address>0x2000d82a</run_address>
         <size>0x18</size>
         <input_file_ref idref="fl-db"/>
      </object_component>
      <object_component id="oc-367">
         <name>.text:_outs</name>
         <load_address>0x2000d842</load_address>
         <run_address>0x2000d842</run_address>
         <size>0x18</size>
         <input_file_ref idref="fl-da"/>
      </object_component>
      <object_component id="oc-4f1">
         <name>.text:_sl_GetStartResponseConvert</name>
         <load_address>0x2000d85c</load_address>
         <run_address>0x2000d85c</run_address>
         <size>0x18</size>
         <input_file_ref idref="fl-12"/>
      </object_component>
      <object_component id="oc-1ae">
         <name>.text:PRCMHIBRegRead</name>
         <load_address>0x2000d874</load_address>
         <run_address>0x2000d874</run_address>
         <size>0x16</size>
         <input_file_ref idref="fl-1d"/>
      </object_component>
      <object_component id="oc-1b4">
         <name>.text:PRCMHIBRegWrite</name>
         <load_address>0x2000d88a</load_address>
         <run_address>0x2000d88a</run_address>
         <size>0x16</size>
         <input_file_ref idref="fl-1d"/>
      </object_component>
      <object_component id="oc-418">
         <name>.text:_SlDrvMemZero</name>
         <load_address>0x2000d8a0</load_address>
         <run_address>0x2000d8a0</run_address>
         <size>0x16</size>
         <input_file_ref idref="fl-13"/>
      </object_component>
      <object_component id="oc-7b2">
         <name>.text:strchr</name>
         <load_address>0x2000d8b6</load_address>
         <run_address>0x2000d8b6</run_address>
         <size>0x16</size>
         <input_file_ref idref="fl-ff"/>
      </object_component>
      <object_component id="oc-198">
         <name>.text:CPUcpsie</name>
         <load_address>0x2000d8cc</load_address>
         <run_address>0x2000d8cc</run_address>
         <size>0x14</size>
         <input_file_ref idref="fl-23"/>
      </object_component>
      <object_component id="oc-38b">
         <name>.text:GPIOIntClear</name>
         <load_address>0x2000d8e0</load_address>
         <run_address>0x2000d8e0</run_address>
         <size>0x14</size>
         <input_file_ref idref="fl-1a"/>
      </object_component>
      <object_component id="oc-c5">
         <name>.text:IntVTableBaseSet</name>
         <load_address>0x2000d8f4</load_address>
         <run_address>0x2000d8f4</run_address>
         <size>0x14</size>
         <input_file_ref idref="fl-1b"/>
      </object_component>
      <object_component id="oc-129">
         <name>.text:strcpy</name>
         <load_address>0x2000d908</load_address>
         <run_address>0x2000d908</run_address>
         <size>0x14</size>
         <input_file_ref idref="fl-e7"/>
      </object_component>
      <object_component id="oc-12f">
         <name>.text:strlen</name>
         <load_address>0x2000d91c</load_address>
         <run_address>0x2000d91c</run_address>
         <size>0x14</size>
         <input_file_ref idref="fl-e8"/>
      </object_component>
      <object_component id="oc-5f3">
         <name>.text:wcslen</name>
         <load_address>0x2000d930</load_address>
         <run_address>0x2000d930</run_address>
         <size>0x12</size>
         <input_file_ref idref="fl-101"/>
      </object_component>
      <object_component id="oc-938">
         <name>.text:_SlDrvDispatchHttpServerEvents</name>
         <load_address>0x2000d942</load_address>
         <run_address>0x2000d942</run_address>
         <size>0x10</size>
         <input_file_ref idref="fl-13"/>
      </object_component>
      <object_component id="oc-1ea">
         <name>.text:_SlDrvResetCmdExt</name>
         <load_address>0x2000d952</load_address>
         <run_address>0x2000d952</run_address>
         <size>0xe</size>
         <input_file_ref idref="fl-13"/>
      </object_component>
      <object_component id="oc-1b">
[...]
         <object_component_ref idref="oc-4c8"/>
      </symbol>
      <symbol id="sm-c09">
         <name>PinModeSet</name>
         <value>0x2000cc45</value>
         <object_component_ref idref="oc-4ce"/>
      </symbol>
      <symbol id="sm-c9c">
         <name>PRCMPeripheralReset</name>
         <value>0x2000c485</value>
         <object_component_ref idref="oc-1c0"/>
      </symbol>
      <symbol id="sm-c9d">
         <name>PRCMPeripheralClkEnable</name>
         <value>0x2000cebd</value>
         <object_component_ref idref="oc-1ba"/>
      </symbol>
      <symbol id="sm-c9e">
         <name>PRCMPeripheralClockGet</name>
         <value>0x2000b2b1</value>
         <object_component_ref idref="oc-229"/>
      </symbol>
      <symbol id="sm-c9f">
         <name>PRCMCC3200MCUInit</name>
         <value>0x20008799</value>
         <object_component_ref idref="oc-d7"/>
      </symbol>
      <symbol id="sm-ca0">
         <name>PRCMHIBRegWrite</name>
         <value>0x2000d88b</value>
         <object_component_ref idref="oc-1b4"/>
      </symbol>
      <symbol id="sm-ca1">
         <name>PRCMSysResetCauseGet</name>
         <value>0x2000d1e9</value>
         <object_component_ref idref="oc-1a8"/>
      </symbol>
      <symbol id="sm-ca2">
         <name>PRCMPeripheralStatusGet</name>
         <value>0x2000d0c1</value>
         <object_component_ref idref="oc-6cc"/>
      </symbol>
      <symbol id="sm-ca3">
         <name>PRCMPeripheralClkDisable</name>
         <value>0x2000d2c1</value>
         <object_component_ref idref="oc-1c6"/>
      </symbol>
      <symbol id="sm-ca4">
         <name>PRCMHIBRegRead</name>
         <value>0x2000d875</value>
         <object_component_ref idref="oc-1ae"/>
      </symbol>
      <symbol id="sm-d5f">
         <name>SPIFIFODisable</name>
         <value>0x2000d735</value>
         <object_component_ref idref="oc-593"/>
      </symbol>
      <symbol id="sm-d60">
         <name>SPICSEnable</name>
         <value>0x2000d7b3</value>
         <object_component_ref idref="oc-7ed"/>
      </symbol>
      <symbol id="sm-d61">
         <name>SPIDisable</name>
         <value>0x2000d7cb</value>
         <object_component_ref idref="oc-5a5"/>
      </symbol>
      <symbol id="sm-d62">
         <name>SPIFIFOEnable</name>
         <value>0x2000d74f</value>
         <object_component_ref idref="oc-6d8"/>
      </symbol>
      <symbol id="sm-d63">
         <name>SPIWordCountSet</name>
         <value>0x2000d4af</value>
         <object_component_ref idref="oc-7f3"/>
      </symbol>
      <symbol id="sm-d64">
         <name>SPIEnable</name>
         <value>0x2000d7e3</value>
         <object_component_ref idref="oc-6f0"/>
      </symbol>
      <symbol id="sm-d65">
         <name>SPIDmaEnable</name>
         <value>0x2000d71b</value>
         <object_component_ref idref="oc-6de"/>
      </symbol>
      <symbol id="sm-d66">
         <name>SPIConfigSetExpClk</name>
         <value>0x2000aca9</value>
         <object_component_ref idref="oc-6c6"/>
      </symbol>
      <symbol id="sm-d67">
         <name>SPIIntUnregister</name>
         <value>0x2000d769</value>
         <object_component_ref idref="oc-58d"/>
      </symbol>
      <symbol id="sm-d68">
         <name>SPIFIFOLevelSet</name>
         <value>0x2000d0f5</value>
         <object_component_ref idref="oc-6e4"/>
      </symbol>
      <symbol id="sm-d69">
         <name>SPIDmaDisable</name>
         <value>0x2000d701</value>
         <object_component_ref idref="oc-599"/>
      </symbol>
      <symbol id="sm-d6a">
         <name>SPIReset</name>
         <value>0x2000d48d</value>
         <object_component_ref idref="oc-5ab"/>
      </symbol>
      <symbol id="sm-d6b">
         <name>SPIIntEnable</name>
         <value>0x2000c781</value>
         <object_component_ref idref="oc-6ea"/>
      </symbol>
      <symbol id="sm-d6c">
         <name>SPIIntClear</name>
         <value>0x2000c991</value>
         <object_component_ref idref="oc-854"/>
      </symbol>
      <symbol id="sm-d6d">
         <name>SPICSDisable</name>
         <value>0x2000d79b</value>
         <object_component_ref idref="oc-59f"/>
      </symbol>
      <symbol id="sm-da0">
         <name>TimerLoadSet</name>
         <value>0x2000d26d</value>
         <object_component_ref idref="oc-974"/>
      </symbol>
      <symbol id="sm-da1">
         <name>TimerEnable</name>
         <value>0x2000d5af</value>
         <object_component_ref idref="oc-97a"/>
      </symbol>
      <symbol id="sm-da2">
         <name>TimerValueGet</name>
         <value>0x2000d609</value>
         <object_component_ref idref="oc-8d8"/>
      </symbol>
      <symbol id="sm-da3">
         <name>TimerPrescaleSet</name>
         <value>0x2000d297</value>
         <object_component_ref idref="oc-96e"/>
      </symbol>
      <symbol id="sm-da4">
         <name>TimerConfigure</name>
         <value>0x2000caad</value>
         <object_component_ref idref="oc-968"/>
      </symbol>
      <symbol id="sm-de0">
         <name>UARTConfigSetExpClk</name>
         <value>0x2000bd45</value>
         <object_component_ref idref="oc-22f"/>
      </symbol>
      <symbol id="sm-de1">
         <name>UARTDisable</name>
         <value>0x2000d159</value>
         <object_component_ref idref="oc-475"/>
      </symbol>
      <symbol id="sm-de2">
         <name>UARTCharsAvail</name>
         <value>0x2000d7fb</value>
         <object_component_ref idref="oc-241"/>
      </symbol>
      <symbol id="sm-de3">
         <name>UARTCharGetNonBlocking</name>
         <value>0x2000d625</value>
         <object_component_ref idref="oc-247"/>
      </symbol>
      <symbol id="sm-de4">
         <name>UARTCharPut</name>
         <value>0x2000d5cd</value>
         <object_component_ref idref="oc-235"/>
      </symbol>
      <symbol id="sm-de5">
         <name>UARTEnable</name>
         <value>0x2000d445</value>
         <object_component_ref idref="oc-47b"/>
      </symbol>
      <symbol id="sm-e3c">
         <name>uDMAChannelControlSet</name>
         <value>0x2000cf71</value>
         <object_component_ref idref="oc-8fb"/>
      </symbol>
      <symbol id="sm-e3d">
         <name>uDMAChannelAttributeEnable</name>
         <value>0x2000c24d</value>
         <object_component_ref idref="oc-901"/>
      </symbol>
      <symbol id="sm-e3e">
         <name>uDMAChannelTransferSet</name>
         <value>0x20009f1d</value>
         <object_component_ref idref="oc-907"/>
      </symbol>
      <symbol id="sm-e3f">
         <name>uDMAChannelAssign</name>
         <value>0x2000c8fd</value>
         <object_component_ref idref="oc-83c"/>
      </symbol>
      <symbol id="sm-e40">
         <name>uDMAChannelAttributeDisable</name>
         <value>0x2000c1e9</value>
         <object_component_ref idref="oc-842"/>
      </symbol>
      <symbol id="sm-e41">
         <name>uDMAChannelEnable</name>
         <value>0x2000d6b1</value>
         <object_component_ref idref="oc-90d"/>
      </symbol>
      <symbol id="sm-e45">
         <name>UtilsDelay</name>
         <value>0x2000d9c5</value>
         <object_component_ref idref="oc-2e7"/>
      </symbol>
      <symbol id="sm-e4f">
         <name>CPUcpsie</name>
         <value>0x2000d8cd</value>
         <object_component_ref idref="oc-198"/>
      </symbol>
      <symbol id="sm-e77">
         <name>sprintf</name>
         <value>0x2000cd85</value>
         <object_component_ref idref="oc-135"/>
      </symbol>
      <symbol id="sm-ea1">
         <name>vsnprintf</name>
         <value>0x2000cdc5</value>
         <object_component_ref idref="oc-23b"/>
      </symbol>
      <symbol id="sm-ebc">
         <name>memcpy</name>
         <value>0x2000ade9</value>
         <object_component_ref idref="oc-3d"/>
      </symbol>
      <symbol id="sm-ebd">
         <name>__aeabi_memcpy</name>
         <value>0x2000ade9</value>
         <object_component_ref idref="oc-3d"/>
      </symbol>
      <symbol id="sm-ebe">
         <name>__aeabi_memcpy8</name>
         <value>0x2000ade9</value>
         <object_component_ref idref="oc-3d"/>
      </symbol>
      <symbol id="sm-ebf">
         <name>__aeabi_memcpy4</name>
         <value>0x2000ade9</value>
         <object_component_ref idref="oc-3d"/>
      </symbol>
      <symbol id="sm-ece">
         <name>__aeabi_memset</name>
         <value>0x2000bc53</value>
         <object_component_ref idref="oc-8b"/>
      </symbol>
      <symbol id="sm-ecf">
         <name>memset</name>
         <value>0x2000bc59</value>
         <object_component_ref idref="oc-8b"/>
      </symbol>
      <symbol id="sm-ed0">
         <name>__aeabi_memset8</name>
         <value>0x2000bc53</value>
         <object_component_ref idref="oc-8b"/>
      </symbol>
      <symbol id="sm-ed1">
         <name>__aeabi_memset4</name>
         <value>0x2000bc53</value>
         <object_component_ref idref="oc-8b"/>
      </symbol>
      <symbol id="sm-ed2">
         <name>__aeabi_memclr8</name>
         <value>0x2000bc51</value>
         <object_component_ref idref="oc-8b"/>
      </symbol>
      <symbol id="sm-ed3">
         <name>__aeabi_memclr4</name>
         <value>0x2000bc51</value>
         <object_component_ref idref="oc-8b"/>
      </symbol>
      <symbol id="sm-ed4">
         <name>__aeabi_memclr</name>
         <value>0x2000bc51</value>
         <object_component_ref idref="oc-8b"/>
      </symbol>
      <symbol id="sm-ee1">
         <name>__aeabi_uldivmod</name>
         <value>0x2000b219</value>
         <object_component_ref idref="oc-760"/>
      </symbol>
      <symbol id="sm-ef5">
         <name>__TI_zero_init_nomemset</name>
         <value>0x2000d65d</value>
         <object_component_ref idref="oc-49"/>
      </symbol>
      <symbol id="sm-f0c">
         <name>__TI_decompress_none</name>
         <value>0x2000d961</value>
         <object_component_ref idref="oc-1b"/>
      </symbol>
      <symbol id="sm-f2f">
         <name>__TI_decompress_lzss</name>
         <value>0x2000c055</value>
         <object_component_ref idref="oc-15"/>
      </symbol>
      <symbol id="sm-f4c">
         <name>__gmtime32</name>
         <value>0x2000cfe5</value>
         <object_component_ref idref="oc-101"/>
      </symbol>
      <symbol id="sm-f4d">
         <name>gmtime</name>
         <value>0x2000cfe5</value>
         <object_component_ref idref="oc-101"/>
      </symbol>
      <symbol id="sm-f70">
         <name>__localtime32</name>
         <value>0x20009495</value>
         <object_component_ref idref="oc-219"/>
      </symbol>
      <symbol id="sm-f71">
         <name>localtime</name>
         <value>0x20009495</value>
         <object_component_ref idref="oc-219"/>
      </symbol>
      <symbol id="sm-f82">
         <name>memmove</name>
         <value>0x2000d389</value>
         <object_component_ref idref="oc-24d"/>
      </symbol>
      <symbol id="sm-1020">
         <name>_sys_memory</name>
         <value>0x20017000</value>
         <object_component_ref idref="oc-23"/>
      </symbol>
      <symbol id="sm-1021">
         <name>free</name>
         <value>0x2000a1dd</value>
         <object_component_ref idref="oc-25f"/>
      </symbol>
      <symbol id="sm-1022">
         <name>realloc</name>
         <value>0x2000a2c1</value>
         <object_component_ref idref="oc-259"/>
      </symbol>
      <symbol id="sm-1023">
         <name>memalign</name>
         <value>0x20009a51</value>
         <object_component_ref idref="oc-49f"/>
      </symbol>
      <symbol id="sm-1024">
         <name>malloc</name>
         <value>0x2000d9bd</value>
         <object_component_ref idref="oc-253"/>
      </symbol>
      <symbol id="sm-1025">
         <name>aligned_alloc</name>
         <value>0x20009a51</value>
         <object_component_ref idref="oc-49f"/>
      </symbol>
      <symbol id="sm-1057">
         <name>mktime</name>
         <value>0x20006da9</value>
         <object_component_ref idref="oc-45b"/>
      </symbol>
      <symbol id="sm-1058">
         <name>__mktime32</name>
         <value>0x20006da9</value>
         <object_component_ref idref="oc-45b"/>
      </symbol>
      <symbol id="sm-1066">
         <name>strcpy</name>
         <value>0x2000d909</value>
         <object_component_ref idref="oc-129"/>
      </symbol>
      <symbol id="sm-1074">
         <name>strlen</name>
         <value>0x2000d91d</value>
         <object_component_ref idref="oc-12f"/>
      </symbol>
      <symbol id="sm-1084">
         <name>_tz</name>
         <value>0x2001f274</value>
         <object_component_ref idref="oc-21f"/>
      </symbol>
      <symbol id="sm-1096">
         <name>__stack</name>
         <value>0x2002f000</value>
         <object_component_ref idref="oc-26"/>
      </symbol>
      <symbol id="sm-1097">
         <name>_c_int00_noargs</name>
         <value>0x2000d469</value>
         <object_component_ref idref="oc-5b"/>
      </symbol>
      <symbol id="sm-11fc">
         <name>__TI_printfi</name>
         <value>0x200052cd</value>
         <object_component_ref idref="oc-361"/>
      </symbol>
      <symbol id="sm-1206">
         <name>__aeabi_idiv0</name>
         <value>0x20009493</value>
         <object_component_ref idref="oc-695"/>
      </symbol>
      <symbol id="sm-1207">
         <name>__aeabi_ldiv0</name>
         <value>0x20009493</value>
         <object_component_ref idref="oc-695"/>
      </symbol>
      <symbol id="sm-121e">
         <name>__aeabi_dsub</name>
         <value>0x20007f75</value>
         <object_component_ref idref="oc-786"/>
      </symbol>
      <symbol id="sm-121f">
         <name>__aeabi_dadd</name>
         <value>0x20007f7f</value>
         <object_component_ref idref="oc-786"/>
      </symbol>
      <symbol id="sm-1241">
         <name>__aeabi_cdcmpeq</name>
         <value>0x2000b839</value>
         <object_component_ref idref="oc-5d0"/>
      </symbol>
      <symbol id="sm-1242">
         <name>__aeabi_cdcmple</name>
         <value>0x2000b839</value>
         <object_component_ref idref="oc-5d0"/>
      </symbol>
      <symbol id="sm-1243">
         <name>__aeabi_cdrcmple</name>
         <value>0x2000b8bf</value>
         <object_component_ref idref="oc-771"/>
      </symbol>
      <symbol id="sm-1257">
         <name>__aeabi_ddiv</name>
         <value>0x2000935d</value>
         <object_component_ref idref="oc-76c"/>
      </symbol>
      <symbol id="sm-1262">
         <name>__aeabi_dmul</name>
         <value>0x20009b51</value>
         <object_component_ref idref="oc-767"/>
      </symbol>
      <symbol id="sm-126c">
         <name>__aeabi_d2iz</name>
         <value>0x2000ca21</value>
         <object_component_ref idref="oc-776"/>
      </symbol>
      <symbol id="sm-1276">
         <name>__aeabi_i2d</name>
         <value>0x2000d1b9</value>
         <object_component_ref idref="oc-781"/>
      </symbol>
      <symbol id="sm-1285">
         <name>__aeabi_uidivmod</name>
         <value>0x2000cd45</value>
         <object_component_ref idref="oc-456"/>
      </symbol>
      <symbol id="sm-1286">
         <name>__aeabi_uidiv</name>
         <value>0x2000cd45</value>
         <object_component_ref idref="oc-456"/>
      </symbol>
      <symbol id="sm-1294">
         <name>__aeabi_ldivmod</name>
         <value>0x2000bf0f</value>
         <object_component_ref idref="oc-69b"/>
      </symbol>
      <symbol id="sm-12bc">
         <name>__TI_auto_init_nobinit_nopinit</name>
         <value>0x2000cb79</value>
         <object_component_ref idref="oc-165"/>
      </symbol>
      <symbol id="sm-12c6">
         <name>_system_pre_init</name>
         <value>0x2000d9cb</value>
         <object_component_ref idref="oc-91"/>
      </symbol>
      <symbol id="sm-12d2">
         <name>C$$EXIT</name>
         <value>0x2000d9cf</value>
         <object_component_ref idref="oc-159"/>
      </symbol>
      <symbol id="sm-12d3">
         <name>abort</name>
         <value>0x2000d9cf</value>
         <object_component_ref idref="oc-159"/>
      </symbol>
      <symbol id="sm-12e8">
         <name>_nop</name>
         <value>0x2000812b</value>
         <object_component_ref idref="oc-62c"/>
      </symbol>
      <symbol id="sm-12e9">
         <name>_lock</name>
         <value>0x2001f2b8</value>
         <object_component_ref idref="oc-3be"/>
      </symbol>
      <symbol id="sm-12ea">
         <name>_unlock</name>
         <value>0x2001f2bc</value>
         <object_component_ref idref="oc-3be"/>
      </symbol>
      <symbol id="sm-12f9">
         <name>__TI_ltoa</name>
         <value>0x2000c635</value>
         <object_component_ref idref="oc-77b"/>
      </symbol>
      <symbol id="sm-1310">
         <name>atoi</name>
         <value>0x2000c8b1</value>
         <object_component_ref idref="oc-5c4"/>
      </symbol>
      <symbol id="sm-131b">
         <name>_ctypes_</name>
         <value>0x2000d9d4</value>
         <object_component_ref idref="oc-75b"/>
      </symbol>
      <symbol id="sm-132b">
         <name>memccpy</name>
         <value>0x2000d695</value>
         <object_component_ref idref="oc-5ed"/>
      </symbol>
      <symbol id="sm-133b">
         <name>strchr</name>
         <value>0x2000d8b7</value>
         <object_component_ref idref="oc-7b2"/>
      </symbol>
      <symbol id="sm-1351">
         <name>__aeabi_errno_addr</name>
         <value>0x2000d9b5</value>
         <object_component_ref idref="oc-5f9"/>
      </symbol>
      <symbol id="sm-1352">
         <name>errno</name>
         <value>0x2001f2c8</value>
         <object_component_ref idref="oc-7c2"/>
      </symbol>
      <symbol id="sm-136b">
         <name>wcslen</name>
         <value>0x2000d931</value>
         <object_component_ref idref="oc-5f3"/>
      </symbol>
      <symbol id="sm-138b">
         <name>frexpl</name>
         <value>0x2000c3d1</value>
         <object_component_ref idref="oc-7a6"/>
      </symbol>
      <symbol id="sm-138c">
         <name>frexp</name>
         <value>0x2000c3d1</value>
         <object_component_ref idref="oc-7a6"/>
      </symbol>
      <symbol id="sm-13aa">
         <name>scalbn</name>
         <value>0x2000a565</value>
         <object_component_ref idref="oc-7ac"/>
      </symbol>
      <symbol id="sm-13ab">
         <name>scalbnl</name>
         <value>0x2000a565</value>
         <object_component_ref idref="oc-7ac"/>
      </symbol>
      <symbol id="sm-13ac">
         <name>ldexpl</name>
         <value>0x2000a565</value>
         <object_component_ref idref="oc-7ac"/>
      </symbol>
      <symbol id="sm-13ad">
         <name>ldexp</name>
         <value>0x2000a565</value>
         <object_component_ref idref="oc-7ac"/>
      </symbol>
      <symbol id="sm-13b7">
         <name>copysign</name>
         <value>0x2000d995</value>
         <object_component_ref idref="oc-882"/>
      </symbol>
      <symbol id="sm-13b8">
         <name>copysignl</name>
         <value>0x2000d995</value>
         <object_component_ref idref="oc-882"/>
      </symbol>
      <symbol id="sm-13b9">
         <name>__TI_static_base__</name>
         <value>0x2000e000</value>
      </symbol>
      <symbol id="sm-13bc">
         <name>__mpu_init</name>
         <value>0x0</value>
      </symbol>
      <symbol id="sm-13bd">
         <name>_system_post_cinit</name>
         <value>0x0</value>
      </symbol>
   </symbol_table>
   <title>Link successful</title>
</link_info>
