<?xml version="1.0" encoding="ISO-8859-1" ?>
<link_info>
   <banner>TI ARM Linker PC v20.2.7.LTS</banner>
   <copyright>Copyright (c) 1996-2018 Texas Instruments Incorporated</copyright>
   <link_time>0x665f3474</link_time>
   <link_errors>0x0</link_errors>
   <output_file>final-awstime-2.out</output_file>
   <entry_point>
      <name>_c_int00_noargs</name>
      <address>0x2000f259</address>
   </entry_point>
   <input_file_list>
      <input_file id="fl-2">
         <path>.\</path>
         <kind>object</kind>
         <file>Adafruit_GFX.obj</file>
         <name>Adafruit_GFX.obj</name>
      </input_file>
      <input_file id="fl-3">
         <path>.\</path>
         <kind>object</kind>
         <file>Adafruit_OLED.obj</file>
         <name>Adafruit_OLED.obj</name>
      </input_file>
      <input_file id="fl-4">
         <path>.\</path>
         <kind>object</kind>
         <file>gpio_if.obj</file>
         <name>gpio_if.obj</name>
      </input_file>
      <input_file id="fl-5">
         <path>.\</path>
         <kind>object</kind>
         <file>main.obj</file>
         <name>main.obj</name>
      </input_file>
      <input_file id="fl-6">
         <path>.\</path>
         <kind>object</kind>
         <file>network_common.obj</file>
         <name>network_common.obj</name>
      </input_file>
      <input_file id="fl-7">
         <path>.\</path>
         <kind>object</kind>
         <file>oled_test.obj</file>
         <name>oled_test.obj</name>
      </input_file>
      <input_file id="fl-8">
         <path>.\</path>
         <kind>object</kind>
         <file>pin_mux_config.obj</file>
         <name>pin_mux_config.obj</name>
      </input_file>
      <input_file id="fl-9">
         <path>.\</path>
         <kind>object</kind>
         <file>startup_ccs.obj</file>
         <name>startup_ccs.obj</name>
      </input_file>
      <input_file id="fl-a">
         <path>.\</path>
         <kind>object</kind>
         <file>timer_if.obj</file>
         <name>timer_if.obj</name>
      </input_file>
      <input_file id="fl-b">
         <path>.\</path>
         <kind>object</kind>
         <file>uart_if.obj</file>
         <name>uart_if.obj</name>
      </input_file>
      <input_file id="fl-c">
         <path>.\utils\</path>
         <kind>object</kind>
         <file>network_utils.obj</file>
         <name>network_utils.obj</name>
      </input_file>
      <input_file id="fl-12">
         <kind>object</kind>
         <file>&lt;internal&gt;</file>
         <name>&lt;internal&gt;</name>
      </input_file>
      <input_file id="fl-13">
         <path>C:\Users\phpng\ti\cc3200-sdk\simplelink\ccs\NON_OS_debug\</path>
         <kind>archive</kind>
         <file>simplelink.a</file>
         <name>device.obj</name>
      </input_file>
      <input_file id="fl-14">
         <path>C:\Users\phpng\ti\cc3200-sdk\simplelink\ccs\NON_OS_debug\</path>
         <kind>archive</kind>
         <file>simplelink.a</file>
         <name>driver.obj</name>
      </input_file>
      <input_file id="fl-15">
         <path>C:\Users\phpng\ti\cc3200-sdk\simplelink\ccs\NON_OS_debug\</path>
         <kind>archive</kind>
         <file>simplelink.a</file>
         <name>netapp.obj</name>
      </input_file>
      <input_file id="fl-16">
         <path>C:\Users\phpng\ti\cc3200-sdk\simplelink\ccs\NON_OS_debug\</path>
         <kind>archive</kind>
         <file>simplelink.a</file>
         <name>netcfg.obj</name>
      </input_file>
      <input_file id="fl-17">
         <path>C:\Users\phpng\ti\cc3200-sdk\simplelink\ccs\NON_OS_debug\</path>
         <kind>archive</kind>
         <file>simplelink.a</file>
         <name>nonos.obj</name>
      </input_file>
      <input_file id="fl-18">
         <path>C:\Users\phpng\ti\cc3200-sdk\simplelink\ccs\NON_OS_debug\</path>
         <kind>archive</kind>
         <file>simplelink.a</file>
         <name>socket.obj</name>
      </input_file>
      <input_file id="fl-19">
         <path>C:\Users\phpng\ti\cc3200-sdk\simplelink\ccs\NON_OS_debug\</path>
         <kind>archive</kind>
         <file>simplelink.a</file>
         <name>wlan.obj</name>
      </input_file>
      <input_file id="fl-1a">
         <path>C:\Users\phpng\ti\cc3200-sdk\simplelink\ccs\NON_OS_debug\</path>
         <kind>archive</kind>
         <file>simplelink.a</file>
         <name>cc_pal.obj</name>
      </input_file>
      <input_file id="fl-1b">
         <path>C:\Users\phpng\ti\cc3200-sdk\driverlib\ccs\Release\</path>
         <kind>archive</kind>
         <file>driverlib.a</file>
         <name>gpio.obj</name>
      </input_file>
      <input_file id="fl-1c">
         <path>C:\Users\phpng\ti\cc3200-sdk\driverlib\ccs\Release\</path>
         <kind>archive</kind>
         <file>driverlib.a</file>
         <name>interrupt.obj</name>
      </input_file>
      <input_file id="fl-1d">
         <path>C:\Users\phpng\ti\cc3200-sdk\driverlib\ccs\Release\</path>
         <kind>archive</kind>
         <file>driverlib.a</file>
         <name>pin.obj</name>
      </input_file>
      <input_file id="fl-1e">
         <path>C:\Users\phpng\ti\cc3200-sdk\driverlib\ccs\Release\</path>
         <kind>archive</kind>
         <file>driverlib.a</file>
         <name>prcm.obj</name>
      </input_file>
      <input_file id="fl-1f">
         <path>C:\Users\phpng\ti\cc3200-sdk\driverlib\ccs\Release\</path>
         <kind>archive</kind>
         <file>driverlib.a</file>
         <name>spi.obj</name>
      </input_file>
      <input_file id="fl-20">
         <path>C:\Users\phpng\ti\cc3200-sdk\driverlib\ccs\Release\</path>
         <kind>archive</kind>
         <file>driverlib.a</file>
         <name>systick.obj</name>
      </input_file>
      <input_file id="fl-21">
         <path>C:\Users\phpng\ti\cc3200-sdk\driverlib\ccs\Release\</path>
         <kind>archive</kind>
         <file>driverlib.a</file>
         <name>timer.obj</name>
      </input_file>
      <input_file id="fl-22">
         <path>C:\Users\phpng\ti\cc3200-sdk\driverlib\ccs\Release\</path>
         <kind>archive</kind>
         <file>driverlib.a</file>
         <name>uart.obj</name>
      </input_file>
      <input_file id="fl-23">
         <path>C:\Users\phpng\ti\cc3200-sdk\driverlib\ccs\Release\</path>
         <kind>archive</kind>
         <file>driverlib.a</file>
         <name>udma.obj</name>
      </input_file>
      <input_file id="fl-24">
         <path>C:\Users\phpng\ti\cc3200-sdk\driverlib\ccs\Release\</path>
         <kind>archive</kind>
         <file>driverlib.a</file>
         <name>utils.obj</name>
      </input_file>
      <input_file id="fl-25">
         <path>C:\Users\phpng\ti\cc3200-sdk\driverlib\ccs\Release\</path>
         <kind>archive</kind>
         <file>driverlib.a</file>
         <name>cpu.obj</name>
      </input_file>
      <input_file id="fl-26">
         <path>C:\Users\phpng\ti\cc3200-sdk\driverlib\ccs\Release\</path>
         <kind>archive</kind>
         <file>driverlib.a</file>
         <name>flash.obj</name>
      </input_file>
      <input_file id="fl-dc">
         <path>C:\Users\phpng\ti\cc1250\ccs\tools\compiler\ti-cgt-arm_20.2.7.LTS\lib\</path>
         <kind>archive</kind>
         <file>rtsv7M4_T_le_eabi.lib</file>
         <name>vsnprintf.c.obj</name>
      </input_file>
      <input_file id="fl-dd">
         <path>C:\Users\phpng\ti\cc1250\ccs\tools\compiler\ti-cgt-arm_20.2.7.LTS\lib\</path>
         <kind>archive</kind>
         <file>rtsv7M4_T_le_eabi.lib</file>
         <name>fd_mul_t2.asm.obj</name>
      </input_file>
      <input_file id="fl-de">
         <path>C:\Users\phpng\ti\cc1250\ccs\tools\compiler\ti-cgt-arm_20.2.7.LTS\lib\</path>
         <kind>archive</kind>
         <file>rtsv7M4_T_le_eabi.lib</file>
         <name>fd_tou_t2.asm.obj</name>
      </input_file>
      <input_file id="fl-df">
         <path>C:\Users\phpng\ti\cc1250\ccs\tools\compiler\ti-cgt-arm_20.2.7.LTS\lib\</path>
         <kind>archive</kind>
         <file>rtsv7M4_T_le_eabi.lib</file>
         <name>fs_div_t2.asm.obj</name>
      </input_file>
      <input_file id="fl-e0">
         <path>C:\Users\phpng\ti\cc1250\ccs\tools\compiler\ti-cgt-arm_20.2.7.LTS\lib\</path>
         <kind>archive</kind>
         <file>rtsv7M4_T_le_eabi.lib</file>
         <name>fs_mul_t2.asm.obj</name>
      </input_file>
      <input_file id="fl-e1">
         <path>C:\Users\phpng\ti\cc1250\ccs\tools\compiler\ti-cgt-arm_20.2.7.LTS\lib\</path>
         <kind>archive</kind>
         <file>rtsv7M4_T_le_eabi.lib</file>
         <name>fs_tod_t2.asm.obj</name>
      </input_file>
      <input_file id="fl-e2">
         <path>C:\Users\phpng\ti\cc1250\ccs\tools\compiler\ti-cgt-arm_20.2.7.LTS\lib\</path>
         <kind>archive</kind>
         <file>rtsv7M4_T_le_eabi.lib</file>
         <name>fs_toi_t2.asm.obj</name>
      </input_file>
      <input_file id="fl-e3">
         <path>C:\Users\phpng\ti\cc1250\ccs\tools\compiler\ti-cgt-arm_20.2.7.LTS\lib\</path>
         <kind>archive</kind>
         <file>rtsv7M4_T_le_eabi.lib</file>
         <name>ll_mul_t2.asm.obj</name>
      </input_file>
      <input_file id="fl-e4">
         <path>C:\Users\phpng\ti\cc1250\ccs\tools\compiler\ti-cgt-arm_20.2.7.LTS\lib\</path>
         <kind>archive</kind>
         <file>rtsv7M4_T_le_eabi.lib</file>
         <name>memcpy_t2.asm.obj</name>
      </input_file>
      <input_file id="fl-e5">
         <path>C:\Users\phpng\ti\cc1250\ccs\tools\compiler\ti-cgt-arm_20.2.7.LTS\lib\</path>
         <kind>archive</kind>
         <file>rtsv7M4_T_le_eabi.lib</file>
         <name>u_tofd_t2.asm.obj</name>
      </input_file>
      <input_file id="fl-e6">
         <path>C:\Users\phpng\ti\cc1250\ccs\tools\compiler\ti-cgt-arm_20.2.7.LTS\lib\</path>
         <kind>archive</kind>
         <file>rtsv7M4_T_le_eabi.lib</file>
         <name>u_tofs_t2.asm.obj</name>
      </input_file>
      <input_file id="fl-e7">
         <path>C:\Users\phpng\ti\cc1250\ccs\tools\compiler\ti-cgt-arm_20.2.7.LTS\lib\</path>
         <kind>archive</kind>
         <file>rtsv7M4_T_le_eabi.lib</file>
         <name>memset_t2.asm.obj</name>
      </input_file>
      <input_file id="fl-e8">
         <path>C:\Users\phpng\ti\cc1250\ccs\tools\compiler\ti-cgt-arm_20.2.7.LTS\lib\</path>
         <kind>archive</kind>
         <file>rtsv7M4_T_le_eabi.lib</file>
         <name>ull_div_t2.asm.obj</name>
      </input_file>
      <input_file id="fl-e9">
         <path>C:\Users\phpng\ti\cc1250\ccs\tools\compiler\ti-cgt-arm_20.2.7.LTS\lib\</path>
         <kind>archive</kind>
         <file>rtsv7M4_T_le_eabi.lib</file>
         <name>copy_zero_init.c.obj</name>
      </input_file>
      <input_file id="fl-ea">
         <path>C:\Users\phpng\ti\cc1250\ccs\tools\compiler\ti-cgt-arm_20.2.7.LTS\lib\</path>
         <kind>archive</kind>
         <file>rtsv7M4_T_le_eabi.lib</file>
         <name>copy_decompress_none.c.obj</name>
      </input_file>
      <input_file id="fl-eb">
         <path>C:\Users\phpng\ti\cc1250\ccs\tools\compiler\ti-cgt-arm_20.2.7.LTS\lib\</path>
         <kind>archive</kind>
         <file>rtsv7M4_T_le_eabi.lib</file>
         <name>copy_decompress_lzss.c.obj</name>
      </input_file>
      <input_file id="fl-ec">
         <path>C:\Users\phpng\ti\cc1250\ccs\tools\compiler\ti-cgt-arm_20.2.7.LTS\lib\</path>
         <kind>archive</kind>
         <file>rtsv7M4_T_le_eabi.lib</file>
         <name>gmtime.c.obj</name>
      </input_file>
      <input_file id="fl-ed">
         <path>C:\Users\phpng\ti\cc1250\ccs\tools\compiler\ti-cgt-arm_20.2.7.LTS\lib\</path>
         <kind>archive</kind>
         <file>rtsv7M4_T_le_eabi.lib</file>
         <name>localtim.c.obj</name>
      </input_file>
      <input_file id="fl-ee">
         <path>C:\Users\phpng\ti\cc1250\ccs\tools\compiler\ti-cgt-arm_20.2.7.LTS\lib\</path>
         <kind>archive</kind>
         <file>rtsv7M4_T_le_eabi.lib</file>
         <name>memmov.c.obj</name>
      </input_file>
      <input_file id="fl-ef">
         <path>C:\Users\phpng\ti\cc1250\ccs\tools\compiler\ti-cgt-arm_20.2.7.LTS\lib\</path>
         <kind>archive</kind>
         <file>rtsv7M4_T_le_eabi.lib</file>
         <name>memory.c.obj</name>
      </input_file>
      <input_file id="fl-f0">
         <path>C:\Users\phpng\ti\cc1250\ccs\tools\compiler\ti-cgt-arm_20.2.7.LTS\lib\</path>
         <kind>archive</kind>
         <file>rtsv7M4_T_le_eabi.lib</file>
         <name>mktime.c.obj</name>
      </input_file>
      <input_file id="fl-f1">
         <path>C:\Users\phpng\ti\cc1250\ccs\tools\compiler\ti-cgt-arm_20.2.7.LTS\lib\</path>
         <kind>archive</kind>
         <file>rtsv7M4_T_le_eabi.lib</file>
         <name>strlen.c.obj</name>
      </input_file>
      <input_file id="fl-f2">
         <path>C:\Users\phpng\ti\cc1250\ccs\tools\compiler\ti-cgt-arm_20.2.7.LTS\lib\</path>
         <kind>archive</kind>
         <file>rtsv7M4_T_le_eabi.lib</file>
         <name>tmzone.c.obj</name>
      </input_file>
      <input_file id="fl-f3">
         <path>C:\Users\phpng\ti\cc1250\ccs\tools\compiler\ti-cgt-arm_20.2.7.LTS\lib\</path>
         <kind>archive</kind>
         <file>rtsv7M4_T_le_eabi.lib</file>
         <name>boot_cortex_m.c.obj</name>
      </input_file>
      <input_file id="fl-f4">
         <path>C:\Users\phpng\ti\cc1250\ccs\tools\compiler\ti-cgt-arm_20.2.7.LTS\lib\</path>
         <kind>archive</kind>
         <file>rtsv7M4_T_le_eabi.lib</file>
         <name>_printfi.c.obj</name>
      </input_file>
      <input_file id="fl-f5">
         <path>C:\Users\phpng\ti\cc1250\ccs\tools\compiler\ti-cgt-arm_20.2.7.LTS\lib\</path>
         <kind>archive</kind>
         <file>rtsv7M4_T_le_eabi.lib</file>
         <name>div0.asm.obj</name>
      </input_file>
      <input_file id="fl-f6">
         <path>C:\Users\phpng\ti\cc1250\ccs\tools\compiler\ti-cgt-arm_20.2.7.LTS\lib\</path>
         <kind>archive</kind>
         <file>rtsv7M4_T_le_eabi.lib</file>
         <name>fd_add_t2.asm.obj</name>
      </input_file>
      <input_file id="fl-f7">
         <path>C:\Users\phpng\ti\cc1250\ccs\tools\compiler\ti-cgt-arm_20.2.7.LTS\lib\</path>
         <kind>archive</kind>
         <file>rtsv7M4_T_le_eabi.lib</file>
         <name>fd_cmp_t2.asm.obj</name>
      </input_file>
      <input_file id="fl-f8">
         <path>C:\Users\phpng\ti\cc1250\ccs\tools\compiler\ti-cgt-arm_20.2.7.LTS\lib\</path>
         <kind>archive</kind>
         <file>rtsv7M4_T_le_eabi.lib</file>
         <name>fd_div_t2.asm.obj</name>
      </input_file>
      <input_file id="fl-f9">
         <path>C:\Users\phpng\ti\cc1250\ccs\tools\compiler\ti-cgt-arm_20.2.7.LTS\lib\</path>
         <kind>archive</kind>
         <file>rtsv7M4_T_le_eabi.lib</file>
         <name>fd_toi_t2.asm.obj</name>
      </input_file>
      <input_file id="fl-fa">
         <path>C:\Users\phpng\ti\cc1250\ccs\tools\compiler\ti-cgt-arm_20.2.7.LTS\lib\</path>
         <kind>archive</kind>
         <file>rtsv7M4_T_le_eabi.lib</file>
         <name>i_tofd_t2.asm.obj</name>
      </input_file>
      <input_file id="fl-fb">
         <path>C:\Users\phpng\ti\cc1250\ccs\tools\compiler\ti-cgt-arm_20.2.7.LTS\lib\</path>
         <kind>archive</kind>
         <file>rtsv7M4_T_le_eabi.lib</file>
         <name>u_divt2.asm.obj</name>
      </input_file>
      <input_file id="fl-fc">
         <path>C:\Users\phpng\ti\cc1250\ccs\tools\compiler\ti-cgt-arm_20.2.7.LTS\lib\</path>
         <kind>archive</kind>
         <file>rtsv7M4_T_le_eabi.lib</file>
         <name>ll_div_t2.asm.obj</name>
      </input_file>
      <input_file id="fl-fd">
         <path>C:\Users\phpng\ti\cc1250\ccs\tools\compiler\ti-cgt-arm_20.2.7.LTS\lib\</path>
         <kind>archive</kind>
         <file>rtsv7M4_T_le_eabi.lib</file>
         <name>autoinit.c.obj</name>
      </input_file>
      <input_file id="fl-fe">
         <path>C:\Users\phpng\ti\cc1250\ccs\tools\compiler\ti-cgt-arm_20.2.7.LTS\lib\</path>
         <kind>archive</kind>
         <file>rtsv7M4_T_le_eabi.lib</file>
         <name>pre_init.c.obj</name>
      </input_file>
      <input_file id="fl-ff">
         <path>C:\Users\phpng\ti\cc1250\ccs\tools\compiler\ti-cgt-arm_20.2.7.LTS\lib\</path>
         <kind>archive</kind>
         <file>rtsv7M4_T_le_eabi.lib</file>
         <name>cpy_tbl.c.obj</name>
      </input_file>
      <input_file id="fl-100">
         <path>C:\Users\phpng\ti\cc1250\ccs\tools\compiler\ti-cgt-arm_20.2.7.LTS\lib\</path>
         <kind>archive</kind>
         <file>rtsv7M4_T_le_eabi.lib</file>
         <name>exit.c.obj</name>
      </input_file>
      <input_file id="fl-101">
         <path>C:\Users\phpng\ti\cc1250\ccs\tools\compiler\ti-cgt-arm_20.2.7.LTS\lib\</path>
         <kind>archive</kind>
         <file>rtsv7M4_T_le_eabi.lib</file>
         <name>_lock.c.obj</name>
      </input_file>
      <input_file id="fl-102">
         <path>C:\Users\phpng\ti\cc1250\ccs\tools\compiler\ti-cgt-arm_20.2.7.LTS\lib\</path>
         <kind>archive</kind>
         <file>rtsv7M4_T_le_eabi.lib</file>
         <name>_ltoa.c.obj</name>
      </input_file>
      <input_file id="fl-103">
         <path>C:\Users\phpng\ti\cc1250\ccs\tools\compiler\ti-cgt-arm_20.2.7.LTS\lib\</path>
         <kind>archive</kind>
         <file>rtsv7M4_T_le_eabi.lib</file>
         <name>args_main.c.obj</name>
      </input_file>
      <input_file id="fl-104">
         <path>C:\Users\phpng\ti\cc1250\ccs\tools\compiler\ti-cgt-arm_20.2.7.LTS\lib\</path>
         <kind>archive</kind>
         <file>rtsv7M4_T_le_eabi.lib</file>
         <name>atoi.c.obj</name>
      </input_file>
      <input_file id="fl-105">
         <path>C:\Users\phpng\ti\cc1250\ccs\tools\compiler\ti-cgt-arm_20.2.7.LTS\lib\</path>
         <kind>archive</kind>
         <file>rtsv7M4_T_le_eabi.lib</file>
         <name>ctype.c.obj</name>
      </input_file>
      <input_file id="fl-106">
         <path>C:\Users\phpng\ti\cc1250\ccs\tools\compiler\ti-cgt-arm_20.2.7.LTS\lib\</path>
         <kind>archive</kind>
         <file>rtsv7M4_T_le_eabi.lib</file>
         <name>memccpy.c.obj</name>
      </input_file>
      <input_file id="fl-107">
         <path>C:\Users\phpng\ti\cc1250\ccs\tools\compiler\ti-cgt-arm_20.2.7.LTS\lib\</path>
         <kind>archive</kind>
         <file>rtsv7M4_T_le_eabi.lib</file>
         <name>strchr.c.obj</name>
      </input_file>
      <input_file id="fl-108">
         <path>C:\Users\phpng\ti\cc1250\ccs\tools\compiler\ti-cgt-arm_20.2.7.LTS\lib\</path>
         <kind>archive</kind>
         <file>rtsv7M4_T_le_eabi.lib</file>
         <name>errno.c.obj</name>
      </input_file>
      <input_file id="fl-109">
         <path>C:\Users\phpng\ti\cc1250\ccs\tools\compiler\ti-cgt-arm_20.2.7.LTS\lib\</path>
         <kind>archive</kind>
         <file>rtsv7M4_T_le_eabi.lib</file>
         <name>wcslen.c.obj</name>
      </input_file>
      <input_file id="fl-10a">
         <path>C:\Users\phpng\ti\cc1250\ccs\tools\compiler\ti-cgt-arm_20.2.7.LTS\lib\</path>
         <kind>archive</kind>
         <file>rtsv7M4_T_le_eabi.lib</file>
         <name>s_frexp.c.obj</name>
      </input_file>
      <input_file id="fl-10b">
         <path>C:\Users\phpng\ti\cc1250\ccs\tools\compiler\ti-cgt-arm_20.2.7.LTS\lib\</path>
         <kind>archive</kind>
         <file>rtsv7M4_T_le_eabi.lib</file>
         <name>s_scalbn.c.obj</name>
      </input_file>
      <input_file id="fl-10c">
         <path>C:\Users\phpng\ti\cc1250\ccs\tools\compiler\ti-cgt-arm_20.2.7.LTS\lib\</path>
         <kind>archive</kind>
         <file>rtsv7M4_T_le_eabi.lib</file>
         <name>s_copysign.c.obj</name>
      </input_file>
   </input_file_list>
   <object_component_list>
      <object_component id="oc-12">
         <name>.intvecs</name>
         <load_address>0x20004000</load_address>
         <run_address>0x20004000</run_address>
         <size>0x400</size>
         <input_file_ref idref="fl-9"/>
      </object_component>
      <object_component id="oc-97">
         <name>.text</name>
         <load_address>0x20004400</load_address>
         <run_address>0x20004400</run_address>
         <size>0x1370</size>
         <input_file_ref idref="fl-5"/>
      </object_component>
      <object_component id="oc-75b">
         <name>.text</name>
         <load_address>0x20005770</load_address>
         <run_address>0x20005770</run_address>
         <size>0xecc</size>
         <input_file_ref idref="fl-c"/>
      </object_component>
      <object_component id="oc-1c1">
         <name>.text</name>
         <load_address>0x2000663c</load_address>
         <run_address>0x2000663c</run_address>
         <size>0xa80</size>
         <input_file_ref idref="fl-2"/>
      </object_component>
      <object_component id="oc-478">
         <name>.text:__TI_printfi</name>
         <load_address>0x200070bc</load_address>
         <run_address>0x200070bc</run_address>
         <size>0xa4e</size>
         <input_file_ref idref="fl-f4"/>
      </object_component>
      <object_component id="oc-5c2">
         <name>.text:IntDefaultHandler</name>
         <load_address>0x20007b0a</load_address>
         <run_address>0x20007b0a</run_address>
         <size>0x2</size>
         <input_file_ref idref="fl-1c"/>
      </object_component>
      <object_component id="oc-63c">
         <name>.text:_SlDrvMsgRead</name>
         <load_address>0x20007b0c</load_address>
         <run_address>0x20007b0c</run_address>
         <size>0x590</size>
         <input_file_ref idref="fl-14"/>
      </object_component>
      <object_component id="oc-1a0">
         <name>.text</name>
         <load_address>0x2000809c</load_address>
         <run_address>0x2000809c</run_address>
         <size>0x4a6</size>
         <input_file_ref idref="fl-3"/>
      </object_component>
      <object_component id="oc-59d">
         <name>.text:_nop</name>
         <load_address>0x20008542</load_address>
         <run_address>0x20008542</run_address>
         <size>0x2</size>
         <input_file_ref idref="fl-101"/>
      </object_component>
      <object_component id="oc-844">
         <name>.text</name>
         <load_address>0x20008544</load_address>
         <run_address>0x20008544</run_address>
         <size>0x398</size>
         <input_file_ref idref="fl-4"/>
      </object_component>
      <object_component id="oc-1e1">
         <name>.text:__mktime32</name>
         <load_address>0x200088dc</load_address>
         <run_address>0x200088dc</run_address>
         <size>0x2a0</size>
         <input_file_ref idref="fl-f0"/>
      </object_component>
      <object_component id="oc-83e">
         <name>.text:sl_WlanConnect</name>
         <load_address>0x20008b7c</load_address>
         <run_address>0x20008b7c</run_address>
         <size>0x280</size>
         <input_file_ref idref="fl-19"/>
      </object_component>
      <object_component id="oc-f5">
         <name>.text</name>
         <load_address>0x20008dfc</load_address>
         <run_address>0x20008dfc</run_address>
         <size>0x27c</size>
         <input_file_ref idref="fl-b"/>
      </object_component>
      <object_component id="oc-5ee">
         <name>.text:_pconv_a</name>
         <load_address>0x20009078</load_address>
         <run_address>0x20009078</run_address>
         <size>0x268</size>
         <input_file_ref idref="fl-f4"/>
      </object_component>
      <object_component id="oc-735">
         <name>.text:_SlDrvRxHdrRead</name>
         <load_address>0x200092e0</load_address>
         <run_address>0x200092e0</run_address>
         <size>0x248</size>
         <input_file_ref idref="fl-14"/>
      </object_component>
      <object_component id="oc-3f6">
         <name>.text:_SlDrvDataReadOp</name>
         <load_address>0x20009528</load_address>
         <run_address>0x20009528</run_address>
         <size>0x1e4</size>
         <input_file_ref idref="fl-14"/>
      </object_component>
      <object_component id="oc-577">
         <name>.text:_SlDrvReleasePoolObj</name>
         <load_address>0x2000970c</load_address>
         <run_address>0x2000970c</run_address>
         <size>0x1d0</size>
         <input_file_ref idref="fl-14"/>
      </object_component>
      <object_component id="oc-5dc">
         <name>.text:_pconv_g</name>
         <load_address>0x200098dc</load_address>
         <run_address>0x200098dc</run_address>
         <size>0x1cc</size>
         <input_file_ref idref="fl-f4"/>
      </object_component>
      <object_component id="oc-6c8">
         <name>.text</name>
         <load_address>0x20009aa8</load_address>
         <run_address>0x20009aa8</run_address>
         <size>0x1b6</size>
         <input_file_ref idref="fl-f6"/>
      </object_component>
      <object_component id="oc-2f2">
         <name>.text</name>
         <load_address>0x20009c5e</load_address>
         <run_address>0x20009c5e</run_address>
         <size>0x2</size>
         <input_file_ref idref="fl-f5"/>
      </object_component>
      <object_component id="oc-8f8">
         <name>.text:_SlDrvDriverCBInit</name>
         <load_address>0x20009c60</load_address>
         <run_address>0x20009c60</run_address>
         <size>0x1b4</size>
         <input_file_ref idref="fl-14"/>
      </object_component>
      <object_component id="oc-502">
         <name>.text:_SlDrvMsgWrite</name>
         <load_address>0x20009e14</load_address>
         <run_address>0x20009e14</run_address>
         <size>0x19c</size>
         <input_file_ref idref="fl-14"/>
      </object_component>
      <object_component id="oc-c5">
         <name>.text</name>
         <load_address>0x20009fb0</load_address>
         <run_address>0x20009fb0</run_address>
         <size>0x198</size>
         <input_file_ref idref="fl-a"/>
      </object_component>
      <object_component id="oc-55f">
         <name>.text:_SlDrvWaitForPoolObj</name>
         <load_address>0x2000a148</load_address>
         <run_address>0x2000a148</run_address>
         <size>0x190</size>
         <input_file_ref idref="fl-14"/>
      </object_component>
      <object_component id="oc-211">
         <name>.text</name>
         <load_address>0x2000a2d8</load_address>
         <run_address>0x2000a2d8</run_address>
         <size>0x190</size>
         <input_file_ref idref="fl-8"/>
      </object_component>
      <object_component id="oc-85a">
         <name>.text:sl_Connect</name>
         <load_address>0x2000a468</load_address>
         <run_address>0x2000a468</run_address>
         <size>0x18c</size>
         <input_file_ref idref="fl-18"/>
      </object_component>
      <object_component id="oc-152">
         <name>.text:PRCMCC3200MCUInit</name>
         <load_address>0x2000a5f4</load_address>
         <run_address>0x2000a5f4</run_address>
         <size>0x178</size>
         <input_file_ref idref="fl-1e"/>
      </object_component>
      <object_component id="oc-747">
         <name>.text:_SlFindAndSetActiveObj</name>
         <load_address>0x2000a76c</load_address>
         <run_address>0x2000a76c</run_address>
         <size>0x170</size>
         <input_file_ref idref="fl-14"/>
      </object_component>
      <object_component id="oc-3e3">
         <name>.text:_SlDrvDataWriteOp</name>
         <load_address>0x2000a8dc</load_address>
         <run_address>0x2000a8dc</run_address>
         <size>0x150</size>
         <input_file_ref idref="fl-14"/>
      </object_component>
      <object_component id="oc-8fe">
         <name>.text:spi_Open</name>
         <load_address>0x2000aa2c</load_address>
         <run_address>0x2000aa2c</run_address>
         <size>0x148</size>
         <input_file_ref idref="fl-1a"/>
      </object_component>
      <object_component id="oc-508">
         <name>.text:_SlDrvMsgReadCmdCtx</name>
         <load_address>0x2000ab74</load_address>
         <run_address>0x2000ab74</run_address>
         <size>0x144</size>
         <input_file_ref idref="fl-14"/>
      </object_component>
      <object_component id="oc-84e">
         <name>.text:sl_NetAppDnsGetHostByName</name>
         <load_address>0x2000acb8</load_address>
         <run_address>0x2000acb8</run_address>
         <size>0x144</size>
         <input_file_ref idref="fl-15"/>
      </object_component>
      <object_component id="oc-1f9">
         <name>.text:sl_SendTo</name>
         <load_address>0x2000adfc</load_address>
         <run_address>0x2000adfc</run_address>
         <size>0x144</size>
         <input_file_ref idref="fl-18"/>
      </object_component>
      <object_component id="oc-5e8">
         <name>.text:_pconv_e</name>
         <load_address>0x2000af40</load_address>
         <run_address>0x2000af40</run_address>
         <size>0x13c</size>
         <input_file_ref idref="fl-f4"/>
      </object_component>
      <object_component id="oc-205">
         <name>.text:sl_RecvFrom</name>
         <load_address>0x2000b07c</load_address>
         <run_address>0x2000b07c</run_address>
         <size>0x13c</size>
         <input_file_ref idref="fl-18"/>
      </object_component>
      <object_component id="oc-6ae">
         <name>.text</name>
         <load_address>0x2000b1b8</load_address>
         <run_address>0x2000b1b8</run_address>
         <size>0x136</size>
         <input_file_ref idref="fl-f8"/>
      </object_component>
      <object_component id="oc-400">
         <name>.text:__localtime32</name>
         <load_address>0x2000b2f0</load_address>
         <run_address>0x2000b2f0</run_address>
         <size>0x134</size>
         <input_file_ref idref="fl-ed"/>
      </object_component>
      <object_component id="oc-93f">
         <name>.text:_SlDrvDriverCBDeinit</name>
         <load_address>0x2000b424</load_address>
         <run_address>0x2000b424</run_address>
         <size>0x130</size>
         <input_file_ref idref="fl-14"/>
      </object_component>
      <object_component id="oc-6da">
         <name>.text:fcvt</name>
         <load_address>0x2000b554</load_address>
         <run_address>0x2000b554</run_address>
         <size>0x120</size>
         <input_file_ref idref="fl-f4"/>
      </object_component>
      <object_component id="oc-7c8">
         <name>.text:_SlDrvNetAppEventHandler</name>
         <load_address>0x2000b674</load_address>
         <run_address>0x2000b674</run_address>
         <size>0x104</size>
         <input_file_ref idref="fl-15"/>
      </object_component>
      <object_component id="oc-49c">
         <name>.text:aligned_alloc</name>
         <load_address>0x2000b778</load_address>
         <run_address>0x2000b778</run_address>
         <size>0x100</size>
         <input_file_ref idref="fl-ef"/>
      </object_component>
      <object_component id="oc-d7">
         <name>.text</name>
         <load_address>0x2000b878</load_address>
         <run_address>0x2000b878</run_address>
         <size>0xfc</size>
         <input_file_ref idref="fl-dd"/>
      </object_component>
      <object_component id="oc-7f5">
         <name>.text:sl_Start</name>
         <load_address>0x2000b974</load_address>
         <run_address>0x2000b974</run_address>
         <size>0xf0</size>
         <input_file_ref idref="fl-13"/>
      </object_component>
      <object_component id="oc-801">
         <name>.text:sl_Stop</name>
         <load_address>0x2000ba64</load_address>
         <run_address>0x2000ba64</run_address>
         <size>0xf0</size>
         <input_file_ref idref="fl-13"/>
      </object_component>
      <object_component id="oc-741">
         <name>.text:spi_Read</name>
         <load_address>0x2000bb54</load_address>
         <run_address>0x2000bb54</run_address>
         <size>0xf0</size>
         <input_file_ref idref="fl-1a"/>
      </object_component>
      <object_component id="oc-88c">
         <name>.text:uDMAChannelTransferSet</name>
         <load_address>0x2000bc44</load_address>
         <run_address>0x2000bc44</run_address>
         <size>0xf0</size>
         <input_file_ref idref="fl-23"/>
      </object_component>
      <object_component id="oc-642">
         <name>.text:_SlAsyncEventGenericHandler</name>
         <load_address>0x2000bd34</load_address>
         <run_address>0x2000bd34</run_address>
         <size>0xe8</size>
         <input_file_ref idref="fl-14"/>
      </object_component>
      <object_component id="oc-655">
         <name>.text:_SlDrvMsgReadSpawnCtx</name>
         <load_address>0x2000be1c</load_address>
         <run_address>0x2000be1c</run_address>
         <size>0xe8</size>
         <input_file_ref idref="fl-14"/>
      </object_component>
      <object_component id="oc-2cf">
         <name>.text:free</name>
         <load_address>0x2000bf04</load_address>
         <run_address>0x2000bf04</run_address>
         <size>0xe4</size>
         <input_file_ref idref="fl-ef"/>
      </object_component>
      <object_component id="oc-2c9">
         <name>.text:realloc</name>
         <load_address>0x2000bfe8</load_address>
         <run_address>0x2000bfe8</run_address>
         <size>0xe4</size>
         <input_file_ref idref="fl-ef"/>
      </object_component>
      <object_component id="oc-96f">
         <name>.text:sl_NetAppMDNSRegisterUnregisterService</name>
         <load_address>0x2000c0cc</load_address>
         <run_address>0x2000c0cc</run_address>
         <size>0xe4</size>
         <input_file_ref idref="fl-15"/>
      </object_component>
      <object_component id="oc-73b">
         <name>.text:_SlDrvClassifyRxMsg</name>
         <load_address>0x2000c1b0</load_address>
         <run_address>0x2000c1b0</run_address>
         <size>0xdc</size>
         <input_file_ref idref="fl-14"/>
      </object_component>
      <object_component id="oc-6ee">
         <name>.text:scalbn</name>
         <load_address>0x2000c28c</load_address>
         <run_address>0x2000c28c</run_address>
         <size>0xd0</size>
         <input_file_ref idref="fl-10b"/>
      </object_component>
      <object_component id="oc-8b7">
         <name>.text:_sl_HandleAsync_DnsGetHostByService</name>
         <load_address>0x2000c35c</load_address>
         <run_address>0x2000c35c</run_address>
         <size>0xcc</size>
         <input_file_ref idref="fl-15"/>
      </object_component>
      <object_component id="oc-807">
         <name>.text:sl_DevGet</name>
         <load_address>0x2000c428</load_address>
         <run_address>0x2000c428</run_address>
         <size>0xcc</size>
         <input_file_ref idref="fl-13"/>
      </object_component>
      <object_component id="oc-67f">
         <name>.text:_SlRemoveFromList</name>
         <load_address>0x2000c4f4</load_address>
         <run_address>0x2000c4f4</run_address>
         <size>0xc4</size>
         <input_file_ref idref="fl-14"/>
      </object_component>
      <object_component id="oc-3b4">
         <name>.text:_SlDrvCmdOp</name>
         <load_address>0x2000c5b8</load_address>
         <run_address>0x2000c5b8</run_address>
         <size>0xc0</size>
         <input_file_ref idref="fl-14"/>
      </object_component>
      <object_component id="oc-5d1">
         <name>.text:_ltostr</name>
         <load_address>0x2000c678</load_address>
         <run_address>0x2000c678</run_address>
         <size>0xb1</size>
         <input_file_ref idref="fl-f4"/>
      </object_component>
      <object_component id="oc-547">
         <name>.text:_SlNonOsSemGet</name>
         <load_address>0x2000c72c</load_address>
         <run_address>0x2000c72c</run_address>
         <size>0xb0</size>
         <input_file_ref idref="fl-17"/>
      </object_component>
      <object_component id="oc-45b">
         <name>.text:IntDisable</name>
         <load_address>0x2000c7dc</load_address>
         <run_address>0x2000c7dc</run_address>
         <size>0xa8</size>
         <input_file_ref idref="fl-1c"/>
      </object_component>
      <object_component id="oc-14c">
         <name>.text:IntEnable</name>
         <load_address>0x2000c884</load_address>
         <run_address>0x2000c884</run_address>
         <size>0xa8</size>
         <input_file_ref idref="fl-1c"/>
      </object_component>
      <object_component id="oc-648">
         <name>.text:_SlDriverHandleError</name>
         <load_address>0x2000c92c</load_address>
         <run_address>0x2000c92c</run_address>
         <size>0xa4</size>
         <input_file_ref idref="fl-14"/>
      </object_component>
      <object_component id="oc-194">
         <name>.text:SPIConfigSetExpClk</name>
         <load_address>0x2000c9d0</load_address>
         <run_address>0x2000c9d0</run_address>
         <size>0xa0</size>
         <input_file_ref idref="fl-1f"/>
      </object_component>
      <object_component id="oc-3d">
         <name>.text</name>
         <load_address>0x2000ca70</load_address>
         <run_address>0x2000ca70</run_address>
         <size>0x9c</size>
         <input_file_ref idref="fl-e4"/>
      </object_component>
      <object_component id="oc-89d">
         <name>.text:_SlDrvDeviceEventHandler</name>
         <load_address>0x2000cb0c</load_address>
         <run_address>0x2000cb0c</run_address>
         <size>0x9a</size>
         <input_file_ref idref="fl-13"/>
      </object_component>
      <object_component id="oc-81f">
         <name>.text:sl_NetCfgSet</name>
         <load_address>0x2000cba8</load_address>
         <run_address>0x2000cba8</run_address>
         <size>0x98</size>
         <input_file_ref idref="fl-16"/>
      </object_component>
      <object_component id="oc-854">
         <name>.text:sl_SetSockOpt</name>
         <load_address>0x2000cc40</load_address>
         <run_address>0x2000cc40</run_address>
         <size>0x98</size>
         <input_file_ref idref="fl-18"/>
      </object_component>
      <object_component id="oc-825">
         <name>.text:sl_WlanSet</name>
         <load_address>0x2000ccd8</load_address>
         <run_address>0x2000ccd8</run_address>
         <size>0x98</size>
         <input_file_ref idref="fl-19"/>
      </object_component>
      <object_component id="oc-632">
         <name>.text:spi_Write</name>
         <load_address>0x2000cd70</load_address>
         <run_address>0x2000cd70</run_address>
         <size>0x98</size>
         <input_file_ref idref="fl-1a"/>
      </object_component>
      <object_component id="oc-130">
         <name>.text</name>
         <load_address>0x2000ce08</load_address>
         <run_address>0x2000ce08</run_address>
         <size>0x96</size>
         <input_file_ref idref="fl-e8"/>
      </object_component>
      <object_component id="oc-18e">
         <name>.text:PRCMPeripheralClockGet</name>
         <load_address>0x2000cea0</load_address>
         <run_address>0x2000cea0</run_address>
         <size>0x94</size>
         <input_file_ref idref="fl-1e"/>
      </object_component>
      <object_component id="oc-e6">
         <name>.text</name>
         <load_address>0x2000cf34</load_address>
         <run_address>0x2000cf34</run_address>
         <size>0x92</size>
         <input_file_ref idref="fl-df"/>
      </object_component>
      <object_component id="oc-8b1">
         <name>.text:_sl_HandleAsync_DnsGetHostByName</name>
         <load_address>0x2000cfc8</load_address>
         <run_address>0x2000cfc8</run_address>
         <size>0x90</size>
         <input_file_ref idref="fl-15"/>
      </object_component>
      <object_component id="oc-7ce">
         <name>.text:_sl_HandleAsync_PingResponse</name>
         <load_address>0x2000d058</load_address>
         <run_address>0x2000d058</run_address>
         <size>0x90</size>
         <input_file_ref idref="fl-15"/>
      </object_component>
      <object_component id="oc-80d">
         <name>.text:sl_WlanPolicySet</name>
         <load_address>0x2000d0e8</load_address>
         <run_address>0x2000d0e8</run_address>
         <size>0x90</size>
         <input_file_ref idref="fl-19"/>
      </object_component>
      <object_component id="oc-7d5">
         <name>.text:SetupDMAReceive</name>
         <load_address>0x2000d178</load_address>
         <run_address>0x2000d178</run_address>
         <size>0x8c</size>
         <input_file_ref idref="fl-1a"/>
      </object_component>
      <object_component id="oc-71a">
         <name>.text:SetupDMASend</name>
         <load_address>0x2000d204</load_address>
         <run_address>0x2000d204</run_address>
         <size>0x8c</size>
         <input_file_ref idref="fl-1a"/>
      </object_component>
      <object_component id="oc-666">
         <name>.text:_SlDrvIsTimeoutExpired</name>
         <load_address>0x2000d290</load_address>
         <run_address>0x2000d290</run_address>
         <size>0x8c</size>
         <input_file_ref idref="fl-14"/>
      </object_component>
      <object_component id="oc-9a6">
         <name>.text:_sl_HandleAsync_InitComplete</name>
         <load_address>0x2000d31c</load_address>
         <run_address>0x2000d31c</run_address>
         <size>0x8c</size>
         <input_file_ref idref="fl-13"/>
      </object_component>
      <object_component id="oc-1e7">
         <name>.text:sl_Socket</name>
         <load_address>0x2000d3a8</load_address>
         <run_address>0x2000d3a8</run_address>
         <size>0x8c</size>
         <input_file_ref idref="fl-18"/>
      </object_component>
      <object_component id="oc-590">
         <name>.text:PinConfigSet</name>
         <load_address>0x2000d434</load_address>
         <run_address>0x2000d434</run_address>
         <size>0x88</size>
         <input_file_ref idref="fl-1d"/>
      </object_component>
      <object_component id="oc-5d7">
         <name>.text:__aeabi_cdcmple</name>
         <load_address>0x2000d4bc</load_address>
         <run_address>0x2000d4bc</run_address>
         <size>0x86</size>
         <input_file_ref idref="fl-f7"/>
      </object_component>
      <object_component id="oc-6b3">
         <name>.text:__aeabi_cdrcmple</name>
         <load_address>0x2000d542</load_address>
         <run_address>0x2000d542</run_address>
         <size>0x86</size>
         <input_file_ref idref="fl-f7"/>
      </object_component>
      <object_component id="oc-8f2">
         <name>.text:NwpPowerOnPreamble</name>
         <load_address>0x2000d5c8</load_address>
         <run_address>0x2000d5c8</run_address>
         <size>0x84</size>
         <input_file_ref idref="fl-1a"/>
      </object_component>
      <object_component id="oc-834">
         <name>.text:sl_WlanRxFilterSet</name>
         <load_address>0x2000d64c</load_address>
         <run_address>0x2000d64c</run_address>
         <size>0x84</size>
         <input_file_ref idref="fl-19"/>
      </object_component>
      <object_component id="oc-167">
         <name>.text:GPIOIntTypeSet</name>
         <load_address>0x2000d6d0</load_address>
         <run_address>0x2000d6d0</run_address>
         <size>0x82</size>
         <input_file_ref idref="fl-1b"/>
      </object_component>
      <object_component id="oc-8da">
         <name>.text:_sl_HandleAsync_Connect</name>
         <load_address>0x2000d754</load_address>
         <run_address>0x2000d754</run_address>
         <size>0x80</size>
         <input_file_ref idref="fl-18"/>
      </object_component>
      <object_component id="oc-7db">
         <name>.text:spi_Read_CPU</name>
         <load_address>0x2000d7d4</load_address>
         <run_address>0x2000d7d4</run_address>
         <size>0x80</size>
         <input_file_ref idref="fl-1a"/>
      </object_component>
      <object_component id="oc-726">
         <name>.text:spi_Write_CPU</name>
         <load_address>0x2000d854</load_address>
         <run_address>0x2000d854</run_address>
         <size>0x80</size>
         <input_file_ref idref="fl-1a"/>
      </object_component>
      <object_component id="oc-eb">
         <name>.text</name>
         <load_address>0x2000d8d4</load_address>
         <run_address>0x2000d8d4</run_address>
         <size>0x7a</size>
         <input_file_ref idref="fl-e0"/>
      </object_component>
      <object_component id="oc-8b">
         <name>.text</name>
         <load_address>0x2000d94e</load_address>
         <run_address>0x2000d94e</run_address>
         <size>0x7a</size>
         <input_file_ref idref="fl-e7"/>
      </object_component>
      <object_component id="oc-939">
         <name>.text:spi_Close</name>
         <load_address>0x2000d9c8</load_address>
         <run_address>0x2000d9c8</run_address>
         <size>0x78</size>
         <input_file_ref idref="fl-1a"/>
      </object_component>
      <object_component id="oc-299">
         <name>.text:UARTConfigSetExpClk</name>
         <load_address>0x2000da40</load_address>
         <run_address>0x2000da40</run_address>
         <size>0x76</size>
         <input_file_ref idref="fl-22"/>
      </object_component>
      <object_component id="oc-66c">
         <name>.text:_SlNonOsMainLoopTask</name>
         <load_address>0x2000dab8</load_address>
         <run_address>0x2000dab8</run_address>
         <size>0x74</size>
         <input_file_ref idref="fl-17"/>
      </object_component>
      <object_component id="oc-16d">
         <name>.text:TimerIntRegister</name>
         <load_address>0x2000db2c</load_address>
         <run_address>0x2000db2c</run_address>
         <size>0x70</size>
         <input_file_ref idref="fl-21"/>
      </object_component>
      <object_component id="oc-4a9">
         <name>.text:split</name>
         <load_address>0x2000db9c</load_address>
         <run_address>0x2000db9c</run_address>
         <size>0x70</size>
         <input_file_ref idref="fl-ef"/>
      </object_component>
      <object_component id="oc-6d3">
         <name>.text:_mcpy</name>
         <load_address>0x2000dc0c</load_address>
         <run_address>0x2000dc0c</run_address>
         <size>0x6e</size>
         <input_file_ref idref="fl-f4"/>
      </object_component>
      <object_component id="oc-3a1">
         <name>.text</name>
         <load_address>0x2000dc7a</load_address>
         <run_address>0x2000dc7a</run_address>
         <size>0x6e</size>
         <input_file_ref idref="fl-fc"/>
      </object_component>
      <object_component id="oc-9be">
         <name>.text:_SlDrvCmdSend</name>
         <load_address>0x2000dce8</load_address>
         <run_address>0x2000dce8</run_address>
         <size>0x6c</size>
         <input_file_ref idref="fl-14"/>
      </object_component>
      <object_component id="oc-8c3">
         <name>.text:_sl_NetAppSendTokenValue</name>
         <load_address>0x2000dd54</load_address>
         <run_address>0x2000dd54</run_address>
         <size>0x6c</size>
         <input_file_ref idref="fl-15"/>
      </object_component>
      <object_component id="oc-289">
         <name>.text:TimerIntUnregister</name>
         <load_address>0x2000ddc0</load_address>
         <run_address>0x2000ddc0</run_address>
         <size>0x68</size>
         <input_file_ref idref="fl-21"/>
      </object_component>
      <object_component id="oc-15">
         <name>.text:decompress:lzss:__TI_decompress_lzss</name>
         <load_address>0x2000de28</load_address>
         <run_address>0x2000de28</run_address>
         <size>0x68</size>
         <input_file_ref idref="fl-eb"/>
      </object_component>
      <object_component id="oc-64e">
         <name>.text:_SlNonOsSpawn</name>
         <load_address>0x2000de90</load_address>
         <run_address>0x2000de90</run_address>
         <size>0x64</size>
         <input_file_ref idref="fl-17"/>
      </object_component>
      <object_component id="oc-8d4">
         <name>.text:_sl_HandleAsync_Accept</name>
         <load_address>0x2000def4</load_address>
         <run_address>0x2000def4</run_address>
         <size>0x64</size>
         <input_file_ref idref="fl-18"/>
      </object_component>
      <object_component id="oc-82b">
         <name>.text:sl_NetAppMDNSUnRegisterService</name>
         <load_address>0x2000df58</load_address>
         <run_address>0x2000df58</run_address>
         <size>0x64</size>
         <input_file_ref idref="fl-15"/>
      </object_component>
      <object_component id="oc-a6b">
         <name>.text:uDMAChannelAttributeDisable</name>
         <load_address>0x2000dfbc</load_address>
         <run_address>0x2000dfbc</run_address>
         <size>0x64</size>
         <input_file_ref idref="fl-23"/>
      </object_component>
      <object_component id="oc-886">
         <name>.text:uDMAChannelAttributeEnable</name>
         <load_address>0x2000e020</load_address>
         <run_address>0x2000e020</run_address>
         <size>0x64</size>
         <input_file_ref idref="fl-23"/>
      </object_component>
      <object_component id="oc-1ff">
         <name>.text:sl_Close</name>
         <load_address>0x2000e084</load_address>
         <run_address>0x2000e084</run_address>
         <size>0x60</size>
         <input_file_ref idref="fl-18"/>
      </object_component>
      <object_component id="oc-813">
         <name>.text:sl_WlanProfileDel</name>
         <load_address>0x2000e0e4</load_address>
         <run_address>0x2000e0e4</run_address>
         <size>0x60</size>
         <input_file_ref idref="fl-19"/>
      </object_component>
      <object_component id="oc-7fb">
         <name>.text:sl_WlanSetMode</name>
         <load_address>0x2000e144</load_address>
         <run_address>0x2000e144</run_address>
         <size>0x60</size>
         <input_file_ref idref="fl-19"/>
      </object_component>
      <object_component id="oc-6e8">
         <name>.text:frexp</name>
         <load_address>0x2000e1a4</load_address>
         <run_address>0x2000e1a4</run_address>
         <size>0x5c</size>
         <input_file_ref idref="fl-10a"/>
      </object_component>
      <object_component id="oc-a04">
         <name>.text:IntPendClear</name>
         <load_address>0x2000e200</load_address>
         <run_address>0x2000e200</run_address>
         <size>0x58</size>
         <input_file_ref idref="fl-1c"/>
      </object_component>
      <object_component id="oc-182">
         <name>.text:PRCMPeripheralReset</name>
         <load_address>0x2000e258</load_address>
         <run_address>0x2000e258</run_address>
         <size>0x58</size>
         <input_file_ref idref="fl-1e"/>
      </object_component>
      <object_component id="oc-5e2">
         <name>.text:_pconv_f</name>
         <load_address>0x2000e2b0</load_address>
         <run_address>0x2000e2b0</run_address>
         <size>0x56</size>
         <input_file_ref idref="fl-f4"/>
      </object_component>
      <object_component id="oc-26b">
         <name>.text:IntPrioritySet</name>
         <load_address>0x2000e308</load_address>
         <run_address>0x2000e308</run_address>
         <size>0x54</size>
         <input_file_ref idref="fl-1c"/>
      </object_component>
      <object_component id="oc-922">
         <name>.text:_SlDrvRxIrqHandler</name>
         <load_address>0x2000e35c</load_address>
         <run_address>0x2000e35c</run_address>
         <size>0x54</size>
         <input_file_ref idref="fl-14"/>
      </object_component>
      <object_component id="oc-6bd">
         <name>.text:__TI_ltoa</name>
         <load_address>0x2000e3b0</load_address>
         <run_address>0x2000e3b0</run_address>
         <size>0x54</size>
         <input_file_ref idref="fl-102"/>
      </object_component>
      <object_component id="oc-8e0">
         <name>.text:_sl_HandleAsync_Select</name>
         <load_address>0x2000e404</load_address>
         <run_address>0x2000e404</run_address>
         <size>0x54</size>
         <input_file_ref idref="fl-18"/>
      </object_component>
      <object_component id="oc-6cd">
         <name>.text:_ecpy</name>
         <load_address>0x2000e458</load_address>
         <run_address>0x2000e458</run_address>
         <size>0x52</size>
         <input_file_ref idref="fl-f4"/>
      </object_component>
      <object_component id="oc-8e6">
         <name>.text:_sl_HandleAsync_Stop</name>
         <load_address>0x2000e4ac</load_address>
         <run_address>0x2000e4ac</run_address>
         <size>0x50</size>
         <input_file_ref idref="fl-13"/>
      </object_component>
      <object_component id="oc-9ef">
         <name>.text:SPIIntEnable</name>
         <load_address>0x2000e4fc</load_address>
         <run_address>0x2000e4fc</run_address>
         <size>0x4c</size>
         <input_file_ref idref="fl-1f"/>
      </object_component>
      <object_component id="oc-a8a">
         <name>.text:SPIIntNumberGet</name>
         <load_address>0x2000e548</load_address>
         <run_address>0x2000e548</run_address>
         <size>0x4c</size>
         <input_file_ref idref="fl-1f"/>
      </object_component>
      <object_component id="oc-904">
         <name>.text:_SlDrvProtectAsyncRespSetting</name>
         <load_address>0x2000e594</load_address>
         <run_address>0x2000e594</run_address>
         <size>0x4c</size>
         <input_file_ref idref="fl-14"/>
      </object_component>
      <object_component id="oc-3dd">
         <name>.text:_sl_BuildAddress</name>
         <load_address>0x2000e5e0</load_address>
         <run_address>0x2000e5e0</run_address>
         <size>0x4c</size>
         <input_file_ref idref="fl-18"/>
      </object_component>
      <object_component id="oc-5cb">
         <name>.text:atoi</name>
         <load_address>0x2000e62c</load_address>
         <run_address>0x2000e62c</run_address>
         <size>0x4c</size>
         <input_file_ref idref="fl-104"/>
      </object_component>
      <object_component id="oc-a65">
         <name>.text:uDMAChannelAssign</name>
         <load_address>0x2000e678</load_address>
         <run_address>0x2000e678</run_address>
         <size>0x4c</size>
         <input_file_ref idref="fl-23"/>
      </object_component>
      <object_component id="oc-32c">
         <name>.text:GPIOGetIntNumber</name>
         <load_address>0x2000e6c4</load_address>
         <run_address>0x2000e6c4</run_address>
         <size>0x48</size>
         <input_file_ref idref="fl-1b"/>
      </object_component>
      <object_component id="oc-a7c">
         <name>.text:SPIIntClear</name>
         <load_address>0x2000e70c</load_address>
         <run_address>0x2000e70c</run_address>
         <size>0x48</size>
         <input_file_ref idref="fl-1f"/>
      </object_component>
      <object_component id="oc-95a">
         <name>.text:_SlDrvBasicCmd</name>
         <load_address>0x2000e754</load_address>
         <run_address>0x2000e754</run_address>
         <size>0x48</size>
         <input_file_ref idref="fl-14"/>
      </object_component>
      <object_component id="oc-6b8">
         <name>.text</name>
         <load_address>0x2000e79c</load_address>
         <run_address>0x2000e79c</run_address>
         <size>0x48</size>
         <input_file_ref idref="fl-f9"/>
      </object_component>
      <object_component id="oc-a75">
         <name>.text:SPIDmaMaskGet</name>
         <load_address>0x2000e7e4</load_address>
         <run_address>0x2000e7e4</run_address>
         <size>0x44</size>
         <input_file_ref idref="fl-1f"/>
      </object_component>
      <object_component id="oc-15b">
         <name>.text:TimerConfigure</name>
         <load_address>0x2000e828</load_address>
         <run_address>0x2000e828</run_address>
         <size>0x44</size>
         <input_file_ref idref="fl-21"/>
      </object_component>
      <object_component id="oc-9b7">
         <name>.text:_SlDrvHandleHttpServerEvents</name>
         <load_address>0x2000e86c</load_address>
         <run_address>0x2000e86c</run_address>
         <size>0x44</size>
         <input_file_ref idref="fl-14"/>
      </object_component>
      <object_component id="oc-571">
         <name>.text:_SlDrvSyncObjWaitTimeout</name>
         <load_address>0x2000e8b0</load_address>
         <run_address>0x2000e8b0</run_address>
         <size>0x44</size>
         <input_file_ref idref="fl-14"/>
      </object_component>
      <object_component id="oc-233">
         <name>.text:__TI_auto_init_nobinit_nopinit:__TI_auto_init_nobinit_nopinit</name>
         <load_address>0x2000e8f4</load_address>
         <run_address>0x2000e8f4</run_address>
         <size>0x44</size>
         <input_file_ref idref="fl-fd"/>
      </object_component>
      <object_component id="oc-7ab">
         <name>.text:cc_SetupTransfer</name>
         <load_address>0x2000e938</load_address>
         <run_address>0x2000e938</run_address>
         <size>0x44</size>
         <input_file_ref idref="fl-1a"/>
      </object_component>
      <object_component id="oc-dc">
         <name>.text</name>
         <load_address>0x2000e97c</load_address>
         <run_address>0x2000e97c</run_address>
         <size>0x44</size>
         <input_file_ref idref="fl-de"/>
      </object_component>
      <object_component id="oc-1f3">
         <name>.text:sl_Htonl</name>
         <load_address>0x2000e9c0</load_address>
         <run_address>0x2000e9c0</run_address>
         <size>0x42</size>
         <input_file_ref idref="fl-18"/>
      </object_component>
      <object_component id="oc-408">
         <name>.text:PinModeSet</name>
         <load_address>0x2000ea04</load_address>
         <run_address>0x2000ea04</run_address>
         <size>0x40</size>
         <input_file_ref idref="fl-1d"/>
      </object_component>
      <object_component id="oc-8a9">
         <name>.text:_SlDrvHandleNetAppEvents</name>
         <load_address>0x2000ea44</load_address>
         <run_address>0x2000ea44</run_address>
         <size>0x40</size>
         <input_file_ref idref="fl-14"/>
      </object_component>
      <object_component id="oc-8a3">
         <name>.text:_SlDrvHandleWlanEvents</name>
         <load_address>0x2000ea84</load_address>
         <run_address>0x2000ea84</run_address>
         <size>0x40</size>
         <input_file_ref idref="fl-14"/>
      </object_component>
      <object_component id="oc-3d7">
         <name>.text:_sl_TruncatePayloadByProtocol</name>
         <load_address>0x2000eac4</load_address>
         <run_address>0x2000eac4</run_address>
         <size>0x40</size>
         <input_file_ref idref="fl-18"/>
      </object_component>
      <object_component id="oc-580">
         <name>.text</name>
         <load_address>0x2000eb04</load_address>
         <run_address>0x2000eb04</run_address>
         <size>0x40</size>
         <input_file_ref idref="fl-fb"/>
      </object_component>
      <object_component id="oc-2a5">
         <name>.text:vsnprintf</name>
         <load_address>0x2000eb44</load_address>
         <run_address>0x2000eb44</run_address>
         <size>0x40</size>
         <input_file_ref idref="fl-dc"/>
      </object_component>
      <object_component id="oc-910">
         <name>.text:NwpRegisterInterruptHandler</name>
         <load_address>0x2000eb84</load_address>
         <run_address>0x2000eb84</run_address>
         <size>0x3e</size>
         <input_file_ref idref="fl-1a"/>
      </object_component>
      <object_component id="oc-6e0">
         <name>.text:_fcpy</name>
         <load_address>0x2000ebc2</load_address>
         <run_address>0x2000ebc2</run_address>
         <size>0x3e</size>
         <input_file_ref idref="fl-f4"/>
      </object_component>
      <object_component id="oc-8cb">
         <name>.text:CopyPingResultsToReport</name>
         <load_address>0x2000ec00</load_address>
         <run_address>0x2000ec00</run_address>
         <size>0x3c</size>
         <input_file_ref idref="fl-15"/>
      </object_component>
      <object_component id="oc-17c">
         <name>.text:PRCMPeripheralClkEnable</name>
         <load_address>0x2000ec3c</load_address>
         <run_address>0x2000ec3c</run_address>
         <size>0x3c</size>
         <input_file_ref idref="fl-1e"/>
      </object_component>
      <object_component id="oc-869">
         <name>.text:simplelink_timerA2_start</name>
         <load_address>0x2000ec78</load_address>
         <run_address>0x2000ec78</run_address>
         <size>0x3c</size>
         <input_file_ref idref="fl-1a"/>
      </object_component>
      <object_component id="oc-1ed">
         <name>.text:sl_Htons</name>
         <load_address>0x2000ecb4</load_address>
         <run_address>0x2000ecb4</run_address>
         <size>0x3c</size>
         <input_file_ref idref="fl-18"/>
      </object_component>
      <object_component id="oc-880">
         <name>.text:uDMAChannelControlSet</name>
         <load_address>0x2000ecf0</load_address>
         <run_address>0x2000ecf0</run_address>
         <size>0x3c</size>
         <input_file_ref idref="fl-23"/>
      </object_component>
      <object_component id="oc-90a">
         <name>.text:NwpPowerOff</name>
         <load_address>0x2000ed2c</load_address>
         <run_address>0x2000ed2c</run_address>
         <size>0x38</size>
         <input_file_ref idref="fl-1a"/>
      </object_component>
      <object_component id="oc-20b">
         <name>.text:__gmtime32</name>
         <load_address>0x2000ed64</load_address>
         <run_address>0x2000ed64</run_address>
         <size>0x38</size>
         <input_file_ref idref="fl-ec"/>
      </object_component>
      <object_component id="oc-fb">
         <name>.text</name>
         <load_address>0x2000ed9c</load_address>
         <run_address>0x2000ed9c</run_address>
         <size>0x38</size>
         <input_file_ref idref="fl-e1"/>
      </object_component>
      <object_component id="oc-f0">
         <name>.text</name>
         <load_address>0x2000edd4</load_address>
         <run_address>0x2000edd4</run_address>
         <size>0x38</size>
         <input_file_ref idref="fl-e2"/>
      </object_component>
      <object_component id="oc-819">
         <name>.text:sl_WlanDisconnect</name>
         <load_address>0x2000ee0c</load_address>
         <run_address>0x2000ee0c</run_address>
         <size>0x38</size>
         <input_file_ref idref="fl-19"/>
      </object_component>
      <object_component id="oc-414">
         <name>.text:GPIODirModeSet</name>
         <load_address>0x2000ee44</load_address>
         <run_address>0x2000ee44</run_address>
         <size>0x36</size>
         <input_file_ref idref="fl-1b"/>
      </object_component>
      <object_component id="oc-916">
         <name>.text:NwpPowerOn</name>
         <load_address>0x2000ee7c</load_address>
         <run_address>0x2000ee7c</run_address>
         <size>0x34</size>
         <input_file_ref idref="fl-1a"/>
      </object_component>
      <object_component id="oc-863">
         <name>.text:PRCMPeripheralStatusGet</name>
         <load_address>0x2000eeb0</load_address>
         <run_address>0x2000eeb0</run_address>
         <size>0x34</size>
         <input_file_ref idref="fl-1e"/>
      </object_component>
      <object_component id="oc-9e9">
         <name>.text:SPIFIFOLevelSet</name>
         <load_address>0x2000eee4</load_address>
         <run_address>0x2000eee4</run_address>
         <size>0x34</size>
         <input_file_ref idref="fl-1f"/>
      </object_component>
      <object_component id="oc-40e">
         <name>.text:PinTypeGPIO</name>
         <load_address>0x2000ef18</load_address>
         <run_address>0x2000ef18</run_address>
         <size>0x30</size>
         <input_file_ref idref="fl-1d"/>
      </object_component>
      <object_component id="oc-46a">
         <name>.text:UARTDisable</name>
         <load_address>0x2000ef48</load_address>
         <run_address>0x2000ef48</run_address>
         <size>0x30</size>
         <input_file_ref idref="fl-22"/>
      </object_component>
      <object_component id="oc-47e">
         <name>.text:_outs</name>
         <load_address>0x2000ef78</load_address>
         <run_address>0x2000ef78</run_address>
         <size>0x30</size>
         <input_file_ref idref="fl-dc"/>
      </object_component>
      <object_component id="oc-6c3">
         <name>.text</name>
         <load_address>0x2000efa8</load_address>
         <run_address>0x2000efa8</run_address>
         <size>0x2e</size>
         <input_file_ref idref="fl-fa"/>
      </object_component>
      <object_component id="oc-306">
         <name>.text:PRCMSysResetCauseGet</name>
         <load_address>0x2000efd8</load_address>
         <run_address>0x2000efd8</run_address>
         <size>0x2c</size>
         <input_file_ref idref="fl-1e"/>
      </object_component>
      <object_component id="oc-4f6">
         <name>.text:_SlDrvObjGlobalLockWaitForever</name>
         <load_address>0x2000f004</load_address>
         <run_address>0x2000f004</run_address>
         <size>0x2c</size>
         <input_file_ref idref="fl-14"/>
      </object_component>
      <object_component id="oc-565">
         <name>.text:_SlDrvProtectionObjLockWaitForever</name>
         <load_address>0x2000f030</load_address>
         <run_address>0x2000f030</run_address>
         <size>0x2c</size>
         <input_file_ref idref="fl-14"/>
      </object_component>
      <object_component id="oc-13a">
         <name>.text:TimerLoadSet</name>
         <load_address>0x2000f05c</load_address>
         <run_address>0x2000f05c</run_address>
         <size>0x2a</size>
         <input_file_ref idref="fl-21"/>
      </object_component>
      <object_component id="oc-265">
         <name>.text:TimerPrescaleSet</name>
         <load_address>0x2000f086</load_address>
         <run_address>0x2000f086</run_address>
         <size>0x2a</size>
         <input_file_ref idref="fl-21"/>
      </object_component>
      <object_component id="oc-318">
         <name>.text:PRCMPeripheralClkDisable</name>
         <load_address>0x2000f0b0</load_address>
         <run_address>0x2000f0b0</run_address>
         <size>0x28</size>
         <input_file_ref idref="fl-1e"/>
      </object_component>
      <object_component id="oc-4fc">
         <name>.text:_SlDrvGlobalObjUnLock</name>
         <load_address>0x2000f0d8</load_address>
         <run_address>0x2000f0d8</run_address>
         <size>0x28</size>
         <input_file_ref idref="fl-14"/>
      </object_component>
      <object_component id="oc-56b">
         <name>.text:_SlDrvProtectionObjUnLock</name>
         <load_address>0x2000f100</load_address>
         <run_address>0x2000f100</run_address>
         <size>0x28</size>
         <input_file_ref idref="fl-14"/>
      </object_component>
      <object_component id="oc-553">
         <name>.text:_SlDrvSyncObjWaitForever</name>
         <load_address>0x2000f128</load_address>
         <run_address>0x2000f128</run_address>
         <size>0x28</size>
         <input_file_ref idref="fl-14"/>
      </object_component>
      <object_component id="oc-4b0">
         <name>.text:free_list_insert</name>
         <load_address>0x2000f150</load_address>
         <run_address>0x2000f150</run_address>
         <size>0x28</size>
         <input_file_ref idref="fl-ef"/>
      </object_component>
      <object_component id="oc-2bd">
         <name>.text:memmove</name>
         <load_address>0x2000f178</load_address>
         <run_address>0x2000f178</run_address>
         <size>0x28</size>
         <input_file_ref idref="fl-ee"/>
      </object_component>
      <object_component id="oc-541">
         <name>.text:_SlDrvObjLockWaitForever</name>
         <load_address>0x2000f1a0</load_address>
         <run_address>0x2000f1a0</run_address>
         <size>0x26</size>
         <input_file_ref idref="fl-14"/>
      </object_component>
      <object_component id="oc-a53">
         <name>.text</name>
         <load_address>0x2000f1c6</load_address>
         <run_address>0x2000f1c6</run_address>
         <size>0x26</size>
         <input_file_ref idref="fl-6"/>
      </object_component>
      <object_component id="oc-9f5">
         <name>.text:DmaSpiSwIntHandler</name>
         <load_address>0x2000f1ec</load_address>
         <run_address>0x2000f1ec</run_address>
         <size>0x24</size>
         <input_file_ref idref="fl-1a"/>
      </object_component>
      <object_component id="oc-461">
         <name>.text:IntUnregister</name>
         <load_address>0x2000f210</load_address>
         <run_address>0x2000f210</run_address>
         <size>0x24</size>
         <input_file_ref idref="fl-1c"/>
      </object_component>
      <object_component id="oc-470">
         <name>.text:UARTEnable</name>
         <load_address>0x2000f234</load_address>
         <run_address>0x2000f234</run_address>
         <size>0x24</size>
         <input_file_ref idref="fl-22"/>
      </object_component>
      <object_component id="oc-5b">
         <name>.text:_c_int00_noargs:_c_int00_noargs</name>
         <load_address>0x2000f258</load_address>
         <run_address>0x2000f258</run_address>
         <size>0x24</size>
         <input_file_ref idref="fl-f3"/>
      </object_component>
      <object_component id="oc-e1">
         <name>.text</name>
         <load_address>0x2000f27c</load_address>
         <run_address>0x2000f27c</run_address>
         <size>0x24</size>
         <input_file_ref idref="fl-e6"/>
      </object_component>
      <object_component id="oc-124">
         <name>.text:GPIOIntStatus</name>
         <load_address>0x2000f2a0</load_address>
         <run_address>0x2000f2a0</run_address>
         <size>0x22</size>
         <input_file_ref idref="fl-1b"/>
      </object_component>
      <object_component id="oc-188">
         <name>.text:SPIReset</name>
         <load_address>0x2000f2c2</load_address>
         <run_address>0x2000f2c2</run_address>
         <size>0x22</size>
         <input_file_ref idref="fl-1f"/>
      </object_component>
      <object_component id="oc-720">
         <name>.text:SPIWordCountSet</name>
         <load_address>0x2000f2e4</load_address>
         <run_address>0x2000f2e4</run_address>
         <size>0x22</size>
         <input_file_ref idref="fl-1f"/>
      </object_component>
      <object_component id="oc-cb">
         <name>.text:GPIOPinWrite</name>
         <load_address>0x2000f306</load_address>
         <run_address>0x2000f306</run_address>
         <size>0x20</size>
         <input_file_ref idref="fl-1b"/>
      </object_component>
      <object_component id="oc-324">
         <name>.text:IntRegister</name>
         <load_address>0x2000f328</load_address>
         <run_address>0x2000f328</run_address>
         <size>0x20</size>
         <input_file_ref idref="fl-1c"/>
      </object_component>
      <object_component id="oc-933">
         <name>.text:NwpPrePowerOffTimout0</name>
         <load_address>0x2000f348</load_address>
         <run_address>0x2000f348</run_address>
         <size>0x20</size>
         <input_file_ref idref="fl-1a"/>
      </object_component>
      <object_component id="oc-351">
         <name>.text:SPIDataGet</name>
         <load_address>0x2000f368</load_address>
         <run_address>0x2000f368</run_address>
         <size>0x20</size>
         <input_file_ref idref="fl-1f"/>
      </object_component>
      <object_component id="oc-767">
         <name>.text:TimerGetCurrentTimestamp</name>
         <load_address>0x2000f388</load_address>
         <run_address>0x2000f388</run_address>
         <size>0x20</size>
         <input_file_ref idref="fl-1a"/>
      </object_component>
      <object_component id="oc-54d">
         <name>.text:_SlDrvObjUnLock</name>
         <load_address>0x2000f3a8</load_address>
         <run_address>0x2000f3a8</run_address>
         <size>0x20</size>
         <input_file_ref idref="fl-14"/>
      </object_component>
      <object_component id="oc-685">
         <name>.text:_SlDrvSyncObjSignal</name>
         <load_address>0x2000f3c8</load_address>
         <run_address>0x2000f3c8</run_address>
         <size>0x20</size>
         <input_file_ref idref="fl-14"/>
      </object_component>
      <object_component id="oc-d2">
         <name>.text</name>
         <load_address>0x2000f3e8</load_address>
         <run_address>0x2000f3e8</run_address>
         <size>0x20</size>
         <input_file_ref idref="fl-e5"/>
      </object_component>
      <object_component id="oc-173">
         <name>.text:GPIOIntRegister</name>
         <load_address>0x2000f408</load_address>
         <run_address>0x2000f408</run_address>
         <size>0x1e</size>
         <input_file_ref idref="fl-1b"/>
      </object_component>
      <object_component id="oc-34b">
         <name>.text:SPIDataPut</name>
         <load_address>0x2000f426</load_address>
         <run_address>0x2000f426</run_address>
         <size>0x1e</size>
         <input_file_ref idref="fl-1f"/>
      </object_component>
      <object_component id="oc-11e">
         <name>.text:TimerDisable</name>
         <load_address>0x2000f444</load_address>
         <run_address>0x2000f444</run_address>
         <size>0x1e</size>
         <input_file_ref idref="fl-21"/>
      </object_component>
      <object_component id="oc-112">
         <name>.text:TimerEnable</name>
         <load_address>0x2000f462</load_address>
         <run_address>0x2000f462</run_address>
         <size>0x1e</size>
         <input_file_ref idref="fl-21"/>
      </object_component>
      <object_component id="oc-277">
         <name>.text:TimerIntStatus</name>
         <load_address>0x2000f480</load_address>
         <run_address>0x2000f480</run_address>
         <size>0x1e</size>
         <input_file_ref idref="fl-21"/>
      </object_component>
      <object_component id="oc-29f">
         <name>.text:UARTCharPut</name>
         <load_address>0x2000f49e</load_address>
         <run_address>0x2000f49e</run_address>
         <size>0x1e</size>
         <input_file_ref idref="fl-22"/>
      </object_component>
      <object_component id="oc-9d7">
         <name>.text:cc_UDMAChannelSelect</name>
         <load_address>0x2000f4bc</load_address>
         <run_address>0x2000f4bc</run_address>
         <size>0x1e</size>
         <input_file_ref idref="fl-1a"/>
      </object_component>
      <object_component id="oc-41a">
         <name>.text:PinTypeI2C</name>
         <load_address>0x2000f4da</load_address>
         <run_address>0x2000f4da</run_address>
         <size>0x1c</size>
         <input_file_ref idref="fl-1d"/>
      </object_component>
      <object_component id="oc-1ac">
         <name>.text:SysTickIntRegister</name>
         <load_address>0x2000f4f8</load_address>
         <run_address>0x2000f4f8</run_address>
         <size>0x1c</size>
         <input_file_ref idref="fl-20"/>
      </object_component>
      <object_component id="oc-10c">
         <name>.text:TimerLoadGet</name>
         <load_address>0x2000f514</load_address>
         <run_address>0x2000f514</run_address>
         <size>0x1c</size>
         <input_file_ref idref="fl-21"/>
      </object_component>
      <object_component id="oc-118">
         <name>.text:TimerValueGet</name>
         <load_address>0x2000f530</load_address>
         <run_address>0x2000f530</run_address>
         <size>0x1c</size>
         <input_file_ref idref="fl-21"/>
      </object_component>
      <object_component id="oc-2b1">
         <name>.text:UARTCharGetNonBlocking</name>
         <load_address>0x2000f54c</load_address>
         <run_address>0x2000f54c</run_address>
         <size>0x1c</size>
         <input_file_ref idref="fl-22"/>
      </object_component>
      <object_component id="oc-660">
         <name>.text:_SlDrvStartMeasureTimeout</name>
         <load_address>0x2000f568</load_address>
         <run_address>0x2000f568</run_address>
         <size>0x1c</size>
         <input_file_ref idref="fl-14"/>
      </object_component>
      <object_component id="oc-49">
         <name>.text:decompress:ZI:__TI_zero_init_nomemset:__TI_zero_init_nomemset</name>
         <load_address>0x2000f584</load_address>
         <run_address>0x2000f584</run_address>
         <size>0x1c</size>
         <input_file_ref idref="fl-e9"/>
      </object_component>
      <object_component id="oc-4a3">
         <name>.text:free_list_remove</name>
         <load_address>0x2000f5a0</load_address>
         <run_address>0x2000f5a0</run_address>
         <size>0x1c</size>
         <input_file_ref idref="fl-ef"/>
      </object_component>
      <object_component id="oc-5f4">
         <name>.text:memccpy</name>
         <load_address>0x2000f5bc</load_address>
         <run_address>0x2000f5bc</run_address>
         <size>0x1c</size>
         <input_file_ref idref="fl-106"/>
      </object_component>
      <object_component id="oc-892">
         <name>.text:uDMAChannelEnable</name>
         <load_address>0x2000f5d8</load_address>
         <run_address>0x2000f5d8</run_address>
         <size>0x1c</size>
         <input_file_ref idref="fl-23"/>
      </object_component>
      <object_component id="oc-161">
         <name>.text:GPIOIntEnable</name>
         <load_address>0x2000f5f4</load_address>
         <run_address>0x2000f5f4</run_address>
         <size>0x1a</size>
         <input_file_ref idref="fl-1b"/>
      </object_component>
      <object_component id="oc-420">
         <name>.text:PinTypeSPI</name>
         <load_address>0x2000f60e</load_address>
         <run_address>0x2000f60e</run_address>
         <size>0x1a</size>
         <input_file_ref idref="fl-1d"/>
      </object_component>
      <object_component id="oc-426">
         <name>.text:PinTypeUART</name>
         <load_address>0x2000f628</load_address>
         <run_address>0x2000f628</run_address>
         <size>0x1a</size>
         <input_file_ref idref="fl-1d"/>
      </object_component>
      <object_component id="oc-a22">
         <name>.text:SPIDmaDisable</name>
         <load_address>0x2000f642</load_address>
         <run_address>0x2000f642</run_address>
         <size>0x1a</size>
         <input_file_ref idref="fl-1f"/>
      </object_component>
      <object_component id="oc-9e3">
         <name>.text:SPIDmaEnable</name>
         <load_address>0x2000f65c</load_address>
         <run_address>0x2000f65c</run_address>
         <size>0x1a</size>
         <input_file_ref idref="fl-1f"/>
      </object_component>
      <object_component id="oc-a1c">
         <name>.text:SPIFIFODisable</name>
         <load_address>0x2000f676</load_address>
         <run_address>0x2000f676</run_address>
         <size>0x1a</size>
         <input_file_ref idref="fl-1f"/>
      </object_component>
      <object_component id="oc-9dd">
[...]
      </symbol>
      <symbol id="sm-ffd">
         <name>SPIFIFOLevelSet</name>
         <value>0x2000eee5</value>
         <object_component_ref idref="oc-9e9"/>
      </symbol>
      <symbol id="sm-ffe">
         <name>SPIDmaDisable</name>
         <value>0x2000f643</value>
         <object_component_ref idref="oc-a22"/>
      </symbol>
      <symbol id="sm-fff">
         <name>SPIReset</name>
         <value>0x2000f2c3</value>
         <object_component_ref idref="oc-188"/>
      </symbol>
      <symbol id="sm-1000">
         <name>SPIIntEnable</name>
         <value>0x2000e4fd</value>
         <object_component_ref idref="oc-9ef"/>
      </symbol>
      <symbol id="sm-1001">
         <name>SPIIntClear</name>
         <value>0x2000e70d</value>
         <object_component_ref idref="oc-a7c"/>
      </symbol>
      <symbol id="sm-1002">
         <name>SPICSDisable</name>
         <value>0x2000f6dd</value>
         <object_component_ref idref="oc-357"/>
      </symbol>
      <symbol id="sm-1039">
         <name>SysTickEnable</name>
         <value>0x2000f8c9</value>
         <object_component_ref idref="oc-1b8"/>
      </symbol>
      <symbol id="sm-103a">
         <name>SysTickIntRegister</name>
         <value>0x2000f4f9</value>
         <object_component_ref idref="oc-1ac"/>
      </symbol>
      <symbol id="sm-103b">
         <name>SysTickIntEnable</name>
         <value>0x2000f8d9</value>
         <object_component_ref idref="oc-1b2"/>
      </symbol>
      <symbol id="sm-103c">
         <name>SysTickValueGet</name>
         <value>0x2000f93d</value>
         <object_component_ref idref="oc-12a"/>
      </symbol>
      <symbol id="sm-103d">
         <name>SysTickPeriodSet</name>
         <value>0x2000f73d</value>
         <object_component_ref idref="oc-1a6"/>
      </symbol>
      <symbol id="sm-10cb">
         <name>TimerLoadSet</name>
         <value>0x2000f05d</value>
         <object_component_ref idref="oc-13a"/>
      </symbol>
      <symbol id="sm-10cc">
         <name>TimerDisable</name>
         <value>0x2000f445</value>
         <object_component_ref idref="oc-11e"/>
      </symbol>
      <symbol id="sm-10cd">
         <name>TimerIntRegister</name>
         <value>0x2000db2d</value>
         <object_component_ref idref="oc-16d"/>
      </symbol>
      <symbol id="sm-10ce">
         <name>TimerEnable</name>
         <value>0x2000f463</value>
         <object_component_ref idref="oc-112"/>
      </symbol>
      <symbol id="sm-10cf">
         <name>TimerIntUnregister</name>
         <value>0x2000ddc1</value>
         <object_component_ref idref="oc-289"/>
      </symbol>
      <symbol id="sm-10d0">
         <name>TimerIntStatus</name>
         <value>0x2000f481</value>
         <object_component_ref idref="oc-277"/>
      </symbol>
      <symbol id="sm-10d1">
         <name>TimerIntDisable</name>
         <value>0x2000f755</value>
         <object_component_ref idref="oc-283"/>
      </symbol>
      <symbol id="sm-10d2">
         <name>TimerValueGet</name>
         <value>0x2000f531</value>
         <object_component_ref idref="oc-118"/>
      </symbol>
      <symbol id="sm-10d3">
         <name>TimerPrescaleSet</name>
         <value>0x2000f087</value>
         <object_component_ref idref="oc-265"/>
      </symbol>
      <symbol id="sm-10d4">
         <name>TimerLoadGet</name>
         <value>0x2000f515</value>
         <object_component_ref idref="oc-10c"/>
      </symbol>
      <symbol id="sm-10d5">
         <name>TimerIntEnable</name>
         <value>0x2000f76d</value>
         <object_component_ref idref="oc-271"/>
      </symbol>
      <symbol id="sm-10d6">
         <name>TimerConfigure</name>
         <value>0x2000e829</value>
         <object_component_ref idref="oc-15b"/>
      </symbol>
      <symbol id="sm-10d7">
         <name>TimerIntClear</name>
         <value>0x2000f8a5</value>
         <object_component_ref idref="oc-27d"/>
      </symbol>
      <symbol id="sm-1113">
         <name>UARTConfigSetExpClk</name>
         <value>0x2000da41</value>
         <object_component_ref idref="oc-299"/>
      </symbol>
      <symbol id="sm-1114">
         <name>UARTDisable</name>
         <value>0x2000ef49</value>
         <object_component_ref idref="oc-46a"/>
      </symbol>
      <symbol id="sm-1115">
         <name>UARTCharsAvail</name>
         <value>0x2000f785</value>
         <object_component_ref idref="oc-2ab"/>
      </symbol>
      <symbol id="sm-1116">
         <name>UARTCharGetNonBlocking</name>
         <value>0x2000f54d</value>
         <object_component_ref idref="oc-2b1"/>
      </symbol>
      <symbol id="sm-1117">
         <name>UARTCharPut</name>
         <value>0x2000f49f</value>
         <object_component_ref idref="oc-29f"/>
      </symbol>
      <symbol id="sm-1118">
         <name>UARTEnable</name>
         <value>0x2000f235</value>
         <object_component_ref idref="oc-470"/>
      </symbol>
      <symbol id="sm-116f">
         <name>uDMAChannelControlSet</name>
         <value>0x2000ecf1</value>
         <object_component_ref idref="oc-880"/>
      </symbol>
      <symbol id="sm-1170">
         <name>uDMAChannelAttributeEnable</name>
         <value>0x2000e021</value>
         <object_component_ref idref="oc-886"/>
      </symbol>
      <symbol id="sm-1171">
         <name>uDMAChannelTransferSet</name>
         <value>0x2000bc45</value>
         <object_component_ref idref="oc-88c"/>
      </symbol>
      <symbol id="sm-1172">
         <name>uDMAChannelAssign</name>
         <value>0x2000e679</value>
         <object_component_ref idref="oc-a65"/>
      </symbol>
      <symbol id="sm-1173">
         <name>uDMAChannelAttributeDisable</name>
         <value>0x2000dfbd</value>
         <object_component_ref idref="oc-a6b"/>
      </symbol>
      <symbol id="sm-1174">
         <name>uDMAChannelEnable</name>
         <value>0x2000f5d9</value>
         <object_component_ref idref="oc-892"/>
      </symbol>
      <symbol id="sm-1178">
         <name>UtilsDelay</name>
         <value>0x2000f971</value>
         <object_component_ref idref="oc-d1"/>
      </symbol>
      <symbol id="sm-1182">
         <name>CPUcpsie</name>
         <value>0x2000f855</value>
         <object_component_ref idref="oc-2fb"/>
      </symbol>
      <symbol id="sm-11b2">
         <name>vsnprintf</name>
         <value>0x2000eb45</value>
         <object_component_ref idref="oc-2a5"/>
      </symbol>
      <symbol id="sm-11bd">
         <name>__aeabi_dmul</name>
         <value>0x2000b879</value>
         <object_component_ref idref="oc-d7"/>
      </symbol>
      <symbol id="sm-11c7">
         <name>__aeabi_d2uiz</name>
         <value>0x2000e97d</value>
         <object_component_ref idref="oc-dc"/>
      </symbol>
      <symbol id="sm-11d4">
         <name>__aeabi_fdiv</name>
         <value>0x2000cf35</value>
         <object_component_ref idref="oc-e6"/>
      </symbol>
      <symbol id="sm-11de">
         <name>__aeabi_fmul</name>
         <value>0x2000d8d5</value>
         <object_component_ref idref="oc-eb"/>
      </symbol>
      <symbol id="sm-11e9">
         <name>__aeabi_f2d</name>
         <value>0x2000ed9d</value>
         <object_component_ref idref="oc-fb"/>
      </symbol>
      <symbol id="sm-11f3">
         <name>__aeabi_f2iz</name>
         <value>0x2000edd5</value>
         <object_component_ref idref="oc-f0"/>
      </symbol>
      <symbol id="sm-11fc">
         <name>__aeabi_lmul</name>
         <value>0x2000f7e5</value>
         <object_component_ref idref="oc-135"/>
      </symbol>
      <symbol id="sm-1217">
         <name>memcpy</name>
         <value>0x2000ca71</value>
         <object_component_ref idref="oc-3d"/>
      </symbol>
      <symbol id="sm-1218">
         <name>__aeabi_memcpy</name>
         <value>0x2000ca71</value>
         <object_component_ref idref="oc-3d"/>
      </symbol>
      <symbol id="sm-1219">
         <name>__aeabi_memcpy8</name>
         <value>0x2000ca71</value>
         <object_component_ref idref="oc-3d"/>
      </symbol>
      <symbol id="sm-121a">
         <name>__aeabi_memcpy4</name>
         <value>0x2000ca71</value>
         <object_component_ref idref="oc-3d"/>
      </symbol>
      <symbol id="sm-1224">
         <name>__aeabi_ui2d</name>
         <value>0x2000f3e9</value>
         <object_component_ref idref="oc-d2"/>
      </symbol>
      <symbol id="sm-122f">
         <name>__aeabi_ui2f</name>
         <value>0x2000f27d</value>
         <object_component_ref idref="oc-e1"/>
      </symbol>
      <symbol id="sm-123e">
         <name>__aeabi_memset</name>
         <value>0x2000d951</value>
         <object_component_ref idref="oc-8b"/>
      </symbol>
      <symbol id="sm-123f">
         <name>memset</name>
         <value>0x2000d957</value>
         <object_component_ref idref="oc-8b"/>
      </symbol>
      <symbol id="sm-1240">
         <name>__aeabi_memset8</name>
         <value>0x2000d951</value>
         <object_component_ref idref="oc-8b"/>
      </symbol>
      <symbol id="sm-1241">
         <name>__aeabi_memset4</name>
         <value>0x2000d951</value>
         <object_component_ref idref="oc-8b"/>
      </symbol>
      <symbol id="sm-1242">
         <name>__aeabi_memclr8</name>
         <value>0x2000d94f</value>
         <object_component_ref idref="oc-8b"/>
      </symbol>
      <symbol id="sm-1243">
         <name>__aeabi_memclr4</name>
         <value>0x2000d94f</value>
         <object_component_ref idref="oc-8b"/>
      </symbol>
      <symbol id="sm-1244">
         <name>__aeabi_memclr</name>
         <value>0x2000d94f</value>
         <object_component_ref idref="oc-8b"/>
      </symbol>
      <symbol id="sm-1251">
         <name>__aeabi_uldivmod</name>
         <value>0x2000ce09</value>
         <object_component_ref idref="oc-130"/>
      </symbol>
      <symbol id="sm-1265">
         <name>__TI_zero_init_nomemset</name>
         <value>0x2000f585</value>
         <object_component_ref idref="oc-49"/>
      </symbol>
      <symbol id="sm-127c">
         <name>__TI_decompress_none</name>
         <value>0x2000f907</value>
         <object_component_ref idref="oc-1b"/>
      </symbol>
      <symbol id="sm-129f">
         <name>__TI_decompress_lzss</name>
         <value>0x2000de29</value>
         <object_component_ref idref="oc-15"/>
      </symbol>
      <symbol id="sm-12bc">
         <name>__gmtime32</name>
         <value>0x2000ed65</value>
         <object_component_ref idref="oc-20b"/>
      </symbol>
      <symbol id="sm-12bd">
         <name>gmtime</name>
         <value>0x2000ed65</value>
         <object_component_ref idref="oc-20b"/>
      </symbol>
      <symbol id="sm-12e0">
         <name>__localtime32</name>
         <value>0x2000b2f1</value>
         <object_component_ref idref="oc-400"/>
      </symbol>
      <symbol id="sm-12e1">
         <name>localtime</name>
         <value>0x2000b2f1</value>
         <object_component_ref idref="oc-400"/>
      </symbol>
      <symbol id="sm-12f2">
         <name>memmove</name>
         <value>0x2000f179</value>
         <object_component_ref idref="oc-2bd"/>
      </symbol>
      <symbol id="sm-1390">
         <name>_sys_memory</name>
         <value>0x20017000</value>
         <object_component_ref idref="oc-23"/>
      </symbol>
      <symbol id="sm-1391">
         <name>free</name>
         <value>0x2000bf05</value>
         <object_component_ref idref="oc-2cf"/>
      </symbol>
      <symbol id="sm-1392">
         <name>realloc</name>
         <value>0x2000bfe9</value>
         <object_component_ref idref="oc-2c9"/>
      </symbol>
      <symbol id="sm-1393">
         <name>memalign</name>
         <value>0x2000b779</value>
         <object_component_ref idref="oc-49c"/>
      </symbol>
      <symbol id="sm-1394">
         <name>malloc</name>
         <value>0x2000f969</value>
         <object_component_ref idref="oc-2c3"/>
      </symbol>
      <symbol id="sm-1395">
         <name>aligned_alloc</name>
         <value>0x2000b779</value>
         <object_component_ref idref="oc-49c"/>
      </symbol>
      <symbol id="sm-13c7">
         <name>mktime</name>
         <value>0x200088dd</value>
         <object_component_ref idref="oc-1e1"/>
      </symbol>
      <symbol id="sm-13c8">
         <name>__mktime32</name>
         <value>0x200088dd</value>
         <object_component_ref idref="oc-1e1"/>
      </symbol>
      <symbol id="sm-13d6">
         <name>strlen</name>
         <value>0x2000f891</value>
         <object_component_ref idref="oc-2b7"/>
      </symbol>
      <symbol id="sm-13e6">
         <name>_tz</name>
         <value>0x2001f4d0</value>
         <object_component_ref idref="oc-3a9"/>
      </symbol>
      <symbol id="sm-13f8">
         <name>__stack</name>
         <value>0x2002f000</value>
         <object_component_ref idref="oc-26"/>
      </symbol>
      <symbol id="sm-13f9">
         <name>_c_int00_noargs</name>
         <value>0x2000f259</value>
         <object_component_ref idref="oc-5b"/>
      </symbol>
      <symbol id="sm-155e">
         <name>__TI_printfi</name>
         <value>0x200070bd</value>
         <object_component_ref idref="oc-478"/>
      </symbol>
      <symbol id="sm-1568">
         <name>__aeabi_idiv0</name>
         <value>0x20009c5f</value>
         <object_component_ref idref="oc-2f2"/>
      </symbol>
      <symbol id="sm-1569">
         <name>__aeabi_ldiv0</name>
         <value>0x20009c5f</value>
         <object_component_ref idref="oc-2f2"/>
      </symbol>
      <symbol id="sm-1580">
         <name>__aeabi_dsub</name>
         <value>0x20009aa9</value>
         <object_component_ref idref="oc-6c8"/>
      </symbol>
      <symbol id="sm-1581">
         <name>__aeabi_dadd</name>
         <value>0x20009ab3</value>
         <object_component_ref idref="oc-6c8"/>
      </symbol>
      <symbol id="sm-15a3">
         <name>__aeabi_cdcmpeq</name>
         <value>0x2000d4bd</value>
         <object_component_ref idref="oc-5d7"/>
      </symbol>
      <symbol id="sm-15a4">
         <name>__aeabi_cdcmple</name>
         <value>0x2000d4bd</value>
         <object_component_ref idref="oc-5d7"/>
      </symbol>
      <symbol id="sm-15a5">
         <name>__aeabi_cdrcmple</name>
         <value>0x2000d543</value>
         <object_component_ref idref="oc-6b3"/>
      </symbol>
      <symbol id="sm-15b9">
         <name>__aeabi_ddiv</name>
         <value>0x2000b1b9</value>
         <object_component_ref idref="oc-6ae"/>
      </symbol>
      <symbol id="sm-15c3">
         <name>__aeabi_d2iz</name>
         <value>0x2000e79d</value>
         <object_component_ref idref="oc-6b8"/>
      </symbol>
      <symbol id="sm-15cd">
         <name>__aeabi_i2d</name>
         <value>0x2000efa9</value>
         <object_component_ref idref="oc-6c3"/>
      </symbol>
      <symbol id="sm-15dc">
         <name>__aeabi_uidivmod</name>
         <value>0x2000eb05</value>
         <object_component_ref idref="oc-580"/>
      </symbol>
      <symbol id="sm-15dd">
         <name>__aeabi_uidiv</name>
         <value>0x2000eb05</value>
         <object_component_ref idref="oc-580"/>
      </symbol>
      <symbol id="sm-15eb">
         <name>__aeabi_ldivmod</name>
         <value>0x2000dc7b</value>
         <object_component_ref idref="oc-3a1"/>
      </symbol>
      <symbol id="sm-1613">
         <name>__TI_auto_init_nobinit_nopinit</name>
         <value>0x2000e8f5</value>
         <object_component_ref idref="oc-233"/>
      </symbol>
      <symbol id="sm-161d">
         <name>_system_pre_init</name>
         <value>0x2000f977</value>
         <object_component_ref idref="oc-91"/>
      </symbol>
      <symbol id="sm-1629">
         <name>C$$EXIT</name>
         <value>0x2000f97b</value>
         <object_component_ref idref="oc-227"/>
      </symbol>
      <symbol id="sm-162a">
         <name>abort</name>
         <value>0x2000f97b</value>
         <object_component_ref idref="oc-227"/>
      </symbol>
      <symbol id="sm-163f">
         <name>_nop</name>
         <value>0x20008543</value>
         <object_component_ref idref="oc-59d"/>
      </symbol>
      <symbol id="sm-1640">
         <name>_lock</name>
         <value>0x2001f514</value>
         <object_component_ref idref="oc-436"/>
      </symbol>
      <symbol id="sm-1641">
         <name>_unlock</name>
         <value>0x2001f518</value>
         <object_component_ref idref="oc-436"/>
      </symbol>
      <symbol id="sm-1650">
         <name>__TI_ltoa</name>
         <value>0x2000e3b1</value>
         <object_component_ref idref="oc-6bd"/>
      </symbol>
      <symbol id="sm-1667">
         <name>atoi</name>
         <value>0x2000e62d</value>
         <object_component_ref idref="oc-5cb"/>
      </symbol>
      <symbol id="sm-1672">
         <name>_ctypes_</name>
         <value>0x2000fe7b</value>
         <object_component_ref idref="oc-6a7"/>
      </symbol>
      <symbol id="sm-1682">
         <name>memccpy</name>
         <value>0x2000f5bd</value>
         <object_component_ref idref="oc-5f4"/>
      </symbol>
      <symbol id="sm-1692">
         <name>strchr</name>
         <value>0x2000f83f</value>
         <object_component_ref idref="oc-6f4"/>
      </symbol>
      <symbol id="sm-16a8">
         <name>__aeabi_errno_addr</name>
         <value>0x2000f961</value>
         <object_component_ref idref="oc-600"/>
      </symbol>
      <symbol id="sm-16a9">
         <name>errno</name>
         <value>0x2001f53c</value>
         <object_component_ref idref="oc-704"/>
      </symbol>
      <symbol id="sm-16c2">
         <name>wcslen</name>
         <value>0x2000f8b7</value>
         <object_component_ref idref="oc-5fa"/>
      </symbol>
      <symbol id="sm-16e2">
         <name>frexpl</name>
         <value>0x2000e1a5</value>
         <object_component_ref idref="oc-6e8"/>
      </symbol>
      <symbol id="sm-16e3">
         <name>frexp</name>
         <value>0x2000e1a5</value>
         <object_component_ref idref="oc-6e8"/>
      </symbol>
      <symbol id="sm-1701">
         <name>scalbn</name>
         <value>0x2000c28d</value>
         <object_component_ref idref="oc-6ee"/>
      </symbol>
      <symbol id="sm-1702">
         <name>scalbnl</name>
         <value>0x2000c28d</value>
         <object_component_ref idref="oc-6ee"/>
      </symbol>
      <symbol id="sm-1703">
         <name>ldexpl</name>
         <value>0x2000c28d</value>
         <object_component_ref idref="oc-6ee"/>
      </symbol>
      <symbol id="sm-1704">
         <name>ldexp</name>
         <value>0x2000c28d</value>
         <object_component_ref idref="oc-6ee"/>
      </symbol>
      <symbol id="sm-170e">
         <name>copysign</name>
         <value>0x2000f949</value>
         <object_component_ref idref="oc-78f"/>
      </symbol>
      <symbol id="sm-170f">
         <name>copysignl</name>
         <value>0x2000f949</value>
         <object_component_ref idref="oc-78f"/>
      </symbol>
      <symbol id="sm-1710">
         <name>__TI_static_base__</name>
         <value>0x20010498</value>
      </symbol>
      <symbol id="sm-1713">
         <name>__mpu_init</name>
         <value>0x0</value>
      </symbol>
      <symbol id="sm-1714">
         <name>_system_post_cinit</name>
         <value>0x0</value>
      </symbol>
   </symbol_table>
   <title>Link successful</title>
</link_info>
