******************************************************************************
                  TI ARM Linker PC v20.2.7                     
******************************************************************************
>> Linked Mon Jun  3 01:44:54 2024

OUTPUT FILE NAME:   <final-aws.out>
ENTRY POINT SYMBOL: "_c_int00_noargs"  address: 2000d469


MEMORY CONFIGURATION

         name            origin    length      used     unused   attr    fill
----------------------  --------  ---------  --------  --------  ----  --------
  SRAM_CODE             20004000   00013000  0000a062  00008f9e  RW X
  SRAM_DATA             20017000   00019000  000092ce  0000fd32  RW X


SEGMENT ALLOCATION MAP

run origin  load origin   length   init length attrs members
----------  ----------- ---------- ----------- ----- -------
20004000    20004000    0000a068   0000a068    r-x
  20004000    20004000    00000400   00000400    r-- .intvecs
  20004400    20004400    000095d2   000095d2    r-x .text
  2000d9d4    2000d9d4    00000628   00000628    r-- .const
  2000e000    2000e000    00000068   00000068    r-- .cinit
20017000    20017000    000082d0   00000000    rw-
  20017000    20017000    00008000   00000000    rw- .sysmem
  2001f000    2001f000    000001fe   00000000    rw- .bss
  2001f200    2001f200    000000d0   00000000    rw- .data
2002f000    2002f000    00001000   00000000    rw-
  2002f000    2002f000    00001000   00000000    rw- .stack


SECTION ALLOCATION MAP

 output                                  attributes/
section   page    origin      length       input sections
--------  ----  ----------  ----------   ----------------
.intvecs   0    20004000    00000400     
                  20004000    00000400     startup_ccs.obj (.intvecs)

.init_array 
*          0    20004000    00000000     UNINITIALIZED

.text      0    20004400    000095d2     
                  20004400    00000ecc     network_utils.obj (.text)
                  200052cc    00000a4e     rtsv7M4_T_le_eabi.lib : _printfi.c.obj (.text:__TI_printfi)
                  20005d1a    00000002     driverlib.a : interrupt.obj (.text:IntDefaultHandler)
                  20005d1c    00000764     main.obj (.text)
                  20006480    00000590     simplelink.a : driver.obj (.text:_SlDrvMsgRead)
                  20006a10    00000398     gpio_if.obj (.text)
                  20006da8    000002a0     rtsv7M4_T_le_eabi.lib : mktime.c.obj (.text:__mktime32)
                  20007048    00000280     simplelink.a : wlan.obj (.text:sl_WlanConnect)
                  200072c8    0000027c     uart_if.obj (.text)
                  20007544    00000268     rtsv7M4_T_le_eabi.lib : _printfi.c.obj (.text:_pconv_a)
                  200077ac    00000248     simplelink.a : driver.obj (.text:_SlDrvRxHdrRead)
                  200079f4    000001e4                  : driver.obj (.text:_SlDrvDataReadOp)
                  20007bd8    000001d0                  : driver.obj (.text:_SlDrvReleasePoolObj)
                  20007da8    000001cc     rtsv7M4_T_le_eabi.lib : _printfi.c.obj (.text:_pconv_g)
                  20007f74    000001b6                           : fd_add_t2.asm.obj (.text)
                  2000812a    00000002                           : _lock.c.obj (.text:_nop)
                  2000812c    000001b4     simplelink.a : driver.obj (.text:_SlDrvDriverCBInit)
                  200082e0    0000019c                  : driver.obj (.text:_SlDrvMsgWrite)
                  2000847c    00000190                  : driver.obj (.text:_SlDrvWaitForPoolObj)
                  2000860c    0000018c                  : socket.obj (.text:sl_Connect)
                  20008798    00000178     driverlib.a : prcm.obj (.text:PRCMCC3200MCUInit)
                  20008910    00000170     simplelink.a : driver.obj (.text:_SlFindAndSetActiveObj)
                  20008a80    00000150                  : driver.obj (.text:_SlDrvDataWriteOp)
                  20008bd0    00000148                  : cc_pal.obj (.text:spi_Open)
                  20008d18    00000144                  : driver.obj (.text:_SlDrvMsgReadCmdCtx)
                  20008e5c    00000144                  : netapp.obj (.text:sl_NetAppDnsGetHostByName)
                  20008fa0    00000144                  : socket.obj (.text:sl_SendTo)
                  200090e4    0000013c     rtsv7M4_T_le_eabi.lib : _printfi.c.obj (.text:_pconv_e)
                  20009220    0000013c     simplelink.a : socket.obj (.text:sl_RecvFrom)
                  2000935c    00000136     rtsv7M4_T_le_eabi.lib : fd_div_t2.asm.obj (.text)
                  20009492    00000002                           : div0.asm.obj (.text)
                  20009494    00000134                           : localtim.c.obj (.text:__localtime32)
                  200095c8    00000134     simplelink.a : socket.obj (.text:sl_Send)
                  200096fc    00000130                  : driver.obj (.text:_SlDrvDriverCBDeinit)
                  2000982c    00000120     rtsv7M4_T_le_eabi.lib : _printfi.c.obj (.text:fcvt)
                  2000994c    00000104     simplelink.a : netapp.obj (.text:_SlDrvNetAppEventHandler)
                  20009a50    00000100     rtsv7M4_T_le_eabi.lib : memory.c.obj (.text:aligned_alloc)
                  20009b50    000000fc                           : fd_mul_t2.asm.obj (.text)
                  20009c4c    000000f0     simplelink.a : device.obj (.text:sl_Start)
                  20009d3c    000000f0                  : device.obj (.text:sl_Stop)
                  20009e2c    000000f0                  : cc_pal.obj (.text:spi_Read)
                  20009f1c    000000f0     driverlib.a : udma.obj (.text:uDMAChannelTransferSet)
                  2000a00c    000000e8     simplelink.a : driver.obj (.text:_SlAsyncEventGenericHandler)
                  2000a0f4    000000e8                  : driver.obj (.text:_SlDrvMsgReadSpawnCtx)
                  2000a1dc    000000e4     rtsv7M4_T_le_eabi.lib : memory.c.obj (.text:free)
                  2000a2c0    000000e4                           : memory.c.obj (.text:realloc)
                  2000a3a4    000000e4     simplelink.a : netapp.obj (.text:sl_NetAppMDNSRegisterUnregisterService)
                  2000a488    000000dc                  : driver.obj (.text:_SlDrvClassifyRxMsg)
                  2000a564    000000d0     rtsv7M4_T_le_eabi.lib : s_scalbn.c.obj (.text:scalbn)
                  2000a634    000000cc     simplelink.a : netapp.obj (.text:_sl_HandleAsync_DnsGetHostByService)
                  2000a700    000000cc                  : device.obj (.text:sl_DevGet)
                  2000a7cc    000000c4                  : driver.obj (.text:_SlRemoveFromList)
                  2000a890    000000c0                  : driver.obj (.text:_SlDrvCmdOp)
                  2000a950    000000b1     rtsv7M4_T_le_eabi.lib : _printfi.c.obj (.text:_ltostr)
                  2000aa01    00000003     --HOLE-- [fill = 0]
                  2000aa04    000000b0     simplelink.a : nonos.obj (.text:_SlNonOsSemGet)
                  2000aab4    000000a8     driverlib.a : interrupt.obj (.text:IntDisable)
                  2000ab5c    000000a8                 : interrupt.obj (.text:IntEnable)
                  2000ac04    000000a4     simplelink.a : driver.obj (.text:_SlDriverHandleError)
                  2000aca8    000000a0     driverlib.a : spi.obj (.text:SPIConfigSetExpClk)
                  2000ad48    000000a0     simplelink.a : socket.obj (.text:sl_Recv)
                  2000ade8    0000009c     rtsv7M4_T_le_eabi.lib : memcpy_t2.asm.obj (.text)
                  2000ae84    0000009a     simplelink.a : device.obj (.text:_SlDrvDeviceEventHandler)
                  2000af1e    00000002     --HOLE-- [fill = 0]
                  2000af20    00000098                  : device.obj (.text:sl_DevSet)
                  2000afb8    00000098                  : netcfg.obj (.text:sl_NetCfgSet)
                  2000b050    00000098                  : socket.obj (.text:sl_SetSockOpt)
                  2000b0e8    00000098                  : wlan.obj (.text:sl_WlanSet)
                  2000b180    00000098                  : cc_pal.obj (.text:spi_Write)
                  2000b218    00000096     rtsv7M4_T_le_eabi.lib : ull_div_t2.asm.obj (.text)
                  2000b2ae    00000002     --HOLE-- [fill = 0]
                  2000b2b0    00000094     driverlib.a : prcm.obj (.text:PRCMPeripheralClockGet)
                  2000b344    00000090     simplelink.a : netapp.obj (.text:_sl_HandleAsync_DnsGetHostByName)
                  2000b3d4    00000090                  : netapp.obj (.text:_sl_HandleAsync_PingResponse)
                  2000b464    00000090                  : wlan.obj (.text:sl_WlanPolicySet)
                  2000b4f4    0000008c                  : cc_pal.obj (.text:SetupDMAReceive)
                  2000b580    0000008c                  : cc_pal.obj (.text:SetupDMASend)
                  2000b60c    0000008c                  : driver.obj (.text:_SlDrvIsTimeoutExpired)
                  2000b698    0000008c                  : device.obj (.text:_sl_HandleAsync_InitComplete)
                  2000b724    0000008c                  : socket.obj (.text:sl_Socket)
                  2000b7b0    00000088     driverlib.a : pin.obj (.text:PinConfigSet)
                  2000b838    00000086     rtsv7M4_T_le_eabi.lib : fd_cmp_t2.asm.obj (.text:__aeabi_cdcmple)
                  2000b8be    00000086                           : fd_cmp_t2.asm.obj (.text:__aeabi_cdrcmple)
                  2000b944    00000084     simplelink.a : cc_pal.obj (.text:NwpPowerOnPreamble)
                  2000b9c8    00000084                  : wlan.obj (.text:sl_WlanRxFilterSet)
                  2000ba4c    00000082     driverlib.a : gpio.obj (.text:GPIOIntTypeSet)
                  2000bace    00000002     --HOLE-- [fill = 0]
                  2000bad0    00000080     simplelink.a : socket.obj (.text:_sl_HandleAsync_Connect)
                  2000bb50    00000080                  : cc_pal.obj (.text:spi_Read_CPU)
                  2000bbd0    00000080                  : cc_pal.obj (.text:spi_Write_CPU)
                  2000bc50    0000007a     rtsv7M4_T_le_eabi.lib : memset_t2.asm.obj (.text)
                  2000bcca    00000002     --HOLE-- [fill = 0]
                  2000bccc    00000078     simplelink.a : cc_pal.obj (.text:spi_Close)
                  2000bd44    00000076     driverlib.a : uart.obj (.text:UARTConfigSetExpClk)
                  2000bdba    00000002     --HOLE-- [fill = 0]
                  2000bdbc    00000074     simplelink.a : nonos.obj (.text:_SlNonOsMainLoopTask)
                  2000be30    00000070     rtsv7M4_T_le_eabi.lib : memory.c.obj (.text:split)
                  2000bea0    0000006e                           : _printfi.c.obj (.text:_mcpy)
                  2000bf0e    0000006e                           : ll_div_t2.asm.obj (.text)
                  2000bf7c    0000006c     simplelink.a : driver.obj (.text:_SlDrvCmdSend)
                  2000bfe8    0000006c                  : netapp.obj (.text:_sl_NetAppSendTokenValue)
                  2000c054    00000068     rtsv7M4_T_le_eabi.lib : copy_decompress_lzss.c.obj (.text:decompress:lzss:__TI_decompress_lzss)
                  2000c0bc    00000064     simplelink.a : nonos.obj (.text:_SlNonOsSpawn)
                  2000c120    00000064                  : socket.obj (.text:_sl_HandleAsync_Accept)
                  2000c184    00000064                  : netapp.obj (.text:sl_NetAppMDNSUnRegisterService)
                  2000c1e8    00000064     driverlib.a : udma.obj (.text:uDMAChannelAttributeDisable)
                  2000c24c    00000064                 : udma.obj (.text:uDMAChannelAttributeEnable)
                  2000c2b0    00000060     simplelink.a : socket.obj (.text:sl_Close)
                  2000c310    00000060                  : wlan.obj (.text:sl_WlanProfileDel)
                  2000c370    00000060                  : wlan.obj (.text:sl_WlanSetMode)
                  2000c3d0    0000005c     rtsv7M4_T_le_eabi.lib : s_frexp.c.obj (.text:frexp)
                  2000c42c    00000058     driverlib.a : interrupt.obj (.text:IntPendClear)
                  2000c484    00000058                 : prcm.obj (.text:PRCMPeripheralReset)
                  2000c4dc    00000058     pinmux.obj (.text)
                  2000c534    00000056     rtsv7M4_T_le_eabi.lib : _printfi.c.obj (.text:_pconv_f)
                  2000c58a    00000002     --HOLE-- [fill = 0]
                  2000c58c    00000054     driverlib.a : interrupt.obj (.text:IntPrioritySet)
                  2000c5e0    00000054     simplelink.a : driver.obj (.text:_SlDrvRxIrqHandler)
                  2000c634    00000054     rtsv7M4_T_le_eabi.lib : _ltoa.c.obj (.text:__TI_ltoa)
                  2000c688    00000054     simplelink.a : socket.obj (.text:_sl_HandleAsync_Select)
                  2000c6dc    00000052     rtsv7M4_T_le_eabi.lib : _printfi.c.obj (.text:_ecpy)
                  2000c72e    00000002     --HOLE-- [fill = 0]
                  2000c730    00000050     simplelink.a : device.obj (.text:_sl_HandleAsync_Stop)
                  2000c780    0000004c     driverlib.a : spi.obj (.text:SPIIntEnable)
                  2000c7cc    0000004c                 : spi.obj (.text:SPIIntNumberGet)
                  2000c818    0000004c     simplelink.a : driver.obj (.text:_SlDrvProtectAsyncRespSetting)
                  2000c864    0000004c                  : socket.obj (.text:_sl_BuildAddress)
                  2000c8b0    0000004c     rtsv7M4_T_le_eabi.lib : atoi.c.obj (.text:atoi)
                  2000c8fc    0000004c     driverlib.a : udma.obj (.text:uDMAChannelAssign)
                  2000c948    00000048                 : gpio.obj (.text:GPIOGetIntNumber)
                  2000c990    00000048                 : spi.obj (.text:SPIIntClear)
                  2000c9d8    00000048     simplelink.a : driver.obj (.text:_SlDrvBasicCmd)
                  2000ca20    00000048     rtsv7M4_T_le_eabi.lib : fd_toi_t2.asm.obj (.text)
                  2000ca68    00000044     driverlib.a : spi.obj (.text:SPIDmaMaskGet)
                  2000caac    00000044                 : timer.obj (.text:TimerConfigure)
                  2000caf0    00000044     simplelink.a : driver.obj (.text:_SlDrvHandleHttpServerEvents)
                  2000cb34    00000044                  : driver.obj (.text:_SlDrvSyncObjWaitTimeout)
                  2000cb78    00000044     rtsv7M4_T_le_eabi.lib : autoinit.c.obj (.text:__TI_auto_init_nobinit_nopinit:__TI_auto_init_nobinit_nopinit)
                  2000cbbc    00000044     simplelink.a : cc_pal.obj (.text:cc_SetupTransfer)
                  2000cc00    00000042                  : socket.obj (.text:sl_Htonl)
                  2000cc42    00000002     --HOLE-- [fill = 0]
                  2000cc44    00000040     driverlib.a : pin.obj (.text:PinModeSet)
                  2000cc84    00000040     simplelink.a : driver.obj (.text:_SlDrvHandleNetAppEvents)
                  2000ccc4    00000040                  : driver.obj (.text:_SlDrvHandleWlanEvents)
                  2000cd04    00000040                  : socket.obj (.text:_sl_TruncatePayloadByProtocol)
                  2000cd44    00000040     rtsv7M4_T_le_eabi.lib : u_divt2.asm.obj (.text)
                  2000cd84    00000040                           : sprintf.c.obj (.text:sprintf)
                  2000cdc4    00000040                           : vsnprintf.c.obj (.text:vsnprintf)
                  2000ce04    0000003e     simplelink.a : cc_pal.obj (.text:NwpRegisterInterruptHandler)
                  2000ce42    0000003e     rtsv7M4_T_le_eabi.lib : _printfi.c.obj (.text:_fcpy)
                  2000ce80    0000003c     simplelink.a : netapp.obj (.text:CopyPingResultsToReport)
                  2000cebc    0000003c     driverlib.a : prcm.obj (.text:PRCMPeripheralClkEnable)
                  2000cef8    0000003c     simplelink.a : cc_pal.obj (.text:simplelink_timerA2_start)
                  2000cf34    0000003c                  : socket.obj (.text:sl_Htons)
                  2000cf70    0000003c     driverlib.a : udma.obj (.text:uDMAChannelControlSet)
                  2000cfac    00000038     simplelink.a : cc_pal.obj (.text:NwpPowerOff)
                  2000cfe4    00000038     rtsv7M4_T_le_eabi.lib : gmtime.c.obj (.text:__gmtime32)
                  2000d01c    00000038     simplelink.a : wlan.obj (.text:sl_WlanDisconnect)
                  2000d054    00000036     driverlib.a : gpio.obj (.text:GPIODirModeSet)
                  2000d08a    00000002     --HOLE-- [fill = 0]
                  2000d08c    00000034     simplelink.a : cc_pal.obj (.text:NwpPowerOn)
                  2000d0c0    00000034     driverlib.a : prcm.obj (.text:PRCMPeripheralStatusGet)
                  2000d0f4    00000034                 : spi.obj (.text:SPIFIFOLevelSet)
                  2000d128    00000030                 : pin.obj (.text:PinTypeGPIO)
                  2000d158    00000030                 : uart.obj (.text:UARTDisable)
                  2000d188    00000030     rtsv7M4_T_le_eabi.lib : vsnprintf.c.obj (.text:_outs)
                  2000d1b8    0000002e                           : i_tofd_t2.asm.obj (.text)
                  2000d1e6    00000002     --HOLE-- [fill = 0]
                  2000d1e8    0000002c     driverlib.a : prcm.obj (.text:PRCMSysResetCauseGet)
                  2000d214    0000002c     simplelink.a : driver.obj (.text:_SlDrvObjGlobalLockWaitForever)
                  2000d240    0000002c                  : driver.obj (.text:_SlDrvProtectionObjLockWaitForever)
                  2000d26c    0000002a     driverlib.a : timer.obj (.text:TimerLoadSet)
                  2000d296    0000002a                 : timer.obj (.text:TimerPrescaleSet)
                  2000d2c0    00000028                 : prcm.obj (.text:PRCMPeripheralClkDisable)
                  2000d2e8    00000028     simplelink.a : driver.obj (.text:_SlDrvGlobalObjUnLock)
                  2000d310    00000028                  : driver.obj (.text:_SlDrvProtectionObjUnLock)
                  2000d338    00000028                  : driver.obj (.text:_SlDrvSyncObjWaitForever)
                  2000d360    00000028     rtsv7M4_T_le_eabi.lib : memory.c.obj (.text:free_list_insert)
                  2000d388    00000028                           : memmov.c.obj (.text:memmove)
                  2000d3b0    00000026     simplelink.a : driver.obj (.text:_SlDrvObjLockWaitForever)
                  2000d3d6    00000026     network_common.obj (.text)
                  2000d3fc    00000024     simplelink.a : cc_pal.obj (.text:DmaSpiSwIntHandler)
                  2000d420    00000024     driverlib.a : interrupt.obj (.text:IntUnregister)
                  2000d444    00000024                 : uart.obj (.text:UARTEnable)
                  2000d468    00000024     rtsv7M4_T_le_eabi.lib : boot_cortex_m.c.obj (.text:_c_int00_noargs:_c_int00_noargs)
                  2000d48c    00000022     driverlib.a : spi.obj (.text:SPIReset)
                  2000d4ae    00000022                 : spi.obj (.text:SPIWordCountSet)
                  2000d4d0    00000020                 : gpio.obj (.text:GPIOPinWrite)
                  2000d4f0    00000020                 : interrupt.obj (.text:IntRegister)
                  2000d510    00000020     simplelink.a : cc_pal.obj (.text:NwpPrePowerOffTimout0)
                  2000d530    00000020                  : cc_pal.obj (.text:TimerGetCurrentTimestamp)
                  2000d550    00000020                  : driver.obj (.text:_SlDrvObjUnLock)
                  2000d570    00000020                  : driver.obj (.text:_SlDrvSyncObjSignal)
                  2000d590    0000001e     driverlib.a : gpio.obj (.text:GPIOIntRegister)
                  2000d5ae    0000001e                 : timer.obj (.text:TimerEnable)
                  2000d5cc    0000001e                 : uart.obj (.text:UARTCharPut)
                  2000d5ea    0000001e     simplelink.a : cc_pal.obj (.text:cc_UDMAChannelSelect)
                  2000d608    0000001c     driverlib.a : timer.obj (.text:TimerValueGet)
                  2000d624    0000001c                 : uart.obj (.text:UARTCharGetNonBlocking)
                  2000d640    0000001c     simplelink.a : driver.obj (.text:_SlDrvStartMeasureTimeout)
                  2000d65c    0000001c     rtsv7M4_T_le_eabi.lib : copy_zero_init.c.obj (.text:decompress:ZI:__TI_zero_init_nomemset:__TI_zero_init_nomemset)
                  2000d678    0000001c                           : memory.c.obj (.text:free_list_remove)
                  2000d694    0000001c                           : memccpy.c.obj (.text:memccpy)
                  2000d6b0    0000001c     driverlib.a : udma.obj (.text:uDMAChannelEnable)
                  2000d6cc    0000001a                 : gpio.obj (.text:GPIOIntEnable)
                  2000d6e6    0000001a                 : pin.obj (.text:PinTypeUART)
                  2000d700    0000001a                 : spi.obj (.text:SPIDmaDisable)
                  2000d71a    0000001a                 : spi.obj (.text:SPIDmaEnable)
                  2000d734    0000001a                 : spi.obj (.text:SPIFIFODisable)
                  2000d74e    0000001a                 : spi.obj (.text:SPIFIFOEnable)
                  2000d768    0000001a                 : spi.obj (.text:SPIIntUnregister)
                  2000d782    00000018                 : gpio.obj (.text:GPIOPinRead)
                  2000d79a    00000018                 : spi.obj (.text:SPICSDisable)
                  2000d7b2    00000018                 : spi.obj (.text:SPICSEnable)
                  2000d7ca    00000018                 : spi.obj (.text:SPIDisable)
                  2000d7e2    00000018                 : spi.obj (.text:SPIEnable)
                  2000d7fa    00000018                 : uart.obj (.text:UARTCharsAvail)
                  2000d812    00000018     simplelink.a : nonos.obj (.text:_SlNonOsSemSet)
                  2000d82a    00000018     rtsv7M4_T_le_eabi.lib : vsnprintf.c.obj (.text:_outc)
                  2000d842    00000018                           : sprintf.c.obj (.text:_outs)
                  2000d85a    00000002     --HOLE-- [fill = 0]
                  2000d85c    00000018     simplelink.a : device.obj (.text:_sl_GetStartResponseConvert)
                  2000d874    00000016     driverlib.a : prcm.obj (.text:PRCMHIBRegRead)
                  2000d88a    00000016                 : prcm.obj (.text:PRCMHIBRegWrite)
                  2000d8a0    00000016     simplelink.a : driver.obj (.text:_SlDrvMemZero)
                  2000d8b6    00000016     rtsv7M4_T_le_eabi.lib : strchr.c.obj (.text:strchr)
                  2000d8cc    00000014     driverlib.a : cpu.obj (.text:CPUcpsie)
                  2000d8e0    00000014                 : gpio.obj (.text:GPIOIntClear)
                  2000d8f4    00000014                 : interrupt.obj (.text:IntVTableBaseSet)
                  2000d908    00000014     rtsv7M4_T_le_eabi.lib : strcpy.c.obj (.text:strcpy)
                  2000d91c    00000014                           : strlen.c.obj (.text:strlen)
                  2000d930    00000012                           : wcslen.c.obj (.text:wcslen)
                  2000d942    00000010     simplelink.a : driver.obj (.text:_SlDrvDispatchHttpServerEvents)
                  2000d952    0000000e                  : driver.obj (.text:_SlDrvResetCmdExt)
                  2000d960    0000000e     rtsv7M4_T_le_eabi.lib : copy_decompress_none.c.obj (.text:decompress:none:__TI_decompress_none)
                  2000d96e    0000000e     startup_ccs.obj (.text)
                  2000d97c    0000000c     simplelink.a : cc_pal.obj (.text:NwpMaskInterrupt)
                  2000d988    0000000c                  : cc_pal.obj (.text:NwpUnMaskInterrupt)
                  2000d994    0000000c     rtsv7M4_T_le_eabi.lib : s_copysign.c.obj (.text:copysign)
                  2000d9a0    0000000a     driverlib.a : interrupt.obj (.text:IntMasterEnable)
                  2000d9aa    0000000a     rtsv7M4_T_le_eabi.lib : sprintf.c.obj (.text:_outc)
                  2000d9b4    00000008                           : errno.c.obj (.text:__aeabi_errno_addr)
                  2000d9bc    00000008                           : memory.c.obj (.text:malloc)
                  2000d9c4    00000006     driverlib.a : utils.obj (.text:UtilsDelay)
                  2000d9ca    00000004     rtsv7M4_T_le_eabi.lib : pre_init.c.obj (.text:_system_pre_init)
                  2000d9ce    00000004                           : exit.c.obj (.text:abort:abort)

.const     0    2000d9d4    00000628     
                  2000d9d4    00000101     rtsv7M4_T_le_eabi.lib : ctype.c.obj (.const:.string:_ctypes_)
                  2000dad5    00000003     --HOLE-- [fill = 0]
                  2000dad8    00000100     driverlib.a : pin.obj (.const:g_ulPinToPadMap)
                  2000dbd8    000000d4                 : interrupt.obj (.const:g_pulRegs)
                  2000dcac    000000a8                 : prcm.obj (.const:PRCM_PeriphRegsList)
                  2000dd54    00000060     rtsv7M4_T_le_eabi.lib : mktime.c.obj (.const:$O1$$)
                  2000ddb4    0000003c     simplelink.a : driver.obj (.const:OpcodeTranslateTable)
                  2000ddf0    00000038                  : driver.obj (.const:_SlActionLookupTable)
                  2000de28    0000002c     network_utils.obj (.const:$P$T1$2)
                  2000de54    00000024     driverlib.a : spi.obj (.const:g_ppulSPIIntMap)
                  2000de78    00000022     network_utils.obj (.const:.string:$P$T0$1)
                  2000de9a    00000002     --HOLE-- [fill = 0]
                  2000de9c    00000020     simplelink.a : driver.obj (.const:RxMsgClassLUT)
                  2000debc    00000018     driverlib.a : interrupt.obj (.const:g_pulDisRegs)
                  2000ded4    00000018                 : interrupt.obj (.const:g_pulEnRegs)
                  2000deec    00000018                 : interrupt.obj (.const:g_pulUnpendRegs)
                  2000df04    00000018                 : spi.obj (.const:g_ulSPIDmaMaskMap)
                  2000df1c    00000014     simplelink.a : driver.obj (.const:$P$T0$1)
                  2000df30    00000014                  : nonos.obj (.const:$P$T0$1)
                  2000df44    00000014     network_utils.obj (.const:$P$T2$3)
                  2000df58    00000010     simplelink.a : socket.obj (.const:.string:_SlPayloadByProtocolLUT)
                  2000df68    0000000c     network_utils.obj (.const:$P$T4$5)
                  2000df74    0000000c     network_utils.obj (.const:.string:$P$T3$4)
                  2000df80    00000008     simplelink.a : device.obj (.const:StartResponseLUT)
                  2000df88    00000008                  : driver.obj (.const:g_H2NCnysPattern)
                  2000df90    00000008                  : driver.obj (.const:g_H2NSyncPattern)
                  2000df98    00000005     main.obj (.const:.string:$P$T0$1)
                  2000df9d    00000001     --HOLE-- [fill = 0]
                  2000df9e    00000004     simplelink.a : wlan.obj (.const:$P$T0$1)
                  2000dfa2    00000004                  : socket.obj (.const:$P$T1$2)
                  2000dfa6    00000004                  : socket.obj (.const:$P$T2$3)
                  2000dfaa    00000004                  : device.obj (.const:_SlDeviceGetCmdCtrl)
                  2000dfae    00000004                  : device.obj (.const:_SlDeviceSetCmdCtrl)
                  2000dfb2    00000004                  : netapp.obj (.const:_SlGetHostByNameCtrl)
                  2000dfb6    00000004                  : netapp.obj (.const:_SlNetAppSendTokenValueCmdCtrl)
                  2000dfba    00000004                  : netcfg.obj (.const:_SlNetCfgSetCmdCtrl)
                  2000dfbe    00000004                  : wlan.obj (.const:_SlPolicySetCmdCtrl)
                  2000dfc2    00000004                  : wlan.obj (.const:_SlProfileDelCmdCtrl)
                  2000dfc6    00000004                  : socket.obj (.const:_SlRecvCmdCtrl)
                  2000dfca    00000004                  : socket.obj (.const:_SlRecvfomCmdCtrl)
                  2000dfce    00000004                  : netapp.obj (.const:_SlRegisterServiceCtrl)
                  2000dfd2    00000004                  : wlan.obj (.const:_SlRxFilterSetCmdCtrl)
                  2000dfd6    00000004                  : socket.obj (.const:_SlSendCmdCtrl)
                  2000dfda    00000004                  : socket.obj (.const:_SlSetSockOptCmdCtrl)
                  2000dfde    00000004                  : socket.obj (.const:_SlSockCloseCmdCtrl)
                  2000dfe2    00000004                  : socket.obj (.const:_SlSockSocketCmdCtrl)
                  2000dfe6    00000004                  : device.obj (.const:_SlStopCmdCtrl)
                  2000dfea    00000004                  : wlan.obj (.const:_SlWlanCfgSetCmdCtrl)
                  2000dfee    00000004                  : wlan.obj (.const:_SlWlanSetModeCmdCtrl)
                  2000dff2    00000002     --HOLE-- [fill = 0]
                  2000dff4    00000004                  : driver.obj (.const:httpServer_callbacks)
                  2000dff8    00000004                  : driver.obj (.const:netApp_callbacks)

.cinit     0    2000e000    00000068     
                  2000e000    0000003d     (.cinit..data.load) [load image, compression = lzss]
                  2000e03d    00000003     --HOLE-- [fill = 0]
                  2000e040    0000000c     (__TI_handler_table)
                  2000e04c    00000004     --HOLE-- [fill = 0]
                  2000e050    00000008     (.cinit..bss.load) [load image, compression = zero_init]
                  2000e058    00000010     (__TI_cinit_table)

.sysmem    0    20017000    00008000     UNINITIALIZED
                  20017000    00000010     rtsv7M4_T_le_eabi.lib : memory.c.obj (.sysmem)
                  20017010    00007ff0     --HOLE--

.bss       0    2001f000    000001fe     UNINITIALIZED
                  2001f000    00000168     simplelink.a : driver.obj (.bss:g_StatMem)
                  2001f168    00000050     (.common:g_ucDinDout)
                  2001f1b8    00000024     (.common:g_ucConnectionSSID)
                  2001f1dc    00000008     (.common:g_app_config)
                  2001f1e4    00000008     (.common:g_ucConnectionBSSID)
                  2001f1ec    00000004     uart_if.obj (.bss)
                  2001f1f0    00000004     (.common:g_Host)
                  2001f1f4    00000004     (.common:g_port)
                  2001f1f8    00000001     (.common:RxIrqCnt)
                  2001f1f9    00000001     (.common:g_bDeviceRestartIsRequired)
                  2001f1fa    00000001     (.common:g_cDummy)
                  2001f1fb    00000001     (.common:g_ucLED1Pin)
                  2001f1fc    00000001     (.common:g_ucLED2Pin)
                  2001f1fd    00000001     (.common:g_ucLED3Pin)

.data      0    2001f200    000000d0     UNINITIALIZED
                  2001f200    0000003c     simplelink.a : nonos.obj (.data:g__SlNonOsCB)
                  2001f23c    00000024     rtsv7M4_T_le_eabi.lib : localtim.c.obj (.data:local_tm)
                  2001f260    00000014     gpio_if.obj (.data:ulReg)
                  2001f274    00000010     rtsv7M4_T_le_eabi.lib : tmzone.c.obj (.data:_tz)
                  2001f284    0000000d     simplelink.a : driver.obj (.data)
                  2001f291    00000003     --HOLE--
                  2001f294    0000000c     gpio_if.obj (.data)
                  2001f2a0    0000000c     network_utils.obj (.data)
                  2001f2ac    00000009     simplelink.a : cc_pal.obj (.data)
                  2001f2b5    00000003     --HOLE--
                  2001f2b8    00000008     rtsv7M4_T_le_eabi.lib : _lock.c.obj (.data:$O1$$)
                  2001f2c0    00000008                           : memory.c.obj (.data:$O1$$)
                  2001f2c8    00000004                           : errno.c.obj (.data)
                  2001f2cc    00000004     simplelink.a : driver.obj (.data:wlan_callbacks)

.stack     0    2002f000    00001000     UNINITIALIZED
                  2002f000    00000004     rtsv7M4_T_le_eabi.lib : boot_cortex_m.c.obj (.stack)
                  2002f004    00000ffc     --HOLE--

__llvm_prf_cnts 
*          0    20017000    00000000     UNINITIALIZED

MODULE SUMMARY

       Module                       code    ro data   rw data
       ------                       ----    -------   -------
    .\
       main.obj                     1892    5         0      
       startup_ccs.obj              14      1024      0      
       gpio_if.obj                  920     0         35     
       uart_if.obj                  636     0         4      
       pinmux.obj                   88      0         0      
       network_common.obj           38      0         0      
    +--+----------------------------+-------+---------+---------+
       Total:                       3588    1029      39     
                                                             
    .\utils\
       network_utils.obj            3788    122       72     
    +--+----------------------------+-------+---------+---------+
       Total:                       3788    122       72     
                                                             
    C:/Users/phpng/ti/cc3200-sdk/driverlib/ccs/Release/driverlib.a
       prcm.obj                     852     168       0      
       interrupt.obj                608     284       0      
       spi.obj                      798     60        0      
       udma.obj                     604     0         0      
       pin.obj                      274     256       0      
       gpio.obj                     388     0         0      
       uart.obj                     284     0         0      
       timer.obj                    210     0         0      
       cpu.obj                      20      0         0      
       utils.obj                    6       0         0      
    +--+----------------------------+-------+---------+---------+
       Total:                       4044    768       0      
                                                             
    C:/Users/phpng/ti/cc3200-sdk/simplelink/ccs/NON_OS_debug/simplelink.a
       driver.obj                   7906    192       379    
       socket.obj                   2470    48        0      
       cc_pal.obj                   1960    0         90     
       netapp.obj                   1572    12        0      
       wlan.obj                     1316    24        0      
       device.obj                   1234    20        0      
       nonos.obj                    416     20        60     
       netcfg.obj                   152     4         0      
    +--+----------------------------+-------+---------+---------+
       Total:                       17026   320       529    
                                                             
    C:\Users\phpng\ti\cc1250\ccs\tools\compiler\ti-cgt-arm_20.2.7.LTS\lib\rtsv7M4_T_le_eabi.lib
       _printfi.c.obj               4835    0         0      
       memory.c.obj                 900     0         8      
       mktime.c.obj                 672     96        0      
       fd_add_t2.asm.obj            438     0         0      
       localtim.c.obj               308     0         36     
       fd_div_t2.asm.obj            310     0         0      
       fd_cmp_t2.asm.obj            268     0         0      
       ctype.c.obj                  0       257       0      
       fd_mul_t2.asm.obj            252     0         0      
       s_scalbn.c.obj               208     0         0      
       memcpy_t2.asm.obj            156     0         0      
       ull_div_t2.asm.obj           150     0         0      
       vsnprintf.c.obj              136     0         0      
       memset_t2.asm.obj            122     0         0      
       ll_div_t2.asm.obj            110     0         0      
       copy_decompress_lzss.c.obj   104     0         0      
       sprintf.c.obj                98      0         0      
       s_frexp.c.obj                92      0         0      
       _ltoa.c.obj                  84      0         0      
       atoi.c.obj                   76      0         0      
       fd_toi_t2.asm.obj            72      0         0      
       autoinit.c.obj               68      0         0      
       u_divt2.asm.obj              64      0         0      
       gmtime.c.obj                 56      0         0      
       i_tofd_t2.asm.obj            46      0         0      
       memmov.c.obj                 40      0         0      
       boot_cortex_m.c.obj          36      0         0      
       copy_zero_init.c.obj         28      0         0      
       memccpy.c.obj                28      0         0      
       strchr.c.obj                 22      0         0      
       strcpy.c.obj                 20      0         0      
       strlen.c.obj                 20      0         0      
       wcslen.c.obj                 18      0         0      
       tmzone.c.obj                 0       0         16     
       copy_decompress_none.c.obj   14      0         0      
       errno.c.obj                  8       0         4      
       s_copysign.c.obj             12      0         0      
       _lock.c.obj                  2       0         8      
       exit.c.obj                   4       0         0      
       pre_init.c.obj               4       0         0      
       div0.asm.obj                 2       0         0      
    +--+----------------------------+-------+---------+---------+
       Total:                       9883    353       72     
                                                             
       Heap:                        0       0         32768  
       Stack:                       0       0         4096   
       Linker Generated:            0       97        0      
    +--+----------------------------+-------+---------+---------+
       Grand Total:                 38329   2689      37576  


LINKER GENERATED COPY TABLES

__TI_cinit_table @ 2000e058 records: 2, size/record: 8, table size: 16
	.data: load addr=2000e000, load size=0000003d bytes, run addr=2001f200, run size=000000d0 bytes, compression=lzss
	.bss: load addr=2000e050, load size=00000008 bytes, run addr=2001f000, run size=000001fe bytes, compression=zero_init


LINKER GENERATED HANDLER TABLE

__TI_handler_table @ 2000e040 records: 3, size/record: 4, table size: 12
	index: 0, handler: __TI_decompress_lzss
	index: 1, handler: __TI_decompress_none
	index: 2, handler: __TI_zero_init


GLOBAL SYMBOLS: SORTED ALPHABETICALLY BY Name 

address   name                                  
-------   ----                                  
2000d9cf  C$$EXIT                               
2000d8cd  CPUcpsie                              
20007309  ClearTerm                             
2000d3fd  DmaSpiSwIntHandler                    
20007313  Error                                 
2000d055  GPIODirModeSet                        
2000d8e1  GPIOIntClear                          
2000d6cd  GPIOIntEnable                         
2000d591  GPIOIntRegister                       
2000ba4d  GPIOIntTypeSet                        
2000d783  GPIOPinRead                           
2000d4d1  GPIOPinWrite                          
20006cd1  GPIO_IF_ConfigureNIntEnable           
20006d5d  GPIO_IF_Get                           
20006c8b  GPIO_IF_GetPortNPin                   
20006a4d  GPIO_IF_LedConfigure                  
20006b3f  GPIO_IF_LedOff                        
20006a8b  GPIO_IF_LedOn                         
20006bf3  GPIO_IF_LedStatus                     
20006c5d  GPIO_IF_LedToggle                     
20006d19  GPIO_IF_Set                           
2000734b  GetCmd                                
200072c9  InitTerm                              
2000aab5  IntDisable                            
2000ab5d  IntEnable                             
2000d9a1  IntMasterEnable                       
2000c42d  IntPendClear                          
2000c58d  IntPrioritySet                        
2000d4f1  IntRegister                           
2000d421  IntUnregister                         
2000d8f5  IntVTableBaseSet                      
200072e7  Message                               
2000d97d  NwpMaskInterrupt                      
2000cfad  NwpPowerOff                           
2000d08d  NwpPowerOn                            
2000b945  NwpPowerOnPreamble                    
2000d511  NwpPrePowerOffTimout0                 
2000ce05  NwpRegisterInterruptHandler           
2000d989  NwpUnMaskInterrupt                    
2000ddb4  OpcodeTranslateTable                  
20008799  PRCMCC3200MCUInit                     
2000d875  PRCMHIBRegRead                        
2000d88b  PRCMHIBRegWrite                       
2000d2c1  PRCMPeripheralClkDisable              
2000cebd  PRCMPeripheralClkEnable               
2000b2b1  PRCMPeripheralClockGet                
2000c485  PRCMPeripheralReset                   
2000d0c1  PRCMPeripheralStatusGet               
2000d1e9  PRCMSysResetCauseGet                  
2000b7b1  PinConfigSet                          
2000cc45  PinModeSet                            
2000c4dd  PinMuxConfig                          
2000d129  PinTypeGPIO                           
2000d6e7  PinTypeUART                           
20007489  Report                                
2000d96f  ResetISR                              
2001f1f8  RxIrqCnt                              
2000d79b  SPICSDisable                          
2000d7b3  SPICSEnable                           
2000aca9  SPIConfigSetExpClk                    
2000d7cb  SPIDisable                            
2000d701  SPIDmaDisable                         
2000d71b  SPIDmaEnable                          
2000d7e3  SPIEnable                             
2000d735  SPIFIFODisable                        
2000d74f  SPIFIFOEnable                         
2000d0f5  SPIFIFOLevelSet                       
2000c991  SPIIntClear                           
2000c781  SPIIntEnable                          
2000d769  SPIIntUnregister                      
2000d48d  SPIReset                              
2000d4af  SPIWordCountSet                       
200045d5  SimpleLinkGeneralEventHandler         
200045b1  SimpleLinkHttpServerCallback          
2000450f  SimpleLinkNetAppEventHandler          
200045f5  SimpleLinkSockEventHandler            
20004401  SimpleLinkWlanEventHandler            
2000caad  TimerConfigure                        
2000d5af  TimerEnable                           
2000d531  TimerGetCurrentTimestamp              
2000d26d  TimerLoadSet                          
2000d297  TimerPrescaleSet                      
2000d609  TimerValueGet                         
200073f1  TrimSpace                             
2000d625  UARTCharGetNonBlocking                
2000d5cd  UARTCharPut                           
2000d7fb  UARTCharsAvail                        
2000bd45  UARTConfigSetExpClk                   
2000d159  UARTDisable                           
2000d445  UARTEnable                            
2000d9c5  UtilsDelay                            
2000ddf0  _SlActionLookupTable                  
2000ac05  _SlDriverHandleError                  
2000c9d9  _SlDrvBasicCmd                        
2000a891  _SlDrvCmdOp                           
2000bf7d  _SlDrvCmdSend                         
200079f5  _SlDrvDataReadOp                      
20008a81  _SlDrvDataWriteOp                     
2000ae85  _SlDrvDeviceEventHandler              
2000d943  _SlDrvDispatchHttpServerEvents        
200096fd  _SlDrvDriverCBDeinit                  
2000812d  _SlDrvDriverCBInit                    
2000d2e9  _SlDrvGlobalObjUnLock                 
2000caf1  _SlDrvHandleHttpServerEvents          
2000cc85  _SlDrvHandleNetAppEvents              
2000ccc5  _SlDrvHandleWlanEvents                
2000b60d  _SlDrvIsTimeoutExpired                
2000d8a1  _SlDrvMemZero                         
2000a0f5  _SlDrvMsgReadSpawnCtx                 
2000994d  _SlDrvNetAppEventHandler              
2000d3b1  _SlDrvObjLockWaitForever              
2000d551  _SlDrvObjUnLock                       
2000c819  _SlDrvProtectAsyncRespSetting         
2000d241  _SlDrvProtectionObjLockWaitForever    
2000d311  _SlDrvProtectionObjUnLock             
20007bd9  _SlDrvReleasePoolObj                  
2000d953  _SlDrvResetCmdExt                     
2000c5e1  _SlDrvRxIrqHandler                    
2000d641  _SlDrvStartMeasureTimeout             
2000d571  _SlDrvSyncObjSignal                   
2000d339  _SlDrvSyncObjWaitForever              
2000cb35  _SlDrvSyncObjWaitTimeout              
2000847d  _SlDrvWaitForPoolObj                  
2000dfb6  _SlNetAppSendTokenValueCmdCtrl        
2000bdbd  _SlNonOsMainLoopTask                  
2000aa05  _SlNonOsSemGet                        
2000d813  _SlNonOsSemSet                        
2000c0bd  _SlNonOsSpawn                         
20030000  __STACK_END                           
00001000  __STACK_SIZE                          
00008000  __SYSMEM_SIZE                         
2000e058  __TI_CINIT_Base                       
2000e068  __TI_CINIT_Limit                      
2000e040  __TI_Handler_Table_Base               
2000e04c  __TI_Handler_Table_Limit              
2000cb79  __TI_auto_init_nobinit_nopinit        
2000c055  __TI_decompress_lzss                  
2000d961  __TI_decompress_none                  
2000c635  __TI_ltoa                             
ffffffff  __TI_pprof_out_hndl                   
200052cd  __TI_printfi                          
ffffffff  __TI_prof_data_size                   
ffffffff  __TI_prof_data_start                  
2000e000  __TI_static_base__                    
2000d65d  __TI_zero_init_nomemset               
2000b839  __aeabi_cdcmpeq                       
2000b839  __aeabi_cdcmple                       
2000b8bf  __aeabi_cdrcmple                      
2000ca21  __aeabi_d2iz                          
20007f7f  __aeabi_dadd                          
2000935d  __aeabi_ddiv                          
20009b51  __aeabi_dmul                          
20007f75  __aeabi_dsub                          
2000d9b5  __aeabi_errno_addr                    
2000d1b9  __aeabi_i2d                           
20009493  __aeabi_idiv0                         
20009493  __aeabi_ldiv0                         
2000bf0f  __aeabi_ldivmod                       
2000bc51  __aeabi_memclr                        
2000bc51  __aeabi_memclr4                       
2000bc51  __aeabi_memclr8                       
2000ade9  __aeabi_memcpy                        
2000ade9  __aeabi_memcpy4                       
2000ade9  __aeabi_memcpy8                       
2000bc53  __aeabi_memset                        
2000bc53  __aeabi_memset4                       
2000bc53  __aeabi_memset8                       
2000cd45  __aeabi_uidiv                         
2000cd45  __aeabi_uidivmod                      
2000b219  __aeabi_uldivmod                      
ffffffff  __binit__                             
ffffffff  __c_args__                            
2000cfe5  __gmtime32                            
20009495  __localtime32                         
20006da9  __mktime32                            
UNDEFED   __mpu_init                            
2002f000  __stack                               
20017000  __start___llvm_prf_cnts               
20017000  __stop___llvm_prf_cnts                
2000d469  _c_int00_noargs                       
2000d9d4  _ctypes_                              
2001f2b8  _lock                                 
2000812b  _nop                                  
2000c121  _sl_HandleAsync_Accept                
2000bad1  _sl_HandleAsync_Connect               
2000b345  _sl_HandleAsync_DnsGetHostByName      
2000a635  _sl_HandleAsync_DnsGetHostByService   
2000b699  _sl_HandleAsync_InitComplete          
2000b3d5  _sl_HandleAsync_PingResponse          
2000c689  _sl_HandleAsync_Select                
2000c731  _sl_HandleAsync_Stop                  
2000bfe9  _sl_NetAppSendTokenValue              
20017000  _sys_memory                           
UNDEFED   _system_post_cinit                    
2000d9cb  _system_pre_init                      
2001f274  _tz                                   
2001f2bc  _unlock                               
2000d9cf  abort                                 
20009a51  aligned_alloc                         
2000c8b1  atoi                                  
ffffffff  binit                                 
20004fa5  connectToAccessPoint                  
2000d995  copysign                              
2000d995  copysignl                             
2001f2c8  errno                                 
2000a1dd  free                                  
2000c3d1  frexp                                 
2000c3d1  frexpl                                
2001f1f0  g_Host                                
2001f284  g_SlDeviceStatus                      
2001f2ac  g_SpiFd                               
2001f200  g__SlNonOsCB                          
2001f1dc  g_app_config                          
2001f1f9  g_bDeviceRestartIsRequired            
2001f1fa  g_cDummy                              
2001f288  g_pCB                                 
2001f2b0  g_pHostIntHdl                         
20004000  g_pfnVectors                          
2001f1f4  g_port                                
2001f1e4  g_ucConnectionBSSID                   
2001f1b8  g_ucConnectionSSID                    
2001f2b4  g_ucDMAEnabled                        
2001f168  g_ucDinDout                           
2001f1fb  g_ucLED1Pin                           
2001f1fc  g_ucLED2Pin                           
2001f1fd  g_ucLED3Pin                           
2001f294  g_uiLED1Port                          
2001f298  g_uiLED2Port                          
2001f29c  g_uiLED3Port                          
2001f2a8  g_ulGatewayIP                         
2001f2a4  g_ulPingPacketsRecv                   
2001f2a0  g_ulStatus                            
20005d35  get_ntp_time                          
2000cfe5  gmtime                                
2000a565  ldexp                                 
2000a565  ldexpl                                
20009495  localtime                             
20005eb1  main                                  
2000d9bd  malloc                                
20009a51  memalign                              
2000d695  memccpy                               
2000ade9  memcpy                                
2000d389  memmove                               
2000bc59  memset                                
20006da9  mktime                                
2001f28c  pPingCallBackFunc                     
2000a2c1  realloc                               
2000a565  scalbn                                
2000a565  scalbnl                               
2000cef9  simplelink_timerA2_start              
2000c2b1  sl_Close                              
2000860d  sl_Connect                            
2000a701  sl_DevGet                             
2000af21  sl_DevSet                             
2000cc01  sl_Htonl                              
2000cf35  sl_Htons                              
20008e5d  sl_NetAppDnsGetHostByName             
2000a3a5  sl_NetAppMDNSRegisterUnregisterService
2000c185  sl_NetAppMDNSUnRegisterService        
2000afb9  sl_NetCfgSet                          
2000d3d7  sl_Provisioning_HttpServerEventHdl    
2000d3e5  sl_Provisioning_NetAppEventHdl        
2000d3f1  sl_Provisioning_WlanEventHdl          
2000ad49  sl_Recv                               
20009221  sl_RecvFrom                           
200095c9  sl_Send                               
20008fa1  sl_SendTo                             
2000b051  sl_SetSockOpt                         
2000b725  sl_Socket                             
20009c4d  sl_Start                              
20009d3d  sl_Stop                               
20007049  sl_WlanConnect                        
2000d01d  sl_WlanDisconnect                     
2000b465  sl_WlanPolicySet                      
2000c311  sl_WlanProfileDel                     
2000b9c9  sl_WlanRxFilterSet                    
2000b0e9  sl_WlanSet                            
2000c371  sl_WlanSetMode                        
2000bccd  spi_Close                             
20008bd1  spi_Open                              
20009e2d  spi_Read                              
2000b181  spi_Write                             
2000cd85  sprintf                               
2000d8b7  strchr                                
2000d909  strcpy                                
2000d91d  strlen                                
20004dc5  tls_connect                           
2000c8fd  uDMAChannelAssign                     
2000c1e9  uDMAChannelAttributeDisable           
2000c24d  uDMAChannelAttributeEnable            
2000cf71  uDMAChannelControlSet                 
2000d6b1  uDMAChannelEnable                     
20009f1d  uDMAChannelTransferSet                
2000cdc5  vsnprintf                             
2000d931  wcslen                                


GLOBAL SYMBOLS: SORTED BY Symbol Address 

address   name                                  
-------   ----                                  
00001000  __STACK_SIZE                          
00008000  __SYSMEM_SIZE                         
20004000  g_pfnVectors                          
20004401  SimpleLinkWlanEventHandler            
2000450f  SimpleLinkNetAppEventHandler          
200045b1  SimpleLinkHttpServerCallback          
200045d5  SimpleLinkGeneralEventHandler         
200045f5  SimpleLinkSockEventHandler            
20004dc5  tls_connect                           
20004fa5  connectToAccessPoint                  
200052cd  __TI_printfi                          
20005d35  get_ntp_time                          
20005eb1  main                                  
20006a4d  GPIO_IF_LedConfigure                  
20006a8b  GPIO_IF_LedOn                         
20006b3f  GPIO_IF_LedOff                        
20006bf3  GPIO_IF_LedStatus                     
20006c5d  GPIO_IF_LedToggle                     
20006c8b  GPIO_IF_GetPortNPin                   
20006cd1  GPIO_IF_ConfigureNIntEnable           
20006d19  GPIO_IF_Set                           
20006d5d  GPIO_IF_Get                           
20006da9  __mktime32                            
20006da9  mktime                                
20007049  sl_WlanConnect                        
200072c9  InitTerm                              
200072e7  Message                               
20007309  ClearTerm                             
20007313  Error                                 
2000734b  GetCmd                                
200073f1  TrimSpace                             
20007489  Report                                
200079f5  _SlDrvDataReadOp                      
20007bd9  _SlDrvReleasePoolObj                  
20007f75  __aeabi_dsub                          
20007f7f  __aeabi_dadd                          
2000812b  _nop                                  
2000812d  _SlDrvDriverCBInit                    
2000847d  _SlDrvWaitForPoolObj                  
2000860d  sl_Connect                            
20008799  PRCMCC3200MCUInit                     
20008a81  _SlDrvDataWriteOp                     
20008bd1  spi_Open                              
20008e5d  sl_NetAppDnsGetHostByName             
20008fa1  sl_SendTo                             
20009221  sl_RecvFrom                           
2000935d  __aeabi_ddiv                          
20009493  __aeabi_idiv0                         
20009493  __aeabi_ldiv0                         
20009495  __localtime32                         
20009495  localtime                             
200095c9  sl_Send                               
200096fd  _SlDrvDriverCBDeinit                  
2000994d  _SlDrvNetAppEventHandler              
20009a51  aligned_alloc                         
20009a51  memalign                              
20009b51  __aeabi_dmul                          
20009c4d  sl_Start                              
20009d3d  sl_Stop                               
20009e2d  spi_Read                              
20009f1d  uDMAChannelTransferSet                
2000a0f5  _SlDrvMsgReadSpawnCtx                 
2000a1dd  free                                  
2000a2c1  realloc                               
2000a3a5  sl_NetAppMDNSRegisterUnregisterService
2000a565  ldexp                                 
2000a565  ldexpl                                
2000a565  scalbn                                
2000a565  scalbnl                               
2000a635  _sl_HandleAsync_DnsGetHostByService   
2000a701  sl_DevGet                             
2000a891  _SlDrvCmdOp                           
2000aa05  _SlNonOsSemGet                        
2000aab5  IntDisable                            
2000ab5d  IntEnable                             
2000ac05  _SlDriverHandleError                  
2000aca9  SPIConfigSetExpClk                    
2000ad49  sl_Recv                               
2000ade9  __aeabi_memcpy                        
2000ade9  __aeabi_memcpy4                       
2000ade9  __aeabi_memcpy8                       
2000ade9  memcpy                                
2000ae85  _SlDrvDeviceEventHandler              
2000af21  sl_DevSet                             
2000afb9  sl_NetCfgSet                          
2000b051  sl_SetSockOpt                         
2000b0e9  sl_WlanSet                            
2000b181  spi_Write                             
2000b219  __aeabi_uldivmod                      
2000b2b1  PRCMPeripheralClockGet                
2000b345  _sl_HandleAsync_DnsGetHostByName      
2000b3d5  _sl_HandleAsync_PingResponse          
2000b465  sl_WlanPolicySet                      
2000b60d  _SlDrvIsTimeoutExpired                
2000b699  _sl_HandleAsync_InitComplete          
2000b725  sl_Socket                             
2000b7b1  PinConfigSet                          
2000b839  __aeabi_cdcmpeq                       
2000b839  __aeabi_cdcmple                       
2000b8bf  __aeabi_cdrcmple                      
2000b945  NwpPowerOnPreamble                    
2000b9c9  sl_WlanRxFilterSet                    
2000ba4d  GPIOIntTypeSet                        
2000bad1  _sl_HandleAsync_Connect               
2000bc51  __aeabi_memclr                        
2000bc51  __aeabi_memclr4                       
2000bc51  __aeabi_memclr8                       
2000bc53  __aeabi_memset                        
2000bc53  __aeabi_memset4                       
2000bc53  __aeabi_memset8                       
2000bc59  memset                                
2000bccd  spi_Close                             
2000bd45  UARTConfigSetExpClk                   
2000bdbd  _SlNonOsMainLoopTask                  
2000bf0f  __aeabi_ldivmod                       
2000bf7d  _SlDrvCmdSend                         
2000bfe9  _sl_NetAppSendTokenValue              
2000c055  __TI_decompress_lzss                  
2000c0bd  _SlNonOsSpawn                         
2000c121  _sl_HandleAsync_Accept                
2000c185  sl_NetAppMDNSUnRegisterService        
2000c1e9  uDMAChannelAttributeDisable           
2000c24d  uDMAChannelAttributeEnable            
2000c2b1  sl_Close                              
2000c311  sl_WlanProfileDel                     
2000c371  sl_WlanSetMode                        
2000c3d1  frexp                                 
2000c3d1  frexpl                                
2000c42d  IntPendClear                          
2000c485  PRCMPeripheralReset                   
2000c4dd  PinMuxConfig                          
2000c58d  IntPrioritySet                        
2000c5e1  _SlDrvRxIrqHandler                    
2000c635  __TI_ltoa                             
2000c689  _sl_HandleAsync_Select                
2000c731  _sl_HandleAsync_Stop                  
2000c781  SPIIntEnable                          
2000c819  _SlDrvProtectAsyncRespSetting         
2000c8b1  atoi                                  
2000c8fd  uDMAChannelAssign                     
2000c991  SPIIntClear                           
2000c9d9  _SlDrvBasicCmd                        
2000ca21  __aeabi_d2iz                          
2000caad  TimerConfigure                        
2000caf1  _SlDrvHandleHttpServerEvents          
2000cb35  _SlDrvSyncObjWaitTimeout              
2000cb79  __TI_auto_init_nobinit_nopinit        
2000cc01  sl_Htonl                              
2000cc45  PinModeSet                            
2000cc85  _SlDrvHandleNetAppEvents              
2000ccc5  _SlDrvHandleWlanEvents                
2000cd45  __aeabi_uidiv                         
2000cd45  __aeabi_uidivmod                      
2000cd85  sprintf                               
2000cdc5  vsnprintf                             
2000ce05  NwpRegisterInterruptHandler           
2000cebd  PRCMPeripheralClkEnable               
2000cef9  simplelink_timerA2_start              
2000cf35  sl_Htons                              
2000cf71  uDMAChannelControlSet                 
2000cfad  NwpPowerOff                           
2000cfe5  __gmtime32                            
2000cfe5  gmtime                                
2000d01d  sl_WlanDisconnect                     
2000d055  GPIODirModeSet                        
2000d08d  NwpPowerOn                            
2000d0c1  PRCMPeripheralStatusGet               
2000d0f5  SPIFIFOLevelSet                       
2000d129  PinTypeGPIO                           
2000d159  UARTDisable                           
2000d1b9  __aeabi_i2d                           
2000d1e9  PRCMSysResetCauseGet                  
2000d241  _SlDrvProtectionObjLockWaitForever    
2000d26d  TimerLoadSet                          
2000d297  TimerPrescaleSet                      
2000d2c1  PRCMPeripheralClkDisable              
2000d2e9  _SlDrvGlobalObjUnLock                 
2000d311  _SlDrvProtectionObjUnLock             
2000d339  _SlDrvSyncObjWaitForever              
2000d389  memmove                               
2000d3b1  _SlDrvObjLockWaitForever              
2000d3d7  sl_Provisioning_HttpServerEventHdl    
2000d3e5  sl_Provisioning_NetAppEventHdl        
2000d3f1  sl_Provisioning_WlanEventHdl          
2000d3fd  DmaSpiSwIntHandler                    
2000d421  IntUnregister                         
2000d445  UARTEnable                            
2000d469  _c_int00_noargs                       
2000d48d  SPIReset                              
2000d4af  SPIWordCountSet                       
2000d4d1  GPIOPinWrite                          
2000d4f1  IntRegister                           
2000d511  NwpPrePowerOffTimout0                 
2000d531  TimerGetCurrentTimestamp              
2000d551  _SlDrvObjUnLock                       
2000d571  _SlDrvSyncObjSignal                   
2000d591  GPIOIntRegister                       
2000d5af  TimerEnable                           
2000d5cd  UARTCharPut                           
2000d609  TimerValueGet                         
2000d625  UARTCharGetNonBlocking                
2000d641  _SlDrvStartMeasureTimeout             
2000d65d  __TI_zero_init_nomemset               
2000d695  memccpy                               
2000d6b1  uDMAChannelEnable                     
2000d6cd  GPIOIntEnable                         
2000d6e7  PinTypeUART                           
2000d701  SPIDmaDisable                         
2000d71b  SPIDmaEnable                          
2000d735  SPIFIFODisable                        
2000d74f  SPIFIFOEnable                         
2000d769  SPIIntUnregister                      
2000d783  GPIOPinRead                           
2000d79b  SPICSDisable                          
2000d7b3  SPICSEnable                           
2000d7cb  SPIDisable                            
2000d7e3  SPIEnable                             
2000d7fb  UARTCharsAvail                        
2000d813  _SlNonOsSemSet                        
2000d875  PRCMHIBRegRead                        
2000d88b  PRCMHIBRegWrite                       
2000d8a1  _SlDrvMemZero                         
2000d8b7  strchr                                
2000d8cd  CPUcpsie                              
2000d8e1  GPIOIntClear                          
2000d8f5  IntVTableBaseSet                      
2000d909  strcpy                                
2000d91d  strlen                                
2000d931  wcslen                                
2000d943  _SlDrvDispatchHttpServerEvents        
2000d953  _SlDrvResetCmdExt                     
2000d961  __TI_decompress_none                  
2000d96f  ResetISR                              
2000d97d  NwpMaskInterrupt                      
2000d989  NwpUnMaskInterrupt                    
2000d995  copysign                              
2000d995  copysignl                             
2000d9a1  IntMasterEnable                       
2000d9b5  __aeabi_errno_addr                    
2000d9bd  malloc                                
2000d9c5  UtilsDelay                            
2000d9cb  _system_pre_init                      
2000d9cf  C$$EXIT                               
2000d9cf  abort                                 
2000d9d4  _ctypes_                              
2000ddb4  OpcodeTranslateTable                  
2000ddf0  _SlActionLookupTable                  
2000dfb6  _SlNetAppSendTokenValueCmdCtrl        
2000e000  __TI_static_base__                    
2000e040  __TI_Handler_Table_Base               
2000e04c  __TI_Handler_Table_Limit              
2000e058  __TI_CINIT_Base                       
2000e068  __TI_CINIT_Limit                      
20017000  __start___llvm_prf_cnts               
20017000  __stop___llvm_prf_cnts                
20017000  _sys_memory                           
2001f168  g_ucDinDout                           
2001f1b8  g_ucConnectionSSID                    
2001f1dc  g_app_config                          
2001f1e4  g_ucConnectionBSSID                   
2001f1f0  g_Host                                
2001f1f4  g_port                                
2001f1f8  RxIrqCnt                              
2001f1f9  g_bDeviceRestartIsRequired            
2001f1fa  g_cDummy                              
2001f1fb  g_ucLED1Pin                           
2001f1fc  g_ucLED2Pin                           
2001f1fd  g_ucLED3Pin                           
2001f200  g__SlNonOsCB                          
2001f274  _tz                                   
2001f284  g_SlDeviceStatus                      
2001f288  g_pCB                                 
2001f28c  pPingCallBackFunc                     
2001f294  g_uiLED1Port                          
2001f298  g_uiLED2Port                          
2001f29c  g_uiLED3Port                          
2001f2a0  g_ulStatus                            
2001f2a4  g_ulPingPacketsRecv                   
2001f2a8  g_ulGatewayIP                         
2001f2ac  g_SpiFd                               
2001f2b0  g_pHostIntHdl                         
2001f2b4  g_ucDMAEnabled                        
2001f2b8  _lock                                 
2001f2bc  _unlock                               
2001f2c8  errno                                 
2002f000  __stack                               
20030000  __STACK_END                           
ffffffff  __TI_pprof_out_hndl                   
ffffffff  __TI_prof_data_size                   
ffffffff  __TI_prof_data_start                  
ffffffff  __binit__                             
ffffffff  __c_args__                            
ffffffff  binit                                 
UNDEFED   __mpu_init                            
UNDEFED   _system_post_cinit                    

[295 symbols]
