******************************************************************************
                  TI ARM Linker PC v20.2.7                     
******************************************************************************
>> Linked Tue Jun  4 08:36:20 2024

OUTPUT FILE NAME:   <final-awstime-2.out>
ENTRY POINT SYMBOL: "_c_int00_noargs"  address: 2000f259


MEMORY CONFIGURATION

         name            origin    length      used     unused   attr    fill
----------------------  --------  ---------  --------  --------  ----  --------
  SRAM_CODE             20004000   00013000  0000c552  00006aae  RW X
  SRAM_DATA             20017000   00019000  0000953e  0000fac2  RW X


SEGMENT ALLOCATION MAP

run origin  load origin   length   init length attrs members
----------  ----------- ---------- ----------- ----- -------
20004000    20004000    0000c558   0000c558    r-x
  20004000    20004000    00000400   00000400    r-- .intvecs
  20004400    20004400    0000b57e   0000b57e    r-x .text
  2000f980    2000f980    00000b14   00000b14    r-- .const
  20010498    20010498    000000c0   000000c0    r-- .cinit
20017000    20017000    00008544   00000000    rw-
  20017000    20017000    00008000   00000000    rw- .sysmem
  2001f000    2001f000    0000038a   00000000    rw- .bss
  2001f390    2001f390    000001b4   00000000    rw- .data
2002f000    2002f000    00001000   00000000    rw-
  2002f000    2002f000    00001000   00000000    rw- .stack


SECTION ALLOCATION MAP

 output                                  attributes/
section   page    origin      length       input sections
--------  ----  ----------  ----------   ----------------
.intvecs   0    20004000    00000400     
                  20004000    00000400     startup_ccs.obj (.intvecs)

.init_array 
*          0    20004000    00000000     UNINITIALIZED

.text      0    20004400    0000b57e     
                  20004400    00001370     main.obj (.text)
                  20005770    00000ecc     network_utils.obj (.text)
                  2000663c    00000a80     Adafruit_GFX.obj (.text)
                  200070bc    00000a4e     rtsv7M4_T_le_eabi.lib : _printfi.c.obj (.text:__TI_printfi)
                  20007b0a    00000002     driverlib.a : interrupt.obj (.text:IntDefaultHandler)
                  20007b0c    00000590     simplelink.a : driver.obj (.text:_SlDrvMsgRead)
                  2000809c    000004a6     Adafruit_OLED.obj (.text)
                  20008542    00000002     rtsv7M4_T_le_eabi.lib : _lock.c.obj (.text:_nop)
                  20008544    00000398     gpio_if.obj (.text)
                  200088dc    000002a0     rtsv7M4_T_le_eabi.lib : mktime.c.obj (.text:__mktime32)
                  20008b7c    00000280     simplelink.a : wlan.obj (.text:sl_WlanConnect)
                  20008dfc    0000027c     uart_if.obj (.text)
                  20009078    00000268     rtsv7M4_T_le_eabi.lib : _printfi.c.obj (.text:_pconv_a)
                  200092e0    00000248     simplelink.a : driver.obj (.text:_SlDrvRxHdrRead)
                  20009528    000001e4                  : driver.obj (.text:_SlDrvDataReadOp)
                  2000970c    000001d0                  : driver.obj (.text:_SlDrvReleasePoolObj)
                  200098dc    000001cc     rtsv7M4_T_le_eabi.lib : _printfi.c.obj (.text:_pconv_g)
                  20009aa8    000001b6                           : fd_add_t2.asm.obj (.text)
                  20009c5e    00000002                           : div0.asm.obj (.text)
                  20009c60    000001b4     simplelink.a : driver.obj (.text:_SlDrvDriverCBInit)
                  20009e14    0000019c                  : driver.obj (.text:_SlDrvMsgWrite)
                  20009fb0    00000198     timer_if.obj (.text)
                  2000a148    00000190     simplelink.a : driver.obj (.text:_SlDrvWaitForPoolObj)
                  2000a2d8    00000190     pin_mux_config.obj (.text)
                  2000a468    0000018c     simplelink.a : socket.obj (.text:sl_Connect)
                  2000a5f4    00000178     driverlib.a : prcm.obj (.text:PRCMCC3200MCUInit)
                  2000a76c    00000170     simplelink.a : driver.obj (.text:_SlFindAndSetActiveObj)
                  2000a8dc    00000150                  : driver.obj (.text:_SlDrvDataWriteOp)
                  2000aa2c    00000148                  : cc_pal.obj (.text:spi_Open)
                  2000ab74    00000144                  : driver.obj (.text:_SlDrvMsgReadCmdCtx)
                  2000acb8    00000144                  : netapp.obj (.text:sl_NetAppDnsGetHostByName)
                  2000adfc    00000144                  : socket.obj (.text:sl_SendTo)
                  2000af40    0000013c     rtsv7M4_T_le_eabi.lib : _printfi.c.obj (.text:_pconv_e)
                  2000b07c    0000013c     simplelink.a : socket.obj (.text:sl_RecvFrom)
                  2000b1b8    00000136     rtsv7M4_T_le_eabi.lib : fd_div_t2.asm.obj (.text)
                  2000b2ee    00000002     --HOLE-- [fill = 0]
                  2000b2f0    00000134                           : localtim.c.obj (.text:__localtime32)
                  2000b424    00000130     simplelink.a : driver.obj (.text:_SlDrvDriverCBDeinit)
                  2000b554    00000120     rtsv7M4_T_le_eabi.lib : _printfi.c.obj (.text:fcvt)
                  2000b674    00000104     simplelink.a : netapp.obj (.text:_SlDrvNetAppEventHandler)
                  2000b778    00000100     rtsv7M4_T_le_eabi.lib : memory.c.obj (.text:aligned_alloc)
                  2000b878    000000fc                           : fd_mul_t2.asm.obj (.text)
                  2000b974    000000f0     simplelink.a : device.obj (.text:sl_Start)
                  2000ba64    000000f0                  : device.obj (.text:sl_Stop)
                  2000bb54    000000f0                  : cc_pal.obj (.text:spi_Read)
                  2000bc44    000000f0     driverlib.a : udma.obj (.text:uDMAChannelTransferSet)
                  2000bd34    000000e8     simplelink.a : driver.obj (.text:_SlAsyncEventGenericHandler)
                  2000be1c    000000e8                  : driver.obj (.text:_SlDrvMsgReadSpawnCtx)
                  2000bf04    000000e4     rtsv7M4_T_le_eabi.lib : memory.c.obj (.text:free)
                  2000bfe8    000000e4                           : memory.c.obj (.text:realloc)
                  2000c0cc    000000e4     simplelink.a : netapp.obj (.text:sl_NetAppMDNSRegisterUnregisterService)
                  2000c1b0    000000dc                  : driver.obj (.text:_SlDrvClassifyRxMsg)
                  2000c28c    000000d0     rtsv7M4_T_le_eabi.lib : s_scalbn.c.obj (.text:scalbn)
                  2000c35c    000000cc     simplelink.a : netapp.obj (.text:_sl_HandleAsync_DnsGetHostByService)
                  2000c428    000000cc                  : device.obj (.text:sl_DevGet)
                  2000c4f4    000000c4                  : driver.obj (.text:_SlRemoveFromList)
                  2000c5b8    000000c0                  : driver.obj (.text:_SlDrvCmdOp)
                  2000c678    000000b1     rtsv7M4_T_le_eabi.lib : _printfi.c.obj (.text:_ltostr)
                  2000c729    00000003     --HOLE-- [fill = 0]
                  2000c72c    000000b0     simplelink.a : nonos.obj (.text:_SlNonOsSemGet)
                  2000c7dc    000000a8     driverlib.a : interrupt.obj (.text:IntDisable)
                  2000c884    000000a8                 : interrupt.obj (.text:IntEnable)
                  2000c92c    000000a4     simplelink.a : driver.obj (.text:_SlDriverHandleError)
                  2000c9d0    000000a0     driverlib.a : spi.obj (.text:SPIConfigSetExpClk)
                  2000ca70    0000009c     rtsv7M4_T_le_eabi.lib : memcpy_t2.asm.obj (.text)
                  2000cb0c    0000009a     simplelink.a : device.obj (.text:_SlDrvDeviceEventHandler)
                  2000cba6    00000002     --HOLE-- [fill = 0]
                  2000cba8    00000098                  : netcfg.obj (.text:sl_NetCfgSet)
                  2000cc40    00000098                  : socket.obj (.text:sl_SetSockOpt)
                  2000ccd8    00000098                  : wlan.obj (.text:sl_WlanSet)
                  2000cd70    00000098                  : cc_pal.obj (.text:spi_Write)
                  2000ce08    00000096     rtsv7M4_T_le_eabi.lib : ull_div_t2.asm.obj (.text)
                  2000ce9e    00000002     --HOLE-- [fill = 0]
                  2000cea0    00000094     driverlib.a : prcm.obj (.text:PRCMPeripheralClockGet)
                  2000cf34    00000092     rtsv7M4_T_le_eabi.lib : fs_div_t2.asm.obj (.text)
                  2000cfc6    00000002     --HOLE-- [fill = 0]
                  2000cfc8    00000090     simplelink.a : netapp.obj (.text:_sl_HandleAsync_DnsGetHostByName)
                  2000d058    00000090                  : netapp.obj (.text:_sl_HandleAsync_PingResponse)
                  2000d0e8    00000090                  : wlan.obj (.text:sl_WlanPolicySet)
                  2000d178    0000008c                  : cc_pal.obj (.text:SetupDMAReceive)
                  2000d204    0000008c                  : cc_pal.obj (.text:SetupDMASend)
                  2000d290    0000008c                  : driver.obj (.text:_SlDrvIsTimeoutExpired)
                  2000d31c    0000008c                  : device.obj (.text:_sl_HandleAsync_InitComplete)
                  2000d3a8    0000008c                  : socket.obj (.text:sl_Socket)
                  2000d434    00000088     driverlib.a : pin.obj (.text:PinConfigSet)
                  2000d4bc    00000086     rtsv7M4_T_le_eabi.lib : fd_cmp_t2.asm.obj (.text:__aeabi_cdcmple)
                  2000d542    00000086                           : fd_cmp_t2.asm.obj (.text:__aeabi_cdrcmple)
                  2000d5c8    00000084     simplelink.a : cc_pal.obj (.text:NwpPowerOnPreamble)
                  2000d64c    00000084                  : wlan.obj (.text:sl_WlanRxFilterSet)
                  2000d6d0    00000082     driverlib.a : gpio.obj (.text:GPIOIntTypeSet)
                  2000d752    00000002     --HOLE-- [fill = 0]
                  2000d754    00000080     simplelink.a : socket.obj (.text:_sl_HandleAsync_Connect)
                  2000d7d4    00000080                  : cc_pal.obj (.text:spi_Read_CPU)
                  2000d854    00000080                  : cc_pal.obj (.text:spi_Write_CPU)
                  2000d8d4    0000007a     rtsv7M4_T_le_eabi.lib : fs_mul_t2.asm.obj (.text)
                  2000d94e    0000007a                           : memset_t2.asm.obj (.text)
                  2000d9c8    00000078     simplelink.a : cc_pal.obj (.text:spi_Close)
                  2000da40    00000076     driverlib.a : uart.obj (.text:UARTConfigSetExpClk)
                  2000dab6    00000002     --HOLE-- [fill = 0]
                  2000dab8    00000074     simplelink.a : nonos.obj (.text:_SlNonOsMainLoopTask)
                  2000db2c    00000070     driverlib.a : timer.obj (.text:TimerIntRegister)
                  2000db9c    00000070     rtsv7M4_T_le_eabi.lib : memory.c.obj (.text:split)
                  2000dc0c    0000006e                           : _printfi.c.obj (.text:_mcpy)
                  2000dc7a    0000006e                           : ll_div_t2.asm.obj (.text)
                  2000dce8    0000006c     simplelink.a : driver.obj (.text:_SlDrvCmdSend)
                  2000dd54    0000006c                  : netapp.obj (.text:_sl_NetAppSendTokenValue)
                  2000ddc0    00000068     driverlib.a : timer.obj (.text:TimerIntUnregister)
                  2000de28    00000068     rtsv7M4_T_le_eabi.lib : copy_decompress_lzss.c.obj (.text:decompress:lzss:__TI_decompress_lzss)
                  2000de90    00000064     simplelink.a : nonos.obj (.text:_SlNonOsSpawn)
                  2000def4    00000064                  : socket.obj (.text:_sl_HandleAsync_Accept)
                  2000df58    00000064                  : netapp.obj (.text:sl_NetAppMDNSUnRegisterService)
                  2000dfbc    00000064     driverlib.a : udma.obj (.text:uDMAChannelAttributeDisable)
                  2000e020    00000064                 : udma.obj (.text:uDMAChannelAttributeEnable)
                  2000e084    00000060     simplelink.a : socket.obj (.text:sl_Close)
                  2000e0e4    00000060                  : wlan.obj (.text:sl_WlanProfileDel)
                  2000e144    00000060                  : wlan.obj (.text:sl_WlanSetMode)
                  2000e1a4    0000005c     rtsv7M4_T_le_eabi.lib : s_frexp.c.obj (.text:frexp)
                  2000e200    00000058     driverlib.a : interrupt.obj (.text:IntPendClear)
                  2000e258    00000058                 : prcm.obj (.text:PRCMPeripheralReset)
                  2000e2b0    00000056     rtsv7M4_T_le_eabi.lib : _printfi.c.obj (.text:_pconv_f)
                  2000e306    00000002     --HOLE-- [fill = 0]
                  2000e308    00000054     driverlib.a : interrupt.obj (.text:IntPrioritySet)
                  2000e35c    00000054     simplelink.a : driver.obj (.text:_SlDrvRxIrqHandler)
                  2000e3b0    00000054     rtsv7M4_T_le_eabi.lib : _ltoa.c.obj (.text:__TI_ltoa)
                  2000e404    00000054     simplelink.a : socket.obj (.text:_sl_HandleAsync_Select)
                  2000e458    00000052     rtsv7M4_T_le_eabi.lib : _printfi.c.obj (.text:_ecpy)
                  2000e4aa    00000002     --HOLE-- [fill = 0]
                  2000e4ac    00000050     simplelink.a : device.obj (.text:_sl_HandleAsync_Stop)
                  2000e4fc    0000004c     driverlib.a : spi.obj (.text:SPIIntEnable)
                  2000e548    0000004c                 : spi.obj (.text:SPIIntNumberGet)
                  2000e594    0000004c     simplelink.a : driver.obj (.text:_SlDrvProtectAsyncRespSetting)
                  2000e5e0    0000004c                  : socket.obj (.text:_sl_BuildAddress)
                  2000e62c    0000004c     rtsv7M4_T_le_eabi.lib : atoi.c.obj (.text:atoi)
                  2000e678    0000004c     driverlib.a : udma.obj (.text:uDMAChannelAssign)
                  2000e6c4    00000048                 : gpio.obj (.text:GPIOGetIntNumber)
                  2000e70c    00000048                 : spi.obj (.text:SPIIntClear)
                  2000e754    00000048     simplelink.a : driver.obj (.text:_SlDrvBasicCmd)
                  2000e79c    00000048     rtsv7M4_T_le_eabi.lib : fd_toi_t2.asm.obj (.text)
                  2000e7e4    00000044     driverlib.a : spi.obj (.text:SPIDmaMaskGet)
                  2000e828    00000044                 : timer.obj (.text:TimerConfigure)
                  2000e86c    00000044     simplelink.a : driver.obj (.text:_SlDrvHandleHttpServerEvents)
                  2000e8b0    00000044                  : driver.obj (.text:_SlDrvSyncObjWaitTimeout)
                  2000e8f4    00000044     rtsv7M4_T_le_eabi.lib : autoinit.c.obj (.text:__TI_auto_init_nobinit_nopinit:__TI_auto_init_nobinit_nopinit)
                  2000e938    00000044     simplelink.a : cc_pal.obj (.text:cc_SetupTransfer)
                  2000e97c    00000044     rtsv7M4_T_le_eabi.lib : fd_tou_t2.asm.obj (.text)
                  2000e9c0    00000042     simplelink.a : socket.obj (.text:sl_Htonl)
                  2000ea02    00000002     --HOLE-- [fill = 0]
                  2000ea04    00000040     driverlib.a : pin.obj (.text:PinModeSet)
                  2000ea44    00000040     simplelink.a : driver.obj (.text:_SlDrvHandleNetAppEvents)
                  2000ea84    00000040                  : driver.obj (.text:_SlDrvHandleWlanEvents)
                  2000eac4    00000040                  : socket.obj (.text:_sl_TruncatePayloadByProtocol)
                  2000eb04    00000040     rtsv7M4_T_le_eabi.lib : u_divt2.asm.obj (.text)
                  2000eb44    00000040                           : vsnprintf.c.obj (.text:vsnprintf)
                  2000eb84    0000003e     simplelink.a : cc_pal.obj (.text:NwpRegisterInterruptHandler)
                  2000ebc2    0000003e     rtsv7M4_T_le_eabi.lib : _printfi.c.obj (.text:_fcpy)
                  2000ec00    0000003c     simplelink.a : netapp.obj (.text:CopyPingResultsToReport)
                  2000ec3c    0000003c     driverlib.a : prcm.obj (.text:PRCMPeripheralClkEnable)
                  2000ec78    0000003c     simplelink.a : cc_pal.obj (.text:simplelink_timerA2_start)
                  2000ecb4    0000003c                  : socket.obj (.text:sl_Htons)
                  2000ecf0    0000003c     driverlib.a : udma.obj (.text:uDMAChannelControlSet)
                  2000ed2c    00000038     simplelink.a : cc_pal.obj (.text:NwpPowerOff)
                  2000ed64    00000038     rtsv7M4_T_le_eabi.lib : gmtime.c.obj (.text:__gmtime32)
                  2000ed9c    00000038                           : fs_tod_t2.asm.obj (.text)
                  2000edd4    00000038                           : fs_toi_t2.asm.obj (.text)
                  2000ee0c    00000038     simplelink.a : wlan.obj (.text:sl_WlanDisconnect)
                  2000ee44    00000036     driverlib.a : gpio.obj (.text:GPIODirModeSet)
                  2000ee7a    00000002     --HOLE-- [fill = 0]
                  2000ee7c    00000034     simplelink.a : cc_pal.obj (.text:NwpPowerOn)
                  2000eeb0    00000034     driverlib.a : prcm.obj (.text:PRCMPeripheralStatusGet)
                  2000eee4    00000034                 : spi.obj (.text:SPIFIFOLevelSet)
                  2000ef18    00000030                 : pin.obj (.text:PinTypeGPIO)
                  2000ef48    00000030                 : uart.obj (.text:UARTDisable)
                  2000ef78    00000030     rtsv7M4_T_le_eabi.lib : vsnprintf.c.obj (.text:_outs)
                  2000efa8    0000002e                           : i_tofd_t2.asm.obj (.text)
                  2000efd6    00000002     --HOLE-- [fill = 0]
                  2000efd8    0000002c     driverlib.a : prcm.obj (.text:PRCMSysResetCauseGet)
                  2000f004    0000002c     simplelink.a : driver.obj (.text:_SlDrvObjGlobalLockWaitForever)
                  2000f030    0000002c                  : driver.obj (.text:_SlDrvProtectionObjLockWaitForever)
                  2000f05c    0000002a     driverlib.a : timer.obj (.text:TimerLoadSet)
                  2000f086    0000002a                 : timer.obj (.text:TimerPrescaleSet)
                  2000f0b0    00000028                 : prcm.obj (.text:PRCMPeripheralClkDisable)
                  2000f0d8    00000028     simplelink.a : driver.obj (.text:_SlDrvGlobalObjUnLock)
                  2000f100    00000028                  : driver.obj (.text:_SlDrvProtectionObjUnLock)
                  2000f128    00000028                  : driver.obj (.text:_SlDrvSyncObjWaitForever)
                  2000f150    00000028     rtsv7M4_T_le_eabi.lib : memory.c.obj (.text:free_list_insert)
                  2000f178    00000028                           : memmov.c.obj (.text:memmove)
                  2000f1a0    00000026     simplelink.a : driver.obj (.text:_SlDrvObjLockWaitForever)
                  2000f1c6    00000026     network_common.obj (.text)
                  2000f1ec    00000024     simplelink.a : cc_pal.obj (.text:DmaSpiSwIntHandler)
                  2000f210    00000024     driverlib.a : interrupt.obj (.text:IntUnregister)
                  2000f234    00000024                 : uart.obj (.text:UARTEnable)
                  2000f258    00000024     rtsv7M4_T_le_eabi.lib : boot_cortex_m.c.obj (.text:_c_int00_noargs:_c_int00_noargs)
                  2000f27c    00000024                           : u_tofs_t2.asm.obj (.text)
                  2000f2a0    00000022     driverlib.a : gpio.obj (.text:GPIOIntStatus)
                  2000f2c2    00000022                 : spi.obj (.text:SPIReset)
                  2000f2e4    00000022                 : spi.obj (.text:SPIWordCountSet)
                  2000f306    00000020                 : gpio.obj (.text:GPIOPinWrite)
                  2000f326    00000002     --HOLE-- [fill = 0]
                  2000f328    00000020                 : interrupt.obj (.text:IntRegister)
                  2000f348    00000020     simplelink.a : cc_pal.obj (.text:NwpPrePowerOffTimout0)
                  2000f368    00000020     driverlib.a : spi.obj (.text:SPIDataGet)
                  2000f388    00000020     simplelink.a : cc_pal.obj (.text:TimerGetCurrentTimestamp)
                  2000f3a8    00000020                  : driver.obj (.text:_SlDrvObjUnLock)
                  2000f3c8    00000020                  : driver.obj (.text:_SlDrvSyncObjSignal)
                  2000f3e8    00000020     rtsv7M4_T_le_eabi.lib : u_tofd_t2.asm.obj (.text)
                  2000f408    0000001e     driverlib.a : gpio.obj (.text:GPIOIntRegister)
                  2000f426    0000001e                 : spi.obj (.text:SPIDataPut)
                  2000f444    0000001e                 : timer.obj (.text:TimerDisable)
                  2000f462    0000001e                 : timer.obj (.text:TimerEnable)
                  2000f480    0000001e                 : timer.obj (.text:TimerIntStatus)
                  2000f49e    0000001e                 : uart.obj (.text:UARTCharPut)
                  2000f4bc    0000001e     simplelink.a : cc_pal.obj (.text:cc_UDMAChannelSelect)
                  2000f4da    0000001c     driverlib.a : pin.obj (.text:PinTypeI2C)
                  2000f4f6    00000002     --HOLE-- [fill = 0]
                  2000f4f8    0000001c                 : systick.obj (.text:SysTickIntRegister)
                  2000f514    0000001c                 : timer.obj (.text:TimerLoadGet)
                  2000f530    0000001c                 : timer.obj (.text:TimerValueGet)
                  2000f54c    0000001c                 : uart.obj (.text:UARTCharGetNonBlocking)
                  2000f568    0000001c     simplelink.a : driver.obj (.text:_SlDrvStartMeasureTimeout)
                  2000f584    0000001c     rtsv7M4_T_le_eabi.lib : copy_zero_init.c.obj (.text:decompress:ZI:__TI_zero_init_nomemset:__TI_zero_init_nomemset)
                  2000f5a0    0000001c                           : memory.c.obj (.text:free_list_remove)
                  2000f5bc    0000001c                           : memccpy.c.obj (.text:memccpy)
                  2000f5d8    0000001c     driverlib.a : udma.obj (.text:uDMAChannelEnable)
                  2000f5f4    0000001a                 : gpio.obj (.text:GPIOIntEnable)
                  2000f60e    0000001a                 : pin.obj (.text:PinTypeSPI)
                  2000f628    0000001a                 : pin.obj (.text:PinTypeUART)
                  2000f642    0000001a                 : spi.obj (.text:SPIDmaDisable)
                  2000f65c    0000001a                 : spi.obj (.text:SPIDmaEnable)
                  2000f676    0000001a                 : spi.obj (.text:SPIFIFODisable)
                  2000f690    0000001a                 : spi.obj (.text:SPIFIFOEnable)
                  2000f6aa    0000001a                 : spi.obj (.text:SPIIntUnregister)
                  2000f6c4    00000018                 : gpio.obj (.text:GPIOPinRead)
                  2000f6dc    00000018                 : spi.obj (.text:SPICSDisable)
                  2000f6f4    00000018                 : spi.obj (.text:SPICSEnable)
                  2000f70c    00000018                 : spi.obj (.text:SPIDisable)
                  2000f724    00000018                 : spi.obj (.text:SPIEnable)
                  2000f73c    00000018                 : systick.obj (.text:SysTickPeriodSet)
                  2000f754    00000018                 : timer.obj (.text:TimerIntDisable)
                  2000f76c    00000018                 : timer.obj (.text:TimerIntEnable)
                  2000f784    00000018                 : uart.obj (.text:UARTCharsAvail)
                  2000f79c    00000018     simplelink.a : nonos.obj (.text:_SlNonOsSemSet)
                  2000f7b4    00000018     rtsv7M4_T_le_eabi.lib : vsnprintf.c.obj (.text:_outc)
                  2000f7cc    00000018     simplelink.a : device.obj (.text:_sl_GetStartResponseConvert)
                  2000f7e4    00000018     rtsv7M4_T_le_eabi.lib : ll_mul_t2.asm.obj (.text)
                  2000f7fc    00000016     driverlib.a : prcm.obj (.text:PRCMHIBRegRead)
                  2000f812    00000016                 : prcm.obj (.text:PRCMHIBRegWrite)
                  2000f828    00000016     simplelink.a : driver.obj (.text:_SlDrvMemZero)
                  2000f83e    00000016     rtsv7M4_T_le_eabi.lib : strchr.c.obj (.text:strchr)
                  2000f854    00000014     driverlib.a : cpu.obj (.text:CPUcpsie)
                  2000f868    00000014                 : gpio.obj (.text:GPIOIntClear)
                  2000f87c    00000014                 : interrupt.obj (.text:IntVTableBaseSet)
                  2000f890    00000014     rtsv7M4_T_le_eabi.lib : strlen.c.obj (.text:strlen)
                  2000f8a4    00000012     driverlib.a : timer.obj (.text:TimerIntClear)
                  2000f8b6    00000012     rtsv7M4_T_le_eabi.lib : wcslen.c.obj (.text:wcslen)
                  2000f8c8    00000010     driverlib.a : systick.obj (.text:SysTickEnable)
                  2000f8d8    00000010                 : systick.obj (.text:SysTickIntEnable)
                  2000f8e8    00000010     simplelink.a : driver.obj (.text:_SlDrvDispatchHttpServerEvents)
                  2000f8f8    0000000e                  : driver.obj (.text:_SlDrvResetCmdExt)
                  2000f906    0000000e     rtsv7M4_T_le_eabi.lib : copy_decompress_none.c.obj (.text:decompress:none:__TI_decompress_none)
                  2000f914    0000000e     startup_ccs.obj (.text)
                  2000f922    00000002     --HOLE-- [fill = 0]
                  2000f924    0000000c     simplelink.a : cc_pal.obj (.text:NwpMaskInterrupt)
                  2000f930    0000000c                  : cc_pal.obj (.text:NwpUnMaskInterrupt)
                  2000f93c    0000000c     driverlib.a : systick.obj (.text:SysTickValueGet)
                  2000f948    0000000c     rtsv7M4_T_le_eabi.lib : s_copysign.c.obj (.text:copysign)
                  2000f954    0000000a     driverlib.a : interrupt.obj (.text:IntMasterEnable)
                  2000f95e    00000002     --HOLE-- [fill = 0]
                  2000f960    00000008     rtsv7M4_T_le_eabi.lib : errno.c.obj (.text:__aeabi_errno_addr)
                  2000f968    00000008                           : memory.c.obj (.text:malloc)
                  2000f970    00000006     driverlib.a : utils.obj (.text:UtilsDelay)
                  2000f976    00000004     rtsv7M4_T_le_eabi.lib : pre_init.c.obj (.text:_system_pre_init)
                  2000f97a    00000004                           : exit.c.obj (.text:abort:abort)

.const     0    2000f980    00000b14     
                  2000f980    000004fb     Adafruit_GFX.obj (.const:.string:font)
                  2000fe7b    00000101     rtsv7M4_T_le_eabi.lib : ctype.c.obj (.const:.string:_ctypes_)
                  2000ff7c    00000100     driverlib.a : pin.obj (.const:g_ulPinToPadMap)
                  2001007c    000000d4                 : interrupt.obj (.const:g_pulRegs)
                  20010150    000000a8                 : prcm.obj (.const:PRCM_PeriphRegsList)
                  200101f8    00000060     rtsv7M4_T_le_eabi.lib : mktime.c.obj (.const:$O1$$)
                  20010258    0000003c     simplelink.a : driver.obj (.const:OpcodeTranslateTable)
                  20010294    00000038                  : driver.obj (.const:_SlActionLookupTable)
                  200102cc    0000002c     network_utils.obj (.const:$P$T1$2)
                  200102f8    00000024     driverlib.a : spi.obj (.const:g_ppulSPIIntMap)
                  2001031c    00000022     network_utils.obj (.const:.string:$P$T0$1)
                  2001033e    00000002     --HOLE-- [fill = 0]
                  20010340    00000020     simplelink.a : driver.obj (.const:RxMsgClassLUT)
                  20010360    00000018     driverlib.a : interrupt.obj (.const:g_pulDisRegs)
                  20010378    00000018                 : interrupt.obj (.const:g_pulEnRegs)
                  20010390    00000018                 : interrupt.obj (.const:g_pulUnpendRegs)
                  200103a8    00000018                 : spi.obj (.const:g_ulSPIDmaMaskMap)
                  200103c0    00000014     simplelink.a : driver.obj (.const:$P$T0$1)
                  200103d4    00000014                  : nonos.obj (.const:$P$T0$1)
                  200103e8    00000014     network_utils.obj (.const:$P$T2$3)
                  200103fc    00000010     simplelink.a : socket.obj (.const:.string:_SlPayloadByProtocolLUT)
                  2001040c    0000000c     network_utils.obj (.const:$P$T4$5)
                  20010418    0000000c     network_utils.obj (.const:.string:$P$T3$4)
                  20010424    00000008     simplelink.a : device.obj (.const:StartResponseLUT)
                  2001042c    00000008                  : driver.obj (.const:g_H2NCnysPattern)
                  20010434    00000008                  : driver.obj (.const:g_H2NSyncPattern)
                  2001043c    00000004                  : wlan.obj (.const:$P$T0$1)
                  20010440    00000008     main.obj (.const)
                  20010448    00000004     simplelink.a : socket.obj (.const:$P$T1$2)
                  2001044c    00000004                  : socket.obj (.const:$P$T2$3)
                  20010450    00000004                  : device.obj (.const:_SlDeviceGetCmdCtrl)
                  20010454    00000004                  : netapp.obj (.const:_SlGetHostByNameCtrl)
                  20010458    00000004                  : netapp.obj (.const:_SlNetAppSendTokenValueCmdCtrl)
                  2001045c    00000004                  : netcfg.obj (.const:_SlNetCfgSetCmdCtrl)
                  20010460    00000004                  : wlan.obj (.const:_SlPolicySetCmdCtrl)
                  20010464    00000004                  : wlan.obj (.const:_SlProfileDelCmdCtrl)
                  20010468    00000004                  : socket.obj (.const:_SlRecvfomCmdCtrl)
                  2001046c    00000004                  : netapp.obj (.const:_SlRegisterServiceCtrl)
                  20010470    00000004                  : wlan.obj (.const:_SlRxFilterSetCmdCtrl)
                  20010474    00000004                  : socket.obj (.const:_SlSetSockOptCmdCtrl)
                  20010478    00000004                  : socket.obj (.const:_SlSockCloseCmdCtrl)
                  2001047c    00000004                  : socket.obj (.const:_SlSockSocketCmdCtrl)
                  20010480    00000004                  : device.obj (.const:_SlStopCmdCtrl)
                  20010484    00000004                  : wlan.obj (.const:_SlWlanCfgSetCmdCtrl)
                  20010488    00000004                  : wlan.obj (.const:_SlWlanSetModeCmdCtrl)
                  2001048c    00000004                  : driver.obj (.const:httpServer_callbacks)
                  20010490    00000004                  : driver.obj (.const:netApp_callbacks)

.cinit     0    20010498    000000c0     
                  20010498    0000009c     (.cinit..data.load) [load image, compression = lzss]
                  20010534    0000000c     (__TI_handler_table)
                  20010540    00000008     (.cinit..bss.load) [load image, compression = zero_init]
                  20010548    00000010     (__TI_cinit_table)

.sysmem    0    20017000    00008000     UNINITIALIZED
                  20017000    00000010     rtsv7M4_T_le_eabi.lib : memory.c.obj (.sysmem)
                  20017010    00007ff0     --HOLE--

.bss       0    2001f000    0000038a     UNINITIALIZED
                  2001f000    00000168     simplelink.a : driver.obj (.bss:g_StatMem)
                  2001f168    000000c0     (.common:data)
                  2001f228    000000c0     (.common:dataBuffer)
                  2001f2e8    00000050     (.common:g_ucDinDout)
                  2001f338    00000024     (.common:g_ucConnectionSSID)
                  2001f35c    00000008     (.common:g_app_config)
                  2001f364    00000008     (.common:g_ucConnectionBSSID)
                  2001f36c    00000008     (.common:msg)
                  2001f374    00000004     main.obj (.bss)
                  2001f378    00000004     uart_if.obj (.bss)
                  2001f37c    00000004     (.common:g_Host)
                  2001f380    00000004     (.common:g_port)
                  2001f384    00000001     (.common:RxIrqCnt)
                  2001f385    00000001     (.common:g_bDeviceRestartIsRequired)
                  2001f386    00000001     (.common:g_cDummy)
                  2001f387    00000001     (.common:g_ucLED1Pin)
                  2001f388    00000001     (.common:g_ucLED2Pin)
                  2001f389    00000001     (.common:g_ucLED3Pin)

.data      0    2001f390    000001b4     UNINITIALIZED
                  2001f390    00000094     main.obj (.data)
                  2001f424    0000003c     simplelink.a : nonos.obj (.data:g__SlNonOsCB)
                  2001f460    00000024     rtsv7M4_T_le_eabi.lib : localtim.c.obj (.data:local_tm)
                  2001f484    00000020     main.obj (.data:x)
                  2001f4a4    00000015     Adafruit_GFX.obj (.data)
                  2001f4b9    00000003     main.obj (.data:hchar)
                  2001f4bc    00000014     gpio_if.obj (.data:ulReg)
                  2001f4d0    00000010     rtsv7M4_T_le_eabi.lib : tmzone.c.obj (.data:_tz)
                  2001f4e0    0000000d     simplelink.a : driver.obj (.data)
                  2001f4ed    00000003     main.obj (.data:mchar)
                  2001f4f0    0000000c     gpio_if.obj (.data)
                  2001f4fc    0000000c     network_utils.obj (.data)
                  2001f508    00000009     simplelink.a : cc_pal.obj (.data)
                  2001f511    00000003     main.obj (.data:schar)
                  2001f514    00000008     rtsv7M4_T_le_eabi.lib : _lock.c.obj (.data:$O1$$)
                  2001f51c    00000008                           : memory.c.obj (.data:$O1$$)
                  2001f524    00000008     main.obj (.data:ECHO)
                  2001f52c    00000008     main.obj (.data:PIN61)
                  2001f534    00000008     main.obj (.data:TRIG)
                  2001f53c    00000004     rtsv7M4_T_le_eabi.lib : errno.c.obj (.data)
                  2001f540    00000004     simplelink.a : driver.obj (.data:wlan_callbacks)

.stack     0    2002f000    00001000     UNINITIALIZED
                  2002f000    00000004     rtsv7M4_T_le_eabi.lib : boot_cortex_m.c.obj (.stack)
                  2002f004    00000ffc     --HOLE--

__llvm_prf_cnts 
*          0    20017000    00000000     UNINITIALIZED

MODULE SUMMARY

       Module                       code    ro data   rw data
       ------                       ----    -------   -------
    .\
       main.obj                     4976    8         609    
       Adafruit_GFX.obj             2688    1275      21     
       Adafruit_OLED.obj            1190    0         0      
       startup_ccs.obj              14      1024      0      
       gpio_if.obj                  920     0         35     
       uart_if.obj                  636     0         4      
       timer_if.obj                 408     0         0      
       pin_mux_config.obj           400     0         0      
       network_common.obj           38      0         0      
    +--+----------------------------+-------+---------+---------+
       Total:                       11270   2307      669    
                                                             
    .\utils\
       network_utils.obj            3788    122       72     
    +--+----------------------------+-------+---------+---------+
       Total:                       3788    122       72     
                                                             
    C:/Users/phpng/ti/cc3200-sdk/driverlib/ccs/Release/driverlib.a
       prcm.obj                     852     168       0      
       spi.obj                      860     60        0      
       interrupt.obj                608     284       0      
       udma.obj                     604     0         0      
       pin.obj                      328     256       0      
       timer.obj                    580     0         0      
       gpio.obj                     422     0         0      
       uart.obj                     284     0         0      
       systick.obj                  96      0         0      
       cpu.obj                      20      0         0      
       utils.obj                    6       0         0      
    +--+----------------------------+-------+---------+---------+
       Total:                       4660    768       0      
                                                             
    C:/Users/phpng/ti/cc3200-sdk/simplelink/ccs/NON_OS_debug/simplelink.a
       driver.obj                   7906    192       379    
       cc_pal.obj                   1960    0         90     
       socket.obj                   2002    40        0      
       netapp.obj                   1572    12        0      
       wlan.obj                     1316    24        0      
       device.obj                   1082    16        0      
       nonos.obj                    416     20        60     
       netcfg.obj                   152     4         0      
    +--+----------------------------+-------+---------+---------+
       Total:                       16406   308       529    
                                                             
    C:\Users\phpng\ti\cc1250\ccs\tools\compiler\ti-cgt-arm_20.2.7.LTS\lib\rtsv7M4_T_le_eabi.lib
       _printfi.c.obj               4835    0         0      
       memory.c.obj                 900     0         8      
       mktime.c.obj                 672     96        0      
       fd_add_t2.asm.obj            438     0         0      
       localtim.c.obj               308     0         36     
       fd_div_t2.asm.obj            310     0         0      
       fd_cmp_t2.asm.obj            268     0         0      
       ctype.c.obj                  0       257       0      
       fd_mul_t2.asm.obj            252     0         0      
       s_scalbn.c.obj               208     0         0      
       memcpy_t2.asm.obj            156     0         0      
       ull_div_t2.asm.obj           150     0         0      
       fs_div_t2.asm.obj            146     0         0      
       vsnprintf.c.obj              136     0         0      
       fs_mul_t2.asm.obj            122     0         0      
       memset_t2.asm.obj            122     0         0      
       ll_div_t2.asm.obj            110     0         0      
       copy_decompress_lzss.c.obj   104     0         0      
       s_frexp.c.obj                92      0         0      
       _ltoa.c.obj                  84      0         0      
       atoi.c.obj                   76      0         0      
       fd_toi_t2.asm.obj            72      0         0      
       autoinit.c.obj               68      0         0      
       fd_tou_t2.asm.obj            68      0         0      
       u_divt2.asm.obj              64      0         0      
       fs_tod_t2.asm.obj            56      0         0      
       fs_toi_t2.asm.obj            56      0         0      
       gmtime.c.obj                 56      0         0      
       i_tofd_t2.asm.obj            46      0         0      
       memmov.c.obj                 40      0         0      
       boot_cortex_m.c.obj          36      0         0      
       u_tofs_t2.asm.obj            36      0         0      
       u_tofd_t2.asm.obj            32      0         0      
       copy_zero_init.c.obj         28      0         0      
       memccpy.c.obj                28      0         0      
       ll_mul_t2.asm.obj            24      0         0      
       strchr.c.obj                 22      0         0      
       strlen.c.obj                 20      0         0      
       wcslen.c.obj                 18      0         0      
       tmzone.c.obj                 0       0         16     
       copy_decompress_none.c.obj   14      0         0      
       errno.c.obj                  8       0         4      
       s_copysign.c.obj             12      0         0      
       _lock.c.obj                  2       0         8      
       exit.c.obj                   4       0         0      
       pre_init.c.obj               4       0         0      
       div0.asm.obj                 2       0         0      
    +--+----------------------------+-------+---------+---------+
       Total:                       10305   353       72     
                                                             
       Heap:                        0       0         32768  
       Stack:                       0       0         4096   
       Linker Generated:            0       192       0      
    +--+----------------------------+-------+---------+---------+
       Grand Total:                 46429   4050      38206  


LINKER GENERATED COPY TABLES

__TI_cinit_table @ 20010548 records: 2, size/record: 8, table size: 16
	.data: load addr=20010498, load size=0000009c bytes, run addr=2001f390, run size=000001b4 bytes, compression=lzss
	.bss: load addr=20010540, load size=00000008 bytes, run addr=2001f000, run size=0000038a bytes, compression=zero_init


LINKER GENERATED HANDLER TABLE

__TI_handler_table @ 20010534 records: 3, size/record: 4, table size: 12
	index: 0, handler: __TI_decompress_lzss
	index: 1, handler: __TI_decompress_none
	index: 2, handler: __TI_zero_init


GLOBAL SYMBOLS: SORTED ALPHABETICALLY BY Name 

address   name                                  
-------   ----                                  
2000502d  ASCIItoInt                            
2000812d  Adafruit_Init                         
2000f97b  C$$EXIT                               
2000f855  CPUcpsie                              
20008e3d  ClearTerm                             
200082a3  Color565                              
2000f1ed  DmaSpiSwIntHandler                    
20008e47  Error                                 
2000ee45  GPIODirModeSet                        
2000f869  GPIOIntClear                          
2000f5f5  GPIOIntEnable                         
2000f409  GPIOIntRegister                       
2000f2a1  GPIOIntStatus                         
2000d6d1  GPIOIntTypeSet                        
2000f6c5  GPIOPinRead                           
2000f307  GPIOPinWrite                          
20008805  GPIO_IF_ConfigureNIntEnable           
20008891  GPIO_IF_Get                           
200087bf  GPIO_IF_GetPortNPin                   
20008581  GPIO_IF_LedConfigure                  
20008673  GPIO_IF_LedOff                        
200085bf  GPIO_IF_LedOn                         
20008727  GPIO_IF_LedStatus                     
20008791  GPIO_IF_LedToggle                     
2000884d  GPIO_IF_Set                           
20008e7f  GetCmd                                
20008dfd  InitTerm                              
2000c7dd  IntDisable                            
2000c885  IntEnable                             
2000f955  IntMasterEnable                       
2000e201  IntPendClear                          
2000e309  IntPrioritySet                        
2000f329  IntRegister                           
200047a1  IntToASCII                            
2000f211  IntUnregister                         
2000f87d  IntVTableBaseSet                      
20008e1b  Message                               
2000f925  NwpMaskInterrupt                      
2000ed2d  NwpPowerOff                           
2000ee7d  NwpPowerOn                            
2000d5c9  NwpPowerOnPreamble                    
2000f349  NwpPrePowerOffTimout0                 
2000eb85  NwpRegisterInterruptHandler           
2000f931  NwpUnMaskInterrupt                    
20010258  OpcodeTranslateTable                  
20006fe7  Outstr                                
2001f3b4  PIN61_intcount                        
2001f3b8  PIN61_intflag                         
2000a5f5  PRCMCC3200MCUInit                     
2000f7fd  PRCMHIBRegRead                        
2000f813  PRCMHIBRegWrite                       
2000f0b1  PRCMPeripheralClkDisable              
2000ec3d  PRCMPeripheralClkEnable               
2000cea1  PRCMPeripheralClockGet                
2000e259  PRCMPeripheralReset                   
2000eeb1  PRCMPeripheralStatusGet               
2000efd9  PRCMSysResetCauseGet                  
2000d435  PinConfigSet                          
2000ea05  PinModeSet                            
2000a2d9  PinMuxConfig                          
2000ef19  PinTypeGPIO                           
2000f4db  PinTypeI2C                            
2000f60f  PinTypeSPI                            
2000f629  PinTypeUART                           
20008fbd  Report                                
2000f915  ResetISR                              
2001f384  RxIrqCnt                              
2000f6dd  SPICSDisable                          
2000f6f5  SPICSEnable                           
2000c9d1  SPIConfigSetExpClk                    
2000f369  SPIDataGet                            
2000f427  SPIDataPut                            
2000f70d  SPIDisable                            
2000f643  SPIDmaDisable                         
2000f65d  SPIDmaEnable                          
2000f725  SPIEnable                             
2000f677  SPIFIFODisable                        
2000f691  SPIFIFOEnable                         
2000eee5  SPIFIFOLevelSet                       
2000e70d  SPIIntClear                           
2000e4fd  SPIIntEnable                          
2000f6ab  SPIIntUnregister                      
2000f2c3  SPIReset                              
2000f2e5  SPIWordCountSet                       
20005945  SimpleLinkGeneralEventHandler         
20005921  SimpleLinkHttpServerCallback          
2000587f  SimpleLinkNetAppEventHandler          
20005965  SimpleLinkSockEventHandler            
20005771  SimpleLinkWlanEventHandler            
2000f8c9  SysTickEnable                         
2000f8d9  SysTickIntEnable                      
2000f4f9  SysTickIntRegister                    
2000f73d  SysTickPeriodSet                      
2000f93d  SysTickValueGet                       
2000440f  TimerA1IntHandler                     
2000e829  TimerConfigure                        
2000f445  TimerDisable                          
2000f463  TimerEnable                           
2000f389  TimerGetCurrentTimestamp              
2000f8a5  TimerIntClear                         
2000f755  TimerIntDisable                       
2000f76d  TimerIntEnable                        
2000db2d  TimerIntRegister                      
2000f481  TimerIntStatus                        
2000ddc1  TimerIntUnregister                    
2000f515  TimerLoadGet                          
2000f05d  TimerLoadSet                          
2000f087  TimerPrescaleSet                      
20004611  TimerReset                            
2000f531  TimerValueGet                         
2000a0f7  Timer_IF_DeInit                       
2000a129  Timer_IF_GetCount                     
2000a031  Timer_IF_Init                         
2000a063  Timer_IF_IntSetup                     
2000a0af  Timer_IF_InterruptClear               
2000a111  Timer_IF_ReLoad                       
2000a0c7  Timer_IF_Start                        
2000a0e7  Timer_IF_Stop                         
20008f25  TrimSpace                             
2000f54d  UARTCharGetNonBlocking                
2000f49f  UARTCharPut                           
2000f785  UARTCharsAvail                        
2000da41  UARTConfigSetExpClk                   
2000ef49  UARTDisable                           
2000f235  UARTEnable                            
2000f971  UtilsDelay                            
20010294  _SlActionLookupTable                  
2000c92d  _SlDriverHandleError                  
2000e755  _SlDrvBasicCmd                        
2000c5b9  _SlDrvCmdOp                           
2000dce9  _SlDrvCmdSend                         
20009529  _SlDrvDataReadOp                      
2000a8dd  _SlDrvDataWriteOp                     
2000cb0d  _SlDrvDeviceEventHandler              
2000f8e9  _SlDrvDispatchHttpServerEvents        
2000b425  _SlDrvDriverCBDeinit                  
20009c61  _SlDrvDriverCBInit                    
2000f0d9  _SlDrvGlobalObjUnLock                 
2000e86d  _SlDrvHandleHttpServerEvents          
2000ea45  _SlDrvHandleNetAppEvents              
2000ea85  _SlDrvHandleWlanEvents                
2000d291  _SlDrvIsTimeoutExpired                
2000f829  _SlDrvMemZero                         
2000be1d  _SlDrvMsgReadSpawnCtx                 
2000b675  _SlDrvNetAppEventHandler              
2000f1a1  _SlDrvObjLockWaitForever              
2000f3a9  _SlDrvObjUnLock                       
2000e595  _SlDrvProtectAsyncRespSetting         
2000f031  _SlDrvProtectionObjLockWaitForever    
2000f101  _SlDrvProtectionObjUnLock             
2000970d  _SlDrvReleasePoolObj                  
2000f8f9  _SlDrvResetCmdExt                     
2000e35d  _SlDrvRxIrqHandler                    
2000f569  _SlDrvStartMeasureTimeout             
2000f3c9  _SlDrvSyncObjSignal                   
2000f129  _SlDrvSyncObjWaitForever              
2000e8b1  _SlDrvSyncObjWaitTimeout              
2000a149  _SlDrvWaitForPoolObj                  
20010458  _SlNetAppSendTokenValueCmdCtrl        
2000dab9  _SlNonOsMainLoopTask                  
2000c72d  _SlNonOsSemGet                        
2000f79d  _SlNonOsSemSet                        
2000de91  _SlNonOsSpawn                         
20030000  __STACK_END                           
00001000  __STACK_SIZE                          
00008000  __SYSMEM_SIZE                         
20010548  __TI_CINIT_Base                       
20010558  __TI_CINIT_Limit                      
20010534  __TI_Handler_Table_Base               
20010540  __TI_Handler_Table_Limit              
2000e8f5  __TI_auto_init_nobinit_nopinit        
2000de29  __TI_decompress_lzss                  
2000f907  __TI_decompress_none                  
2000e3b1  __TI_ltoa                             
ffffffff  __TI_pprof_out_hndl                   
200070bd  __TI_printfi                          
ffffffff  __TI_prof_data_size                   
ffffffff  __TI_prof_data_start                  
20010498  __TI_static_base__                    
2000f585  __TI_zero_init_nomemset               
2000d4bd  __aeabi_cdcmpeq                       
2000d4bd  __aeabi_cdcmple                       
2000d543  __aeabi_cdrcmple                      
2000e79d  __aeabi_d2iz                          
2000e97d  __aeabi_d2uiz                         
20009ab3  __aeabi_dadd                          
2000b1b9  __aeabi_ddiv                          
2000b879  __aeabi_dmul                          
20009aa9  __aeabi_dsub                          
2000f961  __aeabi_errno_addr                    
2000ed9d  __aeabi_f2d                           
2000edd5  __aeabi_f2iz                          
2000cf35  __aeabi_fdiv                          
2000d8d5  __aeabi_fmul                          
2000efa9  __aeabi_i2d                           
20009c5f  __aeabi_idiv0                         
20009c5f  __aeabi_ldiv0                         
2000dc7b  __aeabi_ldivmod                       
2000f7e5  __aeabi_lmul                          
2000d94f  __aeabi_memclr                        
2000d94f  __aeabi_memclr4                       
2000d94f  __aeabi_memclr8                       
2000ca71  __aeabi_memcpy                        
2000ca71  __aeabi_memcpy4                       
2000ca71  __aeabi_memcpy8                       
2000d951  __aeabi_memset                        
2000d951  __aeabi_memset4                       
2000d951  __aeabi_memset8                       
2000f3e9  __aeabi_ui2d                          
2000f27d  __aeabi_ui2f                          
2000eb05  __aeabi_uidiv                         
2000eb05  __aeabi_uidivmod                      
2000ce09  __aeabi_uldivmod                      
ffffffff  __binit__                             
ffffffff  __c_args__                            
2000ed65  __gmtime32                            
2000b2f1  __localtime32                         
200088dd  __mktime32                            
UNDEFED   __mpu_init                            
2002f000  __stack                               
20017000  __start___llvm_prf_cnts               
20017000  __stop___llvm_prf_cnts                
2000f259  _c_int00_noargs                       
2000fe7b  _ctypes_                              
2001f514  _lock                                 
20008543  _nop                                  
2000def5  _sl_HandleAsync_Accept                
2000d755  _sl_HandleAsync_Connect               
2000cfc9  _sl_HandleAsync_DnsGetHostByName      
2000c35d  _sl_HandleAsync_DnsGetHostByService   
2000d31d  _sl_HandleAsync_InitComplete          
2000d059  _sl_HandleAsync_PingResponse          
2000e405  _sl_HandleAsync_Select                
2000e4ad  _sl_HandleAsync_Stop                  
2000dd55  _sl_NetAppSendTokenValue              
20017000  _sys_memory                           
UNDEFED   _system_post_cinit                    
2000f977  _system_pre_init                      
2001f4d0  _tz                                   
2001f518  _unlock                               
2000f97b  abort                                 
2000b779  aligned_alloc                         
2000e62d  atoi                                  
ffffffff  binit                                 
2001f3e0  c                                     
20004841  catInitString                         
2001f3b0  cnt                                   
2001f3f0  color                                 
20006315  connectToAccessPoint                  
20005361  convertToTimeT                        
2000f949  copysign                              
2000f949  copysignl                             
2001f3e8  count                                 
2001f4a4  cursor_x                              
2001f4a8  cursor_y                              
2001f168  data                                  
2001f228  dataBuffer                            
200048fd  decode                                
20004ddd  decodeChar                            
2001f3d8  delete                                
2000505d  displayChar                           
20006e9b  drawChar                              
2000663d  drawCircle                            
20006771  drawCircleHelper                      
2000844d  drawFastHLine                         
200083b1  drawFastVLine                         
200069b7  drawLine                              
200084e9  drawPixel                             
20006aa3  drawRect                              
20006af1  drawRoundRect                         
20006c59  drawTriangle                          
2001f41c  echowait                              
2001f53c  errno                                 
2000688f  fillCircle                            
200068c9  fillCircleHelper                      
200082fb  fillRect                              
20006bdf  fillRoundRect                         
200082e5  fillScreen                            
20006c9b  fillTriangle                          
2001f3d4  first_press                           
2000bf05  free                                  
2000e1a5  frexp                                 
2000e1a5  frexpl                                
2001f37c  g_Host                                
2001f4e0  g_SlDeviceStatus                      
2001f508  g_SpiFd                               
2001f424  g__SlNonOsCB                          
2001f35c  g_app_config                          
2001f385  g_bDeviceRestartIsRequired            
2001f386  g_cDummy                              
2001f390  g_iCounter                            
2001f4e4  g_pCB                                 
2001f50c  g_pHostIntHdl                         
20004000  g_pfnVectors                          
2001f380  g_port                                
2001f364  g_ucConnectionBSSID                   
2001f338  g_ucConnectionSSID                    
2001f510  g_ucDMAEnabled                        
2001f2e8  g_ucDinDout                           
2001f387  g_ucLED1Pin                           
2001f388  g_ucLED2Pin                           
2001f389  g_ucLED3Pin                           
2001f4f0  g_uiLED1Port                          
2001f4f4  g_uiLED2Port                          
2001f4f8  g_uiLED3Port                          
2001f504  g_ulGatewayIP                         
2001f500  g_ulPingPacketsRecv                   
2001f4fc  g_ulStatus                            
200053a9  get_ntp_time                          
2000ed65  gmtime                                
2000825f  goTo                                  
2001f40c  hchange                               
2001f4b9  hchar                                 
2000709b  height                                
2001f3fc  hours                                 
20008527  invert                                
2000c28d  ldexp                                 
2000c28d  ldexpl                                
2000b2f1  localtime                             
2001f3c8  loop                                  
20005519  main                                  
2000f969  malloc                                
2001f410  mchange                               
2001f4ed  mchar                                 
2000b779  memalign                              
2000f5bd  memccpy                               
2000ca71  memcpy                                
2000f179  memmove                               
2000d957  memset                                
2001f400  minutes                               
200088dd  mktime                                
2001f36c  msg                                   
2001f3dc  msg_cnt                               
2001f3c4  msg_count                             
2001f3e4  out                                   
2001f4e8  pPingCallBackFunc                     
2001f3bc  print                                 
2001f3c0  print_cnt                             
2001f420  pulse                                 
20004be9  readRemote                            
2000bfe9  realloc                               
2001f3cc  same                                  
2000c28d  scalbn                                
2000c28d  scalbnl                               
2001f511  schar                                 
2001f404  seconds                               
20004ed1  sendMyMessage                         
2001f3f4  send_flag                             
20007033  setCursor                             
2000706b  setTextColor                          
2000704b  setTextSize                           
20007083  setTextWrap                           
2000ec79  simplelink_timerA2_start              
2000e085  sl_Close                              
2000a469  sl_Connect                            
2000c429  sl_DevGet                             
2000e9c1  sl_Htonl                              
2000ecb5  sl_Htons                              
2000acb9  sl_NetAppDnsGetHostByName             
2000c0cd  sl_NetAppMDNSRegisterUnregisterService
2000df59  sl_NetAppMDNSUnRegisterService        
2000cba9  sl_NetCfgSet                          
2000f1c7  sl_Provisioning_HttpServerEventHdl    
2000f1d5  sl_Provisioning_NetAppEventHdl        
2000f1e1  sl_Provisioning_WlanEventHdl          
2000b07d  sl_RecvFrom                           
2000adfd  sl_SendTo                             
2000cc41  sl_SetSockOpt                         
2000d3a9  sl_Socket                             
2000b975  sl_Start                              
2000ba65  sl_Stop                               
20008b7d  sl_WlanConnect                        
2000ee0d  sl_WlanDisconnect                     
2000d0e9  sl_WlanPolicySet                      
2000e0e5  sl_WlanProfileDel                     
2000d64d  sl_WlanRxFilterSet                    
2000ccd9  sl_WlanSet                            
2000e145  sl_WlanSetMode                        
2000d9c9  spi_Close                             
2000aa2d  spi_Open                              
2000bb55  spi_Read                              
2000cd71  spi_Write                             
2001f3ec  start                                 
2001f3f8  stop                                  
2001f414  stop_timer                            
2000f83f  strchr                                
2000f891  strlen                                
2001f39c  systick_expired                       
2001f3a0  systick_wrapped                       
2001f3d0  tap                                   
20010440  temp                                  
20004985  terminalDisplay                       
2001f4b4  textbgcolor                           
2001f4b0  textcolor                             
2001f4ac  textsize                              
2001f418  timerA1_cnt                           
200051dd  timerFunction                         
2001f398  timer_flag                            
20006135  tls_connect                           
2000e679  uDMAChannelAssign                     
2000dfbd  uDMAChannelAttributeDisable           
2000e021  uDMAChannelAttributeEnable            
2000ecf1  uDMAChannelControlSet                 
2000f5d9  uDMAChannelEnable                     
2000bc45  uDMAChannelTransferSet                
2001f3a8  ulsystick_delta_us                    
20004751  updatePosition                        
2000eb45  vsnprintf                             
2000f8b7  wcslen                                
20007097  width                                 
2001f4b8  wrap                                  
2000809d  writeCommand                          
200080e5  writeData                             
2001f484  x                                     
2001f408  y                                     


GLOBAL SYMBOLS: SORTED BY Symbol Address 

address   name                                  
-------   ----                                  
00001000  __STACK_SIZE                          
00008000  __SYSMEM_SIZE                         
20004000  g_pfnVectors                          
2000440f  TimerA1IntHandler                     
20004611  TimerReset                            
20004751  updatePosition                        
200047a1  IntToASCII                            
20004841  catInitString                         
200048fd  decode                                
20004985  terminalDisplay                       
20004be9  readRemote                            
20004ddd  decodeChar                            
20004ed1  sendMyMessage                         
2000502d  ASCIItoInt                            
2000505d  displayChar                           
200051dd  timerFunction                         
20005361  convertToTimeT                        
200053a9  get_ntp_time                          
20005519  main                                  
20005771  SimpleLinkWlanEventHandler            
2000587f  SimpleLinkNetAppEventHandler          
20005921  SimpleLinkHttpServerCallback          
20005945  SimpleLinkGeneralEventHandler         
20005965  SimpleLinkSockEventHandler            
20006135  tls_connect                           
20006315  connectToAccessPoint                  
2000663d  drawCircle                            
20006771  drawCircleHelper                      
2000688f  fillCircle                            
200068c9  fillCircleHelper                      
200069b7  drawLine                              
20006aa3  drawRect                              
20006af1  drawRoundRect                         
20006bdf  fillRoundRect                         
20006c59  drawTriangle                          
20006c9b  fillTriangle                          
20006e9b  drawChar                              
20006fe7  Outstr                                
20007033  setCursor                             
2000704b  setTextSize                           
2000706b  setTextColor                          
20007083  setTextWrap                           
20007097  width                                 
2000709b  height                                
200070bd  __TI_printfi                          
2000809d  writeCommand                          
200080e5  writeData                             
2000812d  Adafruit_Init                         
2000825f  goTo                                  
200082a3  Color565                              
200082e5  fillScreen                            
200082fb  fillRect                              
200083b1  drawFastVLine                         
2000844d  drawFastHLine                         
200084e9  drawPixel                             
20008527  invert                                
20008543  _nop                                  
20008581  GPIO_IF_LedConfigure                  
200085bf  GPIO_IF_LedOn                         
20008673  GPIO_IF_LedOff                        
20008727  GPIO_IF_LedStatus                     
20008791  GPIO_IF_LedToggle                     
200087bf  GPIO_IF_GetPortNPin                   
20008805  GPIO_IF_ConfigureNIntEnable           
2000884d  GPIO_IF_Set                           
20008891  GPIO_IF_Get                           
200088dd  __mktime32                            
200088dd  mktime                                
20008b7d  sl_WlanConnect                        
20008dfd  InitTerm                              
20008e1b  Message                               
20008e3d  ClearTerm                             
20008e47  Error                                 
20008e7f  GetCmd                                
20008f25  TrimSpace                             
20008fbd  Report                                
20009529  _SlDrvDataReadOp                      
2000970d  _SlDrvReleasePoolObj                  
20009aa9  __aeabi_dsub                          
20009ab3  __aeabi_dadd                          
20009c5f  __aeabi_idiv0                         
20009c5f  __aeabi_ldiv0                         
20009c61  _SlDrvDriverCBInit                    
2000a031  Timer_IF_Init                         
2000a063  Timer_IF_IntSetup                     
2000a0af  Timer_IF_InterruptClear               
2000a0c7  Timer_IF_Start                        
2000a0e7  Timer_IF_Stop                         
2000a0f7  Timer_IF_DeInit                       
2000a111  Timer_IF_ReLoad                       
2000a129  Timer_IF_GetCount                     
2000a149  _SlDrvWaitForPoolObj                  
2000a2d9  PinMuxConfig                          
2000a469  sl_Connect                            
2000a5f5  PRCMCC3200MCUInit                     
2000a8dd  _SlDrvDataWriteOp                     
2000aa2d  spi_Open                              
2000acb9  sl_NetAppDnsGetHostByName             
2000adfd  sl_SendTo                             
2000b07d  sl_RecvFrom                           
2000b1b9  __aeabi_ddiv                          
2000b2f1  __localtime32                         
2000b2f1  localtime                             
2000b425  _SlDrvDriverCBDeinit                  
2000b675  _SlDrvNetAppEventHandler              
2000b779  aligned_alloc                         
2000b779  memalign                              
2000b879  __aeabi_dmul                          
2000b975  sl_Start                              
2000ba65  sl_Stop                               
2000bb55  spi_Read                              
2000bc45  uDMAChannelTransferSet                
2000be1d  _SlDrvMsgReadSpawnCtx                 
2000bf05  free                                  
2000bfe9  realloc                               
2000c0cd  sl_NetAppMDNSRegisterUnregisterService
2000c28d  ldexp                                 
2000c28d  ldexpl                                
2000c28d  scalbn                                
2000c28d  scalbnl                               
2000c35d  _sl_HandleAsync_DnsGetHostByService   
2000c429  sl_DevGet                             
2000c5b9  _SlDrvCmdOp                           
2000c72d  _SlNonOsSemGet                        
2000c7dd  IntDisable                            
2000c885  IntEnable                             
2000c92d  _SlDriverHandleError                  
2000c9d1  SPIConfigSetExpClk                    
2000ca71  __aeabi_memcpy                        
2000ca71  __aeabi_memcpy4                       
2000ca71  __aeabi_memcpy8                       
2000ca71  memcpy                                
2000cb0d  _SlDrvDeviceEventHandler              
2000cba9  sl_NetCfgSet                          
2000cc41  sl_SetSockOpt                         
2000ccd9  sl_WlanSet                            
2000cd71  spi_Write                             
2000ce09  __aeabi_uldivmod                      
2000cea1  PRCMPeripheralClockGet                
2000cf35  __aeabi_fdiv                          
2000cfc9  _sl_HandleAsync_DnsGetHostByName      
2000d059  _sl_HandleAsync_PingResponse          
2000d0e9  sl_WlanPolicySet                      
2000d291  _SlDrvIsTimeoutExpired                
2000d31d  _sl_HandleAsync_InitComplete          
2000d3a9  sl_Socket                             
2000d435  PinConfigSet                          
2000d4bd  __aeabi_cdcmpeq                       
2000d4bd  __aeabi_cdcmple                       
2000d543  __aeabi_cdrcmple                      
2000d5c9  NwpPowerOnPreamble                    
2000d64d  sl_WlanRxFilterSet                    
2000d6d1  GPIOIntTypeSet                        
2000d755  _sl_HandleAsync_Connect               
2000d8d5  __aeabi_fmul                          
2000d94f  __aeabi_memclr                        
2000d94f  __aeabi_memclr4                       
2000d94f  __aeabi_memclr8                       
2000d951  __aeabi_memset                        
2000d951  __aeabi_memset4                       
2000d951  __aeabi_memset8                       
2000d957  memset                                
2000d9c9  spi_Close                             
2000da41  UARTConfigSetExpClk                   
2000dab9  _SlNonOsMainLoopTask                  
2000db2d  TimerIntRegister                      
2000dc7b  __aeabi_ldivmod                       
2000dce9  _SlDrvCmdSend                         
2000dd55  _sl_NetAppSendTokenValue              
2000ddc1  TimerIntUnregister                    
2000de29  __TI_decompress_lzss                  
2000de91  _SlNonOsSpawn                         
2000def5  _sl_HandleAsync_Accept                
2000df59  sl_NetAppMDNSUnRegisterService        
2000dfbd  uDMAChannelAttributeDisable           
2000e021  uDMAChannelAttributeEnable            
2000e085  sl_Close                              
2000e0e5  sl_WlanProfileDel                     
2000e145  sl_WlanSetMode                        
2000e1a5  frexp                                 
2000e1a5  frexpl                                
2000e201  IntPendClear                          
2000e259  PRCMPeripheralReset                   
2000e309  IntPrioritySet                        
2000e35d  _SlDrvRxIrqHandler                    
2000e3b1  __TI_ltoa                             
2000e405  _sl_HandleAsync_Select                
2000e4ad  _sl_HandleAsync_Stop                  
2000e4fd  SPIIntEnable                          
2000e595  _SlDrvProtectAsyncRespSetting         
2000e62d  atoi                                  
2000e679  uDMAChannelAssign                     
2000e70d  SPIIntClear                           
2000e755  _SlDrvBasicCmd                        
2000e79d  __aeabi_d2iz                          
2000e829  TimerConfigure                        
2000e86d  _SlDrvHandleHttpServerEvents          
2000e8b1  _SlDrvSyncObjWaitTimeout              
2000e8f5  __TI_auto_init_nobinit_nopinit        
2000e97d  __aeabi_d2uiz                         
2000e9c1  sl_Htonl                              
2000ea05  PinModeSet                            
2000ea45  _SlDrvHandleNetAppEvents              
2000ea85  _SlDrvHandleWlanEvents                
2000eb05  __aeabi_uidiv                         
2000eb05  __aeabi_uidivmod                      
2000eb45  vsnprintf                             
2000eb85  NwpRegisterInterruptHandler           
2000ec3d  PRCMPeripheralClkEnable               
2000ec79  simplelink_timerA2_start              
2000ecb5  sl_Htons                              
2000ecf1  uDMAChannelControlSet                 
2000ed2d  NwpPowerOff                           
2000ed65  __gmtime32                            
2000ed65  gmtime                                
2000ed9d  __aeabi_f2d                           
2000edd5  __aeabi_f2iz                          
2000ee0d  sl_WlanDisconnect                     
2000ee45  GPIODirModeSet                        
2000ee7d  NwpPowerOn                            
2000eeb1  PRCMPeripheralStatusGet               
2000eee5  SPIFIFOLevelSet                       
2000ef19  PinTypeGPIO                           
2000ef49  UARTDisable                           
2000efa9  __aeabi_i2d                           
2000efd9  PRCMSysResetCauseGet                  
2000f031  _SlDrvProtectionObjLockWaitForever    
2000f05d  TimerLoadSet                          
2000f087  TimerPrescaleSet                      
2000f0b1  PRCMPeripheralClkDisable              
2000f0d9  _SlDrvGlobalObjUnLock                 
2000f101  _SlDrvProtectionObjUnLock             
2000f129  _SlDrvSyncObjWaitForever              
2000f179  memmove                               
2000f1a1  _SlDrvObjLockWaitForever              
2000f1c7  sl_Provisioning_HttpServerEventHdl    
2000f1d5  sl_Provisioning_NetAppEventHdl        
2000f1e1  sl_Provisioning_WlanEventHdl          
2000f1ed  DmaSpiSwIntHandler                    
2000f211  IntUnregister                         
2000f235  UARTEnable                            
2000f259  _c_int00_noargs                       
2000f27d  __aeabi_ui2f                          
2000f2a1  GPIOIntStatus                         
2000f2c3  SPIReset                              
2000f2e5  SPIWordCountSet                       
2000f307  GPIOPinWrite                          
2000f329  IntRegister                           
2000f349  NwpPrePowerOffTimout0                 
2000f369  SPIDataGet                            
2000f389  TimerGetCurrentTimestamp              
2000f3a9  _SlDrvObjUnLock                       
2000f3c9  _SlDrvSyncObjSignal                   
2000f3e9  __aeabi_ui2d                          
2000f409  GPIOIntRegister                       
2000f427  SPIDataPut                            
2000f445  TimerDisable                          
2000f463  TimerEnable                           
2000f481  TimerIntStatus                        
2000f49f  UARTCharPut                           
2000f4db  PinTypeI2C                            
2000f4f9  SysTickIntRegister                    
2000f515  TimerLoadGet                          
2000f531  TimerValueGet                         
2000f54d  UARTCharGetNonBlocking                
2000f569  _SlDrvStartMeasureTimeout             
2000f585  __TI_zero_init_nomemset               
2000f5bd  memccpy                               
2000f5d9  uDMAChannelEnable                     
2000f5f5  GPIOIntEnable                         
2000f60f  PinTypeSPI                            
2000f629  PinTypeUART                           
2000f643  SPIDmaDisable                         
2000f65d  SPIDmaEnable                          
2000f677  SPIFIFODisable                        
2000f691  SPIFIFOEnable                         
2000f6ab  SPIIntUnregister                      
2000f6c5  GPIOPinRead                           
2000f6dd  SPICSDisable                          
2000f6f5  SPICSEnable                           
2000f70d  SPIDisable                            
2000f725  SPIEnable                             
2000f73d  SysTickPeriodSet                      
2000f755  TimerIntDisable                       
2000f76d  TimerIntEnable                        
2000f785  UARTCharsAvail                        
2000f79d  _SlNonOsSemSet                        
2000f7e5  __aeabi_lmul                          
2000f7fd  PRCMHIBRegRead                        
2000f813  PRCMHIBRegWrite                       
2000f829  _SlDrvMemZero                         
2000f83f  strchr                                
2000f855  CPUcpsie                              
2000f869  GPIOIntClear                          
2000f87d  IntVTableBaseSet                      
2000f891  strlen                                
2000f8a5  TimerIntClear                         
2000f8b7  wcslen                                
2000f8c9  SysTickEnable                         
2000f8d9  SysTickIntEnable                      
2000f8e9  _SlDrvDispatchHttpServerEvents        
2000f8f9  _SlDrvResetCmdExt                     
2000f907  __TI_decompress_none                  
2000f915  ResetISR                              
2000f925  NwpMaskInterrupt                      
2000f931  NwpUnMaskInterrupt                    
2000f93d  SysTickValueGet                       
2000f949  copysign                              
2000f949  copysignl                             
2000f955  IntMasterEnable                       
2000f961  __aeabi_errno_addr                    
2000f969  malloc                                
2000f971  UtilsDelay                            
2000f977  _system_pre_init                      
2000f97b  C$$EXIT                               
2000f97b  abort                                 
2000fe7b  _ctypes_                              
20010258  OpcodeTranslateTable                  
20010294  _SlActionLookupTable                  
20010440  temp                                  
20010458  _SlNetAppSendTokenValueCmdCtrl        
20010498  __TI_static_base__                    
20010534  __TI_Handler_Table_Base               
20010540  __TI_Handler_Table_Limit              
20010548  __TI_CINIT_Base                       
20010558  __TI_CINIT_Limit                      
20017000  __start___llvm_prf_cnts               
20017000  __stop___llvm_prf_cnts                
20017000  _sys_memory                           
2001f168  data                                  
2001f228  dataBuffer                            
2001f2e8  g_ucDinDout                           
2001f338  g_ucConnectionSSID                    
2001f35c  g_app_config                          
2001f364  g_ucConnectionBSSID                   
2001f36c  msg                                   
2001f37c  g_Host                                
2001f380  g_port                                
2001f384  RxIrqCnt                              
2001f385  g_bDeviceRestartIsRequired            
2001f386  g_cDummy                              
2001f387  g_ucLED1Pin                           
2001f388  g_ucLED2Pin                           
2001f389  g_ucLED3Pin                           
2001f390  g_iCounter                            
2001f398  timer_flag                            
2001f39c  systick_expired                       
2001f3a0  systick_wrapped                       
2001f3a8  ulsystick_delta_us                    
2001f3b0  cnt                                   
2001f3b4  PIN61_intcount                        
2001f3b8  PIN61_intflag                         
2001f3bc  print                                 
2001f3c0  print_cnt                             
2001f3c4  msg_count                             
2001f3c8  loop                                  
2001f3cc  same                                  
2001f3d0  tap                                   
2001f3d4  first_press                           
2001f3d8  delete                                
2001f3dc  msg_cnt                               
2001f3e0  c                                     
2001f3e4  out                                   
2001f3e8  count                                 
2001f3ec  start                                 
2001f3f0  color                                 
2001f3f4  send_flag                             
2001f3f8  stop                                  
2001f3fc  hours                                 
2001f400  minutes                               
2001f404  seconds                               
2001f408  y                                     
2001f40c  hchange                               
2001f410  mchange                               
2001f414  stop_timer                            
2001f418  timerA1_cnt                           
2001f41c  echowait                              
2001f420  pulse                                 
2001f424  g__SlNonOsCB                          
2001f484  x                                     
2001f4a4  cursor_x                              
2001f4a8  cursor_y                              
2001f4ac  textsize                              
2001f4b0  textcolor                             
2001f4b4  textbgcolor                           
2001f4b8  wrap                                  
2001f4b9  hchar                                 
2001f4d0  _tz                                   
2001f4e0  g_SlDeviceStatus                      
2001f4e4  g_pCB                                 
2001f4e8  pPingCallBackFunc                     
2001f4ed  mchar                                 
2001f4f0  g_uiLED1Port                          
2001f4f4  g_uiLED2Port                          
2001f4f8  g_uiLED3Port                          
2001f4fc  g_ulStatus                            
2001f500  g_ulPingPacketsRecv                   
2001f504  g_ulGatewayIP                         
2001f508  g_SpiFd                               
2001f50c  g_pHostIntHdl                         
2001f510  g_ucDMAEnabled                        
2001f511  schar                                 
2001f514  _lock                                 
2001f518  _unlock                               
2001f53c  errno                                 
2002f000  __stack                               
20030000  __STACK_END                           
ffffffff  __TI_pprof_out_hndl                   
ffffffff  __TI_prof_data_size                   
ffffffff  __TI_prof_data_start                  
ffffffff  __binit__                             
ffffffff  __c_args__                            
ffffffff  binit                                 
UNDEFED   __mpu_init                            
UNDEFED   _system_post_cinit                    

[415 symbols]
